******************************************************************************
                  TI ARM Linker PC v16.9.1                     
******************************************************************************
>> Linked Fri May 19 13:18:10 2017

OUTPUT FILE NAME:   <Assignment8.out>
ENTRY POINT SYMBOL: "_c_int00"  address: 00000e6d


MEMORY CONFIGURATION

         name            origin    length      used     unused   attr    fill
----------------------  --------  ---------  --------  --------  ----  --------
  MAIN                  00000000   00040000  00001076  0003ef8a  R  X
  INFO                  00200000   00004000  00000000  00004000  R  X
  SRAM_CODE             01000000   00010000  0000066c  0000f994  RW X
  SRAM_DATA             20000000   00010000  0000066c  0000f994  RW  


SEGMENT ALLOCATION MAP

run origin  load origin   length   init length attrs members
----------  ----------- ---------- ----------- ----- -------
00000000    00000000    00001078   00001078    r-x
  00000000    00000000    000000e4   000000e4    r-- .intvecs
  000000e4    000000e4    00000f1a   00000f1a    r-x .text
  00001000    00001000    00000078   00000078    r-- .cinit
20000000    20000000    0000046c   00000000    rw-
  20000000    20000000    00000400   00000000    rw- .sysmem
  20000400    20000400    00000064   00000000    rw- .data
  20000464    20000464    00000008   00000000    rw- .bss
2000fe00    2000fe00    00000200   00000000    rw-
  2000fe00    2000fe00    00000200   00000000    rw- .stack


SECTION ALLOCATION MAP

 output                                  attributes/
section   page    origin      length       input sections
--------  ----  ----------  ----------   ----------------
.intvecs   0    00000000    000000e4     
                  00000000    000000e4     startup_msp432p401r_ccs.obj (.intvecs:retain)

.binit     0    00000000    00000000     

.text      0    000000e4    00000f1a     
                  000000e4    000003d0     rtsv7M4_T_le_v4SPD16_eabi.lib : memory.obj (.text)
                  000004b4    0000032c     system_msp432p401r.obj (.text)
                  000007e0    0000023c     main.obj (.text)
                  00000a1c    0000020c     UART.obj (.text)
                  00000c28    0000009c     rtsv7M4_T_le_v4SPD16_eabi.lib : memcpy_t2.obj (.text)
                  00000cc4    0000007a                                   : memset_t2.obj (.text)
                  00000d3e    00000002                                   : mpu_init.obj (.text)
                  00000d40    00000070                                   : autoinit.obj (.text)
                  00000db0    00000068                                   : copy_decompress_lzss.obj (.text:decompress:lzss)
                  00000e18    00000054     UART.obj (.text:delay_ms)
                  00000e6c    00000054     rtsv7M4_T_le_v4SPD16_eabi.lib : boot.obj (.text)
                  00000ec0    00000054                                   : exit.obj (.text)
                  00000f14    0000004c                                   : cpy_tbl.obj (.text)
                  00000f60    00000030     ADC14.obj (.text)
                  00000f90    00000018     rtsv7M4_T_le_v4SPD16_eabi.lib : args_main.obj (.text)
                  00000fa8    00000014                                   : _lock.obj (.text)
                  00000fbc    00000014                                   : strlen.obj (.text)
                  00000fd0    0000000e                                   : copy_decompress_none.obj (.text:decompress:none)
                  00000fde    0000000e     startup_msp432p401r_ccs.obj (.text)
                  00000fec    0000000c     rtsv7M4_T_le_v4SPD16_eabi.lib : copy_zero_init.obj (.text:decompress:ZI)
                  00000ff8    00000004                                   : pre_init.obj (.text)
                  00000ffc    00000002                                   : startup.obj (.text)

.cinit     0    00001000    00000078     
                  00001000    00000051     (.cinit..data.load) [load image, compression = lzss]
                  00001051    00000003     --HOLE-- [fill = 0]
                  00001054    0000000c     (__TI_handler_table)
                  00001060    00000008     (.cinit..bss.load) [load image, compression = zero_init]
                  00001068    00000010     (__TI_cinit_table)

.init_array 
*          0    00000000    00000000     UNINITIALIZED

.sysmem    0    20000000    00000400     UNINITIALIZED
                  20000000    00000008     rtsv7M4_T_le_v4SPD16_eabi.lib : memory.obj (.sysmem)
                  20000008    000003f8     --HOLE--

.data      0    20000400    00000064     UNINITIALIZED
                  20000400    00000028     UART.obj (.data:LUT_pow10$1)
                  20000428    0000000c     rtsv7M4_T_le_v4SPD16_eabi.lib : exit.obj (.data:$O1$$)
                  20000434    0000000c                                   : memory.obj (.data:$O1$$)
                  20000440    0000000c     UART.obj (.data)
                  2000044c    00000008     rtsv7M4_T_le_v4SPD16_eabi.lib : _lock.obj (.data:$O1$$)
                  20000454    00000008     ADC14.obj (.data)
                  2000045c    00000004     rtsv7M4_T_le_v4SPD16_eabi.lib : stkdepth_vars.obj (.data)
                  20000460    00000004     system_msp432p401r.obj (.data)

.bss       0    20000464    00000008     UNINITIALIZED
                  20000464    00000008     UART.obj (.bss)

.stack     0    2000fe00    00000200     UNINITIALIZED
                  2000fe00    00000200     --HOLE--

MODULE SUMMARY

       Module                        code   ro data   rw data
       ------                        ----   -------   -------
    .\
       system_msp432p401r.obj        812    0         8      
       UART.obj                      608    0         120    
       main.obj                      572    0         0      
       startup_msp432p401r_ccs.obj   14     228       0      
       ADC14.obj                     48     0         16     
    +--+-----------------------------+------+---------+---------+
       Total:                        2054   228       144    
                                                             
    C:\ti\ccsv7\tools\compiler\ti-cgt-arm_16.9.1.LTS\lib\rtsv7M4_T_le_v4SPD16_eabi.lib
       memory.obj                    976    0         24     
       memcpy_t2.obj                 156    0         0      
       memset_t2.obj                 122    0         0      
       autoinit.obj                  112    0         0      
       exit.obj                      84     0         24     
       copy_decompress_lzss.obj      104    0         0      
       boot.obj                      84     0         0      
       cpy_tbl.obj                   76     0         0      
       _lock.obj                     20     0         16     
       args_main.obj                 24     0         0      
       strlen.obj                    20     0         0      
       copy_decompress_none.obj      14     0         0      
       copy_zero_init.obj            12     0         0      
       stkdepth_vars.obj             0      0         8      
       pre_init.obj                  4      0         0      
       mpu_init.obj                  2      0         0      
       startup.obj                   2      0         0      
    +--+-----------------------------+------+---------+---------+
       Total:                        1812   0         72     
                                                             
       Heap:                         0      0         2048   
       Stack:                        0      0         1024   
       Linker Generated:             0      117       0      
    +--+-----------------------------+------+---------+---------+
       Grand Total:                  3866   345       3288   


LINKER GENERATED COPY TABLES

__TI_cinit_table @ 00001068 records: 2, size/record: 8, table size: 16
	.data: load addr=00001000, load size=00000051 bytes, run addr=20000400, run size=00000064 bytes, compression=lzss
	.bss: load addr=00001060, load size=00000008 bytes, run addr=20000464, run size=00000008 bytes, compression=zero_init


LINKER GENERATED HANDLER TABLE

__TI_handler_table @ 00001054 records: 3, size/record: 4, table size: 12
	index: 0, handler: __TI_decompress_lzss
	index: 1, handler: __TI_decompress_none
	index: 2, handler: __TI_zero_init


GLOBAL SYMBOLS: SORTED ALPHABETICALLY BY Name 

address   name                           
-------   ----                           
00000f75  ADC14_IRQHandler               
00000f75  ADC14_IRQHandler               
00000f61  ADC14_get_flag                 
00000f6f  ADC14_get_value                
00000f67  ADC14_reset_flag               
00000feb  AES256_IRQHandler              
00000feb  BusFault_Handler               
00000ec1  C$$EXIT                        
00000feb  COMP_E0_IRQHandler             
00000feb  COMP_E1_IRQHandler             
00000feb  CS_IRQHandler                  
0000089d  DAC_drive                      
00000847  DAC_init                       
00000feb  DMA_ERR_IRQHandler             
00000feb  DMA_INT0_IRQHandler            
00000feb  DMA_INT1_IRQHandler            
00000feb  DMA_INT2_IRQHandler            
00000feb  DMA_INT3_IRQHandler            
00000feb  DebugMon_Handler               
00000feb  Default_Handler                
00000b15  EUSCIA0_IRQHandler             
00000b15  EUSCIA0_IRQHandler             
00000feb  EUSCIA1_IRQHandler             
00000feb  EUSCIA2_IRQHandler             
00000feb  EUSCIA3_IRQHandler             
00000feb  EUSCIB0_IRQHandler             
00000feb  EUSCIB1_IRQHandler             
00000feb  EUSCIB2_IRQHandler             
00000feb  EUSCIB3_IRQHandler             
00000feb  FLCTL_IRQHandler               
00000feb  FPU_IRQHandler                 
00000feb  HardFault_Handler              
00000feb  MemManage_Handler              
00000feb  NMI_Handler                    
00000feb  PCM_IRQHandler                 
00000feb  PORT1_IRQHandler               
00000feb  PORT2_IRQHandler               
00000feb  PORT3_IRQHandler               
00000feb  PORT4_IRQHandler               
00000feb  PORT5_IRQHandler               
00000feb  PORT6_IRQHandler               
00000feb  PSS_IRQHandler                 
00000feb  PendSV_Handler                 
00000feb  RTC_C_IRQHandler               
00000fdf  Reset_Handler                  
UNDEFED   SHT$$INIT_ARRAY$$Base          
UNDEFED   SHT$$INIT_ARRAY$$Limit         
00000feb  SVC_Handler                    
00000feb  SysTick_Handler                
20000460  SystemCoreClock                
000004b5  SystemCoreClockUpdate          
00000729  SystemInit                     
00000feb  T32_INT1_IRQHandler            
00000feb  T32_INT2_IRQHandler            
00000feb  T32_INTC_IRQHandler            
00000feb  TA0_0_IRQHandler               
00000feb  TA0_N_IRQHandler               
00000feb  TA1_0_IRQHandler               
00000feb  TA1_N_IRQHandler               
00000feb  TA2_0_IRQHandler               
00000feb  TA2_N_IRQHandler               
00000feb  TA3_0_IRQHandler               
00000feb  TA3_N_IRQHandler               
00000a7d  UART0_init                     
00000b01  UART_get_buffer                
00000b07  UART_get_flag                  
00000b0d  UART_reset_flag                
00000b7b  UART_send                      
00000bcd  UART_send_char                 
00000feb  UsageFault_Handler             
4000480c  WDTCTL_SYM                     
00000feb  WDT_A_IRQHandler               
20010000  __STACK_END                    
00000200  __STACK_SIZE                   
00000400  __SYSMEM_SIZE                  
00001068  __TI_CINIT_Base                
00001078  __TI_CINIT_Limit               
00001054  __TI_Handler_Table_Base        
00001060  __TI_Handler_Table_Limit       
00000d41  __TI_auto_init                 
20000428  __TI_cleanup_ptr               
00000db1  __TI_decompress_lzss           
00000fd1  __TI_decompress_none           
2000042c  __TI_dtors_ptr                 
20000430  __TI_enable_exit_profile_output
ffffffff  __TI_pprof_out_hndl            
ffffffff  __TI_prof_data_size            
ffffffff  __TI_prof_data_start           
00000000  __TI_static_base__             
00000fed  __TI_zero_init                 
00000cc5  __aeabi_memclr                 
00000cc5  __aeabi_memclr4                
00000cc5  __aeabi_memclr8                
00000c29  __aeabi_memcpy                 
00000c29  __aeabi_memcpy4                
00000c29  __aeabi_memcpy8                
00000cc7  __aeabi_memset                 
00000cc7  __aeabi_memset4                
00000cc7  __aeabi_memset8                
ffffffff  __binit__                      
ffffffff  __c_args__                     
00000d3f  __mpu_init                     
2000fe00  __stack                        
00000f91  _args_main                     
00000e6d  _c_int00                       
2000044c  _lock                          
00000fb7  _nop                           
00000faf  _register_lock                 
00000fa9  _register_unlock               
20000000  _sys_memory                    
00000ffd  _system_post_cinit             
00000ff9  _system_pre_init               
20000450  _unlock                        
00000a2f  a_to_i                         
00000ec5  abort                          
ffffffff  binit                          
00000485  calloc                         
00000f15  copy_in                        
00000e19  delay_ms                       
00000ecd  exit                           
000001cf  free                           
0000097d  i_to_a                         
00000000  interruptVectors               
000008e5  main                           
2000045c  main_func_sp                   
00000165  malloc                         
00000399  memalign                       
00000c29  memcpy                         
00000ccd  memset                         
000000e5  minit                          
00000a1d  pow10                          
00000291  realloc                        
00000fbd  strlen                         


GLOBAL SYMBOLS: SORTED BY Symbol Address 

address   name                           
-------   ----                           
00000000  __TI_static_base__             
00000000  interruptVectors               
000000e5  minit                          
00000165  malloc                         
000001cf  free                           
00000200  __STACK_SIZE                   
00000291  realloc                        
00000399  memalign                       
00000400  __SYSMEM_SIZE                  
00000485  calloc                         
000004b5  SystemCoreClockUpdate          
00000729  SystemInit                     
00000847  DAC_init                       
0000089d  DAC_drive                      
000008e5  main                           
0000097d  i_to_a                         
00000a1d  pow10                          
00000a2f  a_to_i                         
00000a7d  UART0_init                     
00000b01  UART_get_buffer                
00000b07  UART_get_flag                  
00000b0d  UART_reset_flag                
00000b15  EUSCIA0_IRQHandler             
00000b15  EUSCIA0_IRQHandler             
00000b7b  UART_send                      
00000bcd  UART_send_char                 
00000c29  __aeabi_memcpy                 
00000c29  __aeabi_memcpy4                
00000c29  __aeabi_memcpy8                
00000c29  memcpy                         
00000cc5  __aeabi_memclr                 
00000cc5  __aeabi_memclr4                
00000cc5  __aeabi_memclr8                
00000cc7  __aeabi_memset                 
00000cc7  __aeabi_memset4                
00000cc7  __aeabi_memset8                
00000ccd  memset                         
00000d3f  __mpu_init                     
00000d41  __TI_auto_init                 
00000db1  __TI_decompress_lzss           
00000e19  delay_ms                       
00000e6d  _c_int00                       
00000ec1  C$$EXIT                        
00000ec5  abort                          
00000ecd  exit                           
00000f15  copy_in                        
00000f61  ADC14_get_flag                 
00000f67  ADC14_reset_flag               
00000f6f  ADC14_get_value                
00000f75  ADC14_IRQHandler               
00000f75  ADC14_IRQHandler               
00000f91  _args_main                     
00000fa9  _register_unlock               
00000faf  _register_lock                 
00000fb7  _nop                           
00000fbd  strlen                         
00000fd1  __TI_decompress_none           
00000fdf  Reset_Handler                  
00000feb  AES256_IRQHandler              
00000feb  BusFault_Handler               
00000feb  COMP_E0_IRQHandler             
00000feb  COMP_E1_IRQHandler             
00000feb  CS_IRQHandler                  
00000feb  DMA_ERR_IRQHandler             
00000feb  DMA_INT0_IRQHandler            
00000feb  DMA_INT1_IRQHandler            
00000feb  DMA_INT2_IRQHandler            
00000feb  DMA_INT3_IRQHandler            
00000feb  DebugMon_Handler               
00000feb  Default_Handler                
00000feb  EUSCIA1_IRQHandler             
00000feb  EUSCIA2_IRQHandler             
00000feb  EUSCIA3_IRQHandler             
00000feb  EUSCIB0_IRQHandler             
00000feb  EUSCIB1_IRQHandler             
00000feb  EUSCIB2_IRQHandler             
00000feb  EUSCIB3_IRQHandler             
00000feb  FLCTL_IRQHandler               
00000feb  FPU_IRQHandler                 
00000feb  HardFault_Handler              
00000feb  MemManage_Handler              
00000feb  NMI_Handler                    
00000feb  PCM_IRQHandler                 
00000feb  PORT1_IRQHandler               
00000feb  PORT2_IRQHandler               
00000feb  PORT3_IRQHandler               
00000feb  PORT4_IRQHandler               
00000feb  PORT5_IRQHandler               
00000feb  PORT6_IRQHandler               
00000feb  PSS_IRQHandler                 
00000feb  PendSV_Handler                 
00000feb  RTC_C_IRQHandler               
00000feb  SVC_Handler                    
00000feb  SysTick_Handler                
00000feb  T32_INT1_IRQHandler            
00000feb  T32_INT2_IRQHandler            
00000feb  T32_INTC_IRQHandler            
00000feb  TA0_0_IRQHandler               
00000feb  TA0_N_IRQHandler               
00000feb  TA1_0_IRQHandler               
00000feb  TA1_N_IRQHandler               
00000feb  TA2_0_IRQHandler               
00000feb  TA2_N_IRQHandler               
00000feb  TA3_0_IRQHandler               
00000feb  TA3_N_IRQHandler               
00000feb  UsageFault_Handler             
00000feb  WDT_A_IRQHandler               
00000fed  __TI_zero_init                 
00000ff9  _system_pre_init               
00000ffd  _system_post_cinit             
00001054  __TI_Handler_Table_Base        
00001060  __TI_Handler_Table_Limit       
00001068  __TI_CINIT_Base                
00001078  __TI_CINIT_Limit               
20000000  _sys_memory                    
20000428  __TI_cleanup_ptr               
2000042c  __TI_dtors_ptr                 
20000430  __TI_enable_exit_profile_output
2000044c  _lock                          
20000450  _unlock                        
2000045c  main_func_sp                   
20000460  SystemCoreClock                
2000fe00  __stack                        
20010000  __STACK_END                    
4000480c  WDTCTL_SYM                     
ffffffff  __TI_pprof_out_hndl            
ffffffff  __TI_prof_data_size            
ffffffff  __TI_prof_data_start           
ffffffff  __binit__                      
ffffffff  __c_args__                     
ffffffff  binit                          
UNDEFED   SHT$$INIT_ARRAY$$Base          
UNDEFED   SHT$$INIT_ARRAY$$Limit         

[133 symbols]
