******************************************************************************
                  TI ARM Linker PC v16.9.1                     
******************************************************************************
>> Linked Tue Apr 25 17:57:57 2017

OUTPUT FILE NAME:   <Assignment5.out>
ENTRY POINT SYMBOL: "_c_int00"  address: 000034cd


MEMORY CONFIGURATION

         name            origin    length      used     unused   attr    fill
----------------------  --------  ---------  --------  --------  ----  --------
  MAIN                  00000000   00040000  000039ad  0003c653  R  X
  INFO                  00200000   00004000  00000000  00004000  R  X
  SRAM_CODE             01000000   00010000  000009dc  0000f624  RW X
  SRAM_DATA             20000000   00010000  000009dc  0000f624  RW  


SEGMENT ALLOCATION MAP

run origin  load origin   length   init length attrs members
----------  ----------- ---------- ----------- ----- -------
00000000    00000000    000039b0   000039b0    r-x
  00000000    00000000    000000e4   000000e4    r-- .intvecs
  000000e4    000000e4    00003728   00003728    r-x .text
  0000380c    0000380c    00000101   00000101    r-- .const
  00003910    00003910    000000a0   000000a0    r-- .cinit
20000000    20000000    000007dc   00000000    rw-
  20000000    20000000    00000400   00000000    rw- .sysmem
  20000400    20000400    00000214   00000000    rw- .data
  20000614    20000614    000001c8   00000000    rw- .bss
2000fe00    2000fe00    00000200   00000000    rw-
  2000fe00    2000fe00    00000200   00000000    rw- .stack


SECTION ALLOCATION MAP

 output                                  attributes/
section   page    origin      length       input sections
--------  ----  ----------  ----------   ----------------
.intvecs   0    00000000    000000e4     
                  00000000    000000e4     startup_msp432p401r_ccs.obj (.intvecs:retain)

.binit     0    00000000    00000000     

.text      0    000000e4    00003728     
                  000000e4    0000113e     rtsv7M4_T_le_v4SPD16_eabi.lib : _printfi.obj (.text)
                  00001222    00000002                                   : mpu_init.obj (.text)
                  00001224    000003d0                                   : memory.obj (.text)
                  000015f4    00000394     main.obj (.text)
                  00001988    0000032c     system_msp432p401r.obj (.text)
                  00001cb4    00000324     rtsv7M4_T_le_v4SPD16_eabi.lib : trgdrv.obj (.text)
                  00001fd8    0000030c                                   : lowlev.obj (.text)
                  000022e4    000001f4                                   : ull_div_t2.obj (.text)
                  000024d8    000001c4                                   : fopen.obj (.text)
                  0000269c    000001b6                                   : fd_add_t2.obj (.text)
                  00002852    00000136                                   : fd_div_t2.obj (.text)
                  00002988    00000134                                   : fputs.obj (.text)
                  00002abc    000000fc                                   : fd_mul_t2.obj (.text)
                  00002bb8    000000fc                                   : s_scalbn.obj (.text)
                  00002cb4    000000dc                                   : setvbuf.obj (.text)
                  00002d90    000000c8                                   : fflush.obj (.text)
                  00002e58    000000ac                                   : _io_perm.obj (.text)
                  00002f04    0000009c                                   : memcpy_t2.obj (.text)
                  00002fa0    00000098                                   : fclose.obj (.text)
                  00003038    00000098                                   : fputc.obj (.text)
                  000030d0    00000086                                   : fd_cmp_t2.obj (.text:__aeabi_cdcmple)
                  00003156    00000086                                   : fd_cmp_t2.obj (.text:__aeabi_cdrcmple)
                  000031dc    0000007a                                   : memset_t2.obj (.text)
                  00003256    00000002                                   : startup.obj (.text)
                  00003258    00000070                                   : autoinit.obj (.text)
                  000032c8    0000006c                                   : fprintf.obj (.text)
                  00003334    00000068                                   : copy_decompress_lzss.obj (.text:decompress:lzss)
                  0000339c    00000068                                   : trgmsg.obj (.text)
                  00003404    00000064                                   : fseek.obj (.text)
                  00003468    00000064                                   : s_frexp.obj (.text)
                  000034cc    00000054                                   : boot.obj (.text)
                  00003520    00000054                                   : exit.obj (.text)
                  00003574    00000054                                   : ltoa.obj (.text)
                  000035c8    0000004c                                   : atoi.obj (.text)
                  00003614    0000004c                                   : cpy_tbl.obj (.text)
                  00003660    00000048                                   : fd_toi_t2.obj (.text)
                  000036a8    00000036                                   : strncpy.obj (.text)
                  000036de    0000002e                                   : i_tofd_t2.obj (.text)
                  0000370c    00000020                                   : memchr.obj (.text)
                  0000372c    0000001c                                   : memccpy.obj (.text)
                  00003748    00000018                                   : args_main.obj (.text)
                  00003760    00000018                                   : strcmp.obj (.text)
                  00003778    00000016                                   : strchr.obj (.text)
                  0000378e    00000002     --HOLE-- [fill = 0]
                  00003790    00000014                                   : _lock.obj (.text)
                  000037a4    00000014                                   : s_copysign.obj (.text)
                  000037b8    00000014                                   : strcpy.obj (.text)
                  000037cc    00000014                                   : strlen.obj (.text)
                  000037e0    0000000e                                   : copy_decompress_none.obj (.text:decompress:none)
                  000037ee    0000000e     startup_msp432p401r_ccs.obj (.text)
                  000037fc    0000000c     rtsv7M4_T_le_v4SPD16_eabi.lib : copy_zero_init.obj (.text:decompress:ZI)
                  00003808    00000004                                   : pre_init.obj (.text)

.const     0    0000380c    00000101     
                  0000380c    00000101     rtsv7M4_T_le_v4SPD16_eabi.lib : ctype.obj (.const:.string:_ctypes_)

.cinit     0    00003910    000000a0     
                  00003910    0000007a     (.cinit..data.load) [load image, compression = lzss]
                  0000398a    00000002     --HOLE-- [fill = 0]
                  0000398c    0000000c     (__TI_handler_table)
                  00003998    00000008     (.cinit..bss.load) [load image, compression = zero_init]
                  000039a0    00000010     (__TI_cinit_table)

.init_array 
*          0    00000000    00000000     UNINITIALIZED

.sysmem    0    20000000    00000400     UNINITIALIZED
                  20000000    00000008     rtsv7M4_T_le_v4SPD16_eabi.lib : memory.obj (.sysmem)
                  20000008    000003f8     --HOLE--

.data      0    20000400    00000214     UNINITIALIZED
                  20000400    000000f0     rtsv7M4_T_le_v4SPD16_eabi.lib : defs.obj (.data:_ftable)
                  200004f0    000000d0                                   : lowlev.obj (.data:$O1$$)
                  200005c0    00000014     main.obj (.data)
                  200005d4    00000010     rtsv7M4_T_le_v4SPD16_eabi.lib : defs.obj (.data)
                  200005e4    0000000c                                   : exit.obj (.data:$O1$$)
                  200005f0    0000000c                                   : memory.obj (.data:$O1$$)
                  200005fc    00000008                                   : _lock.obj (.data:$O1$$)
                  20000604    00000004                                   : errno.obj (.data)
                  20000608    00000004                                   : fopen.obj (.data)
                  2000060c    00000004                                   : stkdepth_vars.obj (.data)
                  20000610    00000004     system_msp432p401r.obj (.data)

.bss       0    20000614    000001c8     UNINITIALIZED
                  20000614    00000120     rtsv7M4_T_le_v4SPD16_eabi.lib : trgmsg.obj (.bss:_CIOBUF_)
                  20000734    000000a0     (.common:__TI_tmpnams)
                  200007d4    00000008                                   : trgdrv.obj (.bss:parmbuf)

.stack     0    2000fe00    00000200     UNINITIALIZED
                  2000fe00    00000200     --HOLE--

MODULE SUMMARY

       Module                        code    ro data   rw data
       ------                        ----    -------   -------
    .\
       main.obj                      916     0         40     
       system_msp432p401r.obj        812     0         8      
       startup_msp432p401r_ccs.obj   14      228       0      
    +--+-----------------------------+-------+---------+---------+
       Total:                        1742    228       48     
                                                              
    C:\ti\ccsv7\tools\compiler\ti-cgt-arm_16.9.1.LTS\lib\rtsv7M4_T_le_v4SPD16_eabi.lib
       _printfi.obj                  4414    0         0      
       lowlev.obj                    780     0         416    
       memory.obj                    976     0         24     
       defs.obj                      0       0         832    
       trgdrv.obj                    804     0         16     
       trgmsg.obj                    104     0         576    
       ull_div_t2.obj                500     0         0      
       fopen.obj                     452     0         8      
       fd_add_t2.obj                 438     0         0      
       fd_div_t2.obj                 310     0         0      
       fputs.obj                     308     0         0      
       fd_cmp_t2.obj                 268     0         0      
       ctype.obj                     0       257       0      
       fd_mul_t2.obj                 252     0         0      
       s_scalbn.obj                  252     0         0      
       setvbuf.obj                   220     0         0      
       fflush.obj                    200     0         0      
       _io_perm.obj                  172     0         0      
       memcpy_t2.obj                 156     0         0      
       fclose.obj                    152     0         0      
       fputc.obj                     152     0         0      
       memset_t2.obj                 122     0         0      
       autoinit.obj                  112     0         0      
       exit.obj                      84      0         24     
       fprintf.obj                   108     0         0      
       copy_decompress_lzss.obj      104     0         0      
       fseek.obj                     100     0         0      
       s_frexp.obj                   100     0         0      
       boot.obj                      84      0         0      
       ltoa.obj                      84      0         0      
       atoi.obj                      76      0         0      
       cpy_tbl.obj                   76      0         0      
       fd_toi_t2.obj                 72      0         0      
       strncpy.obj                   54      0         0      
       i_tofd_t2.obj                 46      0         0      
       _lock.obj                     20      0         16     
       memchr.obj                    32      0         0      
       memccpy.obj                   28      0         0      
       args_main.obj                 24      0         0      
       strcmp.obj                    24      0         0      
       strchr.obj                    22      0         0      
       s_copysign.obj                20      0         0      
       strcpy.obj                    20      0         0      
       strlen.obj                    20      0         0      
       copy_decompress_none.obj      14      0         0      
       copy_zero_init.obj            12      0         0      
       errno.obj                     0       0         8      
       stkdepth_vars.obj             0       0         8      
       pre_init.obj                  4       0         0      
       mpu_init.obj                  2       0         0      
       startup.obj                   2       0         0      
    +--+-----------------------------+-------+---------+---------+
       Total:                        12376   257       1928   
                                                              
       Heap:                         0       0         2048   
       Stack:                        0       0         1024   
       Linker Generated:             0       158       0      
    +--+-----------------------------+-------+---------+---------+
       Grand Total:                  14118   643       5048   


LINKER GENERATED COPY TABLES

__TI_cinit_table @ 000039a0 records: 2, size/record: 8, table size: 16
	.data: load addr=00003910, load size=0000007a bytes, run addr=20000400, run size=00000214 bytes, compression=lzss
	.bss: load addr=00003998, load size=00000008 bytes, run addr=20000614, run size=000001c8 bytes, compression=zero_init


LINKER GENERATED HANDLER TABLE

__TI_handler_table @ 0000398c records: 3, size/record: 4, table size: 12
	index: 0, handler: __TI_decompress_lzss
	index: 1, handler: __TI_decompress_none
	index: 2, handler: __TI_zero_init


GLOBAL SYMBOLS: SORTED ALPHABETICALLY BY Name 

address   name                           
-------   ----                           
000037fb  ADC14_IRQHandler               
000037fb  AES256_IRQHandler              
000037fb  BusFault_Handler               
00003521  C$$EXIT                        
000033cb  C$$IO$$                        
000037fb  COMP_E0_IRQHandler             
000037fb  COMP_E1_IRQHandler             
000037fb  CS_IRQHandler                  
200005cc  DAC_COUNT                      
200005d0  DAC_SHIFT                      
000037fb  DMA_ERR_IRQHandler             
000037fb  DMA_INT0_IRQHandler            
000037fb  DMA_INT1_IRQHandler            
000037fb  DMA_INT2_IRQHandler            
000037fb  DMA_INT3_IRQHandler            
000037fb  DebugMon_Handler               
000037fb  Default_Handler                
000018a5  Drive_DAC                      
000037fb  EUSCIA0_IRQHandler             
000037fb  EUSCIA1_IRQHandler             
000037fb  EUSCIA2_IRQHandler             
000037fb  EUSCIA3_IRQHandler             
000037fb  EUSCIB0_IRQHandler             
000037fb  EUSCIB1_IRQHandler             
000037fb  EUSCIB2_IRQHandler             
000037fb  EUSCIB3_IRQHandler             
000037fb  FLCTL_IRQHandler               
000037fb  FPU_IRQHandler                 
200005c0  GLOBAL_FREQ                    
00001f8f  HOSTclock                      
00001f57  HOSTclose                      
00001f19  HOSTgetenv                     
00001ebd  HOSTlseek                      
00001e6b  HOSTopen                       
00001e1f  HOSTread                       
00001dc1  HOSTrename                     
00001d87  HOSTtime                       
00001d39  HOSTtime64                     
00001d01  HOSTunlink                     
00001cb5  HOSTwrite                      
000037fb  HardFault_Handler              
000037fb  MemManage_Handler              
000037fb  NMI_Handler                    
000037fb  PCM_IRQHandler                 
000037fb  PORT1_IRQHandler               
000037fb  PORT2_IRQHandler               
000037fb  PORT3_IRQHandler               
000037fb  PORT4_IRQHandler               
000037fb  PORT5_IRQHandler               
000037fb  PORT6_IRQHandler               
000037fb  PSS_IRQHandler                 
000037fb  PendSV_Handler                 
000037fb  RTC_C_IRQHandler               
000037ef  Reset_Handler                  
UNDEFED   SHT$$INIT_ARRAY$$Base          
UNDEFED   SHT$$INIT_ARRAY$$Limit         
000037fb  SVC_Handler                    
000037fb  SysTick_Handler                
20000610  SystemCoreClock                
00001989  SystemCoreClockUpdate          
00001bfd  SystemInit                     
000037fb  T32_INT1_IRQHandler            
000037fb  T32_INT2_IRQHandler            
000037fb  T32_INTC_IRQHandler            
0000185b  TA0_0_IRQHandler               
0000185b  TA0_0_IRQHandler               
000037fb  TA0_N_IRQHandler               
000037fb  TA1_0_IRQHandler               
000037fb  TA1_N_IRQHandler               
000037fb  TA2_0_IRQHandler               
000037fb  TA2_N_IRQHandler               
000037fb  TA3_0_IRQHandler               
000037fb  TA3_N_IRQHandler               
200005c4  TempDAC_Value                  
000037fb  UsageFault_Handler             
4000480c  WDTCTL_SYM                     
000037fb  WDT_A_IRQHandler               
20000614  __CIOBUF_                      
20010000  __STACK_END                    
00000200  __STACK_SIZE                   
00000400  __SYSMEM_SIZE                  
000039a0  __TI_CINIT_Base                
000039b0  __TI_CINIT_Limit               
0000398c  __TI_Handler_Table_Base        
00003998  __TI_Handler_Table_Limit       
00003259  __TI_auto_init                 
000025a1  __TI_cleanup                   
200005e4  __TI_cleanup_ptr               
00002fa1  __TI_closefile                 
00003335  __TI_decompress_lzss           
000037e1  __TI_decompress_none           
00002d91  __TI_doflush                   
200005e8  __TI_dtors_ptr                 
200005ec  __TI_enable_exit_profile_output
200005d4  __TI_ft_end                    
ffffffff  __TI_pprof_out_hndl            
00000929  __TI_printfi                   
ffffffff  __TI_prof_data_size            
ffffffff  __TI_prof_data_start           
00002ebb  __TI_rd_ok                     
000033cf  __TI_readmsg                   
00000000  __TI_static_base__             
20000734  __TI_tmpnams                   
0000339d  __TI_writemsg                  
00002e59  __TI_wrt_ok                    
000037fd  __TI_zero_init                 
000030d1  __aeabi_cdcmpeq                
000030d1  __aeabi_cdcmple                
00003157  __aeabi_cdrcmple               
00003661  __aeabi_d2iz                   
000026a7  __aeabi_dadd                   
00002853  __aeabi_ddiv                   
00002abd  __aeabi_dmul                   
0000269d  __aeabi_dsub                   
000036df  __aeabi_i2d                    
000031dd  __aeabi_memclr                 
000031dd  __aeabi_memclr4                
000031dd  __aeabi_memclr8                
00002f05  __aeabi_memcpy                 
00002f05  __aeabi_memcpy4                
00002f05  __aeabi_memcpy8                
000031df  __aeabi_memset                 
000031df  __aeabi_memset4                
000031df  __aeabi_memset8                
200005e0  __aeabi_stderr                 
200005d8  __aeabi_stdin                  
200005dc  __aeabi_stdout                 
000022e5  __aeabi_uldivmod               
ffffffff  __binit__                      
ffffffff  __c_args__                     
00001223  __mpu_init                     
2000fe00  __stack                        
00003749  _args_main                     
000034cd  _c_int00                       
0000380c  _ctypes_                       
20000400  _ftable                        
200005fc  _lock                          
0000379f  _nop                           
00003797  _register_lock                 
00003791  _register_unlock               
20000000  _sys_memory                    
00003257  _system_post_cinit             
00003809  _system_pre_init               
20000600  _unlock                        
00003525  abort                          
00002239  add_device                     
000035c9  atoi                           
ffffffff  binit                          
0000173f  calcAdvTimer                   
0000171f  calcSimpleTimer                
000015c5  calloc                         
000021e9  close                          
00003615  copy_in                        
000037a5  copysign                       
000037a5  copysignl                      
200005c8  delay                          
00001697  delay_ms                       
000016e7  delay_us                       
20000604  errno                          
0000352d  exit                           
00003007  fclose                         
00002ddd  fflush                         
000025f7  fopen                          
000032d1  fprintf                        
00003039  fputc                          
00002989  fputs                          
0000130f  free                           
000025cd  freopen                        
00003469  frexp                          
00003469  frexpl                         
00003405  fseek                          
00000000  interruptVectors               
00002bb9  ldexp                          
00002bb9  ldexpl                         
000021c5  lseek                          
00003575  ltoa                           
000017b9  main                           
2000060c  main_func_sp                   
000012a5  malloc                         
000014d9  memalign                       
0000372d  memccpy                        
0000370d  memchr                         
00002f05  memcpy                         
000031e5  memset                         
00001225  minit                          
00002117  open                           
00003039  putc                           
000030bd  putchar                        
00002a95  puts                           
000020f3  read                           
000013d1  realloc                        
00002069  remove                         
000020cb  remove_device                  
0000208d  rename                         
00002bb9  scalbn                         
00002bb9  scalbnl                        
000015fd  set_DC0                        
00002cb5  setvbuf                        
00003779  strchr                         
00003761  strcmp                         
000037b9  strcpy                         
000037cd  strlen                         
000036a9  strncpy                        
00002069  unlink                         
00001fd9  write                          


GLOBAL SYMBOLS: SORTED BY Symbol Address 

address   name                           
-------   ----                           
00000000  __TI_static_base__             
00000000  interruptVectors               
00000200  __STACK_SIZE                   
00000400  __SYSMEM_SIZE                  
00000929  __TI_printfi                   
00001223  __mpu_init                     
00001225  minit                          
000012a5  malloc                         
0000130f  free                           
000013d1  realloc                        
000014d9  memalign                       
000015c5  calloc                         
000015fd  set_DC0                        
00001697  delay_ms                       
000016e7  delay_us                       
0000171f  calcSimpleTimer                
0000173f  calcAdvTimer                   
000017b9  main                           
0000185b  TA0_0_IRQHandler               
0000185b  TA0_0_IRQHandler               
000018a5  Drive_DAC                      
00001989  SystemCoreClockUpdate          
00001bfd  SystemInit                     
00001cb5  HOSTwrite                      
00001d01  HOSTunlink                     
00001d39  HOSTtime64                     
00001d87  HOSTtime                       
00001dc1  HOSTrename                     
00001e1f  HOSTread                       
00001e6b  HOSTopen                       
00001ebd  HOSTlseek                      
00001f19  HOSTgetenv                     
00001f57  HOSTclose                      
00001f8f  HOSTclock                      
00001fd9  write                          
00002069  remove                         
00002069  unlink                         
0000208d  rename                         
000020cb  remove_device                  
000020f3  read                           
00002117  open                           
000021c5  lseek                          
000021e9  close                          
00002239  add_device                     
000022e5  __aeabi_uldivmod               
000025a1  __TI_cleanup                   
000025cd  freopen                        
000025f7  fopen                          
0000269d  __aeabi_dsub                   
000026a7  __aeabi_dadd                   
00002853  __aeabi_ddiv                   
00002989  fputs                          
00002a95  puts                           
00002abd  __aeabi_dmul                   
00002bb9  ldexp                          
00002bb9  ldexpl                         
00002bb9  scalbn                         
00002bb9  scalbnl                        
00002cb5  setvbuf                        
00002d91  __TI_doflush                   
00002ddd  fflush                         
00002e59  __TI_wrt_ok                    
00002ebb  __TI_rd_ok                     
00002f05  __aeabi_memcpy                 
00002f05  __aeabi_memcpy4                
00002f05  __aeabi_memcpy8                
00002f05  memcpy                         
00002fa1  __TI_closefile                 
00003007  fclose                         
00003039  fputc                          
00003039  putc                           
000030bd  putchar                        
000030d1  __aeabi_cdcmpeq                
000030d1  __aeabi_cdcmple                
00003157  __aeabi_cdrcmple               
000031dd  __aeabi_memclr                 
000031dd  __aeabi_memclr4                
000031dd  __aeabi_memclr8                
000031df  __aeabi_memset                 
000031df  __aeabi_memset4                
000031df  __aeabi_memset8                
000031e5  memset                         
00003257  _system_post_cinit             
00003259  __TI_auto_init                 
000032d1  fprintf                        
00003335  __TI_decompress_lzss           
0000339d  __TI_writemsg                  
000033cb  C$$IO$$                        
000033cf  __TI_readmsg                   
00003405  fseek                          
00003469  frexp                          
00003469  frexpl                         
000034cd  _c_int00                       
00003521  C$$EXIT                        
00003525  abort                          
0000352d  exit                           
00003575  ltoa                           
000035c9  atoi                           
00003615  copy_in                        
00003661  __aeabi_d2iz                   
000036a9  strncpy                        
000036df  __aeabi_i2d                    
0000370d  memchr                         
0000372d  memccpy                        
00003749  _args_main                     
00003761  strcmp                         
00003779  strchr                         
00003791  _register_unlock               
00003797  _register_lock                 
0000379f  _nop                           
000037a5  copysign                       
000037a5  copysignl                      
000037b9  strcpy                         
000037cd  strlen                         
000037e1  __TI_decompress_none           
000037ef  Reset_Handler                  
000037fb  ADC14_IRQHandler               
000037fb  AES256_IRQHandler              
000037fb  BusFault_Handler               
000037fb  COMP_E0_IRQHandler             
000037fb  COMP_E1_IRQHandler             
000037fb  CS_IRQHandler                  
000037fb  DMA_ERR_IRQHandler             
000037fb  DMA_INT0_IRQHandler            
000037fb  DMA_INT1_IRQHandler            
000037fb  DMA_INT2_IRQHandler            
000037fb  DMA_INT3_IRQHandler            
000037fb  DebugMon_Handler               
000037fb  Default_Handler                
000037fb  EUSCIA0_IRQHandler             
000037fb  EUSCIA1_IRQHandler             
000037fb  EUSCIA2_IRQHandler             
000037fb  EUSCIA3_IRQHandler             
000037fb  EUSCIB0_IRQHandler             
000037fb  EUSCIB1_IRQHandler             
000037fb  EUSCIB2_IRQHandler             
000037fb  EUSCIB3_IRQHandler             
000037fb  FLCTL_IRQHandler               
000037fb  FPU_IRQHandler                 
000037fb  HardFault_Handler              
000037fb  MemManage_Handler              
000037fb  NMI_Handler                    
000037fb  PCM_IRQHandler                 
000037fb  PORT1_IRQHandler               
000037fb  PORT2_IRQHandler               
000037fb  PORT3_IRQHandler               
000037fb  PORT4_IRQHandler               
000037fb  PORT5_IRQHandler               
000037fb  PORT6_IRQHandler               
000037fb  PSS_IRQHandler                 
000037fb  PendSV_Handler                 
000037fb  RTC_C_IRQHandler               
000037fb  SVC_Handler                    
000037fb  SysTick_Handler                
000037fb  T32_INT1_IRQHandler            
000037fb  T32_INT2_IRQHandler            
000037fb  T32_INTC_IRQHandler            
000037fb  TA0_N_IRQHandler               
000037fb  TA1_0_IRQHandler               
000037fb  TA1_N_IRQHandler               
000037fb  TA2_0_IRQHandler               
000037fb  TA2_N_IRQHandler               
000037fb  TA3_0_IRQHandler               
000037fb  TA3_N_IRQHandler               
000037fb  UsageFault_Handler             
000037fb  WDT_A_IRQHandler               
000037fd  __TI_zero_init                 
00003809  _system_pre_init               
0000380c  _ctypes_                       
0000398c  __TI_Handler_Table_Base        
00003998  __TI_Handler_Table_Limit       
000039a0  __TI_CINIT_Base                
000039b0  __TI_CINIT_Limit               
20000000  _sys_memory                    
20000400  _ftable                        
200005c0  GLOBAL_FREQ                    
200005c4  TempDAC_Value                  
200005c8  delay                          
200005cc  DAC_COUNT                      
200005d0  DAC_SHIFT                      
200005d4  __TI_ft_end                    
200005d8  __aeabi_stdin                  
200005dc  __aeabi_stdout                 
200005e0  __aeabi_stderr                 
200005e4  __TI_cleanup_ptr               
200005e8  __TI_dtors_ptr                 
200005ec  __TI_enable_exit_profile_output
200005fc  _lock                          
20000600  _unlock                        
20000604  errno                          
2000060c  main_func_sp                   
20000610  SystemCoreClock                
20000614  __CIOBUF_                      
20000734  __TI_tmpnams                   
2000fe00  __stack                        
20010000  __STACK_END                    
4000480c  WDTCTL_SYM                     
ffffffff  __TI_pprof_out_hndl            
ffffffff  __TI_prof_data_size            
ffffffff  __TI_prof_data_start           
ffffffff  __binit__                      
ffffffff  __c_args__                     
ffffffff  binit                          
UNDEFED   SHT$$INIT_ARRAY$$Base          
UNDEFED   SHT$$INIT_ARRAY$$Limit         

[205 symbols]
