******************************************************************************
                  TI ARM Linker PC v16.9.1                     
******************************************************************************
>> Linked Tue Apr 25 14:53:26 2017

OUTPUT FILE NAME:   <Assignment5.out>
ENTRY POINT SYMBOL: "_c_int00"  address: 00003511


MEMORY CONFIGURATION

         name            origin    length      used     unused   attr    fill
----------------------  --------  ---------  --------  --------  ----  --------
  MAIN                  00000000   00040000  000039f1  0003c60f  R  X
  INFO                  00200000   00004000  00000000  00004000  R  X
  SRAM_CODE             01000000   00010000  000009d8  0000f628  RW X
  SRAM_DATA             20000000   00010000  000009d8  0000f628  RW  


SEGMENT ALLOCATION MAP

run origin  load origin   length   init length attrs members
----------  ----------- ---------- ----------- ----- -------
00000000    00000000    000039f8   000039f8    r-x
  00000000    00000000    000000e4   000000e4    r-- .intvecs
  000000e4    000000e4    0000376c   0000376c    r-x .text
  00003850    00003850    00000101   00000101    r-- .const
  00003958    00003958    000000a0   000000a0    r-- .cinit
20000000    20000000    000007d8   00000000    rw-
  20000000    20000000    00000400   00000000    rw- .sysmem
  20000400    20000400    00000210   00000000    rw- .data
  20000610    20000610    000001c8   00000000    rw- .bss
2000fe00    2000fe00    00000200   00000000    rw-
  2000fe00    2000fe00    00000200   00000000    rw- .stack


SECTION ALLOCATION MAP

 output                                  attributes/
section   page    origin      length       input sections
--------  ----  ----------  ----------   ----------------
.intvecs   0    00000000    000000e4     
                  00000000    000000e4     startup_msp432p401r_ccs.obj (.intvecs:retain)

.binit     0    00000000    00000000     

.text      0    000000e4    0000376c     
                  000000e4    0000113e     rtsv7M4_T_le_v4SPD16_eabi.lib : _printfi.obj (.text)
                  00001222    00000002                                   : mpu_init.obj (.text)
                  00001224    000003d8     main.obj (.text)
                  000015fc    000003d0     rtsv7M4_T_le_v4SPD16_eabi.lib : memory.obj (.text)
                  000019cc    0000032c     system_msp432p401r.obj (.text)
                  00001cf8    00000324     rtsv7M4_T_le_v4SPD16_eabi.lib : trgdrv.obj (.text)
                  0000201c    0000030c                                   : lowlev.obj (.text)
                  00002328    000001f4                                   : ull_div_t2.obj (.text)
                  0000251c    000001c4                                   : fopen.obj (.text)
                  000026e0    000001b6                                   : fd_add_t2.obj (.text)
                  00002896    00000136                                   : fd_div_t2.obj (.text)
                  000029cc    00000134                                   : fputs.obj (.text)
                  00002b00    000000fc                                   : fd_mul_t2.obj (.text)
                  00002bfc    000000fc                                   : s_scalbn.obj (.text)
                  00002cf8    000000dc                                   : setvbuf.obj (.text)
                  00002dd4    000000c8                                   : fflush.obj (.text)
                  00002e9c    000000ac                                   : _io_perm.obj (.text)
                  00002f48    0000009c                                   : memcpy_t2.obj (.text)
                  00002fe4    00000098                                   : fclose.obj (.text)
                  0000307c    00000098                                   : fputc.obj (.text)
                  00003114    00000086                                   : fd_cmp_t2.obj (.text:__aeabi_cdcmple)
                  0000319a    00000086                                   : fd_cmp_t2.obj (.text:__aeabi_cdrcmple)
                  00003220    0000007a                                   : memset_t2.obj (.text)
                  0000329a    00000002                                   : startup.obj (.text)
                  0000329c    00000070                                   : autoinit.obj (.text)
                  0000330c    0000006c                                   : fprintf.obj (.text)
                  00003378    00000068                                   : copy_decompress_lzss.obj (.text:decompress:lzss)
                  000033e0    00000068                                   : trgmsg.obj (.text)
                  00003448    00000064                                   : fseek.obj (.text)
                  000034ac    00000064                                   : s_frexp.obj (.text)
                  00003510    00000054                                   : boot.obj (.text)
                  00003564    00000054                                   : exit.obj (.text)
                  000035b8    00000054                                   : ltoa.obj (.text)
                  0000360c    0000004c                                   : atoi.obj (.text)
                  00003658    0000004c                                   : cpy_tbl.obj (.text)
                  000036a4    00000048                                   : fd_toi_t2.obj (.text)
                  000036ec    00000036                                   : strncpy.obj (.text)
                  00003722    0000002e                                   : i_tofd_t2.obj (.text)
                  00003750    00000020                                   : memchr.obj (.text)
                  00003770    0000001c                                   : memccpy.obj (.text)
                  0000378c    00000018                                   : args_main.obj (.text)
                  000037a4    00000018                                   : strcmp.obj (.text)
                  000037bc    00000016                                   : strchr.obj (.text)
                  000037d2    00000002     --HOLE-- [fill = 0]
                  000037d4    00000014                                   : _lock.obj (.text)
                  000037e8    00000014                                   : s_copysign.obj (.text)
                  000037fc    00000014                                   : strcpy.obj (.text)
                  00003810    00000014                                   : strlen.obj (.text)
                  00003824    0000000e                                   : copy_decompress_none.obj (.text:decompress:none)
                  00003832    0000000e     startup_msp432p401r_ccs.obj (.text)
                  00003840    0000000c     rtsv7M4_T_le_v4SPD16_eabi.lib : copy_zero_init.obj (.text:decompress:ZI)
                  0000384c    00000004                                   : pre_init.obj (.text)

.const     0    00003850    00000101     
                  00003850    00000101     rtsv7M4_T_le_v4SPD16_eabi.lib : ctype.obj (.const:.string:_ctypes_)

.cinit     0    00003958    000000a0     
                  00003958    00000077     (.cinit..data.load) [load image, compression = lzss]
                  000039cf    00000001     --HOLE-- [fill = 0]
                  000039d0    0000000c     (__TI_handler_table)
                  000039dc    00000004     --HOLE-- [fill = 0]
                  000039e0    00000008     (.cinit..bss.load) [load image, compression = zero_init]
                  000039e8    00000010     (__TI_cinit_table)

.init_array 
*          0    00000000    00000000     UNINITIALIZED

.sysmem    0    20000000    00000400     UNINITIALIZED
                  20000000    00000008     rtsv7M4_T_le_v4SPD16_eabi.lib : memory.obj (.sysmem)
                  20000008    000003f8     --HOLE--

.data      0    20000400    00000210     UNINITIALIZED
                  20000400    000000f0     rtsv7M4_T_le_v4SPD16_eabi.lib : defs.obj (.data:_ftable)
                  200004f0    000000d0                                   : lowlev.obj (.data:$O1$$)
                  200005c0    00000010                                   : defs.obj (.data)
                  200005d0    0000000e     main.obj (.data)
                  200005de    00000002     --HOLE--
                  200005e0    0000000c     rtsv7M4_T_le_v4SPD16_eabi.lib : exit.obj (.data:$O1$$)
                  200005ec    0000000c                                   : memory.obj (.data:$O1$$)
                  200005f8    00000008                                   : _lock.obj (.data:$O1$$)
                  20000600    00000004                                   : errno.obj (.data)
                  20000604    00000004                                   : fopen.obj (.data)
                  20000608    00000004                                   : stkdepth_vars.obj (.data)
                  2000060c    00000004     system_msp432p401r.obj (.data)

.bss       0    20000610    000001c8     UNINITIALIZED
                  20000610    00000120     rtsv7M4_T_le_v4SPD16_eabi.lib : trgmsg.obj (.bss:_CIOBUF_)
                  20000730    000000a0     (.common:__TI_tmpnams)
                  200007d0    00000008                                   : trgdrv.obj (.bss:parmbuf)

.stack     0    2000fe00    00000200     UNINITIALIZED
                  2000fe00    00000200     --HOLE--

MODULE SUMMARY

       Module                        code    ro data   rw data
       ------                        ----    -------   -------
    .\
       main.obj                      984     0         28     
       system_msp432p401r.obj        812     0         8      
       startup_msp432p401r_ccs.obj   14      228       0      
    +--+-----------------------------+-------+---------+---------+
       Total:                        1810    228       36     
                                                              
    C:\ti\ccsv7\tools\compiler\ti-cgt-arm_16.9.1.LTS\lib\rtsv7M4_T_le_v4SPD16_eabi.lib
       _printfi.obj                  4414    0         0      
       lowlev.obj                    780     0         416    
       memory.obj                    976     0         24     
       defs.obj                      0       0         832    
       trgdrv.obj                    804     0         16     
       trgmsg.obj                    104     0         576    
       ull_div_t2.obj                500     0         0      
       fopen.obj                     452     0         8      
       fd_add_t2.obj                 438     0         0      
       fd_div_t2.obj                 310     0         0      
       fputs.obj                     308     0         0      
       fd_cmp_t2.obj                 268     0         0      
       ctype.obj                     0       257       0      
       fd_mul_t2.obj                 252     0         0      
       s_scalbn.obj                  252     0         0      
       setvbuf.obj                   220     0         0      
       fflush.obj                    200     0         0      
       _io_perm.obj                  172     0         0      
       memcpy_t2.obj                 156     0         0      
       fclose.obj                    152     0         0      
       fputc.obj                     152     0         0      
       memset_t2.obj                 122     0         0      
       autoinit.obj                  112     0         0      
       exit.obj                      84      0         24     
       fprintf.obj                   108     0         0      
       copy_decompress_lzss.obj      104     0         0      
       fseek.obj                     100     0         0      
       s_frexp.obj                   100     0         0      
       boot.obj                      84      0         0      
       ltoa.obj                      84      0         0      
       atoi.obj                      76      0         0      
       cpy_tbl.obj                   76      0         0      
       fd_toi_t2.obj                 72      0         0      
       strncpy.obj                   54      0         0      
       i_tofd_t2.obj                 46      0         0      
       _lock.obj                     20      0         16     
       memchr.obj                    32      0         0      
       memccpy.obj                   28      0         0      
       args_main.obj                 24      0         0      
       strcmp.obj                    24      0         0      
       strchr.obj                    22      0         0      
       s_copysign.obj                20      0         0      
       strcpy.obj                    20      0         0      
       strlen.obj                    20      0         0      
       copy_decompress_none.obj      14      0         0      
       copy_zero_init.obj            12      0         0      
       errno.obj                     0       0         8      
       stkdepth_vars.obj             0       0         8      
       pre_init.obj                  4       0         0      
       mpu_init.obj                  2       0         0      
       startup.obj                   2       0         0      
    +--+-----------------------------+-------+---------+---------+
       Total:                        12376   257       1928   
                                                              
       Heap:                         0       0         2048   
       Stack:                        0       0         1024   
       Linker Generated:             0       155       0      
    +--+-----------------------------+-------+---------+---------+
       Grand Total:                  14186   640       5036   


LINKER GENERATED COPY TABLES

__TI_cinit_table @ 000039e8 records: 2, size/record: 8, table size: 16
	.data: load addr=00003958, load size=00000077 bytes, run addr=20000400, run size=00000210 bytes, compression=lzss
	.bss: load addr=000039e0, load size=00000008 bytes, run addr=20000610, run size=000001c8 bytes, compression=zero_init


LINKER GENERATED HANDLER TABLE

__TI_handler_table @ 000039d0 records: 3, size/record: 4, table size: 12
	index: 0, handler: __TI_decompress_lzss
	index: 1, handler: __TI_decompress_none
	index: 2, handler: __TI_zero_init


GLOBAL SYMBOLS: SORTED ALPHABETICALLY BY Name 

address   name                           
-------   ----                           
0000383f  ADC14_IRQHandler               
0000383f  AES256_IRQHandler              
0000383f  BusFault_Handler               
00003565  C$$EXIT                        
0000340f  C$$IO$$                        
0000383f  COMP_E0_IRQHandler             
0000383f  COMP_E1_IRQHandler             
0000383f  CS_IRQHandler                  
0000383f  DMA_ERR_IRQHandler             
0000383f  DMA_INT0_IRQHandler            
0000383f  DMA_INT1_IRQHandler            
0000383f  DMA_INT2_IRQHandler            
0000383f  DMA_INT3_IRQHandler            
0000383f  DebugMon_Handler               
0000383f  Default_Handler                
0000151d  Drive_DAC                      
0000383f  EUSCIA0_IRQHandler             
0000383f  EUSCIA1_IRQHandler             
0000383f  EUSCIA2_IRQHandler             
0000383f  EUSCIA3_IRQHandler             
0000383f  EUSCIB0_IRQHandler             
0000383f  EUSCIB1_IRQHandler             
0000383f  EUSCIB2_IRQHandler             
0000383f  EUSCIB3_IRQHandler             
0000383f  FLCTL_IRQHandler               
0000383f  FPU_IRQHandler                 
200005d0  GLOBAL_FREQ                    
00001fd3  HOSTclock                      
00001f9b  HOSTclose                      
00001f5d  HOSTgetenv                     
00001f01  HOSTlseek                      
00001eaf  HOSTopen                       
00001e63  HOSTread                       
00001e05  HOSTrename                     
00001dcb  HOSTtime                       
00001d7d  HOSTtime64                     
00001d45  HOSTunlink                     
00001cf9  HOSTwrite                      
0000383f  HardFault_Handler              
0000383f  MemManage_Handler              
0000383f  NMI_Handler                    
0000383f  PCM_IRQHandler                 
0000383f  PORT1_IRQHandler               
0000383f  PORT2_IRQHandler               
0000383f  PORT3_IRQHandler               
0000383f  PORT4_IRQHandler               
0000383f  PORT5_IRQHandler               
0000383f  PORT6_IRQHandler               
0000383f  PSS_IRQHandler                 
0000383f  PendSV_Handler                 
0000383f  RTC_C_IRQHandler               
00003833  Reset_Handler                  
UNDEFED   SHT$$INIT_ARRAY$$Base          
UNDEFED   SHT$$INIT_ARRAY$$Limit         
0000383f  SVC_Handler                    
0000383f  SysTick_Handler                
2000060c  SystemCoreClock                
000019cd  SystemCoreClockUpdate          
00001c41  SystemInit                     
0000383f  T32_INT1_IRQHandler            
0000383f  T32_INT2_IRQHandler            
0000383f  T32_INTC_IRQHandler            
0000148b  TA0_0_IRQHandler               
0000148b  TA0_0_IRQHandler               
0000383f  TA0_N_IRQHandler               
0000383f  TA1_0_IRQHandler               
0000383f  TA1_N_IRQHandler               
0000383f  TA2_0_IRQHandler               
0000383f  TA2_N_IRQHandler               
0000383f  TA3_0_IRQHandler               
0000383f  TA3_N_IRQHandler               
200005d4  TempDAC_Value                  
0000383f  UsageFault_Handler             
4000480c  WDTCTL_SYM                     
0000383f  WDT_A_IRQHandler               
20000610  __CIOBUF_                      
20010000  __STACK_END                    
00000200  __STACK_SIZE                   
00000400  __SYSMEM_SIZE                  
000039e8  __TI_CINIT_Base                
000039f8  __TI_CINIT_Limit               
000039d0  __TI_Handler_Table_Base        
000039dc  __TI_Handler_Table_Limit       
0000329d  __TI_auto_init                 
000025e5  __TI_cleanup                   
200005e0  __TI_cleanup_ptr               
00002fe5  __TI_closefile                 
00003379  __TI_decompress_lzss           
00003825  __TI_decompress_none           
00002dd5  __TI_doflush                   
200005e4  __TI_dtors_ptr                 
200005e8  __TI_enable_exit_profile_output
200005c0  __TI_ft_end                    
ffffffff  __TI_pprof_out_hndl            
00000929  __TI_printfi                   
ffffffff  __TI_prof_data_size            
ffffffff  __TI_prof_data_start           
00002eff  __TI_rd_ok                     
00003413  __TI_readmsg                   
00000000  __TI_static_base__             
20000730  __TI_tmpnams                   
000033e1  __TI_writemsg                  
00002e9d  __TI_wrt_ok                    
00003841  __TI_zero_init                 
00003115  __aeabi_cdcmpeq                
00003115  __aeabi_cdcmple                
0000319b  __aeabi_cdrcmple               
000036a5  __aeabi_d2iz                   
000026eb  __aeabi_dadd                   
00002897  __aeabi_ddiv                   
00002b01  __aeabi_dmul                   
000026e1  __aeabi_dsub                   
00003723  __aeabi_i2d                    
00003221  __aeabi_memclr                 
00003221  __aeabi_memclr4                
00003221  __aeabi_memclr8                
00002f49  __aeabi_memcpy                 
00002f49  __aeabi_memcpy4                
00002f49  __aeabi_memcpy8                
00003223  __aeabi_memset                 
00003223  __aeabi_memset4                
00003223  __aeabi_memset8                
200005cc  __aeabi_stderr                 
200005c4  __aeabi_stdin                  
200005c8  __aeabi_stdout                 
00002329  __aeabi_uldivmod               
ffffffff  __binit__                      
ffffffff  __c_args__                     
00001223  __mpu_init                     
2000fe00  __stack                        
0000378d  _args_main                     
00003511  _c_int00                       
00003850  _ctypes_                       
20000400  _ftable                        
200005f8  _lock                          
000037e3  _nop                           
000037db  _register_lock                 
000037d5  _register_unlock               
20000000  _sys_memory                    
0000329b  _system_post_cinit             
0000384d  _system_pre_init               
200005fc  _unlock                        
00003569  abort                          
0000227d  add_device                     
0000360d  atoi                           
ffffffff  binit                          
0000136f  calcAdvTimer                   
0000134f  calcSimpleTimer                
0000199d  calloc                         
0000222d  close                          
00003659  copy_in                        
000037e9  copysign                       
000037e9  copysignl                      
200005d8  delay                          
000012c7  delay_ms                       
00001317  delay_us                       
20000600  errno                          
00003571  exit                           
0000304b  fclose                         
00002e21  fflush                         
0000263b  fopen                          
00003315  fprintf                        
0000307d  fputc                          
000029cd  fputs                          
000016e7  free                           
00002611  freopen                        
000034ad  frexp                          
000034ad  frexpl                         
00003449  fseek                          
00000000  interruptVectors               
00002bfd  ldexp                          
00002bfd  ldexpl                         
00002209  lseek                          
000035b9  ltoa                           
000013e9  main                           
20000608  main_func_sp                   
0000167d  malloc                         
000018b1  memalign                       
00003771  memccpy                        
00003751  memchr                         
00002f49  memcpy                         
00003229  memset                         
000015fd  minit                          
0000215b  open                           
0000307d  putc                           
00003101  putchar                        
00002ad9  puts                           
00002137  read                           
000017a9  realloc                        
000020ad  remove                         
0000210f  remove_device                  
000020d1  rename                         
00002bfd  scalbn                         
00002bfd  scalbnl                        
0000122d  set_DC0                        
00002cf9  setvbuf                        
000037bd  strchr                         
000037a5  strcmp                         
000037fd  strcpy                         
00003811  strlen                         
000036ed  strncpy                        
000020ad  unlink                         
0000201d  write                          


GLOBAL SYMBOLS: SORTED BY Symbol Address 

address   name                           
-------   ----                           
00000000  __TI_static_base__             
00000000  interruptVectors               
00000200  __STACK_SIZE                   
00000400  __SYSMEM_SIZE                  
00000929  __TI_printfi                   
00001223  __mpu_init                     
0000122d  set_DC0                        
000012c7  delay_ms                       
00001317  delay_us                       
0000134f  calcSimpleTimer                
0000136f  calcAdvTimer                   
000013e9  main                           
0000148b  TA0_0_IRQHandler               
0000148b  TA0_0_IRQHandler               
0000151d  Drive_DAC                      
000015fd  minit                          
0000167d  malloc                         
000016e7  free                           
000017a9  realloc                        
000018b1  memalign                       
0000199d  calloc                         
000019cd  SystemCoreClockUpdate          
00001c41  SystemInit                     
00001cf9  HOSTwrite                      
00001d45  HOSTunlink                     
00001d7d  HOSTtime64                     
00001dcb  HOSTtime                       
00001e05  HOSTrename                     
00001e63  HOSTread                       
00001eaf  HOSTopen                       
00001f01  HOSTlseek                      
00001f5d  HOSTgetenv                     
00001f9b  HOSTclose                      
00001fd3  HOSTclock                      
0000201d  write                          
000020ad  remove                         
000020ad  unlink                         
000020d1  rename                         
0000210f  remove_device                  
00002137  read                           
0000215b  open                           
00002209  lseek                          
0000222d  close                          
0000227d  add_device                     
00002329  __aeabi_uldivmod               
000025e5  __TI_cleanup                   
00002611  freopen                        
0000263b  fopen                          
000026e1  __aeabi_dsub                   
000026eb  __aeabi_dadd                   
00002897  __aeabi_ddiv                   
000029cd  fputs                          
00002ad9  puts                           
00002b01  __aeabi_dmul                   
00002bfd  ldexp                          
00002bfd  ldexpl                         
00002bfd  scalbn                         
00002bfd  scalbnl                        
00002cf9  setvbuf                        
00002dd5  __TI_doflush                   
00002e21  fflush                         
00002e9d  __TI_wrt_ok                    
00002eff  __TI_rd_ok                     
00002f49  __aeabi_memcpy                 
00002f49  __aeabi_memcpy4                
00002f49  __aeabi_memcpy8                
00002f49  memcpy                         
00002fe5  __TI_closefile                 
0000304b  fclose                         
0000307d  fputc                          
0000307d  putc                           
00003101  putchar                        
00003115  __aeabi_cdcmpeq                
00003115  __aeabi_cdcmple                
0000319b  __aeabi_cdrcmple               
00003221  __aeabi_memclr                 
00003221  __aeabi_memclr4                
00003221  __aeabi_memclr8                
00003223  __aeabi_memset                 
00003223  __aeabi_memset4                
00003223  __aeabi_memset8                
00003229  memset                         
0000329b  _system_post_cinit             
0000329d  __TI_auto_init                 
00003315  fprintf                        
00003379  __TI_decompress_lzss           
000033e1  __TI_writemsg                  
0000340f  C$$IO$$                        
00003413  __TI_readmsg                   
00003449  fseek                          
000034ad  frexp                          
000034ad  frexpl                         
00003511  _c_int00                       
00003565  C$$EXIT                        
00003569  abort                          
00003571  exit                           
000035b9  ltoa                           
0000360d  atoi                           
00003659  copy_in                        
000036a5  __aeabi_d2iz                   
000036ed  strncpy                        
00003723  __aeabi_i2d                    
00003751  memchr                         
00003771  memccpy                        
0000378d  _args_main                     
000037a5  strcmp                         
000037bd  strchr                         
000037d5  _register_unlock               
000037db  _register_lock                 
000037e3  _nop                           
000037e9  copysign                       
000037e9  copysignl                      
000037fd  strcpy                         
00003811  strlen                         
00003825  __TI_decompress_none           
00003833  Reset_Handler                  
0000383f  ADC14_IRQHandler               
0000383f  AES256_IRQHandler              
0000383f  BusFault_Handler               
0000383f  COMP_E0_IRQHandler             
0000383f  COMP_E1_IRQHandler             
0000383f  CS_IRQHandler                  
0000383f  DMA_ERR_IRQHandler             
0000383f  DMA_INT0_IRQHandler            
0000383f  DMA_INT1_IRQHandler            
0000383f  DMA_INT2_IRQHandler            
0000383f  DMA_INT3_IRQHandler            
0000383f  DebugMon_Handler               
0000383f  Default_Handler                
0000383f  EUSCIA0_IRQHandler             
0000383f  EUSCIA1_IRQHandler             
0000383f  EUSCIA2_IRQHandler             
0000383f  EUSCIA3_IRQHandler             
0000383f  EUSCIB0_IRQHandler             
0000383f  EUSCIB1_IRQHandler             
0000383f  EUSCIB2_IRQHandler             
0000383f  EUSCIB3_IRQHandler             
0000383f  FLCTL_IRQHandler               
0000383f  FPU_IRQHandler                 
0000383f  HardFault_Handler              
0000383f  MemManage_Handler              
0000383f  NMI_Handler                    
0000383f  PCM_IRQHandler                 
0000383f  PORT1_IRQHandler               
0000383f  PORT2_IRQHandler               
0000383f  PORT3_IRQHandler               
0000383f  PORT4_IRQHandler               
0000383f  PORT5_IRQHandler               
0000383f  PORT6_IRQHandler               
0000383f  PSS_IRQHandler                 
0000383f  PendSV_Handler                 
0000383f  RTC_C_IRQHandler               
0000383f  SVC_Handler                    
0000383f  SysTick_Handler                
0000383f  T32_INT1_IRQHandler            
0000383f  T32_INT2_IRQHandler            
0000383f  T32_INTC_IRQHandler            
0000383f  TA0_N_IRQHandler               
0000383f  TA1_0_IRQHandler               
0000383f  TA1_N_IRQHandler               
0000383f  TA2_0_IRQHandler               
0000383f  TA2_N_IRQHandler               
0000383f  TA3_0_IRQHandler               
0000383f  TA3_N_IRQHandler               
0000383f  UsageFault_Handler             
0000383f  WDT_A_IRQHandler               
00003841  __TI_zero_init                 
0000384d  _system_pre_init               
00003850  _ctypes_                       
000039d0  __TI_Handler_Table_Base        
000039dc  __TI_Handler_Table_Limit       
000039e8  __TI_CINIT_Base                
000039f8  __TI_CINIT_Limit               
20000000  _sys_memory                    
20000400  _ftable                        
200005c0  __TI_ft_end                    
200005c4  __aeabi_stdin                  
200005c8  __aeabi_stdout                 
200005cc  __aeabi_stderr                 
200005d0  GLOBAL_FREQ                    
200005d4  TempDAC_Value                  
200005d8  delay                          
200005e0  __TI_cleanup_ptr               
200005e4  __TI_dtors_ptr                 
200005e8  __TI_enable_exit_profile_output
200005f8  _lock                          
200005fc  _unlock                        
20000600  errno                          
20000608  main_func_sp                   
2000060c  SystemCoreClock                
20000610  __CIOBUF_                      
20000730  __TI_tmpnams                   
2000fe00  __stack                        
20010000  __STACK_END                    
4000480c  WDTCTL_SYM                     
ffffffff  __TI_pprof_out_hndl            
ffffffff  __TI_prof_data_size            
ffffffff  __TI_prof_data_start           
ffffffff  __binit__                      
ffffffff  __c_args__                     
ffffffff  binit                          
UNDEFED   SHT$$INIT_ARRAY$$Base          
UNDEFED   SHT$$INIT_ARRAY$$Limit         

[203 symbols]
