******************************************************************************
                  TI ARM Linker PC v16.9.1                     
******************************************************************************
>> Linked Thu May 25 13:23:46 2017

OUTPUT FILE NAME:   <Assignment10.out>
ENTRY POINT SYMBOL: "_c_int00"  address: 000007f5


MEMORY CONFIGURATION

         name            origin    length      used     unused   attr    fill
----------------------  --------  ---------  --------  --------  ----  --------
  MAIN                  00000000   00040000  00000960  0003f6a0  R  X
  INFO                  00200000   00004000  00000000  00004000  R  X
  SRAM_CODE             01000000   00010000  0000021e  0000fde2  RW X
  SRAM_DATA             20000000   00010000  0000021e  0000fde2  RW  


SEGMENT ALLOCATION MAP

run origin  load origin   length   init length attrs members
----------  ----------- ---------- ----------- ----- -------
00000000    00000000    00000960   00000960    r-x
  00000000    00000000    000000e4   000000e4    r-- .intvecs
  000000e4    000000e4    00000854   00000854    r-x .text
  00000938    00000938    00000028   00000028    r-- .cinit
20000000    20000000    0000001e   00000000    rw-
  20000000    20000000    0000001e   00000000    rw- .data
2000fe00    2000fe00    00000200   00000000    rw-
  2000fe00    2000fe00    00000200   00000000    rw- .stack


SECTION ALLOCATION MAP

 output                                  attributes/
section   page    origin      length       input sections
--------  ----  ----------  ----------   ----------------
.intvecs   0    00000000    000000e4     
                  00000000    000000e4     startup_msp432p401r_ccs.obj (.intvecs:retain)

.binit     0    00000000    00000000     

.text      0    000000e4    00000854     
                  000000e4    0000032c     system_msp432p401r.obj (.text)
                  00000410    00000270     main.obj (.text)
                  00000680    0000009c     rtsv7M4_T_le_v4SPD16_eabi.lib : memcpy_t2.obj (.text)
                  0000071c    00000070                                   : autoinit.obj (.text)
                  0000078c    00000068                                   : copy_decompress_lzss.obj (.text:decompress:lzss)
                  000007f4    00000054                                   : boot.obj (.text)
                  00000848    00000054                                   : exit.obj (.text)
                  0000089c    0000004c                                   : cpy_tbl.obj (.text)
                  000008e8    00000018                                   : args_main.obj (.text)
                  00000900    00000014                                   : _lock.obj (.text)
                  00000914    0000000e                                   : copy_decompress_none.obj (.text:decompress:none)
                  00000922    0000000e     startup_msp432p401r_ccs.obj (.text)
                  00000930    00000004     rtsv7M4_T_le_v4SPD16_eabi.lib : pre_init.obj (.text)
                  00000934    00000002                                   : mpu_init.obj (.text)
                  00000936    00000002                                   : startup.obj (.text)

.cinit     0    00000938    00000028     
                  00000938    00000016     (.cinit..data.load) [load image, compression = lzss]
                  0000094e    00000002     --HOLE-- [fill = 0]
                  00000950    00000008     (__TI_handler_table)
                  00000958    00000008     (__TI_cinit_table)

.init_array 
*          0    00000000    00000000     UNINITIALIZED

.data      0    20000000    0000001e     UNINITIALIZED
                  20000000    0000000c     rtsv7M4_T_le_v4SPD16_eabi.lib : exit.obj (.data:$O1$$)
                  2000000c    00000008                                   : _lock.obj (.data:$O1$$)
                  20000014    00000004                                   : stkdepth_vars.obj (.data)
                  20000018    00000004     system_msp432p401r.obj (.data)
                  2000001c    00000002     main.obj (.data)

.stack     0    2000fe00    00000200     UNINITIALIZED
                  2000fe00    00000200     --HOLE--

MODULE SUMMARY

       Module                        code   ro data   rw data
       ------                        ----   -------   -------
    .\
       system_msp432p401r.obj        812    0         8      
       main.obj                      624    0         4      
       startup_msp432p401r_ccs.obj   14     228       0      
    +--+-----------------------------+------+---------+---------+
       Total:                        1450   228       12     
                                                             
    C:\ti\ccsv7\tools\compiler\ti-cgt-arm_16.9.1.LTS\lib\rtsv7M4_T_le_v4SPD16_eabi.lib
       memcpy_t2.obj                 156    0         0      
       autoinit.obj                  112    0         0      
       exit.obj                      84     0         24     
       copy_decompress_lzss.obj      104    0         0      
       boot.obj                      84     0         0      
       cpy_tbl.obj                   76     0         0      
       _lock.obj                     20     0         16     
       args_main.obj                 24     0         0      
       copy_decompress_none.obj      14     0         0      
       stkdepth_vars.obj             0      0         8      
       pre_init.obj                  4      0         0      
       mpu_init.obj                  2      0         0      
       startup.obj                   2      0         0      
    +--+-----------------------------+------+---------+---------+
       Total:                        682    0         48     
                                                             
       Stack:                        0      0         1024   
       Linker Generated:             0      38        0      
    +--+-----------------------------+------+---------+---------+
       Grand Total:                  2132   266       1084   


LINKER GENERATED COPY TABLES

__TI_cinit_table @ 00000958 records: 1, size/record: 8, table size: 8
	.data: load addr=00000938, load size=00000016 bytes, run addr=20000000, run size=0000001e bytes, compression=lzss


LINKER GENERATED HANDLER TABLE

__TI_handler_table @ 00000950 records: 2, size/record: 4, table size: 8
	index: 0, handler: __TI_decompress_lzss
	index: 1, handler: __TI_decompress_none


GLOBAL SYMBOLS: SORTED ALPHABETICALLY BY Name 

address   name                           
-------   ----                           
0000092f  ADC14_IRQHandler               
0000092f  AES256_IRQHandler              
0000092f  BusFault_Handler               
00000849  C$$EXIT                        
0000092f  COMP_E0_IRQHandler             
0000092f  COMP_E1_IRQHandler             
0000092f  CS_IRQHandler                  
0000092f  DMA_ERR_IRQHandler             
0000092f  DMA_INT0_IRQHandler            
0000092f  DMA_INT1_IRQHandler            
0000092f  DMA_INT2_IRQHandler            
0000092f  DMA_INT3_IRQHandler            
0000092f  DebugMon_Handler               
0000092f  Default_Handler                
0000092f  EUSCIA0_IRQHandler             
0000092f  EUSCIA1_IRQHandler             
0000092f  EUSCIA2_IRQHandler             
0000092f  EUSCIA3_IRQHandler             
00000619  EUSCIB0_IRQHandler             
00000619  EUSCIB0_IRQHandler             
0000092f  EUSCIB1_IRQHandler             
0000092f  EUSCIB2_IRQHandler             
0000092f  EUSCIB3_IRQHandler             
0000092f  FLCTL_IRQHandler               
0000092f  FPU_IRQHandler                 
0000092f  HardFault_Handler              
00000483  InitEEPROM                     
0000092f  MemManage_Handler              
0000092f  NMI_Handler                    
0000092f  PCM_IRQHandler                 
0000092f  PORT1_IRQHandler               
0000092f  PORT2_IRQHandler               
0000092f  PORT3_IRQHandler               
0000092f  PORT4_IRQHandler               
0000092f  PORT5_IRQHandler               
0000092f  PORT6_IRQHandler               
0000092f  PSS_IRQHandler                 
0000092f  PendSV_Handler                 
0000092f  RTC_C_IRQHandler               
00000569  ReadEEPROM                     
00000923  Reset_Handler                  
UNDEFED   SHT$$INIT_ARRAY$$Base          
UNDEFED   SHT$$INIT_ARRAY$$Limit         
0000092f  SVC_Handler                    
0000092f  SysTick_Handler                
20000018  SystemCoreClock                
000000e5  SystemCoreClockUpdate          
00000359  SystemInit                     
0000092f  T32_INT1_IRQHandler            
0000092f  T32_INT2_IRQHandler            
0000092f  T32_INTC_IRQHandler            
0000092f  TA0_0_IRQHandler               
0000092f  TA0_N_IRQHandler               
0000092f  TA1_0_IRQHandler               
0000092f  TA1_N_IRQHandler               
0000092f  TA2_0_IRQHandler               
0000092f  TA2_N_IRQHandler               
0000092f  TA3_0_IRQHandler               
0000092f  TA3_N_IRQHandler               
2000001c  TransmitFlag                   
0000092f  UsageFault_Handler             
4000480c  WDTCTL_SYM                     
0000092f  WDT_A_IRQHandler               
000004d5  WriteEEPROM                    
20010000  __STACK_END                    
00000200  __STACK_SIZE                   
00000958  __TI_CINIT_Base                
00000960  __TI_CINIT_Limit               
00000950  __TI_Handler_Table_Base        
00000958  __TI_Handler_Table_Limit       
0000071d  __TI_auto_init                 
20000000  __TI_cleanup_ptr               
0000078d  __TI_decompress_lzss           
00000915  __TI_decompress_none           
20000004  __TI_dtors_ptr                 
20000008  __TI_enable_exit_profile_output
ffffffff  __TI_pprof_out_hndl            
ffffffff  __TI_prof_data_size            
ffffffff  __TI_prof_data_start           
00000000  __TI_static_base__             
00000681  __aeabi_memcpy                 
00000681  __aeabi_memcpy4                
00000681  __aeabi_memcpy8                
ffffffff  __binit__                      
ffffffff  __c_args__                     
00000935  __mpu_init                     
2000fe00  __stack                        
000008e9  _args_main                     
000007f5  _c_int00                       
2000000c  _lock                          
0000090f  _nop                           
00000907  _register_lock                 
00000901  _register_unlock               
00000937  _system_post_cinit             
00000931  _system_pre_init               
20000010  _unlock                        
0000084d  abort                          
ffffffff  binit                          
0000089d  copy_in                        
00000855  exit                           
00000000  interruptVectors               
00000419  main                           
20000014  main_func_sp                   
00000681  memcpy                         


GLOBAL SYMBOLS: SORTED BY Symbol Address 

address   name                           
-------   ----                           
00000000  __TI_static_base__             
00000000  interruptVectors               
000000e5  SystemCoreClockUpdate          
00000200  __STACK_SIZE                   
00000359  SystemInit                     
00000419  main                           
00000483  InitEEPROM                     
000004d5  WriteEEPROM                    
00000569  ReadEEPROM                     
00000619  EUSCIB0_IRQHandler             
00000619  EUSCIB0_IRQHandler             
00000681  __aeabi_memcpy                 
00000681  __aeabi_memcpy4                
00000681  __aeabi_memcpy8                
00000681  memcpy                         
0000071d  __TI_auto_init                 
0000078d  __TI_decompress_lzss           
000007f5  _c_int00                       
00000849  C$$EXIT                        
0000084d  abort                          
00000855  exit                           
0000089d  copy_in                        
000008e9  _args_main                     
00000901  _register_unlock               
00000907  _register_lock                 
0000090f  _nop                           
00000915  __TI_decompress_none           
00000923  Reset_Handler                  
0000092f  ADC14_IRQHandler               
0000092f  AES256_IRQHandler              
0000092f  BusFault_Handler               
0000092f  COMP_E0_IRQHandler             
0000092f  COMP_E1_IRQHandler             
0000092f  CS_IRQHandler                  
0000092f  DMA_ERR_IRQHandler             
0000092f  DMA_INT0_IRQHandler            
0000092f  DMA_INT1_IRQHandler            
0000092f  DMA_INT2_IRQHandler            
0000092f  DMA_INT3_IRQHandler            
0000092f  DebugMon_Handler               
0000092f  Default_Handler                
0000092f  EUSCIA0_IRQHandler             
0000092f  EUSCIA1_IRQHandler             
0000092f  EUSCIA2_IRQHandler             
0000092f  EUSCIA3_IRQHandler             
0000092f  EUSCIB1_IRQHandler             
0000092f  EUSCIB2_IRQHandler             
0000092f  EUSCIB3_IRQHandler             
0000092f  FLCTL_IRQHandler               
0000092f  FPU_IRQHandler                 
0000092f  HardFault_Handler              
0000092f  MemManage_Handler              
0000092f  NMI_Handler                    
0000092f  PCM_IRQHandler                 
0000092f  PORT1_IRQHandler               
0000092f  PORT2_IRQHandler               
0000092f  PORT3_IRQHandler               
0000092f  PORT4_IRQHandler               
0000092f  PORT5_IRQHandler               
0000092f  PORT6_IRQHandler               
0000092f  PSS_IRQHandler                 
0000092f  PendSV_Handler                 
0000092f  RTC_C_IRQHandler               
0000092f  SVC_Handler                    
0000092f  SysTick_Handler                
0000092f  T32_INT1_IRQHandler            
0000092f  T32_INT2_IRQHandler            
0000092f  T32_INTC_IRQHandler            
0000092f  TA0_0_IRQHandler               
0000092f  TA0_N_IRQHandler               
0000092f  TA1_0_IRQHandler               
0000092f  TA1_N_IRQHandler               
0000092f  TA2_0_IRQHandler               
0000092f  TA2_N_IRQHandler               
0000092f  TA3_0_IRQHandler               
0000092f  TA3_N_IRQHandler               
0000092f  UsageFault_Handler             
0000092f  WDT_A_IRQHandler               
00000931  _system_pre_init               
00000935  __mpu_init                     
00000937  _system_post_cinit             
00000950  __TI_Handler_Table_Base        
00000958  __TI_CINIT_Base                
00000958  __TI_Handler_Table_Limit       
00000960  __TI_CINIT_Limit               
20000000  __TI_cleanup_ptr               
20000004  __TI_dtors_ptr                 
20000008  __TI_enable_exit_profile_output
2000000c  _lock                          
20000010  _unlock                        
20000014  main_func_sp                   
20000018  SystemCoreClock                
2000001c  TransmitFlag                   
2000fe00  __stack                        
20010000  __STACK_END                    
4000480c  WDTCTL_SYM                     
ffffffff  __TI_pprof_out_hndl            
ffffffff  __TI_prof_data_size            
ffffffff  __TI_prof_data_start           
ffffffff  __binit__                      
ffffffff  __c_args__                     
ffffffff  binit                          
UNDEFED   SHT$$INIT_ARRAY$$Base          
UNDEFED   SHT$$INIT_ARRAY$$Limit         

[104 symbols]
