******************************************************************************
                  TI ARM Linker PC v16.9.1                     
******************************************************************************
>> Linked Tue May 02 22:33:49 2017

OUTPUT FILE NAME:   <Project2.out>
ENTRY POINT SYMBOL: "_c_int00"  address: 00003ad9


MEMORY CONFIGURATION

         name            origin    length      used     unused   attr    fill
----------------------  --------  ---------  --------  --------  ----  --------
  MAIN                  00000000   00040000  00003ff5  0003c00b  R  X
  INFO                  00200000   00004000  00000000  00004000  R  X
  SRAM_CODE             01000000   00010000  00000a16  0000f5ea  RW X
  SRAM_DATA             20000000   00010000  00000a16  0000f5ea  RW  


SEGMENT ALLOCATION MAP

run origin  load origin   length   init length attrs members
----------  ----------- ---------- ----------- ----- -------
00000000    00000000    00003ff8   00003ff8    r-x
  00000000    00000000    000000e4   000000e4    r-- .intvecs
  000000e4    000000e4    00003d34   00003d34    r-x .text
  00003e18    00003e18    00000105   00000105    r-- .const
  00003f20    00003f20    000000d8   000000d8    r-- .cinit
20000000    20000000    00000816   00000000    rw-
  20000000    20000000    00000400   00000000    rw- .sysmem
  20000400    20000400    00000244   00000000    rw- .data
  20000644    20000644    000001d2   00000000    rw- .bss
2000fe00    2000fe00    00000200   00000000    rw-
  2000fe00    2000fe00    00000200   00000000    rw- .stack


SECTION ALLOCATION MAP

 output                                  attributes/
section   page    origin      length       input sections
--------  ----  ----------  ----------   ----------------
.intvecs   0    00000000    000000e4     
                  00000000    000000e4     startup_msp432p401r_ccs.obj (.intvecs:retain)

.binit     0    00000000    00000000     

.text      0    000000e4    00003d34     
                  000000e4    0000113e     rtsv7M4_T_le_v4SPD16_eabi.lib : _printfi.obj (.text)
                  00001222    00000002                                   : mpu_init.obj (.text)
                  00001224    000009a0     main.obj (.text)
                  00001bc4    000003d0     rtsv7M4_T_le_v4SPD16_eabi.lib : memory.obj (.text)
                  00001f94    0000032c     system_msp432p401r.obj (.text)
                  000022c0    00000324     rtsv7M4_T_le_v4SPD16_eabi.lib : trgdrv.obj (.text)
                  000025e4    0000030c                                   : lowlev.obj (.text)
                  000028f0    000001f4                                   : ull_div_t2.obj (.text)
                  00002ae4    000001c4                                   : fopen.obj (.text)
                  00002ca8    000001b6                                   : fd_add_t2.obj (.text)
                  00002e5e    00000136                                   : fd_div_t2.obj (.text)
                  00002f94    00000134                                   : fputs.obj (.text)
                  000030c8    000000fc                                   : fd_mul_t2.obj (.text)
                  000031c4    000000fc                                   : s_scalbn.obj (.text)
                  000032c0    000000dc                                   : setvbuf.obj (.text)
                  0000339c    000000c8                                   : fflush.obj (.text)
                  00003464    000000ac                                   : _io_perm.obj (.text)
                  00003510    0000009c                                   : memcpy_t2.obj (.text)
                  000035ac    00000098                                   : fclose.obj (.text)
                  00003644    00000098                                   : fputc.obj (.text)
                  000036dc    00000086                                   : fd_cmp_t2.obj (.text:__aeabi_cdcmple)
                  00003762    00000086                                   : fd_cmp_t2.obj (.text:__aeabi_cdrcmple)
                  000037e8    0000007a                                   : memset_t2.obj (.text)
                  00003862    00000002                                   : startup.obj (.text)
                  00003864    00000070                                   : autoinit.obj (.text)
                  000038d4    0000006c                                   : fprintf.obj (.text)
                  00003940    00000068                                   : copy_decompress_lzss.obj (.text:decompress:lzss)
                  000039a8    00000068                                   : trgmsg.obj (.text)
                  00003a10    00000064                                   : fseek.obj (.text)
                  00003a74    00000064                                   : s_frexp.obj (.text)
                  00003ad8    00000054                                   : boot.obj (.text)
                  00003b2c    00000054                                   : exit.obj (.text)
                  00003b80    00000054                                   : ltoa.obj (.text)
                  00003bd4    0000004c                                   : atoi.obj (.text)
                  00003c20    0000004c                                   : cpy_tbl.obj (.text)
                  00003c6c    00000048                                   : fd_toi_t2.obj (.text)
                  00003cb4    00000036                                   : strncpy.obj (.text)
                  00003cea    0000002e                                   : i_tofd_t2.obj (.text)
                  00003d18    00000020                                   : memchr.obj (.text)
                  00003d38    0000001c                                   : memccpy.obj (.text)
                  00003d54    00000018                                   : args_main.obj (.text)
                  00003d6c    00000018                                   : strcmp.obj (.text)
                  00003d84    00000016                                   : strchr.obj (.text)
                  00003d9a    00000002     --HOLE-- [fill = 0]
                  00003d9c    00000014                                   : _lock.obj (.text)
                  00003db0    00000014                                   : s_copysign.obj (.text)
                  00003dc4    00000014                                   : strcpy.obj (.text)
                  00003dd8    00000014                                   : strlen.obj (.text)
                  00003dec    0000000e                                   : copy_decompress_none.obj (.text:decompress:none)
                  00003dfa    0000000e     startup_msp432p401r_ccs.obj (.text)
                  00003e08    0000000c     rtsv7M4_T_le_v4SPD16_eabi.lib : copy_zero_init.obj (.text:decompress:ZI)
                  00003e14    00000004                                   : pre_init.obj (.text)

.const     0    00003e18    00000105     
                  00003e18    00000101     rtsv7M4_T_le_v4SPD16_eabi.lib : ctype.obj (.const:.string:_ctypes_)
                  00003f19    00000004     main.obj (.const:.string:$P$T0$1)

.cinit     0    00003f20    000000d8     
                  00003f20    000000ae     (.cinit..data.load) [load image, compression = lzss]
                  00003fce    00000002     --HOLE-- [fill = 0]
                  00003fd0    0000000c     (__TI_handler_table)
                  00003fdc    00000004     --HOLE-- [fill = 0]
                  00003fe0    00000008     (.cinit..bss.load) [load image, compression = zero_init]
                  00003fe8    00000010     (__TI_cinit_table)

.init_array 
*          0    00000000    00000000     UNINITIALIZED

.sysmem    0    20000000    00000400     UNINITIALIZED
                  20000000    00000008     rtsv7M4_T_le_v4SPD16_eabi.lib : memory.obj (.sysmem)
                  20000008    000003f8     --HOLE--

.data      0    20000400    00000244     UNINITIALIZED
                  20000400    000000f0     rtsv7M4_T_le_v4SPD16_eabi.lib : defs.obj (.data:_ftable)
                  200004f0    000000d0                                   : lowlev.obj (.data:$O1$$)
                  200005c0    00000024     main.obj (.data)
                  200005e4    00000010     rtsv7M4_T_le_v4SPD16_eabi.lib : defs.obj (.data)
                  200005f4    0000000c                                   : exit.obj (.data:$O1$$)
                  20000600    0000000c                                   : memory.obj (.data:$O1$$)
                  2000060c    0000000a     main.obj (.data:SAW_DELAYS)
                  20000616    0000000a     main.obj (.data:SINE_DELAYS)
                  20000620    0000000a     main.obj (.data:TRI_DELAYS)
                  2000062a    00000002     --HOLE--
                  2000062c    00000008     rtsv7M4_T_le_v4SPD16_eabi.lib : _lock.obj (.data:$O1$$)
                  20000634    00000004                                   : errno.obj (.data)
                  20000638    00000004                                   : fopen.obj (.data)
                  2000063c    00000004                                   : stkdepth_vars.obj (.data)
                  20000640    00000004     system_msp432p401r.obj (.data)

.bss       0    20000644    000001d2     UNINITIALIZED
                  20000644    00000120     rtsv7M4_T_le_v4SPD16_eabi.lib : trgmsg.obj (.bss:_CIOBUF_)
                  20000764    000000a0     (.common:__TI_tmpnams)
                  20000804    00000008                                   : trgdrv.obj (.bss:parmbuf)
                  2000080c    00000002     (.common:SAW_DELAY)
                  2000080e    00000002     (.common:SINE_DELAY)
                  20000810    00000002     (.common:SQRBase)
                  20000812    00000002     (.common:SQRLimit)
                  20000814    00000002     (.common:TRI_DELAY)

.stack     0    2000fe00    00000200     UNINITIALIZED
                  2000fe00    00000200     --HOLE--

MODULE SUMMARY

       Module                        code    ro data   rw data
       ------                        ----    -------   -------
    .\
       main.obj                      2464    4         152    
       system_msp432p401r.obj        812     0         8      
       startup_msp432p401r_ccs.obj   14      228       0      
    +--+-----------------------------+-------+---------+---------+
       Total:                        3290    232       160    
                                                              
    C:\ti\ccsv7\tools\compiler\ti-cgt-arm_16.9.1.LTS\lib\rtsv7M4_T_le_v4SPD16_eabi.lib
       _printfi.obj                  4414    0         0      
       lowlev.obj                    780     0         416    
       memory.obj                    976     0         24     
       defs.obj                      0       0         832    
       trgdrv.obj                    804     0         16     
       trgmsg.obj                    104     0         576    
       ull_div_t2.obj                500     0         0      
       fopen.obj                     452     0         8      
       fd_add_t2.obj                 438     0         0      
       fd_div_t2.obj                 310     0         0      
       fputs.obj                     308     0         0      
       fd_cmp_t2.obj                 268     0         0      
       ctype.obj                     0       257       0      
       fd_mul_t2.obj                 252     0         0      
       s_scalbn.obj                  252     0         0      
       setvbuf.obj                   220     0         0      
       fflush.obj                    200     0         0      
       _io_perm.obj                  172     0         0      
       memcpy_t2.obj                 156     0         0      
       fclose.obj                    152     0         0      
       fputc.obj                     152     0         0      
       memset_t2.obj                 122     0         0      
       autoinit.obj                  112     0         0      
       exit.obj                      84      0         24     
       fprintf.obj                   108     0         0      
       copy_decompress_lzss.obj      104     0         0      
       fseek.obj                     100     0         0      
       s_frexp.obj                   100     0         0      
       boot.obj                      84      0         0      
       ltoa.obj                      84      0         0      
       atoi.obj                      76      0         0      
       cpy_tbl.obj                   76      0         0      
       fd_toi_t2.obj                 72      0         0      
       strncpy.obj                   54      0         0      
       i_tofd_t2.obj                 46      0         0      
       _lock.obj                     20      0         16     
       memchr.obj                    32      0         0      
       memccpy.obj                   28      0         0      
       args_main.obj                 24      0         0      
       strcmp.obj                    24      0         0      
       strchr.obj                    22      0         0      
       s_copysign.obj                20      0         0      
       strcpy.obj                    20      0         0      
       strlen.obj                    20      0         0      
       copy_decompress_none.obj      14      0         0      
       copy_zero_init.obj            12      0         0      
       errno.obj                     0       0         8      
       stkdepth_vars.obj             0       0         8      
       pre_init.obj                  4       0         0      
       mpu_init.obj                  2       0         0      
       startup.obj                   2       0         0      
    +--+-----------------------------+-------+---------+---------+
       Total:                        12376   257       1928   
                                                              
       Heap:                         0       0         2048   
       Stack:                        0       0         1024   
       Linker Generated:             0       210       0      
    +--+-----------------------------+-------+---------+---------+
       Grand Total:                  15666   699       5160   


LINKER GENERATED COPY TABLES

__TI_cinit_table @ 00003fe8 records: 2, size/record: 8, table size: 16
	.data: load addr=00003f20, load size=000000ae bytes, run addr=20000400, run size=00000244 bytes, compression=lzss
	.bss: load addr=00003fe0, load size=00000008 bytes, run addr=20000644, run size=000001d2 bytes, compression=zero_init


LINKER GENERATED HANDLER TABLE

__TI_handler_table @ 00003fd0 records: 3, size/record: 4, table size: 12
	index: 0, handler: __TI_decompress_lzss
	index: 1, handler: __TI_decompress_none
	index: 2, handler: __TI_zero_init


GLOBAL SYMBOLS: SORTED ALPHABETICALLY BY Name 

address   name                           
-------   ----                           
00003e07  ADC14_IRQHandler               
00003e07  AES256_IRQHandler              
00003e07  BusFault_Handler               
00003b2d  C$$EXIT                        
000039d7  C$$IO$$                        
00003e07  COMP_E0_IRQHandler             
00003e07  COMP_E1_IRQHandler             
00003e07  CS_IRQHandler                  
200005d8  DAC_COUNT                      
00003e07  DMA_ERR_IRQHandler             
00003e07  DMA_INT0_IRQHandler            
00003e07  DMA_INT1_IRQHandler            
00003e07  DMA_INT2_IRQHandler            
00003e07  DMA_INT3_IRQHandler            
00003e07  DebugMon_Handler               
00003e07  Default_Handler                
00001b33  Drive_DAC                      
00003e07  EUSCIA0_IRQHandler             
00003e07  EUSCIA1_IRQHandler             
00003e07  EUSCIA2_IRQHandler             
00003e07  EUSCIA3_IRQHandler             
00003e07  EUSCIB0_IRQHandler             
00003e07  EUSCIB1_IRQHandler             
00003e07  EUSCIB2_IRQHandler             
00003e07  EUSCIB3_IRQHandler             
00003e07  FLCTL_IRQHandler               
00003e07  FPU_IRQHandler                 
200005c4  GKEY                           
200005c0  GLOBAL_FREQ                    
0000259b  HOSTclock                      
00002563  HOSTclose                      
00002525  HOSTgetenv                     
000024c9  HOSTlseek                      
00002477  HOSTopen                       
0000242b  HOSTread                       
000023cd  HOSTrename                     
00002393  HOSTtime                       
00002345  HOSTtime64                     
0000230d  HOSTunlink                     
000022c1  HOSTwrite                      
00003e07  HardFault_Handler              
00003e07  MemManage_Handler              
00003e07  NMI_Handler                    
00003e07  PCM_IRQHandler                 
00003e07  PORT1_IRQHandler               
00003e07  PORT2_IRQHandler               
00003e07  PORT3_IRQHandler               
00003e07  PORT4_IRQHandler               
00003e07  PORT5_IRQHandler               
00003e07  PORT6_IRQHandler               
00003e07  PSS_IRQHandler                 
00003e07  PendSV_Handler                 
00003e07  RTC_C_IRQHandler               
00003dfb  Reset_Handler                  
2000080c  SAW_DELAY                      
2000060c  SAW_DELAYS                     
200005dc  SAW_INC                        
UNDEFED   SHT$$INIT_ARRAY$$Base          
UNDEFED   SHT$$INIT_ARRAY$$Limit         
2000080e  SINE_DELAY                     
20000616  SINE_DELAYS                    
200005da  SINE_INC                       
20000810  SQRBase                        
20000812  SQRLimit                       
00003e07  SVC_Handler                    
00003e07  SysTick_Handler                
20000640  SystemCoreClock                
00001f95  SystemCoreClockUpdate          
00002209  SystemInit                     
00003e07  T32_INT1_IRQHandler            
00003e07  T32_INT2_IRQHandler            
00003e07  T32_INTC_IRQHandler            
00001851  TA0_0_IRQHandler               
00001851  TA0_0_IRQHandler               
00003e07  TA0_N_IRQHandler               
00003e07  TA1_0_IRQHandler               
00003e07  TA1_N_IRQHandler               
00003e07  TA2_0_IRQHandler               
00003e07  TA2_N_IRQHandler               
00003e07  TA3_0_IRQHandler               
00003e07  TA3_N_IRQHandler               
20000814  TRI_DELAY                      
20000620  TRI_DELAYS                     
200005de  TRI_INC                        
200005d4  TempDAC_Value                  
00003e07  UsageFault_Handler             
4000480c  WDTCTL_SYM                     
00003e07  WDT_A_IRQHandler               
20000644  __CIOBUF_                      
20010000  __STACK_END                    
00000200  __STACK_SIZE                   
00000400  __SYSMEM_SIZE                  
00003fe8  __TI_CINIT_Base                
00003ff8  __TI_CINIT_Limit               
00003fd0  __TI_Handler_Table_Base        
00003fdc  __TI_Handler_Table_Limit       
00003865  __TI_auto_init                 
00002bad  __TI_cleanup                   
200005f4  __TI_cleanup_ptr               
000035ad  __TI_closefile                 
00003941  __TI_decompress_lzss           
00003ded  __TI_decompress_none           
0000339d  __TI_doflush                   
200005f8  __TI_dtors_ptr                 
200005fc  __TI_enable_exit_profile_output
200005e4  __TI_ft_end                    
ffffffff  __TI_pprof_out_hndl            
00000929  __TI_printfi                   
ffffffff  __TI_prof_data_size            
ffffffff  __TI_prof_data_start           
000034c7  __TI_rd_ok                     
000039db  __TI_readmsg                   
00000000  __TI_static_base__             
20000764  __TI_tmpnams                   
000039a9  __TI_writemsg                  
00003465  __TI_wrt_ok                    
00003e09  __TI_zero_init                 
000036dd  __aeabi_cdcmpeq                
000036dd  __aeabi_cdcmple                
00003763  __aeabi_cdrcmple               
00003c6d  __aeabi_d2iz                   
00002cb3  __aeabi_dadd                   
00002e5f  __aeabi_ddiv                   
000030c9  __aeabi_dmul                   
00002ca9  __aeabi_dsub                   
00003ceb  __aeabi_i2d                    
000037e9  __aeabi_memclr                 
000037e9  __aeabi_memclr4                
000037e9  __aeabi_memclr8                
00003511  __aeabi_memcpy                 
00003511  __aeabi_memcpy4                
00003511  __aeabi_memcpy8                
000037eb  __aeabi_memset                 
000037eb  __aeabi_memset4                
000037eb  __aeabi_memset8                
200005f0  __aeabi_stderr                 
200005e8  __aeabi_stdin                  
200005ec  __aeabi_stdout                 
000028f1  __aeabi_uldivmod               
ffffffff  __binit__                      
ffffffff  __c_args__                     
00001223  __mpu_init                     
2000fe00  __stack                        
00003d55  _args_main                     
00003ad9  _c_int00                       
00003e18  _ctypes_                       
20000400  _ftable                        
2000062c  _lock                          
00003dab  _nop                           
00003da3  _register_lock                 
00003d9d  _register_unlock               
20000000  _sys_memory                    
00003863  _system_post_cinit             
00003e15  _system_pre_init               
20000630  _unlock                        
00003b31  abort                          
00002845  add_device                     
00003bd5  atoi                           
ffffffff  binit                          
0000136b  calcAdvTimer                   
0000134b  calcSimpleTimer                
00001f65  calloc                         
000027f5  close                          
00003c21  copy_in                        
00003db1  copysign                       
00003db1  copysignl                      
000012c3  delay_ms                       
00001313  delay_us                       
200005c8  duty_cycle                     
20000634  errno                          
00003b39  exit                           
00003613  fclose                         
000033e9  fflush                         
00002c03  fopen                          
000038dd  fprintf                        
00003645  fputc                          
00002f95  fputs                          
00001caf  free                           
00002bd9  freopen                        
200005cc  freq                           
00003a75  frexp                          
00003a75  frexpl                         
00003a11  fseek                          
00000000  interruptVectors               
00001a79  isin                           
0000145d  keypad_getkey                  
0000143f  keypad_init                    
000031c5  ldexp                          
000031c5  ldexpl                         
000027d1  lseek                          
00003b81  ltoa                           
000015a5  main                           
2000063c  main_func_sp                   
00001c45  malloc                         
00001e79  memalign                       
00003d39  memccpy                        
00003d19  memchr                         
00003511  memcpy                         
000037f1  memset                         
00001bc5  minit                          
00001401  num_to_char                    
00002723  open                           
00003645  putc                           
000036c9  putchar                        
000030a1  puts                           
000026ff  read                           
00001d71  realloc                        
00002675  remove                         
000026d7  remove_device                  
00002699  rename                         
000031c5  scalbn                         
000031c5  scalbnl                        
00001b05  setWaveDelays                  
00001229  set_DC0                        
000032c1  setvbuf                        
00003d85  strchr                         
00003d6d  strcmp                         
00003dc5  strcpy                         
00003dd9  strlen                         
00003cb5  strncpy                        
00002675  unlink                         
200005d0  wave_type                      
000025e5  write                          


GLOBAL SYMBOLS: SORTED BY Symbol Address 

address   name                           
-------   ----                           
00000000  __TI_static_base__             
00000000  interruptVectors               
00000200  __STACK_SIZE                   
00000400  __SYSMEM_SIZE                  
00000929  __TI_printfi                   
00001223  __mpu_init                     
00001229  set_DC0                        
000012c3  delay_ms                       
00001313  delay_us                       
0000134b  calcSimpleTimer                
0000136b  calcAdvTimer                   
00001401  num_to_char                    
0000143f  keypad_init                    
0000145d  keypad_getkey                  
000015a5  main                           
00001851  TA0_0_IRQHandler               
00001851  TA0_0_IRQHandler               
00001a79  isin                           
00001b05  setWaveDelays                  
00001b33  Drive_DAC                      
00001bc5  minit                          
00001c45  malloc                         
00001caf  free                           
00001d71  realloc                        
00001e79  memalign                       
00001f65  calloc                         
00001f95  SystemCoreClockUpdate          
00002209  SystemInit                     
000022c1  HOSTwrite                      
0000230d  HOSTunlink                     
00002345  HOSTtime64                     
00002393  HOSTtime                       
000023cd  HOSTrename                     
0000242b  HOSTread                       
00002477  HOSTopen                       
000024c9  HOSTlseek                      
00002525  HOSTgetenv                     
00002563  HOSTclose                      
0000259b  HOSTclock                      
000025e5  write                          
00002675  remove                         
00002675  unlink                         
00002699  rename                         
000026d7  remove_device                  
000026ff  read                           
00002723  open                           
000027d1  lseek                          
000027f5  close                          
00002845  add_device                     
000028f1  __aeabi_uldivmod               
00002bad  __TI_cleanup                   
00002bd9  freopen                        
00002c03  fopen                          
00002ca9  __aeabi_dsub                   
00002cb3  __aeabi_dadd                   
00002e5f  __aeabi_ddiv                   
00002f95  fputs                          
000030a1  puts                           
000030c9  __aeabi_dmul                   
000031c5  ldexp                          
000031c5  ldexpl                         
000031c5  scalbn                         
000031c5  scalbnl                        
000032c1  setvbuf                        
0000339d  __TI_doflush                   
000033e9  fflush                         
00003465  __TI_wrt_ok                    
000034c7  __TI_rd_ok                     
00003511  __aeabi_memcpy                 
00003511  __aeabi_memcpy4                
00003511  __aeabi_memcpy8                
00003511  memcpy                         
000035ad  __TI_closefile                 
00003613  fclose                         
00003645  fputc                          
00003645  putc                           
000036c9  putchar                        
000036dd  __aeabi_cdcmpeq                
000036dd  __aeabi_cdcmple                
00003763  __aeabi_cdrcmple               
000037e9  __aeabi_memclr                 
000037e9  __aeabi_memclr4                
000037e9  __aeabi_memclr8                
000037eb  __aeabi_memset                 
000037eb  __aeabi_memset4                
000037eb  __aeabi_memset8                
000037f1  memset                         
00003863  _system_post_cinit             
00003865  __TI_auto_init                 
000038dd  fprintf                        
00003941  __TI_decompress_lzss           
000039a9  __TI_writemsg                  
000039d7  C$$IO$$                        
000039db  __TI_readmsg                   
00003a11  fseek                          
00003a75  frexp                          
00003a75  frexpl                         
00003ad9  _c_int00                       
00003b2d  C$$EXIT                        
00003b31  abort                          
00003b39  exit                           
00003b81  ltoa                           
00003bd5  atoi                           
00003c21  copy_in                        
00003c6d  __aeabi_d2iz                   
00003cb5  strncpy                        
00003ceb  __aeabi_i2d                    
00003d19  memchr                         
00003d39  memccpy                        
00003d55  _args_main                     
00003d6d  strcmp                         
00003d85  strchr                         
00003d9d  _register_unlock               
00003da3  _register_lock                 
00003dab  _nop                           
00003db1  copysign                       
00003db1  copysignl                      
00003dc5  strcpy                         
00003dd9  strlen                         
00003ded  __TI_decompress_none           
00003dfb  Reset_Handler                  
00003e07  ADC14_IRQHandler               
00003e07  AES256_IRQHandler              
00003e07  BusFault_Handler               
00003e07  COMP_E0_IRQHandler             
00003e07  COMP_E1_IRQHandler             
00003e07  CS_IRQHandler                  
00003e07  DMA_ERR_IRQHandler             
00003e07  DMA_INT0_IRQHandler            
00003e07  DMA_INT1_IRQHandler            
00003e07  DMA_INT2_IRQHandler            
00003e07  DMA_INT3_IRQHandler            
00003e07  DebugMon_Handler               
00003e07  Default_Handler                
00003e07  EUSCIA0_IRQHandler             
00003e07  EUSCIA1_IRQHandler             
00003e07  EUSCIA2_IRQHandler             
00003e07  EUSCIA3_IRQHandler             
00003e07  EUSCIB0_IRQHandler             
00003e07  EUSCIB1_IRQHandler             
00003e07  EUSCIB2_IRQHandler             
00003e07  EUSCIB3_IRQHandler             
00003e07  FLCTL_IRQHandler               
00003e07  FPU_IRQHandler                 
00003e07  HardFault_Handler              
00003e07  MemManage_Handler              
00003e07  NMI_Handler                    
00003e07  PCM_IRQHandler                 
00003e07  PORT1_IRQHandler               
00003e07  PORT2_IRQHandler               
00003e07  PORT3_IRQHandler               
00003e07  PORT4_IRQHandler               
00003e07  PORT5_IRQHandler               
00003e07  PORT6_IRQHandler               
00003e07  PSS_IRQHandler                 
00003e07  PendSV_Handler                 
00003e07  RTC_C_IRQHandler               
00003e07  SVC_Handler                    
00003e07  SysTick_Handler                
00003e07  T32_INT1_IRQHandler            
00003e07  T32_INT2_IRQHandler            
00003e07  T32_INTC_IRQHandler            
00003e07  TA0_N_IRQHandler               
00003e07  TA1_0_IRQHandler               
00003e07  TA1_N_IRQHandler               
00003e07  TA2_0_IRQHandler               
00003e07  TA2_N_IRQHandler               
00003e07  TA3_0_IRQHandler               
00003e07  TA3_N_IRQHandler               
00003e07  UsageFault_Handler             
00003e07  WDT_A_IRQHandler               
00003e09  __TI_zero_init                 
00003e15  _system_pre_init               
00003e18  _ctypes_                       
00003fd0  __TI_Handler_Table_Base        
00003fdc  __TI_Handler_Table_Limit       
00003fe8  __TI_CINIT_Base                
00003ff8  __TI_CINIT_Limit               
20000000  _sys_memory                    
20000400  _ftable                        
200005c0  GLOBAL_FREQ                    
200005c4  GKEY                           
200005c8  duty_cycle                     
200005cc  freq                           
200005d0  wave_type                      
200005d4  TempDAC_Value                  
200005d8  DAC_COUNT                      
200005da  SINE_INC                       
200005dc  SAW_INC                        
200005de  TRI_INC                        
200005e4  __TI_ft_end                    
200005e8  __aeabi_stdin                  
200005ec  __aeabi_stdout                 
200005f0  __aeabi_stderr                 
200005f4  __TI_cleanup_ptr               
200005f8  __TI_dtors_ptr                 
200005fc  __TI_enable_exit_profile_output
2000060c  SAW_DELAYS                     
20000616  SINE_DELAYS                    
20000620  TRI_DELAYS                     
2000062c  _lock                          
20000630  _unlock                        
20000634  errno                          
2000063c  main_func_sp                   
20000640  SystemCoreClock                
20000644  __CIOBUF_                      
20000764  __TI_tmpnams                   
2000080c  SAW_DELAY                      
2000080e  SINE_DELAY                     
20000810  SQRBase                        
20000812  SQRLimit                       
20000814  TRI_DELAY                      
2000fe00  __stack                        
20010000  __STACK_END                    
4000480c  WDTCTL_SYM                     
ffffffff  __TI_pprof_out_hndl            
ffffffff  __TI_prof_data_size            
ffffffff  __TI_prof_data_start           
ffffffff  __binit__                      
ffffffff  __c_args__                     
ffffffff  binit                          
UNDEFED   SHT$$INIT_ARRAY$$Base          
UNDEFED   SHT$$INIT_ARRAY$$Limit         

[223 symbols]
