<?xml version="1.0"?>
<link_info>
   <banner>TI ARM Linker PC v16.9.1.LTS</banner>
   <copyright>Copyright (c) 1996-2015 Texas Instruments Incorporated</copyright>
   <link_time>0x591225a1</link_time>
   <link_errors>0x0</link_errors>
   <output_file>Project2.out</output_file>
   <entry_point>
      <name>_c_int00</name>
      <address>0x3a9d</address>
   </entry_point>
   <input_file_list>
      <input_file id="fl-2">
         <path>.\</path>
         <kind>object</kind>
         <file>main.obj</file>
         <name>main.obj</name>
      </input_file>
      <input_file id="fl-3">
         <path>.\</path>
         <kind>object</kind>
         <file>startup_msp432p401r_ccs.obj</file>
         <name>startup_msp432p401r_ccs.obj</name>
      </input_file>
      <input_file id="fl-4">
         <path>.\</path>
         <kind>object</kind>
         <file>system_msp432p401r.obj</file>
         <name>system_msp432p401r.obj</name>
      </input_file>
      <input_file id="fl-be">
         <path>C:\ti\ccsv7\tools\compiler\ti-cgt-arm_16.9.1.LTS\lib\</path>
         <kind>archive</kind>
         <file>rtsv7M4_T_le_v4SPD16_eabi.lib</file>
         <name>boot.obj</name>
      </input_file>
      <input_file id="fl-bf">
         <path>C:\ti\ccsv7\tools\compiler\ti-cgt-arm_16.9.1.LTS\lib\</path>
         <kind>archive</kind>
         <file>rtsv7M4_T_le_v4SPD16_eabi.lib</file>
         <name>copy_decompress_lzss.obj</name>
      </input_file>
      <input_file id="fl-c0">
         <path>C:\ti\ccsv7\tools\compiler\ti-cgt-arm_16.9.1.LTS\lib\</path>
         <kind>archive</kind>
         <file>rtsv7M4_T_le_v4SPD16_eabi.lib</file>
         <name>copy_decompress_none.obj</name>
      </input_file>
      <input_file id="fl-c1">
         <path>C:\ti\ccsv7\tools\compiler\ti-cgt-arm_16.9.1.LTS\lib\</path>
         <kind>archive</kind>
         <file>rtsv7M4_T_le_v4SPD16_eabi.lib</file>
         <name>copy_zero_init.obj</name>
      </input_file>
      <input_file id="fl-c2">
         <path>C:\ti\ccsv7\tools\compiler\ti-cgt-arm_16.9.1.LTS\lib\</path>
         <kind>archive</kind>
         <file>rtsv7M4_T_le_v4SPD16_eabi.lib</file>
         <name>defs.obj</name>
      </input_file>
      <input_file id="fl-c3">
         <path>C:\ti\ccsv7\tools\compiler\ti-cgt-arm_16.9.1.LTS\lib\</path>
         <kind>archive</kind>
         <file>rtsv7M4_T_le_v4SPD16_eabi.lib</file>
         <name>exit.obj</name>
      </input_file>
      <input_file id="fl-c4">
         <path>C:\ti\ccsv7\tools\compiler\ti-cgt-arm_16.9.1.LTS\lib\</path>
         <kind>archive</kind>
         <file>rtsv7M4_T_le_v4SPD16_eabi.lib</file>
         <name>fprintf.obj</name>
      </input_file>
      <input_file id="fl-c5">
         <path>C:\ti\ccsv7\tools\compiler\ti-cgt-arm_16.9.1.LTS\lib\</path>
         <kind>archive</kind>
         <file>rtsv7M4_T_le_v4SPD16_eabi.lib</file>
         <name>fputc.obj</name>
      </input_file>
      <input_file id="fl-c6">
         <path>C:\ti\ccsv7\tools\compiler\ti-cgt-arm_16.9.1.LTS\lib\</path>
         <kind>archive</kind>
         <file>rtsv7M4_T_le_v4SPD16_eabi.lib</file>
         <name>fputs.obj</name>
      </input_file>
      <input_file id="fl-c7">
         <path>C:\ti\ccsv7\tools\compiler\ti-cgt-arm_16.9.1.LTS\lib\</path>
         <kind>archive</kind>
         <file>rtsv7M4_T_le_v4SPD16_eabi.lib</file>
         <name>lowlev.obj</name>
      </input_file>
      <input_file id="fl-c8">
         <path>C:\ti\ccsv7\tools\compiler\ti-cgt-arm_16.9.1.LTS\lib\</path>
         <kind>archive</kind>
         <file>rtsv7M4_T_le_v4SPD16_eabi.lib</file>
         <name>memchr.obj</name>
      </input_file>
      <input_file id="fl-c9">
         <path>C:\ti\ccsv7\tools\compiler\ti-cgt-arm_16.9.1.LTS\lib\</path>
         <kind>archive</kind>
         <file>rtsv7M4_T_le_v4SPD16_eabi.lib</file>
         <name>memcpy_t2.obj</name>
      </input_file>
      <input_file id="fl-ca">
         <path>C:\ti\ccsv7\tools\compiler\ti-cgt-arm_16.9.1.LTS\lib\</path>
         <kind>archive</kind>
         <file>rtsv7M4_T_le_v4SPD16_eabi.lib</file>
         <name>memset_t2.obj</name>
      </input_file>
      <input_file id="fl-cb">
         <path>C:\ti\ccsv7\tools\compiler\ti-cgt-arm_16.9.1.LTS\lib\</path>
         <kind>archive</kind>
         <file>rtsv7M4_T_le_v4SPD16_eabi.lib</file>
         <name>mpu_init.obj</name>
      </input_file>
      <input_file id="fl-cc">
         <path>C:\ti\ccsv7\tools\compiler\ti-cgt-arm_16.9.1.LTS\lib\</path>
         <kind>archive</kind>
         <file>rtsv7M4_T_le_v4SPD16_eabi.lib</file>
         <name>pre_init.obj</name>
      </input_file>
      <input_file id="fl-cd">
         <path>C:\ti\ccsv7\tools\compiler\ti-cgt-arm_16.9.1.LTS\lib\</path>
         <kind>archive</kind>
         <file>rtsv7M4_T_le_v4SPD16_eabi.lib</file>
         <name>stkdepth_vars.obj</name>
      </input_file>
      <input_file id="fl-ce">
         <path>C:\ti\ccsv7\tools\compiler\ti-cgt-arm_16.9.1.LTS\lib\</path>
         <kind>archive</kind>
         <file>rtsv7M4_T_le_v4SPD16_eabi.lib</file>
         <name>strchr.obj</name>
      </input_file>
      <input_file id="fl-cf">
         <path>C:\ti\ccsv7\tools\compiler\ti-cgt-arm_16.9.1.LTS\lib\</path>
         <kind>archive</kind>
         <file>rtsv7M4_T_le_v4SPD16_eabi.lib</file>
         <name>strcmp.obj</name>
      </input_file>
      <input_file id="fl-d0">
         <path>C:\ti\ccsv7\tools\compiler\ti-cgt-arm_16.9.1.LTS\lib\</path>
         <kind>archive</kind>
         <file>rtsv7M4_T_le_v4SPD16_eabi.lib</file>
         <name>strlen.obj</name>
      </input_file>
      <input_file id="fl-d1">
         <path>C:\ti\ccsv7\tools\compiler\ti-cgt-arm_16.9.1.LTS\lib\</path>
         <kind>archive</kind>
         <file>rtsv7M4_T_le_v4SPD16_eabi.lib</file>
         <name>strncpy.obj</name>
      </input_file>
      <input_file id="fl-d2">
         <path>C:\ti\ccsv7\tools\compiler\ti-cgt-arm_16.9.1.LTS\lib\</path>
         <kind>archive</kind>
         <file>rtsv7M4_T_le_v4SPD16_eabi.lib</file>
         <name>trgdrv.obj</name>
      </input_file>
      <input_file id="fl-d3">
         <path>C:\ti\ccsv7\tools\compiler\ti-cgt-arm_16.9.1.LTS\lib\</path>
         <kind>archive</kind>
         <file>rtsv7M4_T_le_v4SPD16_eabi.lib</file>
         <name>trgmsg.obj</name>
      </input_file>
      <input_file id="fl-d4">
         <path>C:\ti\ccsv7\tools\compiler\ti-cgt-arm_16.9.1.LTS\lib\</path>
         <kind>archive</kind>
         <file>rtsv7M4_T_le_v4SPD16_eabi.lib</file>
         <name>_io_perm.obj</name>
      </input_file>
      <input_file id="fl-d5">
         <path>C:\ti\ccsv7\tools\compiler\ti-cgt-arm_16.9.1.LTS\lib\</path>
         <kind>archive</kind>
         <file>rtsv7M4_T_le_v4SPD16_eabi.lib</file>
         <name>_lock.obj</name>
      </input_file>
      <input_file id="fl-d6">
         <path>C:\ti\ccsv7\tools\compiler\ti-cgt-arm_16.9.1.LTS\lib\</path>
         <kind>archive</kind>
         <file>rtsv7M4_T_le_v4SPD16_eabi.lib</file>
         <name>_printfi.obj</name>
      </input_file>
      <input_file id="fl-d7">
         <path>C:\ti\ccsv7\tools\compiler\ti-cgt-arm_16.9.1.LTS\lib\</path>
         <kind>archive</kind>
         <file>rtsv7M4_T_le_v4SPD16_eabi.lib</file>
         <name>args_main.obj</name>
      </input_file>
      <input_file id="fl-d8">
         <path>C:\ti\ccsv7\tools\compiler\ti-cgt-arm_16.9.1.LTS\lib\</path>
         <kind>archive</kind>
         <file>rtsv7M4_T_le_v4SPD16_eabi.lib</file>
         <name>atoi.obj</name>
      </input_file>
      <input_file id="fl-d9">
         <path>C:\ti\ccsv7\tools\compiler\ti-cgt-arm_16.9.1.LTS\lib\</path>
         <kind>archive</kind>
         <file>rtsv7M4_T_le_v4SPD16_eabi.lib</file>
         <name>autoinit.obj</name>
      </input_file>
      <input_file id="fl-da">
         <path>C:\ti\ccsv7\tools\compiler\ti-cgt-arm_16.9.1.LTS\lib\</path>
         <kind>archive</kind>
         <file>rtsv7M4_T_le_v4SPD16_eabi.lib</file>
         <name>cpy_tbl.obj</name>
      </input_file>
      <input_file id="fl-db">
         <path>C:\ti\ccsv7\tools\compiler\ti-cgt-arm_16.9.1.LTS\lib\</path>
         <kind>archive</kind>
         <file>rtsv7M4_T_le_v4SPD16_eabi.lib</file>
         <name>ctype.obj</name>
      </input_file>
      <input_file id="fl-dc">
         <path>C:\ti\ccsv7\tools\compiler\ti-cgt-arm_16.9.1.LTS\lib\</path>
         <kind>archive</kind>
         <file>rtsv7M4_T_le_v4SPD16_eabi.lib</file>
         <name>fd_add_t2.obj</name>
      </input_file>
      <input_file id="fl-dd">
         <path>C:\ti\ccsv7\tools\compiler\ti-cgt-arm_16.9.1.LTS\lib\</path>
         <kind>archive</kind>
         <file>rtsv7M4_T_le_v4SPD16_eabi.lib</file>
         <name>fd_cmp_t2.obj</name>
      </input_file>
      <input_file id="fl-de">
         <path>C:\ti\ccsv7\tools\compiler\ti-cgt-arm_16.9.1.LTS\lib\</path>
         <kind>archive</kind>
         <file>rtsv7M4_T_le_v4SPD16_eabi.lib</file>
         <name>fd_div_t2.obj</name>
      </input_file>
      <input_file id="fl-df">
         <path>C:\ti\ccsv7\tools\compiler\ti-cgt-arm_16.9.1.LTS\lib\</path>
         <kind>archive</kind>
         <file>rtsv7M4_T_le_v4SPD16_eabi.lib</file>
         <name>fd_mul_t2.obj</name>
      </input_file>
      <input_file id="fl-e0">
         <path>C:\ti\ccsv7\tools\compiler\ti-cgt-arm_16.9.1.LTS\lib\</path>
         <kind>archive</kind>
         <file>rtsv7M4_T_le_v4SPD16_eabi.lib</file>
         <name>fd_toi_t2.obj</name>
      </input_file>
      <input_file id="fl-e1">
         <path>C:\ti\ccsv7\tools\compiler\ti-cgt-arm_16.9.1.LTS\lib\</path>
         <kind>archive</kind>
         <file>rtsv7M4_T_le_v4SPD16_eabi.lib</file>
         <name>fflush.obj</name>
      </input_file>
      <input_file id="fl-e2">
         <path>C:\ti\ccsv7\tools\compiler\ti-cgt-arm_16.9.1.LTS\lib\</path>
         <kind>archive</kind>
         <file>rtsv7M4_T_le_v4SPD16_eabi.lib</file>
         <name>fseek.obj</name>
      </input_file>
      <input_file id="fl-e3">
         <path>C:\ti\ccsv7\tools\compiler\ti-cgt-arm_16.9.1.LTS\lib\</path>
         <kind>archive</kind>
         <file>rtsv7M4_T_le_v4SPD16_eabi.lib</file>
         <name>i_tofd_t2.obj</name>
      </input_file>
      <input_file id="fl-e4">
         <path>C:\ti\ccsv7\tools\compiler\ti-cgt-arm_16.9.1.LTS\lib\</path>
         <kind>archive</kind>
         <file>rtsv7M4_T_le_v4SPD16_eabi.lib</file>
         <name>ltoa.obj</name>
      </input_file>
      <input_file id="fl-e5">
         <path>C:\ti\ccsv7\tools\compiler\ti-cgt-arm_16.9.1.LTS\lib\</path>
         <kind>archive</kind>
         <file>rtsv7M4_T_le_v4SPD16_eabi.lib</file>
         <name>memccpy.obj</name>
      </input_file>
      <input_file id="fl-e6">
         <path>C:\ti\ccsv7\tools\compiler\ti-cgt-arm_16.9.1.LTS\lib\</path>
         <kind>archive</kind>
         <file>rtsv7M4_T_le_v4SPD16_eabi.lib</file>
         <name>s_frexp.obj</name>
      </input_file>
      <input_file id="fl-e7">
         <path>C:\ti\ccsv7\tools\compiler\ti-cgt-arm_16.9.1.LTS\lib\</path>
         <kind>archive</kind>
         <file>rtsv7M4_T_le_v4SPD16_eabi.lib</file>
         <name>s_scalbn.obj</name>
      </input_file>
      <input_file id="fl-e8">
         <path>C:\ti\ccsv7\tools\compiler\ti-cgt-arm_16.9.1.LTS\lib\</path>
         <kind>archive</kind>
         <file>rtsv7M4_T_le_v4SPD16_eabi.lib</file>
         <name>setvbuf.obj</name>
      </input_file>
      <input_file id="fl-e9">
         <path>C:\ti\ccsv7\tools\compiler\ti-cgt-arm_16.9.1.LTS\lib\</path>
         <kind>archive</kind>
         <file>rtsv7M4_T_le_v4SPD16_eabi.lib</file>
         <name>startup.obj</name>
      </input_file>
      <input_file id="fl-ea">
         <path>C:\ti\ccsv7\tools\compiler\ti-cgt-arm_16.9.1.LTS\lib\</path>
         <kind>archive</kind>
         <file>rtsv7M4_T_le_v4SPD16_eabi.lib</file>
         <name>strcpy.obj</name>
      </input_file>
      <input_file id="fl-eb">
         <path>C:\ti\ccsv7\tools\compiler\ti-cgt-arm_16.9.1.LTS\lib\</path>
         <kind>archive</kind>
         <file>rtsv7M4_T_le_v4SPD16_eabi.lib</file>
         <name>ull_div_t2.obj</name>
      </input_file>
      <input_file id="fl-ec">
         <path>C:\ti\ccsv7\tools\compiler\ti-cgt-arm_16.9.1.LTS\lib\</path>
         <kind>archive</kind>
         <file>rtsv7M4_T_le_v4SPD16_eabi.lib</file>
         <name>errno.obj</name>
      </input_file>
      <input_file id="fl-ed">
         <path>C:\ti\ccsv7\tools\compiler\ti-cgt-arm_16.9.1.LTS\lib\</path>
         <kind>archive</kind>
         <file>rtsv7M4_T_le_v4SPD16_eabi.lib</file>
         <name>fopen.obj</name>
      </input_file>
      <input_file id="fl-ee">
         <path>C:\ti\ccsv7\tools\compiler\ti-cgt-arm_16.9.1.LTS\lib\</path>
         <kind>archive</kind>
         <file>rtsv7M4_T_le_v4SPD16_eabi.lib</file>
         <name>memory.obj</name>
      </input_file>
      <input_file id="fl-ef">
         <path>C:\ti\ccsv7\tools\compiler\ti-cgt-arm_16.9.1.LTS\lib\</path>
         <kind>archive</kind>
         <file>rtsv7M4_T_le_v4SPD16_eabi.lib</file>
         <name>s_copysign.obj</name>
      </input_file>
      <input_file id="fl-f0">
         <path>C:\ti\ccsv7\tools\compiler\ti-cgt-arm_16.9.1.LTS\lib\</path>
         <kind>archive</kind>
         <file>rtsv7M4_T_le_v4SPD16_eabi.lib</file>
         <name>fclose.obj</name>
      </input_file>
      <input_file id="fl-f1">
         <path>C:\ti\ccsv7\tools\compiler\ti-cgt-arm_16.9.1.LTS\lib\</path>
         <kind>archive</kind>
         <file>rtsv7M4_T_le_v4SPD16_eabi.lib</file>
         <name>remove.obj</name>
      </input_file>
   </input_file_list>
   <object_component_list>
      <object_component id="oc-2c">
         <name>.intvecs:retain</name>
         <load_address>0x0</load_address>
         <run_address>0x0</run_address>
         <size>0xe4</size>
         <input_file_ref idref="fl-3"/>
      </object_component>
      <object_component id="oc-12e">
         <name>.text</name>
         <load_address>0xe4</load_address>
         <run_address>0xe4</run_address>
         <size>0x113e</size>
         <input_file_ref idref="fl-d6"/>
      </object_component>
      <object_component id="oc-56">
         <name>.text</name>
         <load_address>0x1222</load_address>
         <run_address>0x1222</run_address>
         <size>0x2</size>
         <input_file_ref idref="fl-cb"/>
      </object_component>
      <object_component id="oc-7e">
         <name>.text</name>
         <load_address>0x1224</load_address>
         <run_address>0x1224</run_address>
         <size>0x964</size>
         <input_file_ref idref="fl-2"/>
      </object_component>
      <object_component id="oc-253">
         <name>.text</name>
         <load_address>0x1b88</load_address>
         <run_address>0x1b88</run_address>
         <size>0x3d0</size>
         <input_file_ref idref="fl-ee"/>
      </object_component>
      <object_component id="oc-be">
         <name>.text</name>
         <load_address>0x1f58</load_address>
         <run_address>0x1f58</run_address>
         <size>0x32c</size>
         <input_file_ref idref="fl-4"/>
      </object_component>
      <object_component id="oc-270">
         <name>.text</name>
         <load_address>0x2284</load_address>
         <run_address>0x2284</run_address>
         <size>0x324</size>
         <input_file_ref idref="fl-d2"/>
      </object_component>
      <object_component id="oc-177">
         <name>.text</name>
         <load_address>0x25a8</load_address>
         <run_address>0x25a8</run_address>
         <size>0x30c</size>
         <input_file_ref idref="fl-c7"/>
      </object_component>
      <object_component id="oc-18d">
         <name>.text</name>
         <load_address>0x28b4</load_address>
         <run_address>0x28b4</run_address>
         <size>0x1f4</size>
         <input_file_ref idref="fl-eb"/>
      </object_component>
      <object_component id="oc-259">
         <name>.text</name>
         <load_address>0x2aa8</load_address>
         <run_address>0x2aa8</run_address>
         <size>0x1c4</size>
         <input_file_ref idref="fl-ed"/>
      </object_component>
      <object_component id="oc-1b6">
         <name>.text</name>
         <load_address>0x2c6c</load_address>
         <run_address>0x2c6c</run_address>
         <size>0x1b6</size>
         <input_file_ref idref="fl-dc"/>
      </object_component>
      <object_component id="oc-19c">
         <name>.text</name>
         <load_address>0x2e22</load_address>
         <run_address>0x2e22</run_address>
         <size>0x136</size>
         <input_file_ref idref="fl-de"/>
      </object_component>
      <object_component id="oc-128">
         <name>.text</name>
         <load_address>0x2f58</load_address>
         <run_address>0x2f58</run_address>
         <size>0x134</size>
         <input_file_ref idref="fl-c6"/>
      </object_component>
      <object_component id="oc-197">
         <name>.text</name>
         <load_address>0x308c</load_address>
         <run_address>0x308c</run_address>
         <size>0xfc</size>
         <input_file_ref idref="fl-df"/>
      </object_component>
      <object_component id="oc-1c1">
         <name>.text</name>
         <load_address>0x3188</load_address>
         <run_address>0x3188</run_address>
         <size>0xfc</size>
         <input_file_ref idref="fl-e7"/>
      </object_component>
      <object_component id="oc-1f9">
         <name>.text</name>
         <load_address>0x3284</load_address>
         <run_address>0x3284</run_address>
         <size>0xdc</size>
         <input_file_ref idref="fl-e8"/>
      </object_component>
      <object_component id="oc-171">
         <name>.text</name>
         <load_address>0x3360</load_address>
         <run_address>0x3360</run_address>
         <size>0xc8</size>
         <input_file_ref idref="fl-e1"/>
      </object_component>
      <object_component id="oc-16b">
         <name>.text</name>
         <load_address>0x3428</load_address>
         <run_address>0x3428</run_address>
         <size>0xac</size>
         <input_file_ref idref="fl-d4"/>
      </object_component>
      <object_component id="oc-3e">
         <name>.text</name>
         <load_address>0x34d4</load_address>
         <run_address>0x34d4</run_address>
         <size>0x9c</size>
         <input_file_ref idref="fl-c9"/>
      </object_component>
      <object_component id="oc-29b">
         <name>.text</name>
         <load_address>0x3570</load_address>
         <run_address>0x3570</run_address>
         <size>0x98</size>
         <input_file_ref idref="fl-f0"/>
      </object_component>
      <object_component id="oc-122">
         <name>.text</name>
         <load_address>0x3608</load_address>
         <run_address>0x3608</run_address>
         <size>0x98</size>
         <input_file_ref idref="fl-c5"/>
      </object_component>
      <object_component id="oc-192">
         <name>.text:__aeabi_cdcmple</name>
         <load_address>0x36a0</load_address>
         <run_address>0x36a0</run_address>
         <size>0x86</size>
         <input_file_ref idref="fl-dd"/>
      </object_component>
      <object_component id="oc-1a1">
         <name>.text:__aeabi_cdrcmple</name>
         <load_address>0x3726</load_address>
         <run_address>0x3726</run_address>
         <size>0x86</size>
         <input_file_ref idref="fl-dd"/>
      </object_component>
      <object_component id="oc-4a">
         <name>.text</name>
         <load_address>0x37ac</load_address>
         <run_address>0x37ac</run_address>
         <size>0x7a</size>
         <input_file_ref idref="fl-ca"/>
      </object_component>
      <object_component id="oc-a9">
         <name>.text</name>
         <load_address>0x3826</load_address>
         <run_address>0x3826</run_address>
         <size>0x2</size>
         <input_file_ref idref="fl-e9"/>
      </object_component>
      <object_component id="oc-62">
         <name>.text</name>
         <load_address>0x3828</load_address>
         <run_address>0x3828</run_address>
         <size>0x70</size>
         <input_file_ref idref="fl-d9"/>
      </object_component>
      <object_component id="oc-c5">
         <name>.text</name>
         <load_address>0x3898</load_address>
         <run_address>0x3898</run_address>
         <size>0x6c</size>
         <input_file_ref idref="fl-c4"/>
      </object_component>
      <object_component id="oc-14">
         <name>.text:decompress:lzss</name>
         <load_address>0x3904</load_address>
         <run_address>0x3904</run_address>
         <size>0x68</size>
         <input_file_ref idref="fl-bf"/>
      </object_component>
      <object_component id="oc-2aa">
         <name>.text</name>
         <load_address>0x396c</load_address>
         <run_address>0x396c</run_address>
         <size>0x68</size>
         <input_file_ref idref="fl-d3"/>
      </object_component>
      <object_component id="oc-1f3">
         <name>.text</name>
         <load_address>0x39d4</load_address>
         <run_address>0x39d4</run_address>
         <size>0x64</size>
         <input_file_ref idref="fl-e2"/>
      </object_component>
      <object_component id="oc-1bb">
         <name>.text</name>
         <load_address>0x3a38</load_address>
         <run_address>0x3a38</run_address>
         <size>0x64</size>
         <input_file_ref idref="fl-e6"/>
      </object_component>
      <object_component id="oc-26">
         <name>.text</name>
         <load_address>0x3a9c</load_address>
         <run_address>0x3a9c</run_address>
         <size>0x54</size>
         <input_file_ref idref="fl-be"/>
      </object_component>
      <object_component id="oc-6e">
         <name>.text</name>
         <load_address>0x3af0</load_address>
         <run_address>0x3af0</run_address>
         <size>0x54</size>
         <input_file_ref idref="fl-c3"/>
      </object_component>
      <object_component id="oc-1ab">
         <name>.text</name>
         <load_address>0x3b44</load_address>
         <run_address>0x3b44</run_address>
         <size>0x54</size>
         <input_file_ref idref="fl-e4"/>
      </object_component>
      <object_component id="oc-1cd">
         <name>.text</name>
         <load_address>0x3b98</load_address>
         <run_address>0x3b98</run_address>
         <size>0x4c</size>
         <input_file_ref idref="fl-d8"/>
      </object_component>
      <object_component id="oc-a3">
         <name>.text</name>
         <load_address>0x3be4</load_address>
         <run_address>0x3be4</run_address>
         <size>0x4c</size>
         <input_file_ref idref="fl-da"/>
      </object_component>
      <object_component id="oc-1a6">
         <name>.text</name>
         <load_address>0x3c30</load_address>
         <run_address>0x3c30</run_address>
         <size>0x48</size>
         <input_file_ref idref="fl-e0"/>
      </object_component>
      <object_component id="oc-20c">
         <name>.text</name>
         <load_address>0x3c78</load_address>
         <run_address>0x3c78</run_address>
         <size>0x36</size>
         <input_file_ref idref="fl-d1"/>
      </object_component>
      <object_component id="oc-1b1">
         <name>.text</name>
         <load_address>0x3cae</load_address>
         <run_address>0x3cae</run_address>
         <size>0x2e</size>
         <input_file_ref idref="fl-e3"/>
      </object_component>
      <object_component id="oc-185">
         <name>.text</name>
         <load_address>0x3cdc</load_address>
         <run_address>0x3cdc</run_address>
         <size>0x20</size>
         <input_file_ref idref="fl-c8"/>
      </object_component>
      <object_component id="oc-1d3">
         <name>.text</name>
         <load_address>0x3cfc</load_address>
         <run_address>0x3cfc</run_address>
         <size>0x1c</size>
         <input_file_ref idref="fl-e5"/>
      </object_component>
      <object_component id="oc-68">
         <name>.text</name>
         <load_address>0x3d18</load_address>
         <run_address>0x3d18</run_address>
         <size>0x18</size>
         <input_file_ref idref="fl-d7"/>
      </object_component>
      <object_component id="oc-206">
         <name>.text</name>
         <load_address>0x3d30</load_address>
         <run_address>0x3d30</run_address>
         <size>0x18</size>
         <input_file_ref idref="fl-cf"/>
      </object_component>
      <object_component id="oc-1c7">
         <name>.text</name>
         <load_address>0x3d48</load_address>
         <run_address>0x3d48</run_address>
         <size>0x16</size>
         <input_file_ref idref="fl-ce"/>
      </object_component>
      <object_component id="oc-112">
         <name>.text</name>
         <load_address>0x3d60</load_address>
         <run_address>0x3d60</run_address>
         <size>0x14</size>
         <input_file_ref idref="fl-d5"/>
      </object_component>
      <object_component id="oc-236">
         <name>.text</name>
         <load_address>0x3d74</load_address>
         <run_address>0x3d74</run_address>
         <size>0x14</size>
         <input_file_ref idref="fl-ef"/>
      </object_component>
      <object_component id="oc-2b0">
         <name>.text</name>
         <load_address>0x3d88</load_address>
         <run_address>0x3d88</run_address>
         <size>0x14</size>
         <input_file_ref idref="fl-ea"/>
      </object_component>
      <object_component id="oc-17f">
         <name>.text</name>
         <load_address>0x3d9c</load_address>
         <run_address>0x3d9c</run_address>
         <size>0x14</size>
         <input_file_ref idref="fl-d0"/>
      </object_component>
      <object_component id="oc-1a">
         <name>.text:decompress:none</name>
         <load_address>0x3db0</load_address>
         <run_address>0x3db0</run_address>
         <size>0xe</size>
         <input_file_ref idref="fl-c0"/>
      </object_component>
      <object_component id="oc-78">
         <name>.text</name>
         <load_address>0x3dbe</load_address>
         <run_address>0x3dbe</run_address>
         <size>0xe</size>
         <input_file_ref idref="fl-3"/>
      </object_component>
      <object_component id="oc-20">
         <name>.text:decompress:ZI</name>
         <load_address>0x3dcc</load_address>
         <run_address>0x3dcc</run_address>
         <size>0xc</size>
         <input_file_ref idref="fl-c1"/>
      </object_component>
      <object_component id="oc-5c">
         <name>.text</name>
         <load_address>0x3dd8</load_address>
         <run_address>0x3dd8</run_address>
         <size>0x4</size>
         <input_file_ref idref="fl-cc"/>
      </object_component>
      <object_component id="oc-243">
         <name>.const:.string:_ctypes_</name>
         <load_address>0x3ddc</load_address>
         <run_address>0x3ddc</run_address>
         <size>0x101</size>
         <input_file_ref idref="fl-db"/>
      </object_component>
      <object_component id="oc-d1">
         <name>.const:.string:$P$T0$1</name>
         <load_address>0x3edd</load_address>
         <run_address>0x3edd</run_address>
         <size>0x4</size>
         <input_file_ref idref="fl-2"/>
      </object_component>
      <object_component id="oc-303">
         <name>.cinit..data.load</name>
         <load_address>0x3ee8</load_address>
         <run_address>0x3ee8</run_address>
         <size>0xae</size>
      </object_component>
      <object_component id="oc-301">
         <name>__TI_handler_table</name>
         <load_address>0x3f98</load_address>
         <run_address>0x3f98</run_address>
         <size>0xc</size>
      </object_component>
      <object_component id="oc-304">
         <name>.cinit..bss.load</name>
         <load_address>0x3fa8</load_address>
         <run_address>0x3fa8</run_address>
         <size>0x8</size>
      </object_component>
      <object_component id="oc-302">
         <name>__TI_cinit_table</name>
         <load_address>0x3fb0</load_address>
         <run_address>0x3fb0</run_address>
         <size>0x10</size>
      </object_component>
      <object_component id="oc-2de">
         <name>.binit</name>
         <load_address>0x0</load_address>
         <run_address>0x0</run_address>
         <size>0x0</size>
      </object_component>
      <object_component id="oc-cb">
         <name>.data</name>
         <load_address>0x200005c0</load_address>
         <run_address>0x200005c0</run_address>
         <size>0x24</size>
         <input_file_ref idref="fl-2"/>
      </object_component>
      <object_component id="oc-db">
         <name>.data:SINE_DELAYS</name>
         <load_address>0x20000616</load_address>
         <run_address>0x20000616</run_address>
         <size>0xa</size>
         <input_file_ref idref="fl-2"/>
      </object_component>
      <object_component id="oc-e1">
         <name>.data:TRI_DELAYS</name>
         <load_address>0x20000620</load_address>
         <run_address>0x20000620</run_address>
         <size>0xa</size>
         <input_file_ref idref="fl-2"/>
      </object_component>
      <object_component id="oc-de">
         <name>.data:SAW_DELAYS</name>
         <load_address>0x2000060c</load_address>
         <run_address>0x2000060c</run_address>
         <size>0xa</size>
         <input_file_ref idref="fl-2"/>
      </object_component>
      <object_component id="oc-11e">
         <name>.data</name>
         <load_address>0x20000640</load_address>
         <run_address>0x20000640</run_address>
         <size>0x4</size>
         <input_file_ref idref="fl-4"/>
      </object_component>
      <object_component id="oc-ce">
         <name>.data:_ftable</name>
         <load_address>0x20000400</load_address>
         <run_address>0x20000400</run_address>
         <size>0xf0</size>
         <input_file_ref idref="fl-c2"/>
      </object_component>
      <object_component id="oc-201">
         <name>.data</name>
         <load_address>0x200005e4</load_address>
         <run_address>0x200005e4</run_address>
         <size>0x10</size>
         <input_file_ref idref="fl-c2"/>
      </object_component>
      <object_component id="oc-b3">
         <name>.data:$O1$$</name>
         <load_address>0x200005f4</load_address>
         <run_address>0x200005f4</run_address>
         <size>0xc</size>
         <input_file_ref idref="fl-c3"/>
      </object_component>
      <object_component id="oc-212">
         <name>.data:$O1$$</name>
         <load_address>0x200004f0</load_address>
         <run_address>0x200004f0</run_address>
         <size>0xd0</size>
         <input_file_ref idref="fl-c7"/>
      </object_component>
      <object_component id="oc-74">
         <name>.data</name>
         <load_address>0x2000063c</load_address>
         <run_address>0x2000063c</run_address>
         <size>0x4</size>
         <input_file_ref idref="fl-cd"/>
      </object_component>
      <object_component id="oc-b6">
         <name>.data:$O1$$</name>
         <load_address>0x2000062c</load_address>
         <run_address>0x2000062c</run_address>
         <size>0x8</size>
         <input_file_ref idref="fl-d5"/>
      </object_component>
      <object_component id="oc-23c">
         <name>.data</name>
         <load_address>0x20000634</load_address>
         <run_address>0x20000634</run_address>
         <size>0x4</size>
         <input_file_ref idref="fl-ec"/>
      </object_component>
      <object_component id="oc-2a1">
         <name>.data</name>
         <load_address>0x20000638</load_address>
         <run_address>0x20000638</run_address>
         <size>0x4</size>
         <input_file_ref idref="fl-ed"/>
      </object_component>
      <object_component id="oc-297">
         <name>.data:$O1$$</name>
         <load_address>0x20000600</load_address>
         <run_address>0x20000600</run_address>
         <size>0xc</size>
         <input_file_ref idref="fl-ee"/>
      </object_component>
      <object_component id="oc-2b6">
         <name>.bss:parmbuf</name>
         <uninitialized>true</uninitialized>
         <run_address>0x20000804</run_address>
         <size>0x8</size>
         <input_file_ref idref="fl-d2"/>
      </object_component>
      <object_component id="oc-2c9">
         <name>.bss:_CIOBUF_</name>
         <uninitialized>true</uninitialized>
         <run_address>0x20000644</run_address>
         <size>0x120</size>
         <input_file_ref idref="fl-d3"/>
      </object_component>
      <object_component id="oc-d8">
         <name>.common:SINE_DELAY</name>
         <uninitialized>true</uninitialized>
         <run_address>0x2000080e</run_address>
         <size>0x2</size>
      </object_component>
      <object_component id="oc-d9">
         <name>.common:SAW_DELAY</name>
         <uninitialized>true</uninitialized>
         <run_address>0x2000080c</run_address>
         <size>0x2</size>
      </object_component>
      <object_component id="oc-da">
         <name>.common:TRI_DELAY</name>
         <uninitialized>true</uninitialized>
         <run_address>0x20000814</run_address>
         <size>0x2</size>
      </object_component>
      <object_component id="oc-d7">
         <name>.common:SQRBase</name>
         <uninitialized>true</uninitialized>
         <run_address>0x20000810</run_address>
         <size>0x2</size>
      </object_component>
      <object_component id="oc-d4">
         <name>.common:SQRLimit</name>
         <uninitialized>true</uninitialized>
         <run_address>0x20000812</run_address>
         <size>0x2</size>
      </object_component>
      <object_component id="oc-2c4">
         <name>.common:__TI_tmpnams</name>
         <uninitialized>true</uninitialized>
         <run_address>0x20000764</run_address>
         <size>0xa0</size>
      </object_component>
      <object_component id="oc-30">
         <name>.sysmem</name>
         <uninitialized>true</uninitialized>
         <run_address>0x20000000</run_address>
         <size>0x8</size>
         <input_file_ref idref="fl-ee"/>
      </object_component>
      <object_component id="oc-306">
         <name>.sysmem</name>
         <uninitialized>true</uninitialized>
         <run_address>0x20000000</run_address>
         <size>0x0</size>
      </object_component>
      <object_component id="oc-2f">
         <name>.stack</name>
         <uninitialized>true</uninitialized>
         <run_address>0x2000fe00</run_address>
         <size>0x0</size>
         <input_file_ref idref="fl-be"/>
      </object_component>
      <object_component id="oc-305">
         <name>.stack</name>
         <uninitialized>true</uninitialized>
         <run_address>0x2000fe00</run_address>
         <size>0x0</size>
      </object_component>
      <object_component id="oc-d5">
         <name>.debug_info</name>
         <load_address>0x0</load_address>
         <run_address>0x0</run_address>
         <size>0x516</size>
         <input_file_ref idref="fl-2"/>
      </object_component>
      <object_component id="oc-cc">
         <name>.debug_info</name>
         <load_address>0x516</load_address>
         <run_address>0x516</run_address>
         <size>0x212</size>
         <input_file_ref idref="fl-2"/>
      </object_component>
      <object_component id="oc-dc">
         <name>.debug_info</name>
         <load_address>0x728</load_address>
         <run_address>0x728</run_address>
         <size>0xeb</size>
         <input_file_ref idref="fl-2"/>
      </object_component>
      <object_component id="oc-e2">
         <name>.debug_info</name>
         <load_address>0x813</load_address>
         <run_address>0x813</run_address>
         <size>0xe9</size>
         <input_file_ref idref="fl-2"/>
      </object_component>
      <object_component id="oc-df">
         <name>.debug_info</name>
         <load_address>0x8fc</load_address>
         <run_address>0x8fc</run_address>
         <size>0xe9</size>
         <input_file_ref idref="fl-2"/>
      </object_component>
      <object_component id="oc-d2">
         <name>.debug_info</name>
         <load_address>0x9e5</load_address>
         <run_address>0x9e5</run_address>
         <size>0xe2</size>
         <input_file_ref idref="fl-2"/>
      </object_component>
      <object_component id="oc-80">
         <name>.debug_info</name>
         <load_address>0xac7</load_address>
         <run_address>0xac7</run_address>
         <size>0x98f</size>
         <input_file_ref idref="fl-2"/>
      </object_component>
      <object_component id="oc-145">
         <name>.debug_info</name>
         <load_address>0x1456</load_address>
         <run_address>0x1456</run_address>
         <size>0xc8</size>
         <input_file_ref idref="fl-2"/>
      </object_component>
      <object_component id="oc-14a">
         <name>.debug_info</name>
         <load_address>0x151e</load_address>
         <run_address>0x151e</run_address>
         <size>0x37a3</size>
         <input_file_ref idref="fl-2"/>
      </object_component>
      <object_component id="oc-14f">
         <name>.debug_info</name>
         <load_address>0x4cc1</load_address>
         <run_address>0x4cc1</run_address>
         <size>0x103e</size>
         <input_file_ref idref="fl-2"/>
      </object_component>
      <object_component id="oc-39">
         <name>.debug_info</name>
         <load_address>0x5cff</load_address>
         <run_address>0x5cff</run_address>
         <size>0x84</size>
         <input_file_ref idref="fl-2"/>
      </object_component>
      <object_component id="oc-e5">
         <name>.debug_info</name>
         <load_address>0x5d83</load_address>
         <run_address>0x5d83</run_address>
         <size>0x18b</size>
         <input_file_ref idref="fl-2"/>
      </object_component>
      <object_component id="oc-136">
         <name>.debug_info</name>
         <load_address>0x5f0e</load_address>
         <run_address>0x5f0e</run_address>
         <size>0x4e</size>
         <input_file_ref idref="fl-2"/>
      </object_component>
      <object_component id="oc-86">
         <name>.debug_info</name>
         <load_address>0x5f5c</load_address>
         <run_address>0x5f5c</run_address>
         <size>0x130</size>
         <input_file_ref idref="fl-3"/>
      </object_component>
      <object_component id="oc-2d">
         <name>.debug_info</name>
         <load_address>0x608c</load_address>
         <run_address>0x608c</run_address>
         <size>0x108</size>
         <input_file_ref idref="fl-3"/>
      </object_component>
      <object_component id="oc-7b">
         <name>.debug_info</name>
         <load_address>0x6194</load_address>
         <run_address>0x6194</run_address>
         <size>0x1cf</size>
         <input_file_ref idref="fl-3"/>
      </object_component>
      <object_component id="oc-11f">
         <name>.debug_info</name>
         <load_address>0x6363</load_address>
         <run_address>0x6363</run_address>
         <size>0x101</size>
         <input_file_ref idref="fl-4"/>
      </object_component>
      <object_component id="oc-bf">
         <name>.debug_info</name>
         <load_address>0x6464</load_address>
         <run_address>0x6464</run_address>
         <size>0x273</size>
         <input_file_ref idref="fl-4"/>
      </object_component>
      <object_component id="oc-27">
         <name>.debug_info</name>
         <load_address>0x66d7</load_address>
         <run_address>0x66d7</run_address>
         <size>0x160</size>
         <input_file_ref idref="fl-be"/>
      </object_component>
      <object_component id="oc-90">
         <name>.debug_info</name>
         <load_address>0x6837</load_address>
         <run_address>0x6837</run_address>
         <size>0xf9</size>
         <input_file_ref idref="fl-bf"/>
      </object_component>
      <object_component id="oc-15">
         <name>.debug_info</name>
         <load_address>0x6930</load_address>
         <run_address>0x6930</run_address>
         <size>0x245</size>
         <input_file_ref idref="fl-bf"/>
      </object_component>
      <object_component id="oc-34">
         <name>.debug_info</name>
         <load_address>0x6b75</load_address>
         <run_address>0x6b75</run_address>
         <size>0x60</size>
         <input_file_ref idref="fl-bf"/>
      </object_component>
      <object_component id="oc-8b">
         <name>.debug_info</name>
         <load_address>0x6bd5</load_address>
         <run_address>0x6bd5</run_address>
         <size>0x46</size>
         <input_file_ref idref="fl-bf"/>
      </object_component>
      <object_component id="oc-49">
         <name>.debug_info</name>
         <load_address>0x6c1b</load_address>
         <run_address>0x6c1b</run_address>
         <size>0x140</size>
         <input_file_ref idref="fl-c0"/>
      </object_component>
      <object_component id="oc-1c">
         <name>.debug_info</name>
         <load_address>0x6d5b</load_address>
         <run_address>0x6d5b</run_address>
         <size>0x1df</size>
         <input_file_ref idref="fl-c0"/>
      </object_component>
      <object_component id="oc-44">
         <name>.debug_info</name>
         <load_address>0x6f3a</load_address>
         <run_address>0x6f3a</run_address>
         <size>0x46</size>
         <input_file_ref idref="fl-c0"/>
      </object_component>
      <object_component id="oc-92">
         <name>.debug_info</name>
         <load_address>0x6f80</load_address>
         <run_address>0x6f80</run_address>
         <size>0x2c</size>
         <input_file_ref idref="fl-c0"/>
      </object_component>
      <object_component id="oc-55">
         <name>.debug_info</name>
         <load_address>0x6fac</load_address>
         <run_address>0x6fac</run_address>
         <size>0x12f</size>
         <input_file_ref idref="fl-c1"/>
      </object_component>
      <object_component id="oc-23">
         <name>.debug_info</name>
         <load_address>0x70db</load_address>
         <run_address>0x70db</run_address>
         <size>0x1aa</size>
         <input_file_ref idref="fl-c1"/>
      </object_component>
      <object_component id="oc-50">
         <name>.debug_info</name>
         <load_address>0x7285</load_address>
         <run_address>0x7285</run_address>
         <size>0x46</size>
         <input_file_ref idref="fl-c1"/>
      </object_component>
      <object_component id="oc-9a">
         <name>.debug_info</name>
         <load_address>0x72cb</load_address>
         <run_address>0x72cb</run_address>
         <size>0x2c</size>
         <input_file_ref idref="fl-c1"/>
      </object_component>
      <object_component id="oc-13f">
         <name>.debug_info</name>
         <load_address>0x72f7</load_address>
         <run_address>0x72f7</run_address>
         <size>0x139</size>
         <input_file_ref idref="fl-c2"/>
      </object_component>
      <object_component id="oc-cf">
         <name>.debug_info</name>
         <load_address>0x7430</load_address>
         <run_address>0x7430</run_address>
         <size>0xf7</size>
         <input_file_ref idref="fl-c2"/>
      </object_component>
      <object_component id="oc-202">
         <name>.debug_info</name>
         <load_address>0x7527</load_address>
         <run_address>0x7527</run_address>
         <size>0x184</size>
         <input_file_ref idref="fl-c2"/>
      </object_component>
      <object_component id="oc-1ec">
         <name>.debug_info</name>
         <load_address>0x76ab</load_address>
         <run_address>0x76ab</run_address>
         <size>0xae</size>
         <input_file_ref idref="fl-c2"/>
      </object_component>
      <object_component id="oc-ba">
         <name>.debug_info</name>
         <load_address>0x7759</load_address>
         <run_address>0x7759</run_address>
         <size>0x234</size>
         <input_file_ref idref="fl-c3"/>
      </object_component>
      <object_component id="oc-b4">
         <name>.debug_info</name>
         <load_address>0x798d</load_address>
         <run_address>0x798d</run_address>
         <size>0x185</size>
         <input_file_ref idref="fl-c3"/>
      </object_component>
      <object_component id="oc-72">
         <name>.debug_info</name>
         <load_address>0x7b12</load_address>
         <run_address>0x7b12</run_address>
         <size>0x214</size>
         <input_file_ref idref="fl-c3"/>
      </object_component>
      <object_component id="oc-135">
         <name>.debug_info</name>
         <load_address>0x7d26</load_address>
         <run_address>0x7d26</run_address>
         <size>0x20a</size>
         <input_file_ref idref="fl-c4"/>
      </object_component>
      <object_component id="oc-c7">
         <name>.debug_info</name>
         <load_address>0x7f30</load_address>
         <run_address>0x7f30</run_address>
         <size>0x2ab</size>
         <input_file_ref idref="fl-c4"/>
      </object_component>
      <object_component id="oc-17e">
         <name>.debug_info</name>
         <load_address>0x81db</load_address>
         <run_address>0x81db</run_address>
         <size>0x1de</size>
         <input_file_ref idref="fl-c5"/>
      </object_component>
      <object_component id="oc-123">
         <name>.debug_info</name>
         <load_address>0x83b9</load_address>
         <run_address>0x83b9</run_address>
         <size>0x23f</size>
         <input_file_ref idref="fl-c5"/>
      </object_component>
      <object_component id="oc-18c">
         <name>.debug_info</name>
         <load_address>0x85f8</load_address>
         <run_address>0x85f8</run_address>
         <size>0x2a2</size>
         <input_file_ref idref="fl-c6"/>
      </object_component>
      <object_component id="oc-12c">
         <name>.debug_info</name>
         <load_address>0x889a</load_address>
         <run_address>0x889a</run_address>
         <size>0x359</size>
         <input_file_ref idref="fl-c6"/>
      </object_component>
      <object_component id="oc-216">
         <name>.debug_info</name>
         <load_address>0x8bf3</load_address>
         <run_address>0x8bf3</run_address>
         <size>0x4a0</size>
         <input_file_ref idref="fl-c7"/>
      </object_component>
      <object_component id="oc-213">
         <name>.debug_info</name>
         <load_address>0x9093</load_address>
         <run_address>0x9093</run_address>
         <size>0x116</size>
         <input_file_ref idref="fl-c7"/>
      </object_component>
      <object_component id="oc-178">
         <name>.debug_info</name>
         <load_address>0x91a9</load_address>
         <run_address>0x91a9</run_address>
         <size>0xb0b</size>
         <input_file_ref idref="fl-c7"/>
      </object_component>
      <object_component id="oc-27a">
         <name>.debug_info</name>
         <load_address>0x9cb4</load_address>
         <run_address>0x9cb4</run_address>
         <size>0x120</size>
         <input_file_ref idref="fl-c7"/>
      </object_component>
      <object_component id="oc-1e5">
         <name>.debug_info</name>
         <load_address>0x9dd4</load_address>
         <run_address>0x9dd4</run_address>
         <size>0x2c</size>
         <input_file_ref idref="fl-c7"/>
      </object_component>
      <object_component id="oc-218">
         <name>.debug_info</name>
         <load_address>0x9e00</load_address>
         <run_address>0x9e00</run_address>
         <size>0x2c</size>
         <input_file_ref idref="fl-c7"/>
      </object_component>
      <object_component id="oc-222">
         <name>.debug_info</name>
         <load_address>0x9e2c</load_address>
         <run_address>0x9e2c</run_address>
         <size>0x100</size>
         <input_file_ref idref="fl-c8"/>
      </object_component>
      <object_component id="oc-187">
         <name>.debug_info</name>
         <load_address>0x9f2c</load_address>
         <run_address>0x9f2c</run_address>
         <size>0x242</size>
         <input_file_ref idref="fl-c8"/>
      </object_component>
      <object_component id="oc-40">
         <name>.debug_info</name>
         <load_address>0xa16e</load_address>
         <run_address>0xa16e</run_address>
         <size>0x111</size>
         <input_file_ref idref="fl-c9"/>
      </object_component>
      <object_component id="oc-4d">
         <name>.debug_info</name>
         <load_address>0xa27f</load_address>
         <run_address>0xa27f</run_address>
         <size>0x13f</size>
         <input_file_ref idref="fl-ca"/>
      </object_component>
      <object_component id="oc-58">
         <name>.debug_info</name>
         <load_address>0xa3be</load_address>
         <run_address>0xa3be</run_address>
         <size>0x138</size>
         <input_file_ref idref="fl-cb"/>
      </object_component>
      <object_component id="oc-5f">
         <name>.debug_info</name>
         <load_address>0xa4f6</load_address>
         <run_address>0xa4f6</run_address>
         <size>0x148</size>
         <input_file_ref idref="fl-cc"/>
      </object_component>
      <object_component id="oc-75">
         <name>.debug_info</name>
         <load_address>0xa63e</load_address>
         <run_address>0xa63e</run_address>
         <size>0x109</size>
         <input_file_ref idref="fl-cd"/>
      </object_component>
      <object_component id="oc-242">
         <name>.debug_info</name>
         <load_address>0xa747</load_address>
         <run_address>0xa747</run_address>
         <size>0xf5</size>
         <input_file_ref idref="fl-ce"/>
      </object_component>
      <object_component id="oc-1c8">
         <name>.debug_info</name>
         <load_address>0xa83c</load_address>
         <run_address>0xa83c</run_address>
         <size>0x244</size>
         <input_file_ref idref="fl-ce"/>
      </object_component>
      <object_component id="oc-26d">
         <name>.debug_info</name>
         <load_address>0xaa80</load_address>
         <run_address>0xaa80</run_address>
         <size>0xe5</size>
         <input_file_ref idref="fl-cf"/>
      </object_component>
      <object_component id="oc-208">
         <name>.debug_info</name>
         <load_address>0xab65</load_address>
         <run_address>0xab65</run_address>
         <size>0x258</size>
         <input_file_ref idref="fl-cf"/>
      </object_component>
      <object_component id="oc-220">
         <name>.debug_info</name>
         <load_address>0xadbd</load_address>
         <run_address>0xadbd</run_address>
         <size>0xea</size>
         <input_file_ref idref="fl-d0"/>
      </object_component>
      <object_component id="oc-180">
         <name>.debug_info</name>
         <load_address>0xaea7</load_address>
         <run_address>0xaea7</run_address>
         <size>0x22a</size>
         <input_file_ref idref="fl-d0"/>
      </object_component>
      <object_component id="oc-26f">
         <name>.debug_info</name>
         <load_address>0xb0d1</load_address>
         <run_address>0xb0d1</run_address>
         <size>0xf6</size>
         <input_file_ref idref="fl-d1"/>
      </object_component>
      <object_component id="oc-20d">
         <name>.debug_info</name>
         <load_address>0xb1c7</load_address>
         <run_address>0xb1c7</run_address>
         <size>0x259</size>
         <input_file_ref idref="fl-d1"/>
      </object_component>
      <object_component id="oc-2ba">
         <name>.debug_info</name>
         <load_address>0xb420</load_address>
         <run_address>0xb420</run_address>
         <size>0x24f</size>
         <input_file_ref idref="fl-d2"/>
      </object_component>
      <object_component id="oc-2b7">
         <name>.debug_info</name>
         <load_address>0xb66f</load_address>
         <run_address>0xb66f</run_address>
         <size>0xf8</size>
         <input_file_ref idref="fl-d2"/>
      </object_component>
      <object_component id="oc-271">
         <name>.debug_info</name>
         <load_address>0xb767</load_address>
         <run_address>0xb767</run_address>
         <size>0xab9</size>
         <input_file_ref idref="fl-d2"/>
      </object_component>
      <object_component id="oc-2bb">
         <name>.debug_info</name>
         <load_address>0xc220</load_address>
         <run_address>0xc220</run_address>
         <size>0x53</size>
         <input_file_ref idref="fl-d2"/>
      </object_component>
      <object_component id="oc-2cd">
         <name>.debug_info</name>
         <load_address>0xc273</load_address>
         <run_address>0xc273</run_address>
         <size>0x116</size>
         <input_file_ref idref="fl-d3"/>
      </object_component>
      <object_component id="oc-2ca">
         <name>.debug_info</name>
         <load_address>0xc389</load_address>
         <run_address>0xc389</run_address>
         <size>0xfd</size>
         <input_file_ref idref="fl-d3"/>
      </object_component>
      <object_component id="oc-2ad">
         <name>.debug_info</name>
         <load_address>0xc486</load_address>
         <run_address>0xc486</run_address>
         <size>0x281</size>
         <input_file_ref idref="fl-d3"/>
      </object_component>
      <object_component id="oc-200">
         <name>.debug_info</name>
         <load_address>0xc707</load_address>
         <run_address>0xc707</run_address>
         <size>0x151</size>
         <input_file_ref idref="fl-d4"/>
      </object_component>
      <object_component id="oc-16f">
         <name>.debug_info</name>
         <load_address>0xc858</load_address>
         <run_address>0xc858</run_address>
         <size>0x230</size>
         <input_file_ref idref="fl-d4"/>
      </object_component>
      <object_component id="oc-261">
         <name>.debug_info</name>
         <load_address>0xca88</load_address>
         <run_address>0xca88</run_address>
         <size>0xbb</size>
         <input_file_ref idref="fl-d4"/>
      </object_component>
      <object_component id="oc-11a">
         <name>.debug_info</name>
         <load_address>0xcb43</load_address>
         <run_address>0xcb43</run_address>
         <size>0x124</size>
         <input_file_ref idref="fl-d5"/>
      </object_component>
      <object_component id="oc-b7">
         <name>.debug_info</name>
         <load_address>0xcc67</load_address>
         <run_address>0xcc67</run_address>
         <size>0x113</size>
         <input_file_ref idref="fl-d5"/>
      </object_component>
      <object_component id="oc-114">
         <name>.debug_info</name>
         <load_address>0xcd7a</load_address>
         <run_address>0xcd7a</run_address>
         <size>0x21f</size>
         <input_file_ref idref="fl-d5"/>
      </object_component>
      <object_component id="oc-1da">
         <name>.debug_info</name>
         <load_address>0xcf99</load_address>
         <run_address>0xcf99</run_address>
         <size>0x385</size>
         <input_file_ref idref="fl-d6"/>
      </object_component>
      <object_component id="oc-12f">
         <name>.debug_info</name>
         <load_address>0xd31e</load_address>
         <run_address>0xd31e</run_address>
         <size>0x1543</size>
         <input_file_ref idref="fl-d6"/>
      </object_component>
      <object_component id="oc-1db">
         <name>.debug_info</name>
         <load_address>0xe861</load_address>
         <run_address>0xe861</run_address>
         <size>0x86</size>
         <input_file_ref idref="fl-d6"/>
      </object_component>
      <object_component id="oc-24c">
         <name>.debug_info</name>
         <load_address>0xe8e7</load_address>
         <run_address>0xe8e7</run_address>
         <size>0x46</size>
         <input_file_ref idref="fl-d6"/>
      </object_component>
      <object_component id="oc-1e0">
         <name>.debug_info</name>
         <load_address>0xe92d</load_address>
         <run_address>0xe92d</run_address>
         <size>0x39</size>
         <input_file_ref idref="fl-d6"/>
      </object_component>
      <object_component id="oc-b2">
         <name>.debug_info</name>
         <load_address>0xe966</load_address>
         <run_address>0xe966</run_address>
         <size>0x166</size>
         <input_file_ref idref="fl-d7"/>
      </object_component>
      <object_component id="oc-6b">
         <name>.debug_info</name>
         <load_address>0xeacc</load_address>
         <run_address>0xeacc</run_address>
         <size>0x167</size>
         <input_file_ref idref="fl-d7"/>
      </object_component>
      <object_component id="oc-10b">
         <name>.debug_info</name>
         <load_address>0xec33</load_address>
         <run_address>0xec33</run_address>
         <size>0x5e</size>
         <input_file_ref idref="fl-d7"/>
      </object_component>
      <object_component id="oc-247">
         <name>.debug_info</name>
         <load_address>0xec91</load_address>
         <run_address>0xec91</run_address>
         <size>0x114</size>
         <input_file_ref idref="fl-d8"/>
      </object_component>
      <object_component id="oc-1ce">
         <name>.debug_info</name>
         <load_address>0xeda5</load_address>
         <run_address>0xeda5</run_address>
         <size>0x171</size>
         <input_file_ref idref="fl-d8"/>
      </object_component>
      <object_component id="oc-b0">
         <name>.debug_info</name>
         <load_address>0xef16</load_address>
         <run_address>0xef16</run_address>
         <size>0x2e9</size>
         <input_file_ref idref="fl-d9"/>
      </object_component>
      <object_component id="oc-66">
         <name>.debug_info</name>
         <load_address>0xf1ff</load_address>
         <run_address>0xf1ff</run_address>
         <size>0x190</size>
         <input_file_ref idref="fl-d9"/>
      </object_component>
      <object_component id="oc-ff">
         <name>.debug_info</name>
         <load_address>0xf38f</load_address>
         <run_address>0xf38f</run_address>
         <size>0x39</size>
         <input_file_ref idref="fl-d9"/>
      </object_component>
      <object_component id="oc-161">
         <name>.debug_info</name>
         <load_address>0xf3c8</load_address>
         <run_address>0xf3c8</run_address>
         <size>0x39</size>
         <input_file_ref idref="fl-d9"/>
      </object_component>
      <object_component id="oc-104">
         <name>.debug_info</name>
         <load_address>0xf401</load_address>
         <run_address>0xf401</run_address>
         <size>0xcd</size>
         <input_file_ref idref="fl-d9"/>
      </object_component>
      <object_component id="oc-fb">
         <name>.debug_info</name>
         <load_address>0xf4ce</load_address>
         <run_address>0xf4ce</run_address>
         <size>0x1e0</size>
         <input_file_ref idref="fl-da"/>
      </object_component>
      <object_component id="oc-a5">
         <name>.debug_info</name>
         <load_address>0xf6ae</load_address>
         <run_address>0xf6ae</run_address>
         <size>0x183</size>
         <input_file_ref idref="fl-da"/>
      </object_component>
      <object_component id="oc-15c">
         <name>.debug_info</name>
         <load_address>0xf831</load_address>
         <run_address>0xf831</run_address>
         <size>0x2c</size>
         <input_file_ref idref="fl-da"/>
      </object_component>
      <object_component id="oc-290">
         <name>.debug_info</name>
         <load_address>0xf85d</load_address>
         <run_address>0xf85d</run_address>
         <size>0xee</size>
         <input_file_ref idref="fl-db"/>
      </object_component>
      <object_component id="oc-244">
         <name>.debug_info</name>
         <load_address>0xf94b</load_address>
         <run_address>0xf94b</run_address>
         <size>0xfa</size>
         <input_file_ref idref="fl-db"/>
      </object_component>
      <object_component id="oc-1b9">
         <name>.debug_info</name>
         <load_address>0xfa45</load_address>
         <run_address>0xfa45</run_address>
         <size>0x144</size>
         <input_file_ref idref="fl-dc"/>
      </object_component>
      <object_component id="oc-193">
         <name>.debug_info</name>
         <load_address>0xfb89</load_address>
         <run_address>0xfb89</run_address>
         <size>0x120</size>
         <input_file_ref idref="fl-dd"/>
      </object_component>
      <object_component id="oc-1a2">
         <name>.debug_info</name>
         <load_address>0xfca9</load_address>
         <run_address>0xfca9</run_address>
         <size>0x122</size>
         <input_file_ref idref="fl-dd"/>
      </object_component>
      <object_component id="oc-19e">
         <name>.debug_info</name>
         <load_address>0xfdcb</load_address>
         <run_address>0xfdcb</run_address>
         <size>0x132</size>
         <input_file_ref idref="fl-de"/>
      </object_component>
      <object_component id="oc-199">
         <name>.debug_info</name>
         <load_address>0xfefd</load_address>
         <run_address>0xfefd</run_address>
         <size>0x132</size>
         <input_file_ref idref="fl-df"/>
      </object_component>
      <object_component id="oc-1a8">
         <name>.debug_info</name>
         <load_address>0x1002f</load_address>
         <run_address>0x1002f</run_address>
         <size>0x126</size>
         <input_file_ref idref="fl-e0"/>
      </object_component>
      <object_component id="oc-205">
         <name>.debug_info</name>
         <load_address>0x10155</load_address>
         <run_address>0x10155</run_address>
         <size>0x1a2</size>
         <input_file_ref idref="fl-e1"/>
      </object_component>
      <object_component id="oc-174">
         <name>.debug_info</name>
         <load_address>0x102f7</load_address>
         <run_address>0x102f7</run_address>
         <size>0x25a</size>
         <input_file_ref idref="fl-e1"/>
      </object_component>
      <object_component id="oc-252">
         <name>.debug_info</name>
         <load_address>0x10551</load_address>
         <run_address>0x10551</run_address>
         <size>0x17f</size>
         <input_file_ref idref="fl-e2"/>
      </object_component>
      <object_component id="oc-1f7">
         <name>.debug_info</name>
         <load_address>0x106d0</load_address>
         <run_address>0x106d0</run_address>
         <size>0x1e1</size>
         <input_file_ref idref="fl-e2"/>
      </object_component>
      <object_component id="oc-1b3">
         <name>.debug_info</name>
         <load_address>0x108b1</load_address>
         <run_address>0x108b1</run_address>
         <size>0x124</size>
         <input_file_ref idref="fl-e3"/>
      </object_component>
      <object_component id="oc-22c">
         <name>.debug_info</name>
         <load_address>0x109d5</load_address>
         <run_address>0x109d5</run_address>
         <size>0x14c</size>
         <input_file_ref idref="fl-e4"/>
      </object_component>
      <object_component id="oc-1ae">
         <name>.debug_info</name>
         <load_address>0x10b21</load_address>
         <run_address>0x10b21</run_address>
         <size>0x1c2</size>
         <input_file_ref idref="fl-e4"/>
      </object_component>
      <object_component id="oc-249">
         <name>.debug_info</name>
         <load_address>0x10ce3</load_address>
         <run_address>0x10ce3</run_address>
         <size>0xf1</size>
         <input_file_ref idref="fl-e5"/>
      </object_component>
      <object_component id="oc-1d5">
         <name>.debug_info</name>
         <load_address>0x10dd4</load_address>
         <run_address>0x10dd4</run_address>
         <size>0x1ab</size>
         <input_file_ref idref="fl-e5"/>
      </object_component>
      <object_component id="oc-230">
         <name>.debug_info</name>
         <load_address>0x10f7f</load_address>
         <run_address>0x10f7f</run_address>
         <size>0x13f</size>
         <input_file_ref idref="fl-e6"/>
      </object_component>
      <object_component id="oc-1bc">
         <name>.debug_info</name>
         <load_address>0x110be</load_address>
         <run_address>0x110be</run_address>
         <size>0x18a</size>
         <input_file_ref idref="fl-e6"/>
      </object_component>
      <object_component id="oc-231">
         <name>.debug_info</name>
         <load_address>0x11248</load_address>
         <run_address>0x11248</run_address>
         <size>0x2c</size>
         <input_file_ref idref="fl-e6"/>
      </object_component>
      <object_component id="oc-240">
         <name>.debug_info</name>
         <load_address>0x11274</load_address>
         <run_address>0x11274</run_address>
         <size>0x17c</size>
         <input_file_ref idref="fl-e7"/>
      </object_component>
      <object_component id="oc-1c4">
         <name>.debug_info</name>
         <load_address>0x113f0</load_address>
         <run_address>0x113f0</run_address>
         <size>0x1d5</size>
         <input_file_ref idref="fl-e7"/>
      </object_component>
      <object_component id="oc-260">
         <name>.debug_info</name>
         <load_address>0x115c5</load_address>
         <run_address>0x115c5</run_address>
         <size>0x1c0</size>
         <input_file_ref idref="fl-e8"/>
      </object_component>
      <object_component id="oc-1fa">
         <name>.debug_info</name>
         <load_address>0x11785</load_address>
         <run_address>0x11785</run_address>
         <size>0x200</size>
         <input_file_ref idref="fl-e8"/>
      </object_component>
      <object_component id="oc-ac">
         <name>.debug_info</name>
         <load_address>0x11985</load_address>
         <run_address>0x11985</run_address>
         <size>0x145</size>
         <input_file_ref idref="fl-e9"/>
      </object_component>
      <object_component id="oc-2cf">
         <name>.debug_info</name>
         <load_address>0x11aca</load_address>
         <run_address>0x11aca</run_address>
         <size>0xf0</size>
         <input_file_ref idref="fl-ea"/>
      </object_component>
      <object_component id="oc-2b3">
         <name>.debug_info</name>
         <load_address>0x11bba</load_address>
         <run_address>0x11bba</run_address>
         <size>0x231</size>
         <input_file_ref idref="fl-ea"/>
      </object_component>
      <object_component id="oc-18e">
         <name>.debug_info</name>
         <load_address>0x11deb</load_address>
         <run_address>0x11deb</run_address>
         <size>0x17d</size>
         <input_file_ref idref="fl-eb"/>
      </object_component>
      <object_component id="oc-23d">
         <name>.debug_info</name>
         <load_address>0x11f68</load_address>
         <run_address>0x11f68</run_address>
         <size>0xf3</size>
         <input_file_ref idref="fl-ec"/>
      </object_component>
      <object_component id="oc-2a3">
         <name>.debug_info</name>
         <load_address>0x1205b</load_address>
         <run_address>0x1205b</run_address>
         <size>0x23c</size>
         <input_file_ref idref="fl-ed"/>
      </object_component>
      <object_component id="oc-25c">
         <name>.debug_info</name>
         <load_address>0x12297</load_address>
         <run_address>0x12297</run_address>
         <size>0x455</size>
         <input_file_ref idref="fl-ed"/>
      </object_component>
      <object_component id="oc-ee">
         <name>.debug_info</name>
         <load_address>0x126ec</load_address>
         <run_address>0x126ec</run_address>
         <size>0x2c</size>
         <input_file_ref idref="fl-ed"/>
      </object_component>
      <object_component id="oc-89">
         <name>.debug_info</name>
         <load_address>0x12718</load_address>
         <run_address>0x12718</run_address>
         <size>0x222</size>
         <input_file_ref idref="fl-ee"/>
      </object_component>
      <object_component id="oc-31">
         <name>.debug_info</name>
         <load_address>0x1293a</load_address>
         <run_address>0x1293a</run_address>
         <size>0x101</size>
         <input_file_ref idref="fl-ee"/>
      </object_component>
      <object_component id="oc-298">
         <name>.debug_info</name>
         <load_address>0x12a3b</load_address>
         <run_address>0x12a3b</run_address>
         <size>0x14c</size>
         <input_file_ref idref="fl-ee"/>
      </object_component>
      <object_component id="oc-254">
         <name>.debug_info</name>
         <load_address>0x12b87</load_address>
         <run_address>0x12b87</run_address>
         <size>0x885</size>
         <input_file_ref idref="fl-ee"/>
      </object_component>
      <object_component id="oc-f3">
         <name>.debug_info</name>
         <load_address>0x1340c</load_address>
         <run_address>0x1340c</run_address>
         <size>0x62</size>
         <input_file_ref idref="fl-ee"/>
      </object_component>
      <object_component id="oc-237">
         <name>.debug_info</name>
         <load_address>0x1346e</load_address>
         <run_address>0x1346e</run_address>
         <size>0x156</size>
         <input_file_ref idref="fl-ef"/>
      </object_component>
      <object_component id="oc-2c6">
         <name>.debug_info</name>
         <load_address>0x135c4</load_address>
         <run_address>0x135c4</run_address>
         <size>0x200</size>
         <input_file_ref idref="fl-f0"/>
      </object_component>
      <object_component id="oc-29c">
         <name>.debug_info</name>
         <load_address>0x137c4</load_address>
         <run_address>0x137c4</run_address>
         <size>0x298</size>
         <input_file_ref idref="fl-f0"/>
      </object_component>
      <object_component id="oc-307">
         <name>.debug_info</name>
         <load_address>0x13a5c</load_address>
         <run_address>0x13a5c</run_address>
         <size>0xb7</size>
      </object_component>
      <object_component id="oc-144">
         <name>.debug_line</name>
         <load_address>0x0</load_address>
         <run_address>0x0</run_address>
         <size>0xb6</size>
         <input_file_ref idref="fl-2"/>
      </object_component>
      <object_component id="oc-13c">
         <name>.debug_line</name>
         <load_address>0xb6</load_address>
         <run_address>0xb6</run_address>
         <size>0x3b</size>
         <input_file_ref idref="fl-2"/>
      </object_component>
      <object_component id="oc-155">
         <name>.debug_line</name>
         <load_address>0xf1</load_address>
         <run_address>0xf1</run_address>
         <size>0x2d</size>
         <input_file_ref idref="fl-2"/>
      </object_component>
      <object_component id="oc-159">
         <name>.debug_line</name>
         <load_address>0x11e</load_address>
         <run_address>0x11e</run_address>
         <size>0x2d</size>
         <input_file_ref idref="fl-2"/>
      </object_component>
      <object_component id="oc-157">
         <name>.debug_line</name>
         <load_address>0x14b</load_address>
         <run_address>0x14b</run_address>
         <size>0x2d</size>
         <input_file_ref idref="fl-2"/>
      </object_component>
      <object_component id="oc-142">
         <name>.debug_line</name>
         <load_address>0x178</load_address>
         <run_address>0x178</run_address>
         <size>0x2f</size>
         <input_file_ref idref="fl-2"/>
      </object_component>
      <object_component id="oc-7f">
         <name>.debug_line</name>
         <load_address>0x1a7</load_address>
         <run_address>0x1a7</run_address>
         <size>0x460</size>
         <input_file_ref idref="fl-2"/>
      </object_component>
      <object_component id="oc-148">
         <name>.debug_line</name>
         <load_address>0x607</load_address>
         <run_address>0x607</run_address>
         <size>0x64</size>
         <input_file_ref idref="fl-2"/>
      </object_component>
      <object_component id="oc-14d">
         <name>.debug_line</name>
         <load_address>0x66b</load_address>
         <run_address>0x66b</run_address>
         <size>0x52</size>
         <input_file_ref idref="fl-2"/>
      </object_component>
      <object_component id="oc-152">
         <name>.debug_line</name>
         <load_address>0x6bd</load_address>
         <run_address>0x6bd</run_address>
         <size>0x55</size>
         <input_file_ref idref="fl-2"/>
      </object_component>
      <object_component id="oc-3c">
         <name>.debug_line</name>
         <load_address>0x712</load_address>
         <run_address>0x712</run_address>
         <size>0x20</size>
         <input_file_ref idref="fl-2"/>
      </object_component>
      <object_component id="oc-e8">
         <name>.debug_line</name>
         <load_address>0x732</load_address>
         <run_address>0x732</run_address>
         <size>0x65</size>
         <input_file_ref idref="fl-2"/>
      </object_component>
      <object_component id="oc-139">
         <name>.debug_line</name>
         <load_address>0x797</load_address>
         <run_address>0x797</run_address>
         <size>0x65</size>
         <input_file_ref idref="fl-2"/>
      </object_component>
      <object_component id="oc-eb">
         <name>.debug_line</name>
         <load_address>0x7fc</load_address>
         <run_address>0x7fc</run_address>
         <size>0x40</size>
         <input_file_ref idref="fl-3"/>
      </object_component>
      <object_component id="oc-85">
         <name>.debug_line</name>
         <load_address>0x83c</load_address>
         <run_address>0x83c</run_address>
         <size>0x40</size>
         <input_file_ref idref="fl-3"/>
      </object_component>
      <object_component id="oc-7a">
         <name>.debug_line</name>
         <load_address>0x87c</load_address>
         <run_address>0x87c</run_address>
         <size>0x71</size>
         <input_file_ref idref="fl-3"/>
      </object_component>
      <object_component id="oc-16a">
         <name>.debug_line</name>
         <load_address>0x8ed</load_address>
         <run_address>0x8ed</run_address>
         <size>0x3b</size>
         <input_file_ref idref="fl-4"/>
      </object_component>
      <object_component id="oc-c2">
         <name>.debug_line</name>
         <load_address>0x928</load_address>
         <run_address>0x928</run_address>
         <size>0x146</size>
         <input_file_ref idref="fl-4"/>
      </object_component>
      <object_component id="oc-2a">
         <name>.debug_line</name>
         <load_address>0xa6e</load_address>
         <run_address>0xa6e</run_address>
         <size>0x53</size>
         <input_file_ref idref="fl-be"/>
      </object_component>
      <object_component id="oc-f9">
         <name>.debug_line</name>
         <load_address>0xac1</load_address>
         <run_address>0xac1</run_address>
         <size>0x20</size>
         <input_file_ref idref="fl-bf"/>
      </object_component>
      <object_component id="oc-18">
         <name>.debug_line</name>
         <load_address>0xae1</load_address>
         <run_address>0xae1</run_address>
         <size>0xa9</size>
         <input_file_ref idref="fl-bf"/>
      </object_component>
      <object_component id="oc-37">
         <name>.debug_line</name>
         <load_address>0xb8a</load_address>
         <run_address>0xb8a</run_address>
         <size>0x3a</size>
         <input_file_ref idref="fl-bf"/>
      </object_component>
      <object_component id="oc-8e">
         <name>.debug_line</name>
         <load_address>0xbc4</load_address>
         <run_address>0xbc4</run_address>
         <size>0x8a</size>
         <input_file_ref idref="fl-bf"/>
      </object_component>
      <object_component id="oc-98">
         <name>.debug_line</name>
         <load_address>0xc4e</load_address>
         <run_address>0xc4e</run_address>
         <size>0x8a</size>
         <input_file_ref idref="fl-c0"/>
      </object_component>
      <object_component id="oc-1f">
         <name>.debug_line</name>
         <load_address>0xcd8</load_address>
         <run_address>0xcd8</run_address>
         <size>0x55</size>
         <input_file_ref idref="fl-c0"/>
      </object_component>
      <object_component id="oc-47">
         <name>.debug_line</name>
         <load_address>0xd2d</load_address>
         <run_address>0xd2d</run_address>
         <size>0x3a</size>
         <input_file_ref idref="fl-c0"/>
      </object_component>
      <object_component id="oc-95">
         <name>.debug_line</name>
         <load_address>0xd67</load_address>
         <run_address>0xd67</run_address>
         <size>0x8a</size>
         <input_file_ref idref="fl-c0"/>
      </object_component>
      <object_component id="oc-a0">
         <name>.debug_line</name>
         <load_address>0xdf1</load_address>
         <run_address>0xdf1</run_address>
         <size>0x8a</size>
         <input_file_ref idref="fl-c1"/>
      </object_component>
      <object_component id="oc-21">
         <name>.debug_line</name>
         <load_address>0xe7b</load_address>
         <run_address>0xe7b</run_address>
         <size>0x4f</size>
         <input_file_ref idref="fl-c1"/>
      </object_component>
      <object_component id="oc-53">
         <name>.debug_line</name>
         <load_address>0xeca</load_address>
         <run_address>0xeca</run_address>
         <size>0x34</size>
         <input_file_ref idref="fl-c1"/>
      </object_component>
      <object_component id="oc-9d">
         <name>.debug_line</name>
         <load_address>0xefe</load_address>
         <run_address>0xefe</run_address>
         <size>0x8a</size>
         <input_file_ref idref="fl-c1"/>
      </object_component>
      <object_component id="oc-1f2">
         <name>.debug_line</name>
         <load_address>0xf88</load_address>
         <run_address>0xf88</run_address>
         <size>0x2a</size>
         <input_file_ref idref="fl-c2"/>
      </object_component>
      <object_component id="oc-13e">
         <name>.debug_line</name>
         <load_address>0xfb2</load_address>
         <run_address>0xfb2</run_address>
         <size>0x2a</size>
         <input_file_ref idref="fl-c2"/>
      </object_component>
      <object_component id="oc-269">
         <name>.debug_line</name>
         <load_address>0xfdc</load_address>
         <run_address>0xfdc</run_address>
         <size>0x2a</size>
         <input_file_ref idref="fl-c2"/>
      </object_component>
      <object_component id="oc-1ef">
         <name>.debug_line</name>
         <load_address>0x1006</load_address>
         <run_address>0x1006</run_address>
         <size>0x89</size>
         <input_file_ref idref="fl-c2"/>
      </object_component>
      <object_component id="oc-11d">
         <name>.debug_line</name>
         <load_address>0x108f</load_address>
         <run_address>0x108f</run_address>
         <size>0xf2</size>
         <input_file_ref idref="fl-c3"/>
      </object_component>
      <object_component id="oc-111">
         <name>.debug_line</name>
         <load_address>0x1181</load_address>
         <run_address>0x1181</run_address>
         <size>0x2a</size>
         <input_file_ref idref="fl-c3"/>
      </object_component>
      <object_component id="oc-70">
         <name>.debug_line</name>
         <load_address>0x11ab</load_address>
         <run_address>0x11ab</run_address>
         <size>0x86</size>
         <input_file_ref idref="fl-c3"/>
      </object_component>
      <object_component id="oc-1eb">
         <name>.debug_line</name>
         <load_address>0x1231</load_address>
         <run_address>0x1231</run_address>
         <size>0xff</size>
         <input_file_ref idref="fl-c4"/>
      </object_component>
      <object_component id="oc-ca">
         <name>.debug_line</name>
         <load_address>0x1330</load_address>
         <run_address>0x1330</run_address>
         <size>0x8f</size>
         <input_file_ref idref="fl-c4"/>
      </object_component>
      <object_component id="oc-21e">
         <name>.debug_line</name>
         <load_address>0x13bf</load_address>
         <run_address>0x13bf</run_address>
         <size>0x107</size>
         <input_file_ref idref="fl-c5"/>
      </object_component>
      <object_component id="oc-126">
         <name>.debug_line</name>
         <load_address>0x14c6</load_address>
         <run_address>0x14c6</run_address>
         <size>0x93</size>
         <input_file_ref idref="fl-c5"/>
      </object_component>
      <object_component id="oc-224">
         <name>.debug_line</name>
         <load_address>0x1559</load_address>
         <run_address>0x1559</run_address>
         <size>0x171</size>
         <input_file_ref idref="fl-c6"/>
      </object_component>
      <object_component id="oc-129">
[...]
         <object_component_ref idref="oc-177"/>
      </symbol>
      <symbol id="sm-2da">
         <name>write</name>
         <value>0x25a9</value>
         <object_component_ref idref="oc-177"/>
      </symbol>
      <symbol id="sm-2db">
         <name>close</name>
         <value>0x27b9</value>
         <object_component_ref idref="oc-177"/>
      </symbol>
      <symbol id="sm-2dc">
         <name>unlink</name>
         <value>0x2639</value>
         <object_component_ref idref="oc-177"/>
      </symbol>
      <symbol id="sm-2ec">
         <name>memchr</name>
         <value>0x3cdd</value>
         <object_component_ref idref="oc-185"/>
      </symbol>
      <symbol id="sm-307">
         <name>memcpy</name>
         <value>0x34d5</value>
         <object_component_ref idref="oc-3e"/>
      </symbol>
      <symbol id="sm-308">
         <name>__aeabi_memcpy</name>
         <value>0x34d5</value>
         <object_component_ref idref="oc-3e"/>
      </symbol>
      <symbol id="sm-309">
         <name>__aeabi_memcpy8</name>
         <value>0x34d5</value>
         <object_component_ref idref="oc-3e"/>
      </symbol>
      <symbol id="sm-30a">
         <name>__aeabi_memcpy4</name>
         <value>0x34d5</value>
         <object_component_ref idref="oc-3e"/>
      </symbol>
      <symbol id="sm-319">
         <name>__aeabi_memset</name>
         <value>0x37af</value>
         <object_component_ref idref="oc-4a"/>
      </symbol>
      <symbol id="sm-31a">
         <name>memset</name>
         <value>0x37b5</value>
         <object_component_ref idref="oc-4a"/>
      </symbol>
      <symbol id="sm-31b">
         <name>__aeabi_memset8</name>
         <value>0x37af</value>
         <object_component_ref idref="oc-4a"/>
      </symbol>
      <symbol id="sm-31c">
         <name>__aeabi_memset4</name>
         <value>0x37af</value>
         <object_component_ref idref="oc-4a"/>
      </symbol>
      <symbol id="sm-31d">
         <name>__aeabi_memclr8</name>
         <value>0x37ad</value>
         <object_component_ref idref="oc-4a"/>
      </symbol>
      <symbol id="sm-31e">
         <name>__aeabi_memclr4</name>
         <value>0x37ad</value>
         <object_component_ref idref="oc-4a"/>
      </symbol>
      <symbol id="sm-31f">
         <name>__aeabi_memclr</name>
         <value>0x37ad</value>
         <object_component_ref idref="oc-4a"/>
      </symbol>
      <symbol id="sm-329">
         <name>__mpu_init</name>
         <value>0x1223</value>
         <object_component_ref idref="oc-56"/>
      </symbol>
      <symbol id="sm-333">
         <name>_system_pre_init</name>
         <value>0x3dd9</value>
         <object_component_ref idref="oc-5c"/>
      </symbol>
      <symbol id="sm-33b">
         <name>main_func_sp</name>
         <value>0x2000063c</value>
         <object_component_ref idref="oc-74"/>
      </symbol>
      <symbol id="sm-34b">
         <name>strchr</name>
         <value>0x3d49</value>
         <object_component_ref idref="oc-1c7"/>
      </symbol>
      <symbol id="sm-35a">
         <name>strcmp</name>
         <value>0x3d31</value>
         <object_component_ref idref="oc-206"/>
      </symbol>
      <symbol id="sm-368">
         <name>strlen</name>
         <value>0x3d9d</value>
         <object_component_ref idref="oc-17f"/>
      </symbol>
      <symbol id="sm-378">
         <name>strncpy</name>
         <value>0x3c79</value>
         <object_component_ref idref="oc-20c"/>
      </symbol>
      <symbol id="sm-39f">
         <name>HOSTgetenv</name>
         <value>0x24e9</value>
         <object_component_ref idref="oc-270"/>
      </symbol>
      <symbol id="sm-3a0">
         <name>HOSTrename</name>
         <value>0x2391</value>
         <object_component_ref idref="oc-270"/>
      </symbol>
      <symbol id="sm-3a1">
         <name>HOSTclose</name>
         <value>0x2527</value>
         <object_component_ref idref="oc-270"/>
      </symbol>
      <symbol id="sm-3a2">
         <name>HOSTtime64</name>
         <value>0x2309</value>
         <object_component_ref idref="oc-270"/>
      </symbol>
      <symbol id="sm-3a3">
         <name>HOSTunlink</name>
         <value>0x22d1</value>
         <object_component_ref idref="oc-270"/>
      </symbol>
      <symbol id="sm-3a4">
         <name>HOSTlseek</name>
         <value>0x248d</value>
         <object_component_ref idref="oc-270"/>
      </symbol>
      <symbol id="sm-3a5">
         <name>HOSTopen</name>
         <value>0x243b</value>
         <object_component_ref idref="oc-270"/>
      </symbol>
      <symbol id="sm-3a6">
         <name>HOSTclock</name>
         <value>0x255f</value>
         <object_component_ref idref="oc-270"/>
      </symbol>
      <symbol id="sm-3a7">
         <name>HOSTwrite</name>
         <value>0x2285</value>
         <object_component_ref idref="oc-270"/>
      </symbol>
      <symbol id="sm-3a8">
         <name>HOSTread</name>
         <value>0x23ef</value>
         <object_component_ref idref="oc-270"/>
      </symbol>
      <symbol id="sm-3a9">
         <name>HOSTtime</name>
         <value>0x2357</value>
         <object_component_ref idref="oc-270"/>
      </symbol>
      <symbol id="sm-3c4">
         <name>__TI_readmsg</name>
         <value>0x399f</value>
         <object_component_ref idref="oc-2aa"/>
      </symbol>
      <symbol id="sm-3c5">
         <name>C$$IO$$</name>
         <value>0x399b</value>
         <object_component_ref idref="oc-2aa"/>
      </symbol>
      <symbol id="sm-3c6">
         <name>__CIOBUF_</name>
         <value>0x20000644</value>
         <object_component_ref idref="oc-2c9"/>
      </symbol>
      <symbol id="sm-3c7">
         <name>__TI_writemsg</name>
         <value>0x396d</value>
         <object_component_ref idref="oc-2aa"/>
      </symbol>
      <symbol id="sm-3e5">
         <name>__TI_wrt_ok</name>
         <value>0x3429</value>
         <object_component_ref idref="oc-16b"/>
      </symbol>
      <symbol id="sm-3e6">
         <name>__TI_rd_ok</name>
         <value>0x348b</value>
         <object_component_ref idref="oc-16b"/>
      </symbol>
      <symbol id="sm-3ff">
         <name>_nop</name>
         <value>0x3d6f</value>
         <object_component_ref idref="oc-112"/>
      </symbol>
      <symbol id="sm-400">
         <name>_lock</name>
         <value>0x2000062c</value>
         <object_component_ref idref="oc-b6"/>
      </symbol>
      <symbol id="sm-401">
         <name>_unlock</name>
         <value>0x20000630</value>
         <object_component_ref idref="oc-b6"/>
      </symbol>
      <symbol id="sm-402">
         <name>_register_lock</name>
         <value>0x3d67</value>
         <object_component_ref idref="oc-112"/>
      </symbol>
      <symbol id="sm-403">
         <name>_register_unlock</name>
         <value>0x3d61</value>
         <object_component_ref idref="oc-112"/>
      </symbol>
      <symbol id="sm-504">
         <name>__TI_printfi</name>
         <value>0x929</value>
         <object_component_ref idref="oc-12e"/>
      </symbol>
      <symbol id="sm-518">
         <name>_args_main</name>
         <value>0x3d19</value>
         <object_component_ref idref="oc-68"/>
      </symbol>
      <symbol id="sm-52e">
         <name>atoi</name>
         <value>0x3b99</value>
         <object_component_ref idref="oc-1cd"/>
      </symbol>
      <symbol id="sm-558">
         <name>__TI_auto_init</name>
         <value>0x3829</value>
         <object_component_ref idref="oc-62"/>
      </symbol>
      <symbol id="sm-572">
         <name>copy_in</name>
         <value>0x3be5</value>
         <object_component_ref idref="oc-a3"/>
      </symbol>
      <symbol id="sm-57d">
         <name>_ctypes_</name>
         <value>0x3ddc</value>
         <object_component_ref idref="oc-243"/>
      </symbol>
      <symbol id="sm-594">
         <name>__aeabi_dsub</name>
         <value>0x2c6d</value>
         <object_component_ref idref="oc-1b6"/>
      </symbol>
      <symbol id="sm-595">
         <name>__aeabi_dadd</name>
         <value>0x2c77</value>
         <object_component_ref idref="oc-1b6"/>
      </symbol>
      <symbol id="sm-5b7">
         <name>__aeabi_cdcmpeq</name>
         <value>0x36a1</value>
         <object_component_ref idref="oc-192"/>
      </symbol>
      <symbol id="sm-5b8">
         <name>__aeabi_cdcmple</name>
         <value>0x36a1</value>
         <object_component_ref idref="oc-192"/>
      </symbol>
      <symbol id="sm-5b9">
         <name>__aeabi_cdrcmple</name>
         <value>0x3727</value>
         <object_component_ref idref="oc-1a1"/>
      </symbol>
      <symbol id="sm-5cd">
         <name>__aeabi_ddiv</name>
         <value>0x2e23</value>
         <object_component_ref idref="oc-19c"/>
      </symbol>
      <symbol id="sm-5d8">
         <name>__aeabi_dmul</name>
         <value>0x308d</value>
         <object_component_ref idref="oc-197"/>
      </symbol>
      <symbol id="sm-5e2">
         <name>__aeabi_d2iz</name>
         <value>0x3c31</value>
         <object_component_ref idref="oc-1a6"/>
      </symbol>
      <symbol id="sm-5fc">
         <name>__TI_doflush</name>
         <value>0x3361</value>
         <object_component_ref idref="oc-171"/>
      </symbol>
      <symbol id="sm-5fd">
         <name>fflush</name>
         <value>0x33ad</value>
         <object_component_ref idref="oc-171"/>
      </symbol>
      <symbol id="sm-60f">
         <name>fseek</name>
         <value>0x39d5</value>
         <object_component_ref idref="oc-1f3"/>
      </symbol>
      <symbol id="sm-619">
         <name>__aeabi_i2d</name>
         <value>0x3caf</value>
         <object_component_ref idref="oc-1b1"/>
      </symbol>
      <symbol id="sm-628">
         <name>ltoa</name>
         <value>0x3b45</value>
         <object_component_ref idref="oc-1ab"/>
      </symbol>
      <symbol id="sm-638">
         <name>memccpy</name>
         <value>0x3cfd</value>
         <object_component_ref idref="oc-1d3"/>
      </symbol>
      <symbol id="sm-653">
         <name>frexpl</name>
         <value>0x3a39</value>
         <object_component_ref idref="oc-1bb"/>
      </symbol>
      <symbol id="sm-654">
         <name>frexp</name>
         <value>0x3a39</value>
         <object_component_ref idref="oc-1bb"/>
      </symbol>
      <symbol id="sm-671">
         <name>scalbn</name>
         <value>0x3189</value>
         <object_component_ref idref="oc-1c1"/>
      </symbol>
      <symbol id="sm-672">
         <name>scalbnl</name>
         <value>0x3189</value>
         <object_component_ref idref="oc-1c1"/>
      </symbol>
      <symbol id="sm-673">
         <name>ldexpl</name>
         <value>0x3189</value>
         <object_component_ref idref="oc-1c1"/>
      </symbol>
      <symbol id="sm-674">
         <name>ldexp</name>
         <value>0x3189</value>
         <object_component_ref idref="oc-1c1"/>
      </symbol>
      <symbol id="sm-690">
         <name>setvbuf</name>
         <value>0x3285</value>
         <object_component_ref idref="oc-1f9"/>
      </symbol>
      <symbol id="sm-69a">
         <name>_system_post_cinit</name>
         <value>0x3827</value>
         <object_component_ref idref="oc-a9"/>
      </symbol>
      <symbol id="sm-6a8">
         <name>strcpy</name>
         <value>0x3d89</value>
         <object_component_ref idref="oc-2b0"/>
      </symbol>
      <symbol id="sm-6c4">
         <name>__aeabi_uldivmod</name>
         <value>0x28b5</value>
         <object_component_ref idref="oc-18d"/>
      </symbol>
      <symbol id="sm-6cc">
         <name>errno</name>
         <value>0x20000634</value>
         <object_component_ref idref="oc-23c"/>
      </symbol>
      <symbol id="sm-703">
         <name>__TI_cleanup</name>
         <value>0x2b71</value>
         <object_component_ref idref="oc-259"/>
      </symbol>
      <symbol id="sm-704">
         <name>freopen</name>
         <value>0x2b9d</value>
         <object_component_ref idref="oc-259"/>
      </symbol>
      <symbol id="sm-705">
         <name>fopen</name>
         <value>0x2bc7</value>
         <object_component_ref idref="oc-259"/>
      </symbol>
      <symbol id="sm-774">
         <name>_sys_memory</name>
         <value>0x20000000</value>
         <object_component_ref idref="oc-30"/>
      </symbol>
      <symbol id="sm-775">
         <name>free</name>
         <value>0x1c73</value>
         <object_component_ref idref="oc-253"/>
      </symbol>
      <symbol id="sm-776">
         <name>realloc</name>
         <value>0x1d35</value>
         <object_component_ref idref="oc-253"/>
      </symbol>
      <symbol id="sm-777">
         <name>memalign</name>
         <value>0x1e3d</value>
         <object_component_ref idref="oc-253"/>
      </symbol>
      <symbol id="sm-778">
         <name>calloc</name>
         <value>0x1f29</value>
         <object_component_ref idref="oc-253"/>
      </symbol>
      <symbol id="sm-779">
         <name>malloc</name>
         <value>0x1c09</value>
         <object_component_ref idref="oc-253"/>
      </symbol>
      <symbol id="sm-77a">
         <name>minit</name>
         <value>0x1b89</value>
         <object_component_ref idref="oc-253"/>
      </symbol>
      <symbol id="sm-784">
         <name>copysign</name>
         <value>0x3d75</value>
         <object_component_ref idref="oc-236"/>
      </symbol>
      <symbol id="sm-785">
         <name>copysignl</name>
         <value>0x3d75</value>
         <object_component_ref idref="oc-236"/>
      </symbol>
      <symbol id="sm-79b">
         <name>__TI_closefile</name>
         <value>0x3571</value>
         <object_component_ref idref="oc-29b"/>
      </symbol>
      <symbol id="sm-79c">
         <name>fclose</name>
         <value>0x35d7</value>
         <object_component_ref idref="oc-29b"/>
      </symbol>
      <symbol id="sm-79e">
         <name>__TI_static_base__</name>
         <value>0x0</value>
      </symbol>
      <symbol id="sm-7a1">
         <name>SHT$$INIT_ARRAY$$Limit</name>
         <value>0x0</value>
      </symbol>
      <symbol id="sm-7a2">
         <name>SHT$$INIT_ARRAY$$Base</name>
         <value>0x0</value>
      </symbol>
      <symbol id="sm-7a3">
         <name>NMI_Handler</name>
         <value>0x3dcb</value>
      </symbol>
      <symbol id="sm-7a4">
         <name>HardFault_Handler</name>
         <value>0x3dcb</value>
      </symbol>
      <symbol id="sm-7a5">
         <name>MemManage_Handler</name>
         <value>0x3dcb</value>
      </symbol>
      <symbol id="sm-7a6">
         <name>BusFault_Handler</name>
         <value>0x3dcb</value>
      </symbol>
      <symbol id="sm-7a7">
         <name>UsageFault_Handler</name>
         <value>0x3dcb</value>
      </symbol>
      <symbol id="sm-7a8">
         <name>SVC_Handler</name>
         <value>0x3dcb</value>
      </symbol>
      <symbol id="sm-7a9">
         <name>DebugMon_Handler</name>
         <value>0x3dcb</value>
      </symbol>
      <symbol id="sm-7aa">
         <name>PendSV_Handler</name>
         <value>0x3dcb</value>
      </symbol>
      <symbol id="sm-7ab">
         <name>SysTick_Handler</name>
         <value>0x3dcb</value>
      </symbol>
      <symbol id="sm-7ac">
         <name>PSS_IRQHandler</name>
         <value>0x3dcb</value>
      </symbol>
      <symbol id="sm-7ad">
         <name>CS_IRQHandler</name>
         <value>0x3dcb</value>
      </symbol>
      <symbol id="sm-7ae">
         <name>PCM_IRQHandler</name>
         <value>0x3dcb</value>
      </symbol>
      <symbol id="sm-7af">
         <name>WDT_A_IRQHandler</name>
         <value>0x3dcb</value>
      </symbol>
      <symbol id="sm-7b0">
         <name>FPU_IRQHandler</name>
         <value>0x3dcb</value>
      </symbol>
      <symbol id="sm-7b1">
         <name>FLCTL_IRQHandler</name>
         <value>0x3dcb</value>
      </symbol>
      <symbol id="sm-7b2">
         <name>COMP_E0_IRQHandler</name>
         <value>0x3dcb</value>
      </symbol>
      <symbol id="sm-7b3">
         <name>COMP_E1_IRQHandler</name>
         <value>0x3dcb</value>
      </symbol>
      <symbol id="sm-7b4">
         <name>TA0_0_IRQHandler</name>
         <value>0x1815</value>
      </symbol>
      <symbol id="sm-7b5">
         <name>TA0_N_IRQHandler</name>
         <value>0x3dcb</value>
      </symbol>
      <symbol id="sm-7b6">
         <name>TA1_0_IRQHandler</name>
         <value>0x3dcb</value>
      </symbol>
      <symbol id="sm-7b7">
         <name>TA1_N_IRQHandler</name>
         <value>0x3dcb</value>
      </symbol>
      <symbol id="sm-7b8">
         <name>TA2_0_IRQHandler</name>
         <value>0x3dcb</value>
      </symbol>
      <symbol id="sm-7b9">
         <name>TA2_N_IRQHandler</name>
         <value>0x3dcb</value>
      </symbol>
      <symbol id="sm-7ba">
         <name>TA3_0_IRQHandler</name>
         <value>0x3dcb</value>
      </symbol>
      <symbol id="sm-7bb">
         <name>TA3_N_IRQHandler</name>
         <value>0x3dcb</value>
      </symbol>
      <symbol id="sm-7bc">
         <name>EUSCIA0_IRQHandler</name>
         <value>0x3dcb</value>
      </symbol>
      <symbol id="sm-7bd">
         <name>EUSCIA1_IRQHandler</name>
         <value>0x3dcb</value>
      </symbol>
      <symbol id="sm-7be">
         <name>EUSCIA2_IRQHandler</name>
         <value>0x3dcb</value>
      </symbol>
      <symbol id="sm-7bf">
         <name>EUSCIA3_IRQHandler</name>
         <value>0x3dcb</value>
      </symbol>
      <symbol id="sm-7c0">
         <name>EUSCIB0_IRQHandler</name>
         <value>0x3dcb</value>
      </symbol>
      <symbol id="sm-7c1">
         <name>EUSCIB1_IRQHandler</name>
         <value>0x3dcb</value>
      </symbol>
      <symbol id="sm-7c2">
         <name>EUSCIB2_IRQHandler</name>
         <value>0x3dcb</value>
      </symbol>
      <symbol id="sm-7c3">
         <name>EUSCIB3_IRQHandler</name>
         <value>0x3dcb</value>
      </symbol>
      <symbol id="sm-7c4">
         <name>ADC14_IRQHandler</name>
         <value>0x3dcb</value>
      </symbol>
      <symbol id="sm-7c5">
         <name>T32_INT1_IRQHandler</name>
         <value>0x3dcb</value>
      </symbol>
      <symbol id="sm-7c6">
         <name>T32_INT2_IRQHandler</name>
         <value>0x3dcb</value>
      </symbol>
      <symbol id="sm-7c7">
         <name>T32_INTC_IRQHandler</name>
         <value>0x3dcb</value>
      </symbol>
      <symbol id="sm-7c8">
         <name>AES256_IRQHandler</name>
         <value>0x3dcb</value>
      </symbol>
      <symbol id="sm-7c9">
         <name>RTC_C_IRQHandler</name>
         <value>0x3dcb</value>
      </symbol>
      <symbol id="sm-7ca">
         <name>DMA_ERR_IRQHandler</name>
         <value>0x3dcb</value>
      </symbol>
      <symbol id="sm-7cb">
         <name>DMA_INT3_IRQHandler</name>
         <value>0x3dcb</value>
      </symbol>
      <symbol id="sm-7cc">
         <name>DMA_INT2_IRQHandler</name>
         <value>0x3dcb</value>
      </symbol>
      <symbol id="sm-7cd">
         <name>DMA_INT1_IRQHandler</name>
         <value>0x3dcb</value>
      </symbol>
      <symbol id="sm-7ce">
         <name>DMA_INT0_IRQHandler</name>
         <value>0x3dcb</value>
      </symbol>
      <symbol id="sm-7cf">
         <name>PORT1_IRQHandler</name>
         <value>0x3dcb</value>
      </symbol>
      <symbol id="sm-7d0">
         <name>PORT2_IRQHandler</name>
         <value>0x3dcb</value>
      </symbol>
      <symbol id="sm-7d1">
         <name>PORT3_IRQHandler</name>
         <value>0x3dcb</value>
      </symbol>
      <symbol id="sm-7d2">
         <name>PORT4_IRQHandler</name>
         <value>0x3dcb</value>
      </symbol>
      <symbol id="sm-7d3">
         <name>PORT5_IRQHandler</name>
         <value>0x3dcb</value>
      </symbol>
      <symbol id="sm-7d4">
         <name>PORT6_IRQHandler</name>
         <value>0x3dcb</value>
      </symbol>
      <symbol id="sm-7d5">
         <name>remove</name>
         <value>0x2639</value>
      </symbol>
   </symbol_table>
   <title>Link successful</title>
</link_info>
