******************************************************************************
                  TI ARM Linker PC v16.9.1                     
******************************************************************************
>> Linked Mon Apr 17 18:10:24 2017

OUTPUT FILE NAME:   <Assignment3.out>
ENTRY POINT SYMBOL: "_c_int00"  address: 000033c5


MEMORY CONFIGURATION

         name            origin    length      used     unused   attr    fill
----------------------  --------  ---------  --------  --------  ----  --------
  MAIN                  00000000   00040000  0000389d  0003c763  R  X
  INFO                  00200000   00004000  00000000  00004000  R  X
  SRAM_CODE             01000000   00010000  000009cc  0000f634  RW X
  SRAM_DATA             20000000   00010000  000009cc  0000f634  RW  


SEGMENT ALLOCATION MAP

run origin  load origin   length   init length attrs members
----------  ----------- ---------- ----------- ----- -------
00000000    00000000    000038a0   000038a0    r-x
  00000000    00000000    000000e4   000000e4    r-- .intvecs
  000000e4    000000e4    00003620   00003620    r-x .text
  00003704    00003704    00000101   00000101    r-- .const
  00003808    00003808    00000098   00000098    r-- .cinit
20000000    20000000    000007cc   00000000    rw-
  20000000    20000000    00000400   00000000    rw- .sysmem
  20000400    20000400    00000200   00000000    rw- .data
  20000600    20000600    000001cc   00000000    rw- .bss
2000fe00    2000fe00    00000200   00000000    rw-
  2000fe00    2000fe00    00000200   00000000    rw- .stack


SECTION ALLOCATION MAP

 output                                  attributes/
section   page    origin      length       input sections
--------  ----  ----------  ----------   ----------------
.intvecs   0    00000000    000000e4     
                  00000000    000000e4     startup_msp432p401r_ccs.obj (.intvecs:retain)

.binit     0    00000000    00000000     

.text      0    000000e4    00003620     
                  000000e4    0000113e     rtsv7M4_T_le_v4SPD16_eabi.lib : _printfi.obj (.text)
                  00001222    00000002                                   : mpu_init.obj (.text)
                  00001224    000003d0                                   : memory.obj (.text)
                  000015f4    0000032c     system_msp432p401r.obj (.text)
                  00001920    00000324     rtsv7M4_T_le_v4SPD16_eabi.lib : trgdrv.obj (.text)
                  00001c44    0000030c                                   : lowlev.obj (.text)
                  00001f50    0000028c     main.obj (.text)
                  000021dc    000001f4     rtsv7M4_T_le_v4SPD16_eabi.lib : ull_div_t2.obj (.text)
                  000023d0    000001c4                                   : fopen.obj (.text)
                  00002594    000001b6                                   : fd_add_t2.obj (.text)
                  0000274a    00000136                                   : fd_div_t2.obj (.text)
                  00002880    00000134                                   : fputs.obj (.text)
                  000029b4    000000fc                                   : fd_mul_t2.obj (.text)
                  00002ab0    000000fc                                   : s_scalbn.obj (.text)
                  00002bac    000000dc                                   : setvbuf.obj (.text)
                  00002c88    000000c8                                   : fflush.obj (.text)
                  00002d50    000000ac                                   : _io_perm.obj (.text)
                  00002dfc    0000009c                                   : memcpy_t2.obj (.text)
                  00002e98    00000098                                   : fclose.obj (.text)
                  00002f30    00000098                                   : fputc.obj (.text)
                  00002fc8    00000086                                   : fd_cmp_t2.obj (.text:__aeabi_cdcmple)
                  0000304e    00000086                                   : fd_cmp_t2.obj (.text:__aeabi_cdrcmple)
                  000030d4    0000007a                                   : memset_t2.obj (.text)
                  0000314e    00000002                                   : startup.obj (.text)
                  00003150    00000070                                   : autoinit.obj (.text)
                  000031c0    0000006c                                   : fprintf.obj (.text)
                  0000322c    00000068                                   : copy_decompress_lzss.obj (.text:decompress:lzss)
                  00003294    00000068                                   : trgmsg.obj (.text)
                  000032fc    00000064                                   : fseek.obj (.text)
                  00003360    00000064                                   : s_frexp.obj (.text)
                  000033c4    00000054                                   : boot.obj (.text)
                  00003418    00000054                                   : exit.obj (.text)
                  0000346c    00000054                                   : ltoa.obj (.text)
                  000034c0    0000004c                                   : atoi.obj (.text)
                  0000350c    0000004c                                   : cpy_tbl.obj (.text)
                  00003558    00000048                                   : fd_toi_t2.obj (.text)
                  000035a0    00000036                                   : strncpy.obj (.text)
                  000035d6    0000002e                                   : i_tofd_t2.obj (.text)
                  00003604    00000020                                   : memchr.obj (.text)
                  00003624    0000001c                                   : memccpy.obj (.text)
                  00003640    00000018                                   : args_main.obj (.text)
                  00003658    00000018                                   : strcmp.obj (.text)
                  00003670    00000016                                   : strchr.obj (.text)
                  00003686    00000002     --HOLE-- [fill = 0]
                  00003688    00000014                                   : _lock.obj (.text)
                  0000369c    00000014                                   : s_copysign.obj (.text)
                  000036b0    00000014                                   : strcpy.obj (.text)
                  000036c4    00000014                                   : strlen.obj (.text)
                  000036d8    0000000e                                   : copy_decompress_none.obj (.text:decompress:none)
                  000036e6    0000000e     startup_msp432p401r_ccs.obj (.text)
                  000036f4    0000000c     rtsv7M4_T_le_v4SPD16_eabi.lib : copy_zero_init.obj (.text:decompress:ZI)
                  00003700    00000004                                   : pre_init.obj (.text)

.const     0    00003704    00000101     
                  00003704    00000101     rtsv7M4_T_le_v4SPD16_eabi.lib : ctype.obj (.const:.string:_ctypes_)

.cinit     0    00003808    00000098     
                  00003808    00000072     (.cinit..data.load) [load image, compression = lzss]
                  0000387a    00000002     --HOLE-- [fill = 0]
                  0000387c    0000000c     (__TI_handler_table)
                  00003888    00000008     (.cinit..bss.load) [load image, compression = zero_init]
                  00003890    00000010     (__TI_cinit_table)

.init_array 
*          0    00000000    00000000     UNINITIALIZED

.sysmem    0    20000000    00000400     UNINITIALIZED
                  20000000    00000008     rtsv7M4_T_le_v4SPD16_eabi.lib : memory.obj (.sysmem)
                  20000008    000003f8     --HOLE--

.data      0    20000400    00000200     UNINITIALIZED
                  20000400    000000f0     rtsv7M4_T_le_v4SPD16_eabi.lib : defs.obj (.data:_ftable)
                  200004f0    000000d0                                   : lowlev.obj (.data:$O1$$)
                  200005c0    00000010                                   : defs.obj (.data)
                  200005d0    0000000c                                   : exit.obj (.data:$O1$$)
                  200005dc    0000000c                                   : memory.obj (.data:$O1$$)
                  200005e8    00000008                                   : _lock.obj (.data:$O1$$)
                  200005f0    00000004                                   : errno.obj (.data)
                  200005f4    00000004                                   : fopen.obj (.data)
                  200005f8    00000004                                   : stkdepth_vars.obj (.data)
                  200005fc    00000004     system_msp432p401r.obj (.data)

.bss       0    20000600    000001cc     UNINITIALIZED
                  20000600    00000120     rtsv7M4_T_le_v4SPD16_eabi.lib : trgmsg.obj (.bss:_CIOBUF_)
                  20000720    000000a0     (.common:__TI_tmpnams)
                  200007c0    00000008                                   : trgdrv.obj (.bss:parmbuf)
                  200007c8    00000004     (.common:GLOBAL_FREQ)

.stack     0    2000fe00    00000200     UNINITIALIZED
                  2000fe00    00000200     --HOLE--

MODULE SUMMARY

       Module                        code    ro data   rw data
       ------                        ----    -------   -------
    .\
       system_msp432p401r.obj        812     0         8      
       main.obj                      652     0         8      
       startup_msp432p401r_ccs.obj   14      228       0      
    +--+-----------------------------+-------+---------+---------+
       Total:                        1478    228       16     
                                                              
    C:\ti\ccsv7\tools\compiler\ti-cgt-arm_16.9.1.LTS\lib\rtsv7M4_T_le_v4SPD16_eabi.lib
       _printfi.obj                  4414    0         0      
       lowlev.obj                    780     0         416    
       memory.obj                    976     0         24     
       defs.obj                      0       0         832    
       trgdrv.obj                    804     0         16     
       trgmsg.obj                    104     0         576    
       ull_div_t2.obj                500     0         0      
       fopen.obj                     452     0         8      
       fd_add_t2.obj                 438     0         0      
       fd_div_t2.obj                 310     0         0      
       fputs.obj                     308     0         0      
       fd_cmp_t2.obj                 268     0         0      
       ctype.obj                     0       257       0      
       fd_mul_t2.obj                 252     0         0      
       s_scalbn.obj                  252     0         0      
       setvbuf.obj                   220     0         0      
       fflush.obj                    200     0         0      
       _io_perm.obj                  172     0         0      
       memcpy_t2.obj                 156     0         0      
       fclose.obj                    152     0         0      
       fputc.obj                     152     0         0      
       memset_t2.obj                 122     0         0      
       autoinit.obj                  112     0         0      
       exit.obj                      84      0         24     
       fprintf.obj                   108     0         0      
       copy_decompress_lzss.obj      104     0         0      
       fseek.obj                     100     0         0      
       s_frexp.obj                   100     0         0      
       boot.obj                      84      0         0      
       ltoa.obj                      84      0         0      
       atoi.obj                      76      0         0      
       cpy_tbl.obj                   76      0         0      
       fd_toi_t2.obj                 72      0         0      
       strncpy.obj                   54      0         0      
       i_tofd_t2.obj                 46      0         0      
       _lock.obj                     20      0         16     
       memchr.obj                    32      0         0      
       memccpy.obj                   28      0         0      
       args_main.obj                 24      0         0      
       strcmp.obj                    24      0         0      
       strchr.obj                    22      0         0      
       s_copysign.obj                20      0         0      
       strcpy.obj                    20      0         0      
       strlen.obj                    20      0         0      
       copy_decompress_none.obj      14      0         0      
       copy_zero_init.obj            12      0         0      
       errno.obj                     0       0         8      
       stkdepth_vars.obj             0       0         8      
       pre_init.obj                  4       0         0      
       mpu_init.obj                  2       0         0      
       startup.obj                   2       0         0      
    +--+-----------------------------+-------+---------+---------+
       Total:                        12376   257       1928   
                                                              
       Heap:                         0       0         2048   
       Stack:                        0       0         1024   
       Linker Generated:             0       150       0      
    +--+-----------------------------+-------+---------+---------+
       Grand Total:                  13854   635       5016   


LINKER GENERATED COPY TABLES

__TI_cinit_table @ 00003890 records: 2, size/record: 8, table size: 16
	.data: load addr=00003808, load size=00000072 bytes, run addr=20000400, run size=00000200 bytes, compression=lzss
	.bss: load addr=00003888, load size=00000008 bytes, run addr=20000600, run size=000001cc bytes, compression=zero_init


LINKER GENERATED HANDLER TABLE

__TI_handler_table @ 0000387c records: 3, size/record: 4, table size: 12
	index: 0, handler: __TI_decompress_lzss
	index: 1, handler: __TI_decompress_none
	index: 2, handler: __TI_zero_init


GLOBAL SYMBOLS: SORTED ALPHABETICALLY BY Name 

address   name                           
-------   ----                           
000036f3  ADC14_IRQHandler               
000036f3  AES256_IRQHandler              
000036f3  BusFault_Handler               
00003419  C$$EXIT                        
000032c3  C$$IO$$                        
000036f3  COMP_E0_IRQHandler             
000036f3  COMP_E1_IRQHandler             
000036f3  CS_IRQHandler                  
000036f3  DMA_ERR_IRQHandler             
000036f3  DMA_INT0_IRQHandler            
000036f3  DMA_INT1_IRQHandler            
000036f3  DMA_INT2_IRQHandler            
000036f3  DMA_INT3_IRQHandler            
000036f3  DebugMon_Handler               
000036f3  Default_Handler                
000036f3  EUSCIA0_IRQHandler             
000036f3  EUSCIA1_IRQHandler             
000036f3  EUSCIA2_IRQHandler             
000036f3  EUSCIA3_IRQHandler             
000036f3  EUSCIB0_IRQHandler             
000036f3  EUSCIB1_IRQHandler             
000036f3  EUSCIB2_IRQHandler             
000036f3  EUSCIB3_IRQHandler             
000036f3  FLCTL_IRQHandler               
000036f3  FPU_IRQHandler                 
200007c8  GLOBAL_FREQ                    
00001bfb  HOSTclock                      
00001bc3  HOSTclose                      
00001b85  HOSTgetenv                     
00001b29  HOSTlseek                      
00001ad7  HOSTopen                       
00001a8b  HOSTread                       
00001a2d  HOSTrename                     
000019f3  HOSTtime                       
000019a5  HOSTtime64                     
0000196d  HOSTunlink                     
00001921  HOSTwrite                      
000036f3  HardFault_Handler              
0000209d  LCD_clear                      
000020fd  LCD_command                    
000020d3  LCD_data                       
000020b9  LCD_home                       
00002137  LCD_init                       
00002045  LCD_nibble_write               
000036f3  MemManage_Handler              
000036f3  NMI_Handler                    
000036f3  PCM_IRQHandler                 
000036f3  PORT1_IRQHandler               
000036f3  PORT2_IRQHandler               
000036f3  PORT3_IRQHandler               
000036f3  PORT4_IRQHandler               
000036f3  PORT5_IRQHandler               
000036f3  PORT6_IRQHandler               
000036f3  PSS_IRQHandler                 
000036f3  PendSV_Handler                 
000036f3  RTC_C_IRQHandler               
000036e7  Reset_Handler                  
UNDEFED   SHT$$INIT_ARRAY$$Base          
UNDEFED   SHT$$INIT_ARRAY$$Limit         
000036f3  SVC_Handler                    
000036f3  SysTick_Handler                
200005fc  SystemCoreClock                
000015f5  SystemCoreClockUpdate          
00001869  SystemInit                     
000036f3  T32_INT1_IRQHandler            
000036f3  T32_INT2_IRQHandler            
000036f3  T32_INTC_IRQHandler            
000036f3  TA0_0_IRQHandler               
000036f3  TA0_N_IRQHandler               
000036f3  TA1_0_IRQHandler               
000036f3  TA1_N_IRQHandler               
000036f3  TA2_0_IRQHandler               
000036f3  TA2_N_IRQHandler               
000036f3  TA3_0_IRQHandler               
000036f3  TA3_N_IRQHandler               
000036f3  UsageFault_Handler             
4000480c  WDTCTL_SYM                     
000036f3  WDT_A_IRQHandler               
20000600  __CIOBUF_                      
20010000  __STACK_END                    
00000200  __STACK_SIZE                   
00000400  __SYSMEM_SIZE                  
00003890  __TI_CINIT_Base                
000038a0  __TI_CINIT_Limit               
0000387c  __TI_Handler_Table_Base        
00003888  __TI_Handler_Table_Limit       
00003151  __TI_auto_init                 
00002499  __TI_cleanup                   
200005d0  __TI_cleanup_ptr               
00002e99  __TI_closefile                 
0000322d  __TI_decompress_lzss           
000036d9  __TI_decompress_none           
00002c89  __TI_doflush                   
200005d4  __TI_dtors_ptr                 
200005d8  __TI_enable_exit_profile_output
200005c0  __TI_ft_end                    
ffffffff  __TI_pprof_out_hndl            
00000929  __TI_printfi                   
ffffffff  __TI_prof_data_size            
ffffffff  __TI_prof_data_start           
00002db3  __TI_rd_ok                     
000032c7  __TI_readmsg                   
00000000  __TI_static_base__             
20000720  __TI_tmpnams                   
00003295  __TI_writemsg                  
00002d51  __TI_wrt_ok                    
000036f5  __TI_zero_init                 
00002fc9  __aeabi_cdcmpeq                
00002fc9  __aeabi_cdcmple                
0000304f  __aeabi_cdrcmple               
00003559  __aeabi_d2iz                   
0000259f  __aeabi_dadd                   
0000274b  __aeabi_ddiv                   
000029b5  __aeabi_dmul                   
00002595  __aeabi_dsub                   
000035d7  __aeabi_i2d                    
000030d5  __aeabi_memclr                 
000030d5  __aeabi_memclr4                
000030d5  __aeabi_memclr8                
00002dfd  __aeabi_memcpy                 
00002dfd  __aeabi_memcpy4                
00002dfd  __aeabi_memcpy8                
000030d7  __aeabi_memset                 
000030d7  __aeabi_memset4                
000030d7  __aeabi_memset8                
200005cc  __aeabi_stderr                 
200005c4  __aeabi_stdin                  
200005c8  __aeabi_stdout                 
000021dd  __aeabi_uldivmod               
ffffffff  __binit__                      
ffffffff  __c_args__                     
00001223  __mpu_init                     
2000fe00  __stack                        
00003641  _args_main                     
000033c5  _c_int00                       
00003704  _ctypes_                       
20000400  _ftable                        
200005e8  _lock                          
00003697  _nop                           
0000368f  _register_lock                 
00003689  _register_unlock               
20000000  _sys_memory                    
0000314f  _system_post_cinit             
00003701  _system_pre_init               
200005ec  _unlock                        
0000341d  abort                          
00001ea5  add_device                     
000034c1  atoi                           
ffffffff  binit                          
000015c5  calloc                         
00001e55  close                          
0000350d  copy_in                        
0000369d  copysign                       
0000369d  copysignl                      
00001fd7  delay_ms                       
00002017  delay_us                       
200005f0  errno                          
00003425  exit                           
00002eff  fclose                         
00002cd5  fflush                         
000024ef  fopen                          
000031c9  fprintf                        
00002f31  fputc                          
00002881  fputs                          
0000130f  free                           
000024c5  freopen                        
00003361  frexp                          
00003361  frexpl                         
000032fd  fseek                          
00000000  interruptVectors               
00002ab1  ldexp                          
00002ab1  ldexpl                         
00001e31  lseek                          
0000346d  ltoa                           
0000216b  main                           
200005f8  main_func_sp                   
000012a5  malloc                         
000014d9  memalign                       
00003625  memccpy                        
00003605  memchr                         
00002dfd  memcpy                         
000030dd  memset                         
00001225  minit                          
00001d83  open                           
00002f31  putc                           
00002fb5  putchar                        
0000298d  puts                           
00001d5f  read                           
000013d1  realloc                        
00001cd5  remove                         
00001d37  remove_device                  
00001cf9  rename                         
00002ab1  scalbn                         
00002ab1  scalbnl                        
00001f51  set_DC0                        
00002bad  setvbuf                        
00003671  strchr                         
00003659  strcmp                         
000036b1  strcpy                         
000036c5  strlen                         
000035a1  strncpy                        
00001cd5  unlink                         
00001c45  write                          


GLOBAL SYMBOLS: SORTED BY Symbol Address 

address   name                           
-------   ----                           
00000000  __TI_static_base__             
00000000  interruptVectors               
00000200  __STACK_SIZE                   
00000400  __SYSMEM_SIZE                  
00000929  __TI_printfi                   
00001223  __mpu_init                     
00001225  minit                          
000012a5  malloc                         
0000130f  free                           
000013d1  realloc                        
000014d9  memalign                       
000015c5  calloc                         
000015f5  SystemCoreClockUpdate          
00001869  SystemInit                     
00001921  HOSTwrite                      
0000196d  HOSTunlink                     
000019a5  HOSTtime64                     
000019f3  HOSTtime                       
00001a2d  HOSTrename                     
00001a8b  HOSTread                       
00001ad7  HOSTopen                       
00001b29  HOSTlseek                      
00001b85  HOSTgetenv                     
00001bc3  HOSTclose                      
00001bfb  HOSTclock                      
00001c45  write                          
00001cd5  remove                         
00001cd5  unlink                         
00001cf9  rename                         
00001d37  remove_device                  
00001d5f  read                           
00001d83  open                           
00001e31  lseek                          
00001e55  close                          
00001ea5  add_device                     
00001f51  set_DC0                        
00001fd7  delay_ms                       
00002017  delay_us                       
00002045  LCD_nibble_write               
0000209d  LCD_clear                      
000020b9  LCD_home                       
000020d3  LCD_data                       
000020fd  LCD_command                    
00002137  LCD_init                       
0000216b  main                           
000021dd  __aeabi_uldivmod               
00002499  __TI_cleanup                   
000024c5  freopen                        
000024ef  fopen                          
00002595  __aeabi_dsub                   
0000259f  __aeabi_dadd                   
0000274b  __aeabi_ddiv                   
00002881  fputs                          
0000298d  puts                           
000029b5  __aeabi_dmul                   
00002ab1  ldexp                          
00002ab1  ldexpl                         
00002ab1  scalbn                         
00002ab1  scalbnl                        
00002bad  setvbuf                        
00002c89  __TI_doflush                   
00002cd5  fflush                         
00002d51  __TI_wrt_ok                    
00002db3  __TI_rd_ok                     
00002dfd  __aeabi_memcpy                 
00002dfd  __aeabi_memcpy4                
00002dfd  __aeabi_memcpy8                
00002dfd  memcpy                         
00002e99  __TI_closefile                 
00002eff  fclose                         
00002f31  fputc                          
00002f31  putc                           
00002fb5  putchar                        
00002fc9  __aeabi_cdcmpeq                
00002fc9  __aeabi_cdcmple                
0000304f  __aeabi_cdrcmple               
000030d5  __aeabi_memclr                 
000030d5  __aeabi_memclr4                
000030d5  __aeabi_memclr8                
000030d7  __aeabi_memset                 
000030d7  __aeabi_memset4                
000030d7  __aeabi_memset8                
000030dd  memset                         
0000314f  _system_post_cinit             
00003151  __TI_auto_init                 
000031c9  fprintf                        
0000322d  __TI_decompress_lzss           
00003295  __TI_writemsg                  
000032c3  C$$IO$$                        
000032c7  __TI_readmsg                   
000032fd  fseek                          
00003361  frexp                          
00003361  frexpl                         
000033c5  _c_int00                       
00003419  C$$EXIT                        
0000341d  abort                          
00003425  exit                           
0000346d  ltoa                           
000034c1  atoi                           
0000350d  copy_in                        
00003559  __aeabi_d2iz                   
000035a1  strncpy                        
000035d7  __aeabi_i2d                    
00003605  memchr                         
00003625  memccpy                        
00003641  _args_main                     
00003659  strcmp                         
00003671  strchr                         
00003689  _register_unlock               
0000368f  _register_lock                 
00003697  _nop                           
0000369d  copysign                       
0000369d  copysignl                      
000036b1  strcpy                         
000036c5  strlen                         
000036d9  __TI_decompress_none           
000036e7  Reset_Handler                  
000036f3  ADC14_IRQHandler               
000036f3  AES256_IRQHandler              
000036f3  BusFault_Handler               
000036f3  COMP_E0_IRQHandler             
000036f3  COMP_E1_IRQHandler             
000036f3  CS_IRQHandler                  
000036f3  DMA_ERR_IRQHandler             
000036f3  DMA_INT0_IRQHandler            
000036f3  DMA_INT1_IRQHandler            
000036f3  DMA_INT2_IRQHandler            
000036f3  DMA_INT3_IRQHandler            
000036f3  DebugMon_Handler               
000036f3  Default_Handler                
000036f3  EUSCIA0_IRQHandler             
000036f3  EUSCIA1_IRQHandler             
000036f3  EUSCIA2_IRQHandler             
000036f3  EUSCIA3_IRQHandler             
000036f3  EUSCIB0_IRQHandler             
000036f3  EUSCIB1_IRQHandler             
000036f3  EUSCIB2_IRQHandler             
000036f3  EUSCIB3_IRQHandler             
000036f3  FLCTL_IRQHandler               
000036f3  FPU_IRQHandler                 
000036f3  HardFault_Handler              
000036f3  MemManage_Handler              
000036f3  NMI_Handler                    
000036f3  PCM_IRQHandler                 
000036f3  PORT1_IRQHandler               
000036f3  PORT2_IRQHandler               
000036f3  PORT3_IRQHandler               
000036f3  PORT4_IRQHandler               
000036f3  PORT5_IRQHandler               
000036f3  PORT6_IRQHandler               
000036f3  PSS_IRQHandler                 
000036f3  PendSV_Handler                 
000036f3  RTC_C_IRQHandler               
000036f3  SVC_Handler                    
000036f3  SysTick_Handler                
000036f3  T32_INT1_IRQHandler            
000036f3  T32_INT2_IRQHandler            
000036f3  T32_INTC_IRQHandler            
000036f3  TA0_0_IRQHandler               
000036f3  TA0_N_IRQHandler               
000036f3  TA1_0_IRQHandler               
000036f3  TA1_N_IRQHandler               
000036f3  TA2_0_IRQHandler               
000036f3  TA2_N_IRQHandler               
000036f3  TA3_0_IRQHandler               
000036f3  TA3_N_IRQHandler               
000036f3  UsageFault_Handler             
000036f3  WDT_A_IRQHandler               
000036f5  __TI_zero_init                 
00003701  _system_pre_init               
00003704  _ctypes_                       
0000387c  __TI_Handler_Table_Base        
00003888  __TI_Handler_Table_Limit       
00003890  __TI_CINIT_Base                
000038a0  __TI_CINIT_Limit               
20000000  _sys_memory                    
20000400  _ftable                        
200005c0  __TI_ft_end                    
200005c4  __aeabi_stdin                  
200005c8  __aeabi_stdout                 
200005cc  __aeabi_stderr                 
200005d0  __TI_cleanup_ptr               
200005d4  __TI_dtors_ptr                 
200005d8  __TI_enable_exit_profile_output
200005e8  _lock                          
200005ec  _unlock                        
200005f0  errno                          
200005f8  main_func_sp                   
200005fc  SystemCoreClock                
20000600  __CIOBUF_                      
20000720  __TI_tmpnams                   
200007c8  GLOBAL_FREQ                    
2000fe00  __stack                        
20010000  __STACK_END                    
4000480c  WDTCTL_SYM                     
ffffffff  __TI_pprof_out_hndl            
ffffffff  __TI_prof_data_size            
ffffffff  __TI_prof_data_start           
ffffffff  __binit__                      
ffffffff  __c_args__                     
ffffffff  binit                          
UNDEFED   SHT$$INIT_ARRAY$$Base          
UNDEFED   SHT$$INIT_ARRAY$$Limit         

[203 symbols]
