******************************************************************************
                  TI ARM Linker PC v16.9.1                     
******************************************************************************
>> Linked Tue May 02 14:42:21 2017

OUTPUT FILE NAME:   <Assignment4.out>
ENTRY POINT SYMBOL: "_c_int00"  address: 000033d5


MEMORY CONFIGURATION

         name            origin    length      used     unused   attr    fill
----------------------  --------  ---------  --------  --------  ----  --------
  MAIN                  00000000   00040000  000038b5  0003c74b  R  X
  INFO                  00200000   00004000  00000000  00004000  R  X
  SRAM_CODE             01000000   00010000  000009d4  0000f62c  RW X
  SRAM_DATA             20000000   00010000  000009d4  0000f62c  RW  


SEGMENT ALLOCATION MAP

run origin  load origin   length   init length attrs members
----------  ----------- ---------- ----------- ----- -------
00000000    00000000    000038b8   000038b8    r-x
  00000000    00000000    000000e4   000000e4    r-- .intvecs
  000000e4    000000e4    00003630   00003630    r-x .text
  00003714    00003714    00000101   00000101    r-- .const
  00003818    00003818    000000a0   000000a0    r-- .cinit
20000000    20000000    000007d4   00000000    rw-
  20000000    20000000    00000400   00000000    rw- .sysmem
  20000400    20000400    00000204   00000000    rw- .data
  20000604    20000604    000001d0   00000000    rw- .bss
2000fe00    2000fe00    00000200   00000000    rw-
  2000fe00    2000fe00    00000200   00000000    rw- .stack


SECTION ALLOCATION MAP

 output                                  attributes/
section   page    origin      length       input sections
--------  ----  ----------  ----------   ----------------
.intvecs   0    00000000    000000e4     
                  00000000    000000e4     startup_msp432p401r_ccs.obj (.intvecs:retain)

.binit     0    00000000    00000000     

.text      0    000000e4    00003630     
                  000000e4    0000113e     rtsv7M4_T_le_v4SPD16_eabi.lib : _printfi.obj (.text)
                  00001222    00000002                                   : mpu_init.obj (.text)
                  00001224    000003d0                                   : memory.obj (.text)
                  000015f4    0000032c     system_msp432p401r.obj (.text)
                  00001920    00000324     rtsv7M4_T_le_v4SPD16_eabi.lib : trgdrv.obj (.text)
                  00001c44    0000030c                                   : lowlev.obj (.text)
                  00001f50    0000029c     main.obj (.text)
                  000021ec    000001f4     rtsv7M4_T_le_v4SPD16_eabi.lib : ull_div_t2.obj (.text)
                  000023e0    000001c4                                   : fopen.obj (.text)
                  000025a4    000001b6                                   : fd_add_t2.obj (.text)
                  0000275a    00000136                                   : fd_div_t2.obj (.text)
                  00002890    00000134                                   : fputs.obj (.text)
                  000029c4    000000fc                                   : fd_mul_t2.obj (.text)
                  00002ac0    000000fc                                   : s_scalbn.obj (.text)
                  00002bbc    000000dc                                   : setvbuf.obj (.text)
                  00002c98    000000c8                                   : fflush.obj (.text)
                  00002d60    000000ac                                   : _io_perm.obj (.text)
                  00002e0c    0000009c                                   : memcpy_t2.obj (.text)
                  00002ea8    00000098                                   : fclose.obj (.text)
                  00002f40    00000098                                   : fputc.obj (.text)
                  00002fd8    00000086                                   : fd_cmp_t2.obj (.text:__aeabi_cdcmple)
                  0000305e    00000086                                   : fd_cmp_t2.obj (.text:__aeabi_cdrcmple)
                  000030e4    0000007a                                   : memset_t2.obj (.text)
                  0000315e    00000002                                   : startup.obj (.text)
                  00003160    00000070                                   : autoinit.obj (.text)
                  000031d0    0000006c                                   : fprintf.obj (.text)
                  0000323c    00000068                                   : copy_decompress_lzss.obj (.text:decompress:lzss)
                  000032a4    00000068                                   : trgmsg.obj (.text)
                  0000330c    00000064                                   : fseek.obj (.text)
                  00003370    00000064                                   : s_frexp.obj (.text)
                  000033d4    00000054                                   : boot.obj (.text)
                  00003428    00000054                                   : exit.obj (.text)
                  0000347c    00000054                                   : ltoa.obj (.text)
                  000034d0    0000004c                                   : atoi.obj (.text)
                  0000351c    0000004c                                   : cpy_tbl.obj (.text)
                  00003568    00000048                                   : fd_toi_t2.obj (.text)
                  000035b0    00000036                                   : strncpy.obj (.text)
                  000035e6    0000002e                                   : i_tofd_t2.obj (.text)
                  00003614    00000020                                   : memchr.obj (.text)
                  00003634    0000001c                                   : memccpy.obj (.text)
                  00003650    00000018                                   : args_main.obj (.text)
                  00003668    00000018                                   : strcmp.obj (.text)
                  00003680    00000016                                   : strchr.obj (.text)
                  00003696    00000002     --HOLE-- [fill = 0]
                  00003698    00000014                                   : _lock.obj (.text)
                  000036ac    00000014                                   : s_copysign.obj (.text)
                  000036c0    00000014                                   : strcpy.obj (.text)
                  000036d4    00000014                                   : strlen.obj (.text)
                  000036e8    0000000e                                   : copy_decompress_none.obj (.text:decompress:none)
                  000036f6    0000000e     startup_msp432p401r_ccs.obj (.text)
                  00003704    0000000c     rtsv7M4_T_le_v4SPD16_eabi.lib : copy_zero_init.obj (.text:decompress:ZI)
                  00003710    00000004                                   : pre_init.obj (.text)

.const     0    00003714    00000101     
                  00003714    00000101     rtsv7M4_T_le_v4SPD16_eabi.lib : ctype.obj (.const:.string:_ctypes_)

.cinit     0    00003818    000000a0     
                  00003818    00000076     (.cinit..data.load) [load image, compression = lzss]
                  0000388e    00000002     --HOLE-- [fill = 0]
                  00003890    0000000c     (__TI_handler_table)
                  0000389c    00000004     --HOLE-- [fill = 0]
                  000038a0    00000008     (.cinit..bss.load) [load image, compression = zero_init]
                  000038a8    00000010     (__TI_cinit_table)

.init_array 
*          0    00000000    00000000     UNINITIALIZED

.sysmem    0    20000000    00000400     UNINITIALIZED
                  20000000    00000008     rtsv7M4_T_le_v4SPD16_eabi.lib : memory.obj (.sysmem)
                  20000008    000003f8     --HOLE--

.data      0    20000400    00000204     UNINITIALIZED
                  20000400    000000f0     rtsv7M4_T_le_v4SPD16_eabi.lib : defs.obj (.data:_ftable)
                  200004f0    000000d0                                   : lowlev.obj (.data:$O1$$)
                  200005c0    00000010                                   : defs.obj (.data)
                  200005d0    0000000c                                   : exit.obj (.data:$O1$$)
                  200005dc    0000000c                                   : memory.obj (.data:$O1$$)
                  200005e8    00000008                                   : _lock.obj (.data:$O1$$)
                  200005f0    00000004     main.obj (.data)
                  200005f4    00000004     rtsv7M4_T_le_v4SPD16_eabi.lib : errno.obj (.data)
                  200005f8    00000004                                   : fopen.obj (.data)
                  200005fc    00000004                                   : stkdepth_vars.obj (.data)
                  20000600    00000004     system_msp432p401r.obj (.data)

.bss       0    20000604    000001d0     UNINITIALIZED
                  20000604    00000120     rtsv7M4_T_le_v4SPD16_eabi.lib : trgmsg.obj (.bss:_CIOBUF_)
                  20000724    000000a0     (.common:__TI_tmpnams)
                  200007c4    00000008                                   : trgdrv.obj (.bss:parmbuf)
                  200007cc    00000004     (.common:base)
                  200007d0    00000004     (.common:limit)

.stack     0    2000fe00    00000200     UNINITIALIZED
                  2000fe00    00000200     --HOLE--

MODULE SUMMARY

       Module                        code    ro data   rw data
       ------                        ----    -------   -------
    .\
       system_msp432p401r.obj        812     0         8      
       main.obj                      668     0         24     
       startup_msp432p401r_ccs.obj   14      228       0      
    +--+-----------------------------+-------+---------+---------+
       Total:                        1494    228       32     
                                                              
    C:\ti\ccsv7\tools\compiler\ti-cgt-arm_16.9.1.LTS\lib\rtsv7M4_T_le_v4SPD16_eabi.lib
       _printfi.obj                  4414    0         0      
       lowlev.obj                    780     0         416    
       memory.obj                    976     0         24     
       defs.obj                      0       0         832    
       trgdrv.obj                    804     0         16     
       trgmsg.obj                    104     0         576    
       ull_div_t2.obj                500     0         0      
       fopen.obj                     452     0         8      
       fd_add_t2.obj                 438     0         0      
       fd_div_t2.obj                 310     0         0      
       fputs.obj                     308     0         0      
       fd_cmp_t2.obj                 268     0         0      
       ctype.obj                     0       257       0      
       fd_mul_t2.obj                 252     0         0      
       s_scalbn.obj                  252     0         0      
       setvbuf.obj                   220     0         0      
       fflush.obj                    200     0         0      
       _io_perm.obj                  172     0         0      
       memcpy_t2.obj                 156     0         0      
       fclose.obj                    152     0         0      
       fputc.obj                     152     0         0      
       memset_t2.obj                 122     0         0      
       autoinit.obj                  112     0         0      
       exit.obj                      84      0         24     
       fprintf.obj                   108     0         0      
       copy_decompress_lzss.obj      104     0         0      
       fseek.obj                     100     0         0      
       s_frexp.obj                   100     0         0      
       boot.obj                      84      0         0      
       ltoa.obj                      84      0         0      
       atoi.obj                      76      0         0      
       cpy_tbl.obj                   76      0         0      
       fd_toi_t2.obj                 72      0         0      
       strncpy.obj                   54      0         0      
       i_tofd_t2.obj                 46      0         0      
       _lock.obj                     20      0         16     
       memchr.obj                    32      0         0      
       memccpy.obj                   28      0         0      
       args_main.obj                 24      0         0      
       strcmp.obj                    24      0         0      
       strchr.obj                    22      0         0      
       s_copysign.obj                20      0         0      
       strcpy.obj                    20      0         0      
       strlen.obj                    20      0         0      
       copy_decompress_none.obj      14      0         0      
       copy_zero_init.obj            12      0         0      
       errno.obj                     0       0         8      
       stkdepth_vars.obj             0       0         8      
       pre_init.obj                  4       0         0      
       mpu_init.obj                  2       0         0      
       startup.obj                   2       0         0      
    +--+-----------------------------+-------+---------+---------+
       Total:                        12376   257       1928   
                                                              
       Heap:                         0       0         2048   
       Stack:                        0       0         1024   
       Linker Generated:             0       154       0      
    +--+-----------------------------+-------+---------+---------+
       Grand Total:                  13870   639       5032   


LINKER GENERATED COPY TABLES

__TI_cinit_table @ 000038a8 records: 2, size/record: 8, table size: 16
	.data: load addr=00003818, load size=00000076 bytes, run addr=20000400, run size=00000204 bytes, compression=lzss
	.bss: load addr=000038a0, load size=00000008 bytes, run addr=20000604, run size=000001d0 bytes, compression=zero_init


LINKER GENERATED HANDLER TABLE

__TI_handler_table @ 00003890 records: 3, size/record: 4, table size: 12
	index: 0, handler: __TI_decompress_lzss
	index: 1, handler: __TI_decompress_none
	index: 2, handler: __TI_zero_init


GLOBAL SYMBOLS: SORTED ALPHABETICALLY BY Name 

address   name                           
-------   ----                           
00003703  ADC14_IRQHandler               
00003703  AES256_IRQHandler              
00003703  BusFault_Handler               
00003429  C$$EXIT                        
000032d3  C$$IO$$                        
00003703  COMP_E0_IRQHandler             
00003703  COMP_E1_IRQHandler             
00003703  CS_IRQHandler                  
00003703  DMA_ERR_IRQHandler             
00003703  DMA_INT0_IRQHandler            
00003703  DMA_INT1_IRQHandler            
00003703  DMA_INT2_IRQHandler            
00003703  DMA_INT3_IRQHandler            
00003703  DebugMon_Handler               
00003703  Default_Handler                
00003703  EUSCIA0_IRQHandler             
00003703  EUSCIA1_IRQHandler             
00003703  EUSCIA2_IRQHandler             
00003703  EUSCIA3_IRQHandler             
00003703  EUSCIB0_IRQHandler             
00003703  EUSCIB1_IRQHandler             
00003703  EUSCIB2_IRQHandler             
00003703  EUSCIB3_IRQHandler             
00003703  FLCTL_IRQHandler               
00003703  FPU_IRQHandler                 
200005f0  GLOBAL_FREQ                    
00001bfb  HOSTclock                      
00001bc3  HOSTclose                      
00001b85  HOSTgetenv                     
00001b29  HOSTlseek                      
00001ad7  HOSTopen                       
00001a8b  HOSTread                       
00001a2d  HOSTrename                     
000019f3  HOSTtime                       
000019a5  HOSTtime64                     
0000196d  HOSTunlink                     
00001921  HOSTwrite                      
00003703  HardFault_Handler              
00003703  MemManage_Handler              
00003703  NMI_Handler                    
00003703  PCM_IRQHandler                 
00003703  PORT1_IRQHandler               
00003703  PORT2_IRQHandler               
00003703  PORT3_IRQHandler               
00003703  PORT4_IRQHandler               
00003703  PORT5_IRQHandler               
00003703  PORT6_IRQHandler               
00003703  PSS_IRQHandler                 
00003703  PendSV_Handler                 
00003703  RTC_C_IRQHandler               
000036f7  Reset_Handler                  
UNDEFED   SHT$$INIT_ARRAY$$Base          
UNDEFED   SHT$$INIT_ARRAY$$Limit         
00003703  SVC_Handler                    
00003703  SysTick_Handler                
20000600  SystemCoreClock                
000015f5  SystemCoreClockUpdate          
00001869  SystemInit                     
00003703  T32_INT1_IRQHandler            
00003703  T32_INT2_IRQHandler            
00003703  T32_INTC_IRQHandler            
00002159  TA0_0_IRQHandler               
00002159  TA0_0_IRQHandler               
00003703  TA0_N_IRQHandler               
00003703  TA1_0_IRQHandler               
00003703  TA1_N_IRQHandler               
00003703  TA2_0_IRQHandler               
00003703  TA2_N_IRQHandler               
00003703  TA3_0_IRQHandler               
00003703  TA3_N_IRQHandler               
00003703  UsageFault_Handler             
4000480c  WDTCTL_SYM                     
00003703  WDT_A_IRQHandler               
20000604  __CIOBUF_                      
20010000  __STACK_END                    
00000200  __STACK_SIZE                   
00000400  __SYSMEM_SIZE                  
000038a8  __TI_CINIT_Base                
000038b8  __TI_CINIT_Limit               
00003890  __TI_Handler_Table_Base        
0000389c  __TI_Handler_Table_Limit       
00003161  __TI_auto_init                 
000024a9  __TI_cleanup                   
200005d0  __TI_cleanup_ptr               
00002ea9  __TI_closefile                 
0000323d  __TI_decompress_lzss           
000036e9  __TI_decompress_none           
00002c99  __TI_doflush                   
200005d4  __TI_dtors_ptr                 
200005d8  __TI_enable_exit_profile_output
200005c0  __TI_ft_end                    
ffffffff  __TI_pprof_out_hndl            
00000929  __TI_printfi                   
ffffffff  __TI_prof_data_size            
ffffffff  __TI_prof_data_start           
00002dc3  __TI_rd_ok                     
000032d7  __TI_readmsg                   
00000000  __TI_static_base__             
20000724  __TI_tmpnams                   
000032a5  __TI_writemsg                  
00002d61  __TI_wrt_ok                    
00003705  __TI_zero_init                 
00002fd9  __aeabi_cdcmpeq                
00002fd9  __aeabi_cdcmple                
0000305f  __aeabi_cdrcmple               
00003569  __aeabi_d2iz                   
000025af  __aeabi_dadd                   
0000275b  __aeabi_ddiv                   
000029c5  __aeabi_dmul                   
000025a5  __aeabi_dsub                   
000035e7  __aeabi_i2d                    
000030e5  __aeabi_memclr                 
000030e5  __aeabi_memclr4                
000030e5  __aeabi_memclr8                
00002e0d  __aeabi_memcpy                 
00002e0d  __aeabi_memcpy4                
00002e0d  __aeabi_memcpy8                
000030e7  __aeabi_memset                 
000030e7  __aeabi_memset4                
000030e7  __aeabi_memset8                
200005cc  __aeabi_stderr                 
200005c4  __aeabi_stdin                  
200005c8  __aeabi_stdout                 
000021ed  __aeabi_uldivmod               
ffffffff  __binit__                      
ffffffff  __c_args__                     
00001223  __mpu_init                     
2000fe00  __stack                        
00003651  _args_main                     
000033d5  _c_int00                       
00003714  _ctypes_                       
20000400  _ftable                        
200005e8  _lock                          
000036a7  _nop                           
0000369f  _register_lock                 
00003699  _register_unlock               
20000000  _sys_memory                    
0000315f  _system_post_cinit             
00003711  _system_pre_init               
200005ec  _unlock                        
0000342d  abort                          
00001ea5  add_device                     
000034d1  atoi                           
200007cc  base                           
ffffffff  binit                          
00002075  calcTimers                     
000015c5  calloc                         
00001e55  close                          
0000351d  copy_in                        
000036ad  copysign                       
000036ad  copysignl                      
00001ff3  delay_ms                       
0000203d  delay_us                       
200005f4  errno                          
00003435  exit                           
00002f0f  fclose                         
00002ce5  fflush                         
000024ff  fopen                          
000031d9  fprintf                        
00002f41  fputc                          
00002891  fputs                          
0000130f  free                           
000024d5  freopen                        
00003371  frexp                          
00003371  frexpl                         
0000330d  fseek                          
00000000  interruptVectors               
00002ac1  ldexp                          
00002ac1  ldexpl                         
200007d0  limit                          
00001e31  lseek                          
0000347d  ltoa                           
000020ef  main                           
200005fc  main_func_sp                   
000012a5  malloc                         
000014d9  memalign                       
00003635  memccpy                        
00003615  memchr                         
00002e0d  memcpy                         
000030ed  memset                         
00001225  minit                          
00001d83  open                           
00002f41  putc                           
00002fc5  putchar                        
0000299d  puts                           
00001d5f  read                           
000013d1  realloc                        
00001cd5  remove                         
00001d37  remove_device                  
00001cf9  rename                         
00002ac1  scalbn                         
00002ac1  scalbnl                        
00001f59  set_DC0                        
00002bbd  setvbuf                        
00003681  strchr                         
00003669  strcmp                         
000036c1  strcpy                         
000036d5  strlen                         
000035b1  strncpy                        
00001cd5  unlink                         
00001c45  write                          


GLOBAL SYMBOLS: SORTED BY Symbol Address 

address   name                           
-------   ----                           
00000000  __TI_static_base__             
00000000  interruptVectors               
00000200  __STACK_SIZE                   
00000400  __SYSMEM_SIZE                  
00000929  __TI_printfi                   
00001223  __mpu_init                     
00001225  minit                          
000012a5  malloc                         
0000130f  free                           
000013d1  realloc                        
000014d9  memalign                       
000015c5  calloc                         
000015f5  SystemCoreClockUpdate          
00001869  SystemInit                     
00001921  HOSTwrite                      
0000196d  HOSTunlink                     
000019a5  HOSTtime64                     
000019f3  HOSTtime                       
00001a2d  HOSTrename                     
00001a8b  HOSTread                       
00001ad7  HOSTopen                       
00001b29  HOSTlseek                      
00001b85  HOSTgetenv                     
00001bc3  HOSTclose                      
00001bfb  HOSTclock                      
00001c45  write                          
00001cd5  remove                         
00001cd5  unlink                         
00001cf9  rename                         
00001d37  remove_device                  
00001d5f  read                           
00001d83  open                           
00001e31  lseek                          
00001e55  close                          
00001ea5  add_device                     
00001f59  set_DC0                        
00001ff3  delay_ms                       
0000203d  delay_us                       
00002075  calcTimers                     
000020ef  main                           
00002159  TA0_0_IRQHandler               
00002159  TA0_0_IRQHandler               
000021ed  __aeabi_uldivmod               
000024a9  __TI_cleanup                   
000024d5  freopen                        
000024ff  fopen                          
000025a5  __aeabi_dsub                   
000025af  __aeabi_dadd                   
0000275b  __aeabi_ddiv                   
00002891  fputs                          
0000299d  puts                           
000029c5  __aeabi_dmul                   
00002ac1  ldexp                          
00002ac1  ldexpl                         
00002ac1  scalbn                         
00002ac1  scalbnl                        
00002bbd  setvbuf                        
00002c99  __TI_doflush                   
00002ce5  fflush                         
00002d61  __TI_wrt_ok                    
00002dc3  __TI_rd_ok                     
00002e0d  __aeabi_memcpy                 
00002e0d  __aeabi_memcpy4                
00002e0d  __aeabi_memcpy8                
00002e0d  memcpy                         
00002ea9  __TI_closefile                 
00002f0f  fclose                         
00002f41  fputc                          
00002f41  putc                           
00002fc5  putchar                        
00002fd9  __aeabi_cdcmpeq                
00002fd9  __aeabi_cdcmple                
0000305f  __aeabi_cdrcmple               
000030e5  __aeabi_memclr                 
000030e5  __aeabi_memclr4                
000030e5  __aeabi_memclr8                
000030e7  __aeabi_memset                 
000030e7  __aeabi_memset4                
000030e7  __aeabi_memset8                
000030ed  memset                         
0000315f  _system_post_cinit             
00003161  __TI_auto_init                 
000031d9  fprintf                        
0000323d  __TI_decompress_lzss           
000032a5  __TI_writemsg                  
000032d3  C$$IO$$                        
000032d7  __TI_readmsg                   
0000330d  fseek                          
00003371  frexp                          
00003371  frexpl                         
000033d5  _c_int00                       
00003429  C$$EXIT                        
0000342d  abort                          
00003435  exit                           
0000347d  ltoa                           
000034d1  atoi                           
0000351d  copy_in                        
00003569  __aeabi_d2iz                   
000035b1  strncpy                        
000035e7  __aeabi_i2d                    
00003615  memchr                         
00003635  memccpy                        
00003651  _args_main                     
00003669  strcmp                         
00003681  strchr                         
00003699  _register_unlock               
0000369f  _register_lock                 
000036a7  _nop                           
000036ad  copysign                       
000036ad  copysignl                      
000036c1  strcpy                         
000036d5  strlen                         
000036e9  __TI_decompress_none           
000036f7  Reset_Handler                  
00003703  ADC14_IRQHandler               
00003703  AES256_IRQHandler              
00003703  BusFault_Handler               
00003703  COMP_E0_IRQHandler             
00003703  COMP_E1_IRQHandler             
00003703  CS_IRQHandler                  
00003703  DMA_ERR_IRQHandler             
00003703  DMA_INT0_IRQHandler            
00003703  DMA_INT1_IRQHandler            
00003703  DMA_INT2_IRQHandler            
00003703  DMA_INT3_IRQHandler            
00003703  DebugMon_Handler               
00003703  Default_Handler                
00003703  EUSCIA0_IRQHandler             
00003703  EUSCIA1_IRQHandler             
00003703  EUSCIA2_IRQHandler             
00003703  EUSCIA3_IRQHandler             
00003703  EUSCIB0_IRQHandler             
00003703  EUSCIB1_IRQHandler             
00003703  EUSCIB2_IRQHandler             
00003703  EUSCIB3_IRQHandler             
00003703  FLCTL_IRQHandler               
00003703  FPU_IRQHandler                 
00003703  HardFault_Handler              
00003703  MemManage_Handler              
00003703  NMI_Handler                    
00003703  PCM_IRQHandler                 
00003703  PORT1_IRQHandler               
00003703  PORT2_IRQHandler               
00003703  PORT3_IRQHandler               
00003703  PORT4_IRQHandler               
00003703  PORT5_IRQHandler               
00003703  PORT6_IRQHandler               
00003703  PSS_IRQHandler                 
00003703  PendSV_Handler                 
00003703  RTC_C_IRQHandler               
00003703  SVC_Handler                    
00003703  SysTick_Handler                
00003703  T32_INT1_IRQHandler            
00003703  T32_INT2_IRQHandler            
00003703  T32_INTC_IRQHandler            
00003703  TA0_N_IRQHandler               
00003703  TA1_0_IRQHandler               
00003703  TA1_N_IRQHandler               
00003703  TA2_0_IRQHandler               
00003703  TA2_N_IRQHandler               
00003703  TA3_0_IRQHandler               
00003703  TA3_N_IRQHandler               
00003703  UsageFault_Handler             
00003703  WDT_A_IRQHandler               
00003705  __TI_zero_init                 
00003711  _system_pre_init               
00003714  _ctypes_                       
00003890  __TI_Handler_Table_Base        
0000389c  __TI_Handler_Table_Limit       
000038a8  __TI_CINIT_Base                
000038b8  __TI_CINIT_Limit               
20000000  _sys_memory                    
20000400  _ftable                        
200005c0  __TI_ft_end                    
200005c4  __aeabi_stdin                  
200005c8  __aeabi_stdout                 
200005cc  __aeabi_stderr                 
200005d0  __TI_cleanup_ptr               
200005d4  __TI_dtors_ptr                 
200005d8  __TI_enable_exit_profile_output
200005e8  _lock                          
200005ec  _unlock                        
200005f0  GLOBAL_FREQ                    
200005f4  errno                          
200005fc  main_func_sp                   
20000600  SystemCoreClock                
20000604  __CIOBUF_                      
20000724  __TI_tmpnams                   
200007cc  base                           
200007d0  limit                          
2000fe00  __stack                        
20010000  __STACK_END                    
4000480c  WDTCTL_SYM                     
ffffffff  __TI_pprof_out_hndl            
ffffffff  __TI_prof_data_size            
ffffffff  __TI_prof_data_start           
ffffffff  __binit__                      
ffffffff  __c_args__                     
ffffffff  binit                          
UNDEFED   SHT$$INIT_ARRAY$$Base          
UNDEFED   SHT$$INIT_ARRAY$$Limit         

[201 symbols]
