******************************************************************************
                  TI ARM Linker PC v16.9.1                     
******************************************************************************
>> Linked Thu May 18 14:18:46 2017

OUTPUT FILE NAME:   <Project3.out>
ENTRY POINT SYMBOL: "_c_int00"  address: 000017c9


MEMORY CONFIGURATION

         name            origin    length      used     unused   attr    fill
----------------------  --------  ---------  --------  --------  ----  --------
  MAIN                  00000000   00040000  00001a22  0003e5de  R  X
  INFO                  00200000   00004000  00000000  00004000  R  X
  SRAM_CODE             01000000   00010000  000006b0  0000f950  RW X
  SRAM_DATA             20000000   00010000  000006b0  0000f950  RW  


SEGMENT ALLOCATION MAP

run origin  load origin   length   init length attrs members
----------  ----------- ---------- ----------- ----- -------
00000000    00000000    00001a28   00001a28    r-x
  00000000    00000000    000000e4   000000e4    r-- .intvecs
  000000e4    000000e4    000018c2   000018c2    r-x .text
  000019a6    000019a6    00000004   00000004    r-- .const
  000019b0    000019b0    00000078   00000078    r-- .cinit
20000000    20000000    000004b0   00000000    rw-
  20000000    20000000    00000400   00000000    rw- .sysmem
  20000400    20000400    00000094   00000000    rw- .data
  20000494    20000494    0000001c   00000000    rw- .bss
2000fe00    2000fe00    00000200   00000000    rw-
  2000fe00    2000fe00    00000200   00000000    rw- .stack


SECTION ALLOCATION MAP

 output                                  attributes/
section   page    origin      length       input sections
--------  ----  ----------  ----------   ----------------
.intvecs   0    00000000    000000e4     
                  00000000    000000e4     startup_msp432p401r_ccs.obj (.intvecs:retain)

.binit     0    00000000    00000000     

.text      0    000000e4    000018c2     
                  000000e4    00000af0     main.obj (.text)
                  00000bd4    000003d0     rtsv7M4_T_le_v4SPD16_eabi.lib : memory.obj (.text)
                  00000fa4    0000032c     system_msp432p401r.obj (.text)
                  000012d0    000001f8     UART.obj (.text)
                  000014c8    0000009c     rtsv7M4_T_le_v4SPD16_eabi.lib : memcpy_t2.obj (.text)
                  00001564    0000008c     ADC14.obj (.text)
                  000015f0    00000084     UART.obj (.text:set_HS_CLKS)
                  00001674    0000007a     rtsv7M4_T_le_v4SPD16_eabi.lib : memset_t2.obj (.text)
                  000016ee    00000002                                   : mpu_init.obj (.text)
                  000016f0    00000070                                   : autoinit.obj (.text)
                  00001760    00000068                                   : copy_decompress_lzss.obj (.text:decompress:lzss)
                  000017c8    00000054                                   : boot.obj (.text)
                  0000181c    00000054                                   : exit.obj (.text)
                  00001870    0000004c                                   : cpy_tbl.obj (.text)
                  000018bc    0000004c     UART.obj (.text:set48Mode)
                  00001908    00000030     UART.obj (.text:delay_us)
                  00001938    00000018     rtsv7M4_T_le_v4SPD16_eabi.lib : args_main.obj (.text)
                  00001950    00000014                                   : _lock.obj (.text)
                  00001964    00000014                                   : strlen.obj (.text)
                  00001978    0000000e                                   : copy_decompress_none.obj (.text:decompress:none)
                  00001986    0000000e     startup_msp432p401r_ccs.obj (.text)
                  00001994    0000000c     rtsv7M4_T_le_v4SPD16_eabi.lib : copy_zero_init.obj (.text:decompress:ZI)
                  000019a0    00000004                                   : pre_init.obj (.text)
                  000019a4    00000002                                   : startup.obj (.text)

.const     0    000019a6    00000004     
                  000019a6    00000004     main.obj (.const:.string:$P$T16$1)

.cinit     0    000019b0    00000078     
                  000019b0    00000053     (.cinit..data.load) [load image, compression = lzss]
                  00001a03    00000001     --HOLE-- [fill = 0]
                  00001a04    0000000c     (__TI_handler_table)
                  00001a10    00000008     (.cinit..bss.load) [load image, compression = zero_init]
                  00001a18    00000010     (__TI_cinit_table)

.init_array 
*          0    00000000    00000000     UNINITIALIZED

.sysmem    0    20000000    00000400     UNINITIALIZED
                  20000000    00000008     rtsv7M4_T_le_v4SPD16_eabi.lib : memory.obj (.sysmem)
                  20000008    000003f8     --HOLE--

.data      0    20000400    00000094     UNINITIALIZED
                  20000400    00000030     main.obj (.data)
                  20000430    00000028     UART.obj (.data:LUT_pow10$1)
                  20000458    0000000c     rtsv7M4_T_le_v4SPD16_eabi.lib : exit.obj (.data:$O1$$)
                  20000464    0000000c                                   : memory.obj (.data:$O1$$)
                  20000470    0000000c     ADC14.obj (.data)
                  2000047c    00000008     rtsv7M4_T_le_v4SPD16_eabi.lib : _lock.obj (.data:$O1$$)
                  20000484    00000008     UART.obj (.data)
                  2000048c    00000004     rtsv7M4_T_le_v4SPD16_eabi.lib : stkdepth_vars.obj (.data)
                  20000490    00000004     system_msp432p401r.obj (.data)

.bss       0    20000494    0000001c     UNINITIALIZED
                  20000494    00000008     UART.obj (.bss)
                  2000049c    00000008     (.common:V_REPORT)
                  200004a4    00000004     (.common:AC_FREQ_STATE)
                  200004a8    00000004     (.common:AC_STATE)
                  200004ac    00000004     (.common:DC_STATE)

.stack     0    2000fe00    00000200     UNINITIALIZED
                  2000fe00    00000200     --HOLE--

MODULE SUMMARY

       Module                        code   ro data   rw data
       ------                        ----   -------   -------
    .\
       main.obj                      2800   4         136    
       UART.obj                      760    0         112    
       system_msp432p401r.obj        812    0         8      
       startup_msp432p401r_ccs.obj   14     228       0      
       ADC14.obj                     140    0         24     
    +--+-----------------------------+------+---------+---------+
       Total:                        4526   232       280    
                                                             
    C:\ti\ccsv7\tools\compiler\ti-cgt-arm_16.9.1.LTS\lib\rtsv7M4_T_le_v4SPD16_eabi.lib
       memory.obj                    976    0         24     
       memcpy_t2.obj                 156    0         0      
       memset_t2.obj                 122    0         0      
       autoinit.obj                  112    0         0      
       exit.obj                      84     0         24     
       copy_decompress_lzss.obj      104    0         0      
       boot.obj                      84     0         0      
       cpy_tbl.obj                   76     0         0      
       _lock.obj                     20     0         16     
       args_main.obj                 24     0         0      
       strlen.obj                    20     0         0      
       copy_decompress_none.obj      14     0         0      
       copy_zero_init.obj            12     0         0      
       stkdepth_vars.obj             0      0         8      
       pre_init.obj                  4      0         0      
       mpu_init.obj                  2      0         0      
       startup.obj                   2      0         0      
    +--+-----------------------------+------+---------+---------+
       Total:                        1812   0         72     
                                                             
       Heap:                         0      0         2048   
       Stack:                        0      0         1024   
       Linker Generated:             0      119       0      
    +--+-----------------------------+------+---------+---------+
       Grand Total:                  6338   351       3424   


LINKER GENERATED COPY TABLES

__TI_cinit_table @ 00001a18 records: 2, size/record: 8, table size: 16
	.data: load addr=000019b0, load size=00000053 bytes, run addr=20000400, run size=00000094 bytes, compression=lzss
	.bss: load addr=00001a10, load size=00000008 bytes, run addr=20000494, run size=0000001c bytes, compression=zero_init


LINKER GENERATED HANDLER TABLE

__TI_handler_table @ 00001a04 records: 3, size/record: 4, table size: 12
	index: 0, handler: __TI_decompress_lzss
	index: 1, handler: __TI_decompress_none
	index: 2, handler: __TI_zero_init


GLOBAL SYMBOLS: SORTED ALPHABETICALLY BY Name 

address   name                           
-------   ----                           
200004a4  AC_FREQ_STATE                  
200004a8  AC_STATE                       
20000404  AC_TIMER                       
00000815  AC_freq_state_machine          
000006f5  AC_limits_state_machine        
00000675  AC_setup_calc_timer            
00000691  AC_setup_collect_timer         
00000951  AC_state_machine               
000015bb  ADC14_IRQHandler               
000015bb  ADC14_IRQHandler               
000015a1  ADC14_get_flag                 
000015af  ADC14_get_value                
00001565  ADC14_limits_init              
000015a7  ADC14_reset_flag               
00001595  ADC14_start_sample             
00001993  AES256_IRQHandler              
00001993  BusFault_Handler               
0000181d  C$$EXIT                        
00001993  COMP_E0_IRQHandler             
00001993  COMP_E1_IRQHandler             
00001993  CS_IRQHandler                  
000001a5  DAC_drive                      
0000014f  DAC_init                       
200004ac  DC_STATE                       
20000400  DC_TIMER                       
00000567  DC_setup_timer                 
000005a1  DC_state_machine               
00001993  DMA_ERR_IRQHandler             
00001993  DMA_INT0_IRQHandler            
00001993  DMA_INT1_IRQHandler            
00001993  DMA_INT2_IRQHandler            
00001993  DMA_INT3_IRQHandler            
00001993  DebugMon_Handler               
00001993  Default_Handler                
000013b9  EUSCIA0_IRQHandler             
000013b9  EUSCIA0_IRQHandler             
00001993  EUSCIA1_IRQHandler             
00001993  EUSCIA2_IRQHandler             
00001993  EUSCIA3_IRQHandler             
00001993  EUSCIB0_IRQHandler             
00001993  EUSCIB1_IRQHandler             
00001993  EUSCIB2_IRQHandler             
00001993  EUSCIB3_IRQHandler             
00001993  FLCTL_IRQHandler               
00001993  FPU_IRQHandler                 
00001993  HardFault_Handler              
00001993  MemManage_Handler              
00001993  NMI_Handler                    
00001993  PCM_IRQHandler                 
00001993  PORT1_IRQHandler               
00001993  PORT2_IRQHandler               
00001993  PORT3_IRQHandler               
00001993  PORT4_IRQHandler               
00001993  PORT5_IRQHandler               
00001993  PORT6_IRQHandler               
00001993  PSS_IRQHandler                 
00001993  PendSV_Handler                 
00001993  RTC_C_IRQHandler               
00001987  Reset_Handler                  
UNDEFED   SHT$$INIT_ARRAY$$Base          
UNDEFED   SHT$$INIT_ARRAY$$Limit         
00001993  SVC_Handler                    
00001993  SysTick_Handler                
20000490  SystemCoreClock                
00000fa5  SystemCoreClockUpdate          
00001219  SystemInit                     
00001993  T32_INT1_IRQHandler            
00001993  T32_INT2_IRQHandler            
00001993  T32_INTC_IRQHandler            
00000a61  TA0_0_IRQHandler               
00000a61  TA0_0_IRQHandler               
00001993  TA0_N_IRQHandler               
00000a73  TA1_0_IRQHandler               
00000a73  TA1_0_IRQHandler               
00001993  TA1_N_IRQHandler               
00001993  TA2_0_IRQHandler               
00001993  TA2_N_IRQHandler               
00001993  TA3_0_IRQHandler               
00001993  TA3_N_IRQHandler               
00001331  UART0_init                     
000013a5  UART_get_buffer                
000013ab  UART_get_flag                  
000013b1  UART_reset_flag                
0000141f  UART_send                      
00001471  UART_send_char                 
00001993  UsageFault_Handler             
2000049c  V_REPORT                       
4000480c  WDTCTL_SYM                     
00001993  WDT_A_IRQHandler               
20010000  __STACK_END                    
00000200  __STACK_SIZE                   
00000400  __SYSMEM_SIZE                  
00001a18  __TI_CINIT_Base                
00001a28  __TI_CINIT_Limit               
00001a04  __TI_Handler_Table_Base        
00001a10  __TI_Handler_Table_Limit       
000016f1  __TI_auto_init                 
20000458  __TI_cleanup_ptr               
00001761  __TI_decompress_lzss           
00001979  __TI_decompress_none           
2000045c  __TI_dtors_ptr                 
20000460  __TI_enable_exit_profile_output
ffffffff  __TI_pprof_out_hndl            
ffffffff  __TI_prof_data_size            
ffffffff  __TI_prof_data_start           
00000000  __TI_static_base__             
00001995  __TI_zero_init                 
00001675  __aeabi_memclr                 
00001675  __aeabi_memclr4                
00001675  __aeabi_memclr8                
000014c9  __aeabi_memcpy                 
000014c9  __aeabi_memcpy4                
000014c9  __aeabi_memcpy8                
00001677  __aeabi_memset                 
00001677  __aeabi_memset4                
00001677  __aeabi_memset8                
ffffffff  __binit__                      
ffffffff  __c_args__                     
000016ef  __mpu_init                     
2000fe00  __stack                        
00001939  _args_main                     
000017c9  _c_int00                       
2000047c  _lock                          
0000195f  _nop                           
00001957  _register_lock                 
00001951  _register_unlock               
20000000  _sys_memory                    
000019a5  _system_post_cinit             
000019a1  _system_pre_init               
20000480  _unlock                        
000012e3  a_to_i                         
00001821  abort                          
ffffffff  binit                          
0000022d  calcAdvTimer                   
0000021d  calcSimpleTimer                
00000ae9  calc_new_sample_limits         
00000f75  calloc                         
00001871  copy_in                        
00001909  delay_us                       
00001829  exit                           
00000cbf  free                           
00000217  getSysTimerValue               
00000a85  i_to_a                         
00000000  interruptVectors               
00000315  keypad_getkey                  
000002f7  keypad_init                    
00000451  main                           
2000048c  main_func_sp                   
00000c55  malloc                         
00000e89  memalign                       
000014c9  memcpy                         
0000167d  memset                         
00000bd5  minit                          
000002b9  num_to_char                    
000012d1  pow10                          
00000d81  realloc                        
000018bd  set48Mode                      
000015f1  set_HS_CLKS                    
000001ed  startSysTimer                  
00001965  strlen                         


GLOBAL SYMBOLS: SORTED BY Symbol Address 

address   name                           
-------   ----                           
00000000  __TI_static_base__             
00000000  interruptVectors               
0000014f  DAC_init                       
000001a5  DAC_drive                      
000001ed  startSysTimer                  
00000200  __STACK_SIZE                   
00000217  getSysTimerValue               
0000021d  calcSimpleTimer                
0000022d  calcAdvTimer                   
000002b9  num_to_char                    
000002f7  keypad_init                    
00000315  keypad_getkey                  
00000400  __SYSMEM_SIZE                  
00000451  main                           
00000567  DC_setup_timer                 
000005a1  DC_state_machine               
00000675  AC_setup_calc_timer            
00000691  AC_setup_collect_timer         
000006f5  AC_limits_state_machine        
00000815  AC_freq_state_machine          
00000951  AC_state_machine               
00000a61  TA0_0_IRQHandler               
00000a61  TA0_0_IRQHandler               
00000a73  TA1_0_IRQHandler               
00000a73  TA1_0_IRQHandler               
00000a85  i_to_a                         
00000ae9  calc_new_sample_limits         
00000bd5  minit                          
00000c55  malloc                         
00000cbf  free                           
00000d81  realloc                        
00000e89  memalign                       
00000f75  calloc                         
00000fa5  SystemCoreClockUpdate          
00001219  SystemInit                     
000012d1  pow10                          
000012e3  a_to_i                         
00001331  UART0_init                     
000013a5  UART_get_buffer                
000013ab  UART_get_flag                  
000013b1  UART_reset_flag                
000013b9  EUSCIA0_IRQHandler             
000013b9  EUSCIA0_IRQHandler             
0000141f  UART_send                      
00001471  UART_send_char                 
000014c9  __aeabi_memcpy                 
000014c9  __aeabi_memcpy4                
000014c9  __aeabi_memcpy8                
000014c9  memcpy                         
00001565  ADC14_limits_init              
00001595  ADC14_start_sample             
000015a1  ADC14_get_flag                 
000015a7  ADC14_reset_flag               
000015af  ADC14_get_value                
000015bb  ADC14_IRQHandler               
000015bb  ADC14_IRQHandler               
000015f1  set_HS_CLKS                    
00001675  __aeabi_memclr                 
00001675  __aeabi_memclr4                
00001675  __aeabi_memclr8                
00001677  __aeabi_memset                 
00001677  __aeabi_memset4                
00001677  __aeabi_memset8                
0000167d  memset                         
000016ef  __mpu_init                     
000016f1  __TI_auto_init                 
00001761  __TI_decompress_lzss           
000017c9  _c_int00                       
0000181d  C$$EXIT                        
00001821  abort                          
00001829  exit                           
00001871  copy_in                        
000018bd  set48Mode                      
00001909  delay_us                       
00001939  _args_main                     
00001951  _register_unlock               
00001957  _register_lock                 
0000195f  _nop                           
00001965  strlen                         
00001979  __TI_decompress_none           
00001987  Reset_Handler                  
00001993  AES256_IRQHandler              
00001993  BusFault_Handler               
00001993  COMP_E0_IRQHandler             
00001993  COMP_E1_IRQHandler             
00001993  CS_IRQHandler                  
00001993  DMA_ERR_IRQHandler             
00001993  DMA_INT0_IRQHandler            
00001993  DMA_INT1_IRQHandler            
00001993  DMA_INT2_IRQHandler            
00001993  DMA_INT3_IRQHandler            
00001993  DebugMon_Handler               
00001993  Default_Handler                
00001993  EUSCIA1_IRQHandler             
00001993  EUSCIA2_IRQHandler             
00001993  EUSCIA3_IRQHandler             
00001993  EUSCIB0_IRQHandler             
00001993  EUSCIB1_IRQHandler             
00001993  EUSCIB2_IRQHandler             
00001993  EUSCIB3_IRQHandler             
00001993  FLCTL_IRQHandler               
00001993  FPU_IRQHandler                 
00001993  HardFault_Handler              
00001993  MemManage_Handler              
00001993  NMI_Handler                    
00001993  PCM_IRQHandler                 
00001993  PORT1_IRQHandler               
00001993  PORT2_IRQHandler               
00001993  PORT3_IRQHandler               
00001993  PORT4_IRQHandler               
00001993  PORT5_IRQHandler               
00001993  PORT6_IRQHandler               
00001993  PSS_IRQHandler                 
00001993  PendSV_Handler                 
00001993  RTC_C_IRQHandler               
00001993  SVC_Handler                    
00001993  SysTick_Handler                
00001993  T32_INT1_IRQHandler            
00001993  T32_INT2_IRQHandler            
00001993  T32_INTC_IRQHandler            
00001993  TA0_N_IRQHandler               
00001993  TA1_N_IRQHandler               
00001993  TA2_0_IRQHandler               
00001993  TA2_N_IRQHandler               
00001993  TA3_0_IRQHandler               
00001993  TA3_N_IRQHandler               
00001993  UsageFault_Handler             
00001993  WDT_A_IRQHandler               
00001995  __TI_zero_init                 
000019a1  _system_pre_init               
000019a5  _system_post_cinit             
00001a04  __TI_Handler_Table_Base        
00001a10  __TI_Handler_Table_Limit       
00001a18  __TI_CINIT_Base                
00001a28  __TI_CINIT_Limit               
20000000  _sys_memory                    
20000400  DC_TIMER                       
20000404  AC_TIMER                       
20000458  __TI_cleanup_ptr               
2000045c  __TI_dtors_ptr                 
20000460  __TI_enable_exit_profile_output
2000047c  _lock                          
20000480  _unlock                        
2000048c  main_func_sp                   
20000490  SystemCoreClock                
2000049c  V_REPORT                       
200004a4  AC_FREQ_STATE                  
200004a8  AC_STATE                       
200004ac  DC_STATE                       
2000fe00  __stack                        
20010000  __STACK_END                    
4000480c  WDTCTL_SYM                     
ffffffff  __TI_pprof_out_hndl            
ffffffff  __TI_prof_data_size            
ffffffff  __TI_prof_data_start           
ffffffff  __binit__                      
ffffffff  __c_args__                     
ffffffff  binit                          
UNDEFED   SHT$$INIT_ARRAY$$Base          
UNDEFED   SHT$$INIT_ARRAY$$Limit         

[160 symbols]
