******************************************************************************
                  TI ARM Linker PC v16.9.1                     
******************************************************************************
>> Linked Fri May 19 11:24:38 2017

OUTPUT FILE NAME:   <Assignment1.out>
ENTRY POINT SYMBOL: "_c_int00"  address: 000032ad


MEMORY CONFIGURATION

         name            origin    length      used     unused   attr    fill
----------------------  --------  ---------  --------  --------  ----  --------
  MAIN                  00000000   00040000  00003785  0003c87b  R  X
  INFO                  00200000   00004000  00000000  00004000  R  X
  SRAM_CODE             01000000   00010000  000009c8  0000f638  RW X
  SRAM_DATA             20000000   00010000  000009c8  0000f638  RW  


SEGMENT ALLOCATION MAP

run origin  load origin   length   init length attrs members
----------  ----------- ---------- ----------- ----- -------
00000000    00000000    00003788   00003788    r-x
  00000000    00000000    000000e4   000000e4    r-- .intvecs
  000000e4    000000e4    00003508   00003508    r-x .text
  000035ec    000035ec    00000101   00000101    r-- .const
  000036f0    000036f0    00000098   00000098    r-- .cinit
20000000    20000000    000007c8   00000000    rw-
  20000000    20000000    00000400   00000000    rw- .sysmem
  20000400    20000400    00000200   00000000    rw- .data
  20000600    20000600    000001c8   00000000    rw- .bss
2000fe00    2000fe00    00000200   00000000    rw-
  2000fe00    2000fe00    00000200   00000000    rw- .stack


SECTION ALLOCATION MAP

 output                                  attributes/
section   page    origin      length       input sections
--------  ----  ----------  ----------   ----------------
.intvecs   0    00000000    000000e4     
                  00000000    000000e4     startup_msp432p401r_ccs.obj (.intvecs:retain)

.binit     0    00000000    00000000     

.text      0    000000e4    00003508     
                  000000e4    0000113e     rtsv7M4_T_le_v4SPD16_eabi.lib : _printfi.obj (.text)
                  00001222    00000002                                   : mpu_init.obj (.text)
                  00001224    000003d0                                   : memory.obj (.text)
                  000015f4    0000032c     system_msp432p401r.obj (.text)
                  00001920    00000324     rtsv7M4_T_le_v4SPD16_eabi.lib : trgdrv.obj (.text)
                  00001c44    0000030c                                   : lowlev.obj (.text)
                  00001f50    000001f4                                   : ull_div_t2.obj (.text)
                  00002144    000001c4                                   : fopen.obj (.text)
                  00002308    000001b6                                   : fd_add_t2.obj (.text)
                  000024be    00000002                                   : startup.obj (.text)
                  000024c0    00000170     main.obj (.text)
                  00002630    00000136     rtsv7M4_T_le_v4SPD16_eabi.lib : fd_div_t2.obj (.text)
                  00002766    00000002     --HOLE-- [fill = 0]
                  00002768    00000134                                   : fputs.obj (.text)
                  0000289c    000000fc                                   : fd_mul_t2.obj (.text)
                  00002998    000000fc                                   : s_scalbn.obj (.text)
                  00002a94    000000dc                                   : setvbuf.obj (.text)
                  00002b70    000000c8                                   : fflush.obj (.text)
                  00002c38    000000ac                                   : _io_perm.obj (.text)
                  00002ce4    0000009c                                   : memcpy_t2.obj (.text)
                  00002d80    00000098                                   : fclose.obj (.text)
                  00002e18    00000098                                   : fputc.obj (.text)
                  00002eb0    00000086                                   : fd_cmp_t2.obj (.text:__aeabi_cdcmple)
                  00002f36    00000086                                   : fd_cmp_t2.obj (.text:__aeabi_cdrcmple)
                  00002fbc    0000007a                                   : memset_t2.obj (.text)
                  00003036    00000002     --HOLE-- [fill = 0]
                  00003038    00000070                                   : autoinit.obj (.text)
                  000030a8    0000006c                                   : fprintf.obj (.text)
                  00003114    00000068                                   : copy_decompress_lzss.obj (.text:decompress:lzss)
                  0000317c    00000068                                   : trgmsg.obj (.text)
                  000031e4    00000064                                   : fseek.obj (.text)
                  00003248    00000064                                   : s_frexp.obj (.text)
                  000032ac    00000054                                   : boot.obj (.text)
                  00003300    00000054                                   : exit.obj (.text)
                  00003354    00000054                                   : ltoa.obj (.text)
                  000033a8    0000004c                                   : atoi.obj (.text)
                  000033f4    0000004c                                   : cpy_tbl.obj (.text)
                  00003440    00000048                                   : fd_toi_t2.obj (.text)
                  00003488    00000036                                   : strncpy.obj (.text)
                  000034be    0000002e                                   : i_tofd_t2.obj (.text)
                  000034ec    00000020                                   : memchr.obj (.text)
                  0000350c    0000001c                                   : memccpy.obj (.text)
                  00003528    00000018                                   : args_main.obj (.text)
                  00003540    00000018                                   : strcmp.obj (.text)
                  00003558    00000016                                   : strchr.obj (.text)
                  0000356e    00000002     --HOLE-- [fill = 0]
                  00003570    00000014                                   : _lock.obj (.text)
                  00003584    00000014                                   : s_copysign.obj (.text)
                  00003598    00000014                                   : strcpy.obj (.text)
                  000035ac    00000014                                   : strlen.obj (.text)
                  000035c0    0000000e                                   : copy_decompress_none.obj (.text:decompress:none)
                  000035ce    0000000e     startup_msp432p401r_ccs.obj (.text)
                  000035dc    0000000c     rtsv7M4_T_le_v4SPD16_eabi.lib : copy_zero_init.obj (.text:decompress:ZI)
                  000035e8    00000004                                   : pre_init.obj (.text)

.const     0    000035ec    00000101     
                  000035ec    00000101     rtsv7M4_T_le_v4SPD16_eabi.lib : ctype.obj (.const:.string:_ctypes_)

.cinit     0    000036f0    00000098     
                  000036f0    00000072     (.cinit..data.load) [load image, compression = lzss]
                  00003762    00000002     --HOLE-- [fill = 0]
                  00003764    0000000c     (__TI_handler_table)
                  00003770    00000008     (.cinit..bss.load) [load image, compression = zero_init]
                  00003778    00000010     (__TI_cinit_table)

.init_array 
*          0    00000000    00000000     UNINITIALIZED

.sysmem    0    20000000    00000400     UNINITIALIZED
                  20000000    00000008     rtsv7M4_T_le_v4SPD16_eabi.lib : memory.obj (.sysmem)
                  20000008    000003f8     --HOLE--

.data      0    20000400    00000200     UNINITIALIZED
                  20000400    000000f0     rtsv7M4_T_le_v4SPD16_eabi.lib : defs.obj (.data:_ftable)
                  200004f0    000000d0                                   : lowlev.obj (.data:$O1$$)
                  200005c0    00000010                                   : defs.obj (.data)
                  200005d0    0000000c                                   : exit.obj (.data:$O1$$)
                  200005dc    0000000c                                   : memory.obj (.data:$O1$$)
                  200005e8    00000008                                   : _lock.obj (.data:$O1$$)
                  200005f0    00000004                                   : errno.obj (.data)
                  200005f4    00000004                                   : fopen.obj (.data)
                  200005f8    00000004                                   : stkdepth_vars.obj (.data)
                  200005fc    00000004     system_msp432p401r.obj (.data)

.bss       0    20000600    000001c8     UNINITIALIZED
                  20000600    00000120     rtsv7M4_T_le_v4SPD16_eabi.lib : trgmsg.obj (.bss:_CIOBUF_)
                  20000720    000000a0     (.common:__TI_tmpnams)
                  200007c0    00000008                                   : trgdrv.obj (.bss:parmbuf)

.stack     0    2000fe00    00000200     UNINITIALIZED
                  2000fe00    00000200     --HOLE--

MODULE SUMMARY

       Module                        code    ro data   rw data
       ------                        ----    -------   -------
    .\
       system_msp432p401r.obj        812     0         8      
       main.obj                      368     0         0      
       startup_msp432p401r_ccs.obj   14      228       0      
    +--+-----------------------------+-------+---------+---------+
       Total:                        1194    228       8      
                                                              
    C:\ti\ccsv7\tools\compiler\ti-cgt-arm_16.9.1.LTS\lib\rtsv7M4_T_le_v4SPD16_eabi.lib
       _printfi.obj                  4414    0         0      
       lowlev.obj                    780     0         416    
       memory.obj                    976     0         24     
       defs.obj                      0       0         832    
       trgdrv.obj                    804     0         16     
       trgmsg.obj                    104     0         576    
       ull_div_t2.obj                500     0         0      
       fopen.obj                     452     0         8      
       fd_add_t2.obj                 438     0         0      
       fd_div_t2.obj                 310     0         0      
       fputs.obj                     308     0         0      
       fd_cmp_t2.obj                 268     0         0      
       ctype.obj                     0       257       0      
       fd_mul_t2.obj                 252     0         0      
       s_scalbn.obj                  252     0         0      
       setvbuf.obj                   220     0         0      
       fflush.obj                    200     0         0      
       _io_perm.obj                  172     0         0      
       memcpy_t2.obj                 156     0         0      
       fclose.obj                    152     0         0      
       fputc.obj                     152     0         0      
       memset_t2.obj                 122     0         0      
       autoinit.obj                  112     0         0      
       exit.obj                      84      0         24     
       fprintf.obj                   108     0         0      
       copy_decompress_lzss.obj      104     0         0      
       fseek.obj                     100     0         0      
       s_frexp.obj                   100     0         0      
       boot.obj                      84      0         0      
       ltoa.obj                      84      0         0      
       atoi.obj                      76      0         0      
       cpy_tbl.obj                   76      0         0      
       fd_toi_t2.obj                 72      0         0      
       strncpy.obj                   54      0         0      
       i_tofd_t2.obj                 46      0         0      
       _lock.obj                     20      0         16     
       memchr.obj                    32      0         0      
       memccpy.obj                   28      0         0      
       args_main.obj                 24      0         0      
       strcmp.obj                    24      0         0      
       strchr.obj                    22      0         0      
       s_copysign.obj                20      0         0      
       strcpy.obj                    20      0         0      
       strlen.obj                    20      0         0      
       copy_decompress_none.obj      14      0         0      
       copy_zero_init.obj            12      0         0      
       errno.obj                     0       0         8      
       stkdepth_vars.obj             0       0         8      
       pre_init.obj                  4       0         0      
       mpu_init.obj                  2       0         0      
       startup.obj                   2       0         0      
    +--+-----------------------------+-------+---------+---------+
       Total:                        12376   257       1928   
                                                              
       Heap:                         0       0         2048   
       Stack:                        0       0         1024   
       Linker Generated:             0       150       0      
    +--+-----------------------------+-------+---------+---------+
       Grand Total:                  13570   635       5008   


LINKER GENERATED COPY TABLES

__TI_cinit_table @ 00003778 records: 2, size/record: 8, table size: 16
	.data: load addr=000036f0, load size=00000072 bytes, run addr=20000400, run size=00000200 bytes, compression=lzss
	.bss: load addr=00003770, load size=00000008 bytes, run addr=20000600, run size=000001c8 bytes, compression=zero_init


LINKER GENERATED HANDLER TABLE

__TI_handler_table @ 00003764 records: 3, size/record: 4, table size: 12
	index: 0, handler: __TI_decompress_lzss
	index: 1, handler: __TI_decompress_none
	index: 2, handler: __TI_zero_init


GLOBAL SYMBOLS: SORTED ALPHABETICALLY BY Name 

address   name                           
-------   ----                           
000035db  ADC14_IRQHandler               
000035db  AES256_IRQHandler              
000035db  BusFault_Handler               
00003301  C$$EXIT                        
000031ab  C$$IO$$                        
000035db  COMP_E0_IRQHandler             
000035db  COMP_E1_IRQHandler             
000035db  CS_IRQHandler                  
000035db  DMA_ERR_IRQHandler             
000035db  DMA_INT0_IRQHandler            
000035db  DMA_INT1_IRQHandler            
000035db  DMA_INT2_IRQHandler            
000035db  DMA_INT3_IRQHandler            
000035db  DebugMon_Handler               
000035db  Default_Handler                
000035db  EUSCIA0_IRQHandler             
000035db  EUSCIA1_IRQHandler             
000035db  EUSCIA2_IRQHandler             
000035db  EUSCIA3_IRQHandler             
000035db  EUSCIB0_IRQHandler             
000035db  EUSCIB1_IRQHandler             
000035db  EUSCIB2_IRQHandler             
000035db  EUSCIB3_IRQHandler             
000035db  FLCTL_IRQHandler               
000035db  FPU_IRQHandler                 
00001bfb  HOSTclock                      
00001bc3  HOSTclose                      
00001b85  HOSTgetenv                     
00001b29  HOSTlseek                      
00001ad7  HOSTopen                       
00001a8b  HOSTread                       
00001a2d  HOSTrename                     
000019f3  HOSTtime                       
000019a5  HOSTtime64                     
0000196d  HOSTunlink                     
00001921  HOSTwrite                      
000035db  HardFault_Handler              
000035db  MemManage_Handler              
000035db  NMI_Handler                    
000035db  PCM_IRQHandler                 
000035db  PORT1_IRQHandler               
000035db  PORT2_IRQHandler               
000035db  PORT3_IRQHandler               
000035db  PORT4_IRQHandler               
000035db  PORT5_IRQHandler               
000035db  PORT6_IRQHandler               
000035db  PSS_IRQHandler                 
000035db  PendSV_Handler                 
000035db  RTC_C_IRQHandler               
000035cf  Reset_Handler                  
UNDEFED   SHT$$INIT_ARRAY$$Base          
UNDEFED   SHT$$INIT_ARRAY$$Limit         
000035db  SVC_Handler                    
000035db  SysTick_Handler                
200005fc  SystemCoreClock                
000015f5  SystemCoreClockUpdate          
00001869  SystemInit                     
000035db  T32_INT1_IRQHandler            
000035db  T32_INT2_IRQHandler            
000035db  T32_INTC_IRQHandler            
000035db  TA0_0_IRQHandler               
000035db  TA0_N_IRQHandler               
000035db  TA1_0_IRQHandler               
000035db  TA1_N_IRQHandler               
000035db  TA2_0_IRQHandler               
000035db  TA2_N_IRQHandler               
000035db  TA3_0_IRQHandler               
000035db  TA3_N_IRQHandler               
000035db  UsageFault_Handler             
4000480c  WDTCTL_SYM                     
000035db  WDT_A_IRQHandler               
20000600  __CIOBUF_                      
20010000  __STACK_END                    
00000200  __STACK_SIZE                   
00000400  __SYSMEM_SIZE                  
00003778  __TI_CINIT_Base                
00003788  __TI_CINIT_Limit               
00003764  __TI_Handler_Table_Base        
00003770  __TI_Handler_Table_Limit       
00003039  __TI_auto_init                 
0000220d  __TI_cleanup                   
200005d0  __TI_cleanup_ptr               
00002d81  __TI_closefile                 
00003115  __TI_decompress_lzss           
000035c1  __TI_decompress_none           
00002b71  __TI_doflush                   
200005d4  __TI_dtors_ptr                 
200005d8  __TI_enable_exit_profile_output
200005c0  __TI_ft_end                    
ffffffff  __TI_pprof_out_hndl            
00000929  __TI_printfi                   
ffffffff  __TI_prof_data_size            
ffffffff  __TI_prof_data_start           
00002c9b  __TI_rd_ok                     
000031af  __TI_readmsg                   
00000000  __TI_static_base__             
20000720  __TI_tmpnams                   
0000317d  __TI_writemsg                  
00002c39  __TI_wrt_ok                    
000035dd  __TI_zero_init                 
00002eb1  __aeabi_cdcmpeq                
00002eb1  __aeabi_cdcmple                
00002f37  __aeabi_cdrcmple               
00003441  __aeabi_d2iz                   
00002313  __aeabi_dadd                   
00002631  __aeabi_ddiv                   
0000289d  __aeabi_dmul                   
00002309  __aeabi_dsub                   
000034bf  __aeabi_i2d                    
00002fbd  __aeabi_memclr                 
00002fbd  __aeabi_memclr4                
00002fbd  __aeabi_memclr8                
00002ce5  __aeabi_memcpy                 
00002ce5  __aeabi_memcpy4                
00002ce5  __aeabi_memcpy8                
00002fbf  __aeabi_memset                 
00002fbf  __aeabi_memset4                
00002fbf  __aeabi_memset8                
200005cc  __aeabi_stderr                 
200005c4  __aeabi_stdin                  
200005c8  __aeabi_stdout                 
00001f51  __aeabi_uldivmod               
ffffffff  __binit__                      
ffffffff  __c_args__                     
00001223  __mpu_init                     
2000fe00  __stack                        
00003529  _args_main                     
000032ad  _c_int00                       
000035ec  _ctypes_                       
20000400  _ftable                        
200005e8  _lock                          
0000357f  _nop                           
00003577  _register_lock                 
00003571  _register_unlock               
20000000  _sys_memory                    
000024bf  _system_post_cinit             
000035e9  _system_pre_init               
200005ec  _unlock                        
00003305  abort                          
00001ea5  add_device                     
000033a9  atoi                           
ffffffff  binit                          
000015c5  calloc                         
00001e55  close                          
000033f5  copy_in                        
00003585  copysign                       
00003585  copysignl                      
0000253f  delayFunc                      
000024ff  delay_ms                       
00002543  delay_us                       
200005f0  errno                          
0000330d  exit                           
00002de7  fclose                         
00002bbd  fflush                         
00002263  fopen                          
000030b1  fprintf                        
00002e19  fputc                          
00002769  fputs                          
0000130f  free                           
00002239  freopen                        
00003249  frexp                          
00003249  frexpl                         
000031e5  fseek                          
00000000  interruptVectors               
00002999  ldexp                          
00002999  ldexpl                         
00001e31  lseek                          
00003355  ltoa                           
00002571  main                           
200005f8  main_func_sp                   
000012a5  malloc                         
000014d9  memalign                       
0000350d  memccpy                        
000034ed  memchr                         
00002ce5  memcpy                         
00002fc5  memset                         
00001225  minit                          
00001d83  open                           
00002e19  putc                           
00002e9d  putchar                        
00002875  puts                           
00001d5f  read                           
000013d1  realloc                        
00001cd5  remove                         
00001d37  remove_device                  
00001cf9  rename                         
00002999  scalbn                         
00002999  scalbnl                        
000024c1  setDC0                         
00002a95  setvbuf                        
00003559  strchr                         
00003541  strcmp                         
00003599  strcpy                         
000035ad  strlen                         
00003489  strncpy                        
00001cd5  unlink                         
00001c45  write                          


GLOBAL SYMBOLS: SORTED BY Symbol Address 

address   name                           
-------   ----                           
00000000  __TI_static_base__             
00000000  interruptVectors               
00000200  __STACK_SIZE                   
00000400  __SYSMEM_SIZE                  
00000929  __TI_printfi                   
00001223  __mpu_init                     
00001225  minit                          
000012a5  malloc                         
0000130f  free                           
000013d1  realloc                        
000014d9  memalign                       
000015c5  calloc                         
000015f5  SystemCoreClockUpdate          
00001869  SystemInit                     
00001921  HOSTwrite                      
0000196d  HOSTunlink                     
000019a5  HOSTtime64                     
000019f3  HOSTtime                       
00001a2d  HOSTrename                     
00001a8b  HOSTread                       
00001ad7  HOSTopen                       
00001b29  HOSTlseek                      
00001b85  HOSTgetenv                     
00001bc3  HOSTclose                      
00001bfb  HOSTclock                      
00001c45  write                          
00001cd5  remove                         
00001cd5  unlink                         
00001cf9  rename                         
00001d37  remove_device                  
00001d5f  read                           
00001d83  open                           
00001e31  lseek                          
00001e55  close                          
00001ea5  add_device                     
00001f51  __aeabi_uldivmod               
0000220d  __TI_cleanup                   
00002239  freopen                        
00002263  fopen                          
00002309  __aeabi_dsub                   
00002313  __aeabi_dadd                   
000024bf  _system_post_cinit             
000024c1  setDC0                         
000024ff  delay_ms                       
0000253f  delayFunc                      
00002543  delay_us                       
00002571  main                           
00002631  __aeabi_ddiv                   
00002769  fputs                          
00002875  puts                           
0000289d  __aeabi_dmul                   
00002999  ldexp                          
00002999  ldexpl                         
00002999  scalbn                         
00002999  scalbnl                        
00002a95  setvbuf                        
00002b71  __TI_doflush                   
00002bbd  fflush                         
00002c39  __TI_wrt_ok                    
00002c9b  __TI_rd_ok                     
00002ce5  __aeabi_memcpy                 
00002ce5  __aeabi_memcpy4                
00002ce5  __aeabi_memcpy8                
00002ce5  memcpy                         
00002d81  __TI_closefile                 
00002de7  fclose                         
00002e19  fputc                          
00002e19  putc                           
00002e9d  putchar                        
00002eb1  __aeabi_cdcmpeq                
00002eb1  __aeabi_cdcmple                
00002f37  __aeabi_cdrcmple               
00002fbd  __aeabi_memclr                 
00002fbd  __aeabi_memclr4                
00002fbd  __aeabi_memclr8                
00002fbf  __aeabi_memset                 
00002fbf  __aeabi_memset4                
00002fbf  __aeabi_memset8                
00002fc5  memset                         
00003039  __TI_auto_init                 
000030b1  fprintf                        
00003115  __TI_decompress_lzss           
0000317d  __TI_writemsg                  
000031ab  C$$IO$$                        
000031af  __TI_readmsg                   
000031e5  fseek                          
00003249  frexp                          
00003249  frexpl                         
000032ad  _c_int00                       
00003301  C$$EXIT                        
00003305  abort                          
0000330d  exit                           
00003355  ltoa                           
000033a9  atoi                           
000033f5  copy_in                        
00003441  __aeabi_d2iz                   
00003489  strncpy                        
000034bf  __aeabi_i2d                    
000034ed  memchr                         
0000350d  memccpy                        
00003529  _args_main                     
00003541  strcmp                         
00003559  strchr                         
00003571  _register_unlock               
00003577  _register_lock                 
0000357f  _nop                           
00003585  copysign                       
00003585  copysignl                      
00003599  strcpy                         
000035ad  strlen                         
000035c1  __TI_decompress_none           
000035cf  Reset_Handler                  
000035db  ADC14_IRQHandler               
000035db  AES256_IRQHandler              
000035db  BusFault_Handler               
000035db  COMP_E0_IRQHandler             
000035db  COMP_E1_IRQHandler             
000035db  CS_IRQHandler                  
000035db  DMA_ERR_IRQHandler             
000035db  DMA_INT0_IRQHandler            
000035db  DMA_INT1_IRQHandler            
000035db  DMA_INT2_IRQHandler            
000035db  DMA_INT3_IRQHandler            
000035db  DebugMon_Handler               
000035db  Default_Handler                
000035db  EUSCIA0_IRQHandler             
000035db  EUSCIA1_IRQHandler             
000035db  EUSCIA2_IRQHandler             
000035db  EUSCIA3_IRQHandler             
000035db  EUSCIB0_IRQHandler             
000035db  EUSCIB1_IRQHandler             
000035db  EUSCIB2_IRQHandler             
000035db  EUSCIB3_IRQHandler             
000035db  FLCTL_IRQHandler               
000035db  FPU_IRQHandler                 
000035db  HardFault_Handler              
000035db  MemManage_Handler              
000035db  NMI_Handler                    
000035db  PCM_IRQHandler                 
000035db  PORT1_IRQHandler               
000035db  PORT2_IRQHandler               
000035db  PORT3_IRQHandler               
000035db  PORT4_IRQHandler               
000035db  PORT5_IRQHandler               
000035db  PORT6_IRQHandler               
000035db  PSS_IRQHandler                 
000035db  PendSV_Handler                 
000035db  RTC_C_IRQHandler               
000035db  SVC_Handler                    
000035db  SysTick_Handler                
000035db  T32_INT1_IRQHandler            
000035db  T32_INT2_IRQHandler            
000035db  T32_INTC_IRQHandler            
000035db  TA0_0_IRQHandler               
000035db  TA0_N_IRQHandler               
000035db  TA1_0_IRQHandler               
000035db  TA1_N_IRQHandler               
000035db  TA2_0_IRQHandler               
000035db  TA2_N_IRQHandler               
000035db  TA3_0_IRQHandler               
000035db  TA3_N_IRQHandler               
000035db  UsageFault_Handler             
000035db  WDT_A_IRQHandler               
000035dd  __TI_zero_init                 
000035e9  _system_pre_init               
000035ec  _ctypes_                       
00003764  __TI_Handler_Table_Base        
00003770  __TI_Handler_Table_Limit       
00003778  __TI_CINIT_Base                
00003788  __TI_CINIT_Limit               
20000000  _sys_memory                    
20000400  _ftable                        
200005c0  __TI_ft_end                    
200005c4  __aeabi_stdin                  
200005c8  __aeabi_stdout                 
200005cc  __aeabi_stderr                 
200005d0  __TI_cleanup_ptr               
200005d4  __TI_dtors_ptr                 
200005d8  __TI_enable_exit_profile_output
200005e8  _lock                          
200005ec  _unlock                        
200005f0  errno                          
200005f8  main_func_sp                   
200005fc  SystemCoreClock                
20000600  __CIOBUF_                      
20000720  __TI_tmpnams                   
2000fe00  __stack                        
20010000  __STACK_END                    
4000480c  WDTCTL_SYM                     
ffffffff  __TI_pprof_out_hndl            
ffffffff  __TI_prof_data_size            
ffffffff  __TI_prof_data_start           
ffffffff  __binit__                      
ffffffff  __c_args__                     
ffffffff  binit                          
UNDEFED   SHT$$INIT_ARRAY$$Base          
UNDEFED   SHT$$INIT_ARRAY$$Limit         

[197 symbols]
