******************************************************************************
                  TI ARM Linker PC v16.9.1                     
******************************************************************************
>> Linked Sat Jun 03 13:14:13 2017

OUTPUT FILE NAME:   <Final_Project.out>
ENTRY POINT SYMBOL: "_c_int00"  address: 00002d65


MEMORY CONFIGURATION

         name            origin    length      used     unused   attr    fill
----------------------  --------  ---------  --------  --------  ----  --------
  MAIN                  00000000   00040000  00003221  0003cddf  R  X
  INFO                  00200000   00004000  00000000  00004000  R  X
  SRAM_CODE             01000000   00010000  000006cc  0000f934  RW X
  SRAM_DATA             20000000   00010000  000006cc  0000f934  RW  


SEGMENT ALLOCATION MAP

run origin  load origin   length   init length attrs members
----------  ----------- ---------- ----------- ----- -------
00000000    00000000    00003228   00003228    r-x
  00000000    00000000    000000e4   000000e4    r-- .intvecs
  000000e4    000000e4    00002fcc   00002fcc    r-x .text
  000030b0    000030b0    00000101   00000101    r-- .const
  000031b8    000031b8    00000070   00000070    r-- .cinit
20000000    20000000    000004cc   00000000    rw-
  20000000    20000000    00000400   00000000    rw- .sysmem
  20000400    20000400    00000090   00000000    rw- .data
  20000490    20000490    0000003c   00000000    rw- .bss
2000fe00    2000fe00    00000200   00000000    rw-
  2000fe00    2000fe00    00000200   00000000    rw- .stack


SECTION ALLOCATION MAP

 output                                  attributes/
section   page    origin      length       input sections
--------  ----  ----------  ----------   ----------------
.intvecs   0    00000000    000000e4     
                  00000000    000000e4     startup_msp432p401r_ccs.obj (.intvecs:retain)

.binit     0    00000000    00000000     

.text      0    000000e4    00002fcc     
                  000000e4    0000113e     rtsv7M4_T_le_v4SPD16_eabi.lib : _printfi.obj (.text)
                  00001222    00000002                                   : mpu_init.obj (.text)
                  00001224    00000710     main.obj (.text)
                  00001934    000003d0     rtsv7M4_T_le_v4SPD16_eabi.lib : memory.obj (.text)
                  00001d04    0000032c     system_msp432p401r.obj (.text)
                  00002030    00000218     UART.obj (.text)
                  00002248    000001f4     rtsv7M4_T_le_v4SPD16_eabi.lib : ull_div_t2.obj (.text)
                  0000243c    000001b6                                   : fd_add_t2.obj (.text)
                  000025f2    00000136                                   : fd_div_t2.obj (.text)
                  00002728    000000fc                                   : fd_mul_t2.obj (.text)
                  00002824    000000fc                                   : s_scalbn.obj (.text)
                  00002920    0000009c                                   : memcpy_t2.obj (.text)
                  000029bc    00000086                                   : fd_cmp_t2.obj (.text:__aeabi_cdcmple)
                  00002a42    00000086                                   : fd_cmp_t2.obj (.text:__aeabi_cdrcmple)
                  00002ac8    00000084     UART.obj (.text:set_HS_CLKS)
                  00002b4c    0000007a     rtsv7M4_T_le_v4SPD16_eabi.lib : memset_t2.obj (.text)
                  00002bc6    00000002                                   : startup.obj (.text)
                  00002bc8    00000070                                   : autoinit.obj (.text)
                  00002c38    00000068                                   : copy_decompress_lzss.obj (.text:decompress:lzss)
                  00002ca0    00000064                                   : s_frexp.obj (.text)
                  00002d04    00000060                                   : sprintf.obj (.text)
                  00002d64    00000054                                   : boot.obj (.text)
                  00002db8    00000054                                   : exit.obj (.text)
                  00002e0c    00000054                                   : ltoa.obj (.text)
                  00002e60    0000004c                                   : atoi.obj (.text)
                  00002eac    0000004c                                   : cpy_tbl.obj (.text)
                  00002ef8    0000004c     UART.obj (.text:set48Mode)
                  00002f44    00000048     rtsv7M4_T_le_v4SPD16_eabi.lib : fd_toi_t2.obj (.text)
                  00002f8c    00000040     UART.obj (.text:delay_ms)
                  00002fcc    0000002e     rtsv7M4_T_le_v4SPD16_eabi.lib : i_tofd_t2.obj (.text)
                  00002ffa    0000001c                                   : memccpy.obj (.text)
                  00003016    00000002     --HOLE-- [fill = 0]
                  00003018    00000018                                   : args_main.obj (.text)
                  00003030    00000016                                   : strchr.obj (.text)
                  00003046    00000002     --HOLE-- [fill = 0]
                  00003048    00000014                                   : _lock.obj (.text)
                  0000305c    00000014                                   : s_copysign.obj (.text)
                  00003070    00000014                                   : strlen.obj (.text)
                  00003084    0000000e                                   : copy_decompress_none.obj (.text:decompress:none)
                  00003092    0000000e     startup_msp432p401r_ccs.obj (.text)
                  000030a0    0000000c     rtsv7M4_T_le_v4SPD16_eabi.lib : copy_zero_init.obj (.text:decompress:ZI)
                  000030ac    00000004                                   : pre_init.obj (.text)

.const     0    000030b0    00000101     
                  000030b0    00000101     rtsv7M4_T_le_v4SPD16_eabi.lib : ctype.obj (.const:.string:_ctypes_)

.cinit     0    000031b8    00000070     
                  000031b8    0000004c     (.cinit..data.load) [load image, compression = lzss]
                  00003204    0000000c     (__TI_handler_table)
                  00003210    00000008     (.cinit..bss.load) [load image, compression = zero_init]
                  00003218    00000010     (__TI_cinit_table)

.init_array 
*          0    00000000    00000000     UNINITIALIZED

.sysmem    0    20000000    00000400     UNINITIALIZED
                  20000000    00000008     rtsv7M4_T_le_v4SPD16_eabi.lib : memory.obj (.sysmem)
                  20000008    000003f8     --HOLE--

.data      0    20000400    00000090     UNINITIALIZED
                  20000400    00000028     UART.obj (.data:LUT_pow10$1)
                  20000428    00000028     main.obj (.data:LUT_pow10$1)
                  20000450    0000000c     rtsv7M4_T_le_v4SPD16_eabi.lib : exit.obj (.data:$O1$$)
                  2000045c    0000000c                                   : memory.obj (.data:$O1$$)
                  20000468    0000000c     main.obj (.data:distances)
                  20000474    00000008     rtsv7M4_T_le_v4SPD16_eabi.lib : _lock.obj (.data:$O1$$)
                  2000047c    00000008     UART.obj (.data)
                  20000484    00000004     rtsv7M4_T_le_v4SPD16_eabi.lib : errno.obj (.data)
                  20000488    00000004                                   : stkdepth_vars.obj (.data)
                  2000048c    00000004     system_msp432p401r.obj (.data)

.bss       0    20000490    0000003c     UNINITIALIZED
                  20000490    00000034     (.common:V_REPORT)
                  200004c4    00000008     UART.obj (.bss)

.stack     0    2000fe00    00000200     UNINITIALIZED
                  2000fe00    00000200     --HOLE--

MODULE SUMMARY

       Module                        code    ro data   rw data
       ------                        ----    -------   -------
    .\
       main.obj                      1808    0         208    
       UART.obj                      808     0         112    
       system_msp432p401r.obj        812     0         8      
       startup_msp432p401r_ccs.obj   14      228       0      
    +--+-----------------------------+-------+---------+---------+
       Total:                        3442    228       328    
                                                              
    C:\ti\ccsv7\tools\compiler\ti-cgt-arm_16.9.1.LTS\lib\rtsv7M4_T_le_v4SPD16_eabi.lib
       _printfi.obj                  4414    0         0      
       memory.obj                    976     0         24     
       ull_div_t2.obj                500     0         0      
       fd_add_t2.obj                 438     0         0      
       fd_div_t2.obj                 310     0         0      
       fd_cmp_t2.obj                 268     0         0      
       ctype.obj                     0       257       0      
       fd_mul_t2.obj                 252     0         0      
       s_scalbn.obj                  252     0         0      
       memcpy_t2.obj                 156     0         0      
       memset_t2.obj                 122     0         0      
       autoinit.obj                  112     0         0      
       exit.obj                      84      0         24     
       copy_decompress_lzss.obj      104     0         0      
       s_frexp.obj                   100     0         0      
       sprintf.obj                   96      0         0      
       boot.obj                      84      0         0      
       ltoa.obj                      84      0         0      
       atoi.obj                      76      0         0      
       cpy_tbl.obj                   76      0         0      
       fd_toi_t2.obj                 72      0         0      
       i_tofd_t2.obj                 46      0         0      
       _lock.obj                     20      0         16     
       memccpy.obj                   28      0         0      
       args_main.obj                 24      0         0      
       strchr.obj                    22      0         0      
       s_copysign.obj                20      0         0      
       strlen.obj                    20      0         0      
       copy_decompress_none.obj      14      0         0      
       copy_zero_init.obj            12      0         0      
       errno.obj                     0       0         8      
       stkdepth_vars.obj             0       0         8      
       pre_init.obj                  4       0         0      
       mpu_init.obj                  2       0         0      
       startup.obj                   2       0         0      
    +--+-----------------------------+-------+---------+---------+
       Total:                        8790    257       80     
                                                              
       Heap:                         0       0         2048   
       Stack:                        0       0         1024   
       Linker Generated:             0       112       0      
    +--+-----------------------------+-------+---------+---------+
       Grand Total:                  12232   597       3480   


LINKER GENERATED COPY TABLES

__TI_cinit_table @ 00003218 records: 2, size/record: 8, table size: 16
	.data: load addr=000031b8, load size=0000004c bytes, run addr=20000400, run size=00000090 bytes, compression=lzss
	.bss: load addr=00003210, load size=00000008 bytes, run addr=20000490, run size=0000003c bytes, compression=zero_init


LINKER GENERATED HANDLER TABLE

__TI_handler_table @ 00003204 records: 3, size/record: 4, table size: 12
	index: 0, handler: __TI_decompress_lzss
	index: 1, handler: __TI_decompress_none
	index: 2, handler: __TI_zero_init


GLOBAL SYMBOLS: SORTED ALPHABETICALLY BY Name 

address   name                           
-------   ----                           
0000309f  ADC14_IRQHandler               
0000309f  AES256_IRQHandler              
0000309f  BusFault_Handler               
00002db9  C$$EXIT                        
0000309f  COMP_E0_IRQHandler             
0000309f  COMP_E1_IRQHandler             
0000309f  CS_IRQHandler                  
0000309f  DMA_ERR_IRQHandler             
0000309f  DMA_INT0_IRQHandler            
0000309f  DMA_INT1_IRQHandler            
0000309f  DMA_INT2_IRQHandler            
0000309f  DMA_INT3_IRQHandler            
0000309f  DebugMon_Handler               
0000309f  Default_Handler                
0000211d  EUSCIA0_IRQHandler             
0000211d  EUSCIA0_IRQHandler             
0000309f  EUSCIA1_IRQHandler             
0000309f  EUSCIA2_IRQHandler             
0000309f  EUSCIA3_IRQHandler             
0000309f  EUSCIB0_IRQHandler             
0000309f  EUSCIB1_IRQHandler             
0000309f  EUSCIB2_IRQHandler             
0000309f  EUSCIB3_IRQHandler             
0000309f  FLCTL_IRQHandler               
0000309f  FPU_IRQHandler                 
0000309f  HardFault_Handler              
0000309f  MemManage_Handler              
0000309f  NMI_Handler                    
0000309f  PCM_IRQHandler                 
0000309f  PORT1_IRQHandler               
0000309f  PORT2_IRQHandler               
0000309f  PORT3_IRQHandler               
0000309f  PORT4_IRQHandler               
0000309f  PORT5_IRQHandler               
0000309f  PORT6_IRQHandler               
0000309f  PSS_IRQHandler                 
0000309f  PendSV_Handler                 
0000309f  RTC_C_IRQHandler               
00003093  Reset_Handler                  
UNDEFED   SHT$$INIT_ARRAY$$Base          
UNDEFED   SHT$$INIT_ARRAY$$Limit         
0000309f  SVC_Handler                    
0000309f  SysTick_Handler                
2000048c  SystemCoreClock                
00001d05  SystemCoreClockUpdate          
00001f79  SystemInit                     
0000309f  T32_INT1_IRQHandler            
0000309f  T32_INT2_IRQHandler            
0000309f  T32_INTC_IRQHandler            
0000309f  TA0_0_IRQHandler               
0000309f  TA0_N_IRQHandler               
0000309f  TA1_0_IRQHandler               
0000309f  TA1_N_IRQHandler               
0000309f  TA2_0_IRQHandler               
0000309f  TA2_N_IRQHandler               
0000309f  TA3_0_IRQHandler               
0000309f  TA3_N_IRQHandler               
00002091  UART0_init                     
00002109  UART_get_buffer                
0000210f  UART_get_flag                  
00002115  UART_reset_flag                
00002183  UART_send                      
000021b3  UART_send_VT100                
000021f1  UART_send_char                 
0000309f  UsageFault_Handler             
20000490  V_REPORT                       
4000480c  WDTCTL_SYM                     
0000309f  WDT_A_IRQHandler               
20010000  __STACK_END                    
00000200  __STACK_SIZE                   
00000400  __SYSMEM_SIZE                  
00003218  __TI_CINIT_Base                
00003228  __TI_CINIT_Limit               
00003204  __TI_Handler_Table_Base        
00003210  __TI_Handler_Table_Limit       
00002bc9  __TI_auto_init                 
20000450  __TI_cleanup_ptr               
00002c39  __TI_decompress_lzss           
00003085  __TI_decompress_none           
20000454  __TI_dtors_ptr                 
20000458  __TI_enable_exit_profile_output
ffffffff  __TI_pprof_out_hndl            
00000929  __TI_printfi                   
ffffffff  __TI_prof_data_size            
ffffffff  __TI_prof_data_start           
00000000  __TI_static_base__             
000030a1  __TI_zero_init                 
000029bd  __aeabi_cdcmpeq                
000029bd  __aeabi_cdcmple                
00002a43  __aeabi_cdrcmple               
00002f45  __aeabi_d2iz                   
00002447  __aeabi_dadd                   
000025f3  __aeabi_ddiv                   
00002729  __aeabi_dmul                   
0000243d  __aeabi_dsub                   
00002fcd  __aeabi_i2d                    
00002b4d  __aeabi_memclr                 
00002b4d  __aeabi_memclr4                
00002b4d  __aeabi_memclr8                
00002921  __aeabi_memcpy                 
00002921  __aeabi_memcpy4                
00002921  __aeabi_memcpy8                
00002b4f  __aeabi_memset                 
00002b4f  __aeabi_memset4                
00002b4f  __aeabi_memset8                
00002249  __aeabi_uldivmod               
ffffffff  __binit__                      
ffffffff  __c_args__                     
00001223  __mpu_init                     
2000fe00  __stack                        
00003019  _args_main                     
00002d65  _c_int00                       
000030b0  _ctypes_                       
20000474  _lock                          
00003057  _nop                           
0000304f  _register_lock                 
00003049  _register_unlock               
20000000  _sys_memory                    
00002bc7  _system_post_cinit             
000030ad  _system_pre_init               
20000478  _unlock                        
00002043  a_to_i                         
00002dbd  abort                          
00002e61  atoi                           
ffffffff  binit                          
00001cd5  calloc                         
00002ead  copy_in                        
0000305d  copysign                       
0000305d  copysignl                      
00002f8d  delay_ms                       
20000468  distances                      
20000484  errno                          
00002dc5  exit                           
00001a1f  free                           
00002ca1  frexp                          
00002ca1  frexpl                         
00001739  get_distance                   
00000000  interruptVectors               
00001853  ipow10                         
00002825  ldexp                          
00002825  ldexpl                         
00002e0d  ltoa                           
00001225  main                           
20000488  main_func_sp                   
000019b5  malloc                         
00001be9  memalign                       
00002ffb  memccpy                        
00002921  memcpy                         
00002b55  memset                         
00001935  minit                          
00002031  pow10                          
00001629  print_graphs                   
00001ae1  realloc                        
00002825  scalbn                         
00002825  scalbnl                        
00002ef9  set48Mode                      
00002ac9  set_HS_CLKS                    
00001461  set_notes                      
00002d05  sprintf                        
00003031  strchr                         
00003071  strlen                         


GLOBAL SYMBOLS: SORTED BY Symbol Address 

address   name                           
-------   ----                           
00000000  __TI_static_base__             
00000000  interruptVectors               
00000200  __STACK_SIZE                   
00000400  __SYSMEM_SIZE                  
00000929  __TI_printfi                   
00001223  __mpu_init                     
00001225  main                           
00001461  set_notes                      
00001629  print_graphs                   
00001739  get_distance                   
00001853  ipow10                         
00001935  minit                          
000019b5  malloc                         
00001a1f  free                           
00001ae1  realloc                        
00001be9  memalign                       
00001cd5  calloc                         
00001d05  SystemCoreClockUpdate          
00001f79  SystemInit                     
00002031  pow10                          
00002043  a_to_i                         
00002091  UART0_init                     
00002109  UART_get_buffer                
0000210f  UART_get_flag                  
00002115  UART_reset_flag                
0000211d  EUSCIA0_IRQHandler             
0000211d  EUSCIA0_IRQHandler             
00002183  UART_send                      
000021b3  UART_send_VT100                
000021f1  UART_send_char                 
00002249  __aeabi_uldivmod               
0000243d  __aeabi_dsub                   
00002447  __aeabi_dadd                   
000025f3  __aeabi_ddiv                   
00002729  __aeabi_dmul                   
00002825  ldexp                          
00002825  ldexpl                         
00002825  scalbn                         
00002825  scalbnl                        
00002921  __aeabi_memcpy                 
00002921  __aeabi_memcpy4                
00002921  __aeabi_memcpy8                
00002921  memcpy                         
000029bd  __aeabi_cdcmpeq                
000029bd  __aeabi_cdcmple                
00002a43  __aeabi_cdrcmple               
00002ac9  set_HS_CLKS                    
00002b4d  __aeabi_memclr                 
00002b4d  __aeabi_memclr4                
00002b4d  __aeabi_memclr8                
00002b4f  __aeabi_memset                 
00002b4f  __aeabi_memset4                
00002b4f  __aeabi_memset8                
00002b55  memset                         
00002bc7  _system_post_cinit             
00002bc9  __TI_auto_init                 
00002c39  __TI_decompress_lzss           
00002ca1  frexp                          
00002ca1  frexpl                         
00002d05  sprintf                        
00002d65  _c_int00                       
00002db9  C$$EXIT                        
00002dbd  abort                          
00002dc5  exit                           
00002e0d  ltoa                           
00002e61  atoi                           
00002ead  copy_in                        
00002ef9  set48Mode                      
00002f45  __aeabi_d2iz                   
00002f8d  delay_ms                       
00002fcd  __aeabi_i2d                    
00002ffb  memccpy                        
00003019  _args_main                     
00003031  strchr                         
00003049  _register_unlock               
0000304f  _register_lock                 
00003057  _nop                           
0000305d  copysign                       
0000305d  copysignl                      
00003071  strlen                         
00003085  __TI_decompress_none           
00003093  Reset_Handler                  
0000309f  ADC14_IRQHandler               
0000309f  AES256_IRQHandler              
0000309f  BusFault_Handler               
0000309f  COMP_E0_IRQHandler             
0000309f  COMP_E1_IRQHandler             
0000309f  CS_IRQHandler                  
0000309f  DMA_ERR_IRQHandler             
0000309f  DMA_INT0_IRQHandler            
0000309f  DMA_INT1_IRQHandler            
0000309f  DMA_INT2_IRQHandler            
0000309f  DMA_INT3_IRQHandler            
0000309f  DebugMon_Handler               
0000309f  Default_Handler                
0000309f  EUSCIA1_IRQHandler             
0000309f  EUSCIA2_IRQHandler             
0000309f  EUSCIA3_IRQHandler             
0000309f  EUSCIB0_IRQHandler             
0000309f  EUSCIB1_IRQHandler             
0000309f  EUSCIB2_IRQHandler             
0000309f  EUSCIB3_IRQHandler             
0000309f  FLCTL_IRQHandler               
0000309f  FPU_IRQHandler                 
0000309f  HardFault_Handler              
0000309f  MemManage_Handler              
0000309f  NMI_Handler                    
0000309f  PCM_IRQHandler                 
0000309f  PORT1_IRQHandler               
0000309f  PORT2_IRQHandler               
0000309f  PORT3_IRQHandler               
0000309f  PORT4_IRQHandler               
0000309f  PORT5_IRQHandler               
0000309f  PORT6_IRQHandler               
0000309f  PSS_IRQHandler                 
0000309f  PendSV_Handler                 
0000309f  RTC_C_IRQHandler               
0000309f  SVC_Handler                    
0000309f  SysTick_Handler                
0000309f  T32_INT1_IRQHandler            
0000309f  T32_INT2_IRQHandler            
0000309f  T32_INTC_IRQHandler            
0000309f  TA0_0_IRQHandler               
0000309f  TA0_N_IRQHandler               
0000309f  TA1_0_IRQHandler               
0000309f  TA1_N_IRQHandler               
0000309f  TA2_0_IRQHandler               
0000309f  TA2_N_IRQHandler               
0000309f  TA3_0_IRQHandler               
0000309f  TA3_N_IRQHandler               
0000309f  UsageFault_Handler             
0000309f  WDT_A_IRQHandler               
000030a1  __TI_zero_init                 
000030ad  _system_pre_init               
000030b0  _ctypes_                       
00003204  __TI_Handler_Table_Base        
00003210  __TI_Handler_Table_Limit       
00003218  __TI_CINIT_Base                
00003228  __TI_CINIT_Limit               
20000000  _sys_memory                    
20000450  __TI_cleanup_ptr               
20000454  __TI_dtors_ptr                 
20000458  __TI_enable_exit_profile_output
20000468  distances                      
20000474  _lock                          
20000478  _unlock                        
20000484  errno                          
20000488  main_func_sp                   
2000048c  SystemCoreClock                
20000490  V_REPORT                       
2000fe00  __stack                        
20010000  __STACK_END                    
4000480c  WDTCTL_SYM                     
ffffffff  __TI_pprof_out_hndl            
ffffffff  __TI_prof_data_size            
ffffffff  __TI_prof_data_start           
ffffffff  __binit__                      
ffffffff  __c_args__                     
ffffffff  binit                          
UNDEFED   SHT$$INIT_ARRAY$$Base          
UNDEFED   SHT$$INIT_ARRAY$$Limit         

[161 symbols]
