******************************************************************************
                  TI ARM Linker PC v16.9.1                     
******************************************************************************
>> Linked Thu Apr 20 17:50:37 2017

OUTPUT FILE NAME:   <Assignment4.out>
ENTRY POINT SYMBOL: "_c_int00"  address: 00003475


MEMORY CONFIGURATION

         name            origin    length      used     unused   attr    fill
----------------------  --------  ---------  --------  --------  ----  --------
  MAIN                  00000000   00040000  00003955  0003c6ab  R  X
  INFO                  00200000   00004000  00000000  00004000  R  X
  SRAM_CODE             01000000   00010000  000009dc  0000f624  RW X
  SRAM_DATA             20000000   00010000  000009dc  0000f624  RW  


SEGMENT ALLOCATION MAP

run origin  load origin   length   init length attrs members
----------  ----------- ---------- ----------- ----- -------
00000000    00000000    00003958   00003958    r-x
  00000000    00000000    000000e4   000000e4    r-- .intvecs
  000000e4    000000e4    000036d0   000036d0    r-x .text
  000037b4    000037b4    00000101   00000101    r-- .const
  000038b8    000038b8    000000a0   000000a0    r-- .cinit
20000000    20000000    000007dc   00000000    rw-
  20000000    20000000    00000400   00000000    rw- .sysmem
  20000400    20000400    00000204   00000000    rw- .data
  20000604    20000604    000001d8   00000000    rw- .bss
2000fe00    2000fe00    00000200   00000000    rw-
  2000fe00    2000fe00    00000200   00000000    rw- .stack


SECTION ALLOCATION MAP

 output                                  attributes/
section   page    origin      length       input sections
--------  ----  ----------  ----------   ----------------
.intvecs   0    00000000    000000e4     
                  00000000    000000e4     startup_msp432p401r_ccs.obj (.intvecs:retain)

.binit     0    00000000    00000000     

.text      0    000000e4    000036d0     
                  000000e4    0000113e     rtsv7M4_T_le_v4SPD16_eabi.lib : _printfi.obj (.text)
                  00001222    00000002                                   : mpu_init.obj (.text)
                  00001224    000003d0                                   : memory.obj (.text)
                  000015f4    0000033c     main.obj (.text)
                  00001930    0000032c     system_msp432p401r.obj (.text)
                  00001c5c    00000324     rtsv7M4_T_le_v4SPD16_eabi.lib : trgdrv.obj (.text)
                  00001f80    0000030c                                   : lowlev.obj (.text)
                  0000228c    000001f4                                   : ull_div_t2.obj (.text)
                  00002480    000001c4                                   : fopen.obj (.text)
                  00002644    000001b6                                   : fd_add_t2.obj (.text)
                  000027fa    00000136                                   : fd_div_t2.obj (.text)
                  00002930    00000134                                   : fputs.obj (.text)
                  00002a64    000000fc                                   : fd_mul_t2.obj (.text)
                  00002b60    000000fc                                   : s_scalbn.obj (.text)
                  00002c5c    000000dc                                   : setvbuf.obj (.text)
                  00002d38    000000c8                                   : fflush.obj (.text)
                  00002e00    000000ac                                   : _io_perm.obj (.text)
                  00002eac    0000009c                                   : memcpy_t2.obj (.text)
                  00002f48    00000098                                   : fclose.obj (.text)
                  00002fe0    00000098                                   : fputc.obj (.text)
                  00003078    00000086                                   : fd_cmp_t2.obj (.text:__aeabi_cdcmple)
                  000030fe    00000086                                   : fd_cmp_t2.obj (.text:__aeabi_cdrcmple)
                  00003184    0000007a                                   : memset_t2.obj (.text)
                  000031fe    00000002                                   : startup.obj (.text)
                  00003200    00000070                                   : autoinit.obj (.text)
                  00003270    0000006c                                   : fprintf.obj (.text)
                  000032dc    00000068                                   : copy_decompress_lzss.obj (.text:decompress:lzss)
                  00003344    00000068                                   : trgmsg.obj (.text)
                  000033ac    00000064                                   : fseek.obj (.text)
                  00003410    00000064                                   : s_frexp.obj (.text)
                  00003474    00000054                                   : boot.obj (.text)
                  000034c8    00000054                                   : exit.obj (.text)
                  0000351c    00000054                                   : ltoa.obj (.text)
                  00003570    0000004c                                   : atoi.obj (.text)
                  000035bc    0000004c                                   : cpy_tbl.obj (.text)
                  00003608    00000048                                   : fd_toi_t2.obj (.text)
                  00003650    00000036                                   : strncpy.obj (.text)
                  00003686    0000002e                                   : i_tofd_t2.obj (.text)
                  000036b4    00000020                                   : memchr.obj (.text)
                  000036d4    0000001c                                   : memccpy.obj (.text)
                  000036f0    00000018                                   : args_main.obj (.text)
                  00003708    00000018                                   : strcmp.obj (.text)
                  00003720    00000016                                   : strchr.obj (.text)
                  00003736    00000002     --HOLE-- [fill = 0]
                  00003738    00000014                                   : _lock.obj (.text)
                  0000374c    00000014                                   : s_copysign.obj (.text)
                  00003760    00000014                                   : strcpy.obj (.text)
                  00003774    00000014                                   : strlen.obj (.text)
                  00003788    0000000e                                   : copy_decompress_none.obj (.text:decompress:none)
                  00003796    0000000e     startup_msp432p401r_ccs.obj (.text)
                  000037a4    0000000c     rtsv7M4_T_le_v4SPD16_eabi.lib : copy_zero_init.obj (.text:decompress:ZI)
                  000037b0    00000004                                   : pre_init.obj (.text)

.const     0    000037b4    00000101     
                  000037b4    00000101     rtsv7M4_T_le_v4SPD16_eabi.lib : ctype.obj (.const:.string:_ctypes_)

.cinit     0    000038b8    000000a0     
                  000038b8    00000076     (.cinit..data.load) [load image, compression = lzss]
                  0000392e    00000002     --HOLE-- [fill = 0]
                  00003930    0000000c     (__TI_handler_table)
                  0000393c    00000004     --HOLE-- [fill = 0]
                  00003940    00000008     (.cinit..bss.load) [load image, compression = zero_init]
                  00003948    00000010     (__TI_cinit_table)

.init_array 
*          0    00000000    00000000     UNINITIALIZED

.sysmem    0    20000000    00000400     UNINITIALIZED
                  20000000    00000008     rtsv7M4_T_le_v4SPD16_eabi.lib : memory.obj (.sysmem)
                  20000008    000003f8     --HOLE--

.data      0    20000400    00000204     UNINITIALIZED
                  20000400    000000f0     rtsv7M4_T_le_v4SPD16_eabi.lib : defs.obj (.data:_ftable)
                  200004f0    000000d0                                   : lowlev.obj (.data:$O1$$)
                  200005c0    00000010                                   : defs.obj (.data)
                  200005d0    0000000c                                   : exit.obj (.data:$O1$$)
                  200005dc    0000000c                                   : memory.obj (.data:$O1$$)
                  200005e8    00000008                                   : _lock.obj (.data:$O1$$)
                  200005f0    00000004     main.obj (.data)
                  200005f4    00000004     rtsv7M4_T_le_v4SPD16_eabi.lib : errno.obj (.data)
                  200005f8    00000004                                   : fopen.obj (.data)
                  200005fc    00000004                                   : stkdepth_vars.obj (.data)
                  20000600    00000004     system_msp432p401r.obj (.data)

.bss       0    20000604    000001d8     UNINITIALIZED
                  20000604    00000120     rtsv7M4_T_le_v4SPD16_eabi.lib : trgmsg.obj (.bss:_CIOBUF_)
                  20000724    000000a0     (.common:__TI_tmpnams)
                  200007c4    00000008                                   : trgdrv.obj (.bss:parmbuf)
                  200007cc    00000004     (.common:baseA)
                  200007d0    00000004     (.common:baseB)
                  200007d4    00000004     (.common:limitA)
                  200007d8    00000004     (.common:limitB)

.stack     0    2000fe00    00000200     UNINITIALIZED
                  2000fe00    00000200     --HOLE--

MODULE SUMMARY

       Module                        code    ro data   rw data
       ------                        ----    -------   -------
    .\
       main.obj                      828     0         40     
       system_msp432p401r.obj        812     0         8      
       startup_msp432p401r_ccs.obj   14      228       0      
    +--+-----------------------------+-------+---------+---------+
       Total:                        1654    228       48     
                                                              
    C:\ti\ccsv7\tools\compiler\ti-cgt-arm_16.9.1.LTS\lib\rtsv7M4_T_le_v4SPD16_eabi.lib
       _printfi.obj                  4414    0         0      
       lowlev.obj                    780     0         416    
       memory.obj                    976     0         24     
       defs.obj                      0       0         832    
       trgdrv.obj                    804     0         16     
       trgmsg.obj                    104     0         576    
       ull_div_t2.obj                500     0         0      
       fopen.obj                     452     0         8      
       fd_add_t2.obj                 438     0         0      
       fd_div_t2.obj                 310     0         0      
       fputs.obj                     308     0         0      
       fd_cmp_t2.obj                 268     0         0      
       ctype.obj                     0       257       0      
       fd_mul_t2.obj                 252     0         0      
       s_scalbn.obj                  252     0         0      
       setvbuf.obj                   220     0         0      
       fflush.obj                    200     0         0      
       _io_perm.obj                  172     0         0      
       memcpy_t2.obj                 156     0         0      
       fclose.obj                    152     0         0      
       fputc.obj                     152     0         0      
       memset_t2.obj                 122     0         0      
       autoinit.obj                  112     0         0      
       exit.obj                      84      0         24     
       fprintf.obj                   108     0         0      
       copy_decompress_lzss.obj      104     0         0      
       fseek.obj                     100     0         0      
       s_frexp.obj                   100     0         0      
       boot.obj                      84      0         0      
       ltoa.obj                      84      0         0      
       atoi.obj                      76      0         0      
       cpy_tbl.obj                   76      0         0      
       fd_toi_t2.obj                 72      0         0      
       strncpy.obj                   54      0         0      
       i_tofd_t2.obj                 46      0         0      
       _lock.obj                     20      0         16     
       memchr.obj                    32      0         0      
       memccpy.obj                   28      0         0      
       args_main.obj                 24      0         0      
       strcmp.obj                    24      0         0      
       strchr.obj                    22      0         0      
       s_copysign.obj                20      0         0      
       strcpy.obj                    20      0         0      
       strlen.obj                    20      0         0      
       copy_decompress_none.obj      14      0         0      
       copy_zero_init.obj            12      0         0      
       errno.obj                     0       0         8      
       stkdepth_vars.obj             0       0         8      
       pre_init.obj                  4       0         0      
       mpu_init.obj                  2       0         0      
       startup.obj                   2       0         0      
    +--+-----------------------------+-------+---------+---------+
       Total:                        12376   257       1928   
                                                              
       Heap:                         0       0         2048   
       Stack:                        0       0         1024   
       Linker Generated:             0       154       0      
    +--+-----------------------------+-------+---------+---------+
       Grand Total:                  14030   639       5048   


LINKER GENERATED COPY TABLES

__TI_cinit_table @ 00003948 records: 2, size/record: 8, table size: 16
	.data: load addr=000038b8, load size=00000076 bytes, run addr=20000400, run size=00000204 bytes, compression=lzss
	.bss: load addr=00003940, load size=00000008 bytes, run addr=20000604, run size=000001d8 bytes, compression=zero_init


LINKER GENERATED HANDLER TABLE

__TI_handler_table @ 00003930 records: 3, size/record: 4, table size: 12
	index: 0, handler: __TI_decompress_lzss
	index: 1, handler: __TI_decompress_none
	index: 2, handler: __TI_zero_init


GLOBAL SYMBOLS: SORTED ALPHABETICALLY BY Name 

address   name                           
-------   ----                           
000037a3  ADC14_IRQHandler               
000037a3  AES256_IRQHandler              
000037a3  BusFault_Handler               
000034c9  C$$EXIT                        
00003373  C$$IO$$                        
000037a3  COMP_E0_IRQHandler             
000037a3  COMP_E1_IRQHandler             
000037a3  CS_IRQHandler                  
000037a3  DMA_ERR_IRQHandler             
000037a3  DMA_INT0_IRQHandler            
000037a3  DMA_INT1_IRQHandler            
000037a3  DMA_INT2_IRQHandler            
000037a3  DMA_INT3_IRQHandler            
000037a3  DebugMon_Handler               
000037a3  Default_Handler                
000037a3  EUSCIA0_IRQHandler             
000037a3  EUSCIA1_IRQHandler             
000037a3  EUSCIA2_IRQHandler             
000037a3  EUSCIA3_IRQHandler             
000037a3  EUSCIB0_IRQHandler             
000037a3  EUSCIB1_IRQHandler             
000037a3  EUSCIB2_IRQHandler             
000037a3  EUSCIB3_IRQHandler             
000037a3  FLCTL_IRQHandler               
000037a3  FPU_IRQHandler                 
200005f0  GLOBAL_FREQ                    
00001f37  HOSTclock                      
00001eff  HOSTclose                      
00001ec1  HOSTgetenv                     
00001e65  HOSTlseek                      
00001e13  HOSTopen                       
00001dc7  HOSTread                       
00001d69  HOSTrename                     
00001d2f  HOSTtime                       
00001ce1  HOSTtime64                     
00001ca9  HOSTunlink                     
00001c5d  HOSTwrite                      
000037a3  HardFault_Handler              
000037a3  MemManage_Handler              
000037a3  NMI_Handler                    
000037a3  PCM_IRQHandler                 
000037a3  PORT1_IRQHandler               
000037a3  PORT2_IRQHandler               
000037a3  PORT3_IRQHandler               
000037a3  PORT4_IRQHandler               
000037a3  PORT5_IRQHandler               
000037a3  PORT6_IRQHandler               
000037a3  PSS_IRQHandler                 
000037a3  PendSV_Handler                 
000037a3  RTC_C_IRQHandler               
00003797  Reset_Handler                  
UNDEFED   SHT$$INIT_ARRAY$$Base          
UNDEFED   SHT$$INIT_ARRAY$$Limit         
000037a3  SVC_Handler                    
000037a3  SysTick_Handler                
20000600  SystemCoreClock                
00001931  SystemCoreClockUpdate          
00001ba5  SystemInit                     
000037a3  T32_INT1_IRQHandler            
000037a3  T32_INT2_IRQHandler            
000037a3  T32_INTC_IRQHandler            
00001845  TA0_0_IRQHandler               
00001845  TA0_0_IRQHandler               
00001887  TA0_N_IRQHandler               
00001887  TA0_N_IRQHandler               
000037a3  TA1_0_IRQHandler               
000037a3  TA1_N_IRQHandler               
000037a3  TA2_0_IRQHandler               
000037a3  TA2_N_IRQHandler               
000037a3  TA3_0_IRQHandler               
000037a3  TA3_N_IRQHandler               
000037a3  UsageFault_Handler             
4000480c  WDTCTL_SYM                     
000037a3  WDT_A_IRQHandler               
20000604  __CIOBUF_                      
20010000  __STACK_END                    
00000200  __STACK_SIZE                   
00000400  __SYSMEM_SIZE                  
00003948  __TI_CINIT_Base                
00003958  __TI_CINIT_Limit               
00003930  __TI_Handler_Table_Base        
0000393c  __TI_Handler_Table_Limit       
00003201  __TI_auto_init                 
00002549  __TI_cleanup                   
200005d0  __TI_cleanup_ptr               
00002f49  __TI_closefile                 
000032dd  __TI_decompress_lzss           
00003789  __TI_decompress_none           
00002d39  __TI_doflush                   
200005d4  __TI_dtors_ptr                 
200005d8  __TI_enable_exit_profile_output
200005c0  __TI_ft_end                    
ffffffff  __TI_pprof_out_hndl            
00000929  __TI_printfi                   
ffffffff  __TI_prof_data_size            
ffffffff  __TI_prof_data_start           
00002e63  __TI_rd_ok                     
00003377  __TI_readmsg                   
00000000  __TI_static_base__             
20000724  __TI_tmpnams                   
00003345  __TI_writemsg                  
00002e01  __TI_wrt_ok                    
000037a5  __TI_zero_init                 
00003079  __aeabi_cdcmpeq                
00003079  __aeabi_cdcmple                
000030ff  __aeabi_cdrcmple               
00003609  __aeabi_d2iz                   
0000264f  __aeabi_dadd                   
000027fb  __aeabi_ddiv                   
00002a65  __aeabi_dmul                   
00002645  __aeabi_dsub                   
00003687  __aeabi_i2d                    
00003185  __aeabi_memclr                 
00003185  __aeabi_memclr4                
00003185  __aeabi_memclr8                
00002ead  __aeabi_memcpy                 
00002ead  __aeabi_memcpy4                
00002ead  __aeabi_memcpy8                
00003187  __aeabi_memset                 
00003187  __aeabi_memset4                
00003187  __aeabi_memset8                
200005cc  __aeabi_stderr                 
200005c4  __aeabi_stdin                  
200005c8  __aeabi_stdout                 
0000228d  __aeabi_uldivmod               
ffffffff  __binit__                      
ffffffff  __c_args__                     
00001223  __mpu_init                     
2000fe00  __stack                        
000036f1  _args_main                     
00003475  _c_int00                       
000037b4  _ctypes_                       
20000400  _ftable                        
200005e8  _lock                          
00003747  _nop                           
0000373f  _register_lock                 
00003739  _register_unlock               
20000000  _sys_memory                    
000031ff  _system_post_cinit             
000037b1  _system_pre_init               
200005ec  _unlock                        
000034cd  abort                          
000021e1  add_device                     
00003571  atoi                           
200007cc  baseA                          
200007d0  baseB                          
ffffffff  binit                          
00001719  calcTimers                     
000015c5  calloc                         
00002191  close                          
000035bd  copy_in                        
0000374d  copysign                       
0000374d  copysignl                      
00001697  delay_ms                       
000016e1  delay_us                       
200005f4  errno                          
000034d5  exit                           
00002faf  fclose                         
00002d85  fflush                         
0000259f  fopen                          
00003279  fprintf                        
00002fe1  fputc                          
00002931  fputs                          
0000130f  free                           
00002575  freopen                        
00003411  frexp                          
00003411  frexpl                         
000033ad  fseek                          
00000000  interruptVectors               
00002b61  ldexp                          
00002b61  ldexpl                         
200007d4  limitA                         
200007d8  limitB                         
0000216d  lseek                          
0000351d  ltoa                           
00001793  main                           
200005fc  main_func_sp                   
000012a5  malloc                         
000014d9  memalign                       
000036d5  memccpy                        
000036b5  memchr                         
00002ead  memcpy                         
0000318d  memset                         
00001225  minit                          
000020bf  open                           
00002fe1  putc                           
00003065  putchar                        
00002a3d  puts                           
0000209b  read                           
000013d1  realloc                        
00002011  remove                         
00002073  remove_device                  
00002035  rename                         
00002b61  scalbn                         
00002b61  scalbnl                        
000015fd  set_DC0                        
00002c5d  setvbuf                        
00003721  strchr                         
00003709  strcmp                         
00003761  strcpy                         
00003775  strlen                         
00003651  strncpy                        
00002011  unlink                         
00001f81  write                          


GLOBAL SYMBOLS: SORTED BY Symbol Address 

address   name                           
-------   ----                           
00000000  __TI_static_base__             
00000000  interruptVectors               
00000200  __STACK_SIZE                   
00000400  __SYSMEM_SIZE                  
00000929  __TI_printfi                   
00001223  __mpu_init                     
00001225  minit                          
000012a5  malloc                         
0000130f  free                           
000013d1  realloc                        
000014d9  memalign                       
000015c5  calloc                         
000015fd  set_DC0                        
00001697  delay_ms                       
000016e1  delay_us                       
00001719  calcTimers                     
00001793  main                           
00001845  TA0_0_IRQHandler               
00001845  TA0_0_IRQHandler               
00001887  TA0_N_IRQHandler               
00001887  TA0_N_IRQHandler               
00001931  SystemCoreClockUpdate          
00001ba5  SystemInit                     
00001c5d  HOSTwrite                      
00001ca9  HOSTunlink                     
00001ce1  HOSTtime64                     
00001d2f  HOSTtime                       
00001d69  HOSTrename                     
00001dc7  HOSTread                       
00001e13  HOSTopen                       
00001e65  HOSTlseek                      
00001ec1  HOSTgetenv                     
00001eff  HOSTclose                      
00001f37  HOSTclock                      
00001f81  write                          
00002011  remove                         
00002011  unlink                         
00002035  rename                         
00002073  remove_device                  
0000209b  read                           
000020bf  open                           
0000216d  lseek                          
00002191  close                          
000021e1  add_device                     
0000228d  __aeabi_uldivmod               
00002549  __TI_cleanup                   
00002575  freopen                        
0000259f  fopen                          
00002645  __aeabi_dsub                   
0000264f  __aeabi_dadd                   
000027fb  __aeabi_ddiv                   
00002931  fputs                          
00002a3d  puts                           
00002a65  __aeabi_dmul                   
00002b61  ldexp                          
00002b61  ldexpl                         
00002b61  scalbn                         
00002b61  scalbnl                        
00002c5d  setvbuf                        
00002d39  __TI_doflush                   
00002d85  fflush                         
00002e01  __TI_wrt_ok                    
00002e63  __TI_rd_ok                     
00002ead  __aeabi_memcpy                 
00002ead  __aeabi_memcpy4                
00002ead  __aeabi_memcpy8                
00002ead  memcpy                         
00002f49  __TI_closefile                 
00002faf  fclose                         
00002fe1  fputc                          
00002fe1  putc                           
00003065  putchar                        
00003079  __aeabi_cdcmpeq                
00003079  __aeabi_cdcmple                
000030ff  __aeabi_cdrcmple               
00003185  __aeabi_memclr                 
00003185  __aeabi_memclr4                
00003185  __aeabi_memclr8                
00003187  __aeabi_memset                 
00003187  __aeabi_memset4                
00003187  __aeabi_memset8                
0000318d  memset                         
000031ff  _system_post_cinit             
00003201  __TI_auto_init                 
00003279  fprintf                        
000032dd  __TI_decompress_lzss           
00003345  __TI_writemsg                  
00003373  C$$IO$$                        
00003377  __TI_readmsg                   
000033ad  fseek                          
00003411  frexp                          
00003411  frexpl                         
00003475  _c_int00                       
000034c9  C$$EXIT                        
000034cd  abort                          
000034d5  exit                           
0000351d  ltoa                           
00003571  atoi                           
000035bd  copy_in                        
00003609  __aeabi_d2iz                   
00003651  strncpy                        
00003687  __aeabi_i2d                    
000036b5  memchr                         
000036d5  memccpy                        
000036f1  _args_main                     
00003709  strcmp                         
00003721  strchr                         
00003739  _register_unlock               
0000373f  _register_lock                 
00003747  _nop                           
0000374d  copysign                       
0000374d  copysignl                      
00003761  strcpy                         
00003775  strlen                         
00003789  __TI_decompress_none           
00003797  Reset_Handler                  
000037a3  ADC14_IRQHandler               
000037a3  AES256_IRQHandler              
000037a3  BusFault_Handler               
000037a3  COMP_E0_IRQHandler             
000037a3  COMP_E1_IRQHandler             
000037a3  CS_IRQHandler                  
000037a3  DMA_ERR_IRQHandler             
000037a3  DMA_INT0_IRQHandler            
000037a3  DMA_INT1_IRQHandler            
000037a3  DMA_INT2_IRQHandler            
000037a3  DMA_INT3_IRQHandler            
000037a3  DebugMon_Handler               
000037a3  Default_Handler                
000037a3  EUSCIA0_IRQHandler             
000037a3  EUSCIA1_IRQHandler             
000037a3  EUSCIA2_IRQHandler             
000037a3  EUSCIA3_IRQHandler             
000037a3  EUSCIB0_IRQHandler             
000037a3  EUSCIB1_IRQHandler             
000037a3  EUSCIB2_IRQHandler             
000037a3  EUSCIB3_IRQHandler             
000037a3  FLCTL_IRQHandler               
000037a3  FPU_IRQHandler                 
000037a3  HardFault_Handler              
000037a3  MemManage_Handler              
000037a3  NMI_Handler                    
000037a3  PCM_IRQHandler                 
000037a3  PORT1_IRQHandler               
000037a3  PORT2_IRQHandler               
000037a3  PORT3_IRQHandler               
000037a3  PORT4_IRQHandler               
000037a3  PORT5_IRQHandler               
000037a3  PORT6_IRQHandler               
000037a3  PSS_IRQHandler                 
000037a3  PendSV_Handler                 
000037a3  RTC_C_IRQHandler               
000037a3  SVC_Handler                    
000037a3  SysTick_Handler                
000037a3  T32_INT1_IRQHandler            
000037a3  T32_INT2_IRQHandler            
000037a3  T32_INTC_IRQHandler            
000037a3  TA1_0_IRQHandler               
000037a3  TA1_N_IRQHandler               
000037a3  TA2_0_IRQHandler               
000037a3  TA2_N_IRQHandler               
000037a3  TA3_0_IRQHandler               
000037a3  TA3_N_IRQHandler               
000037a3  UsageFault_Handler             
000037a3  WDT_A_IRQHandler               
000037a5  __TI_zero_init                 
000037b1  _system_pre_init               
000037b4  _ctypes_                       
00003930  __TI_Handler_Table_Base        
0000393c  __TI_Handler_Table_Limit       
00003948  __TI_CINIT_Base                
00003958  __TI_CINIT_Limit               
20000000  _sys_memory                    
20000400  _ftable                        
200005c0  __TI_ft_end                    
200005c4  __aeabi_stdin                  
200005c8  __aeabi_stdout                 
200005cc  __aeabi_stderr                 
200005d0  __TI_cleanup_ptr               
200005d4  __TI_dtors_ptr                 
200005d8  __TI_enable_exit_profile_output
200005e8  _lock                          
200005ec  _unlock                        
200005f0  GLOBAL_FREQ                    
200005f4  errno                          
200005fc  main_func_sp                   
20000600  SystemCoreClock                
20000604  __CIOBUF_                      
20000724  __TI_tmpnams                   
200007cc  baseA                          
200007d0  baseB                          
200007d4  limitA                         
200007d8  limitB                         
2000fe00  __stack                        
20010000  __STACK_END                    
4000480c  WDTCTL_SYM                     
ffffffff  __TI_pprof_out_hndl            
ffffffff  __TI_prof_data_size            
ffffffff  __TI_prof_data_start           
ffffffff  __binit__                      
ffffffff  __c_args__                     
ffffffff  binit                          
UNDEFED   SHT$$INIT_ARRAY$$Base          
UNDEFED   SHT$$INIT_ARRAY$$Limit         

[204 symbols]
