******************************************************************************
                  TI ARM Linker PC v16.9.1                     
******************************************************************************
>> Linked Fri May 19 11:24:42 2017

OUTPUT FILE NAME:   <Assignment7.out>
ENTRY POINT SYMBOL: "_c_int00"  address: 000037b5


MEMORY CONFIGURATION

         name            origin    length      used     unused   attr    fill
----------------------  --------  ---------  --------  --------  ----  --------
  MAIN                  00000000   00040000  00003c8d  0003c373  R  X
  INFO                  00200000   00004000  00000000  00004000  R  X
  SRAM_CODE             01000000   00010000  00000a04  0000f5fc  RW X
  SRAM_DATA             20000000   00010000  00000a04  0000f5fc  RW  


SEGMENT ALLOCATION MAP

run origin  load origin   length   init length attrs members
----------  ----------- ---------- ----------- ----- -------
00000000    00000000    00003c90   00003c90    r-x
  00000000    00000000    000000e4   000000e4    r-- .intvecs
  000000e4    000000e4    00003a10   00003a10    r-x .text
  00003af4    00003af4    00000101   00000101    r-- .const
  00003bf8    00003bf8    00000098   00000098    r-- .cinit
20000000    20000000    00000804   00000000    rw-
  20000000    20000000    00000400   00000000    rw- .sysmem
  20000400    20000400    00000234   00000000    rw- .data
  20000634    20000634    000001d0   00000000    rw- .bss
2000fe00    2000fe00    00000200   00000000    rw-
  2000fe00    2000fe00    00000200   00000000    rw- .stack


SECTION ALLOCATION MAP

 output                                  attributes/
section   page    origin      length       input sections
--------  ----  ----------  ----------   ----------------
.intvecs   0    00000000    000000e4     
                  00000000    000000e4     startup_msp432p401r_ccs.obj (.intvecs:retain)

.binit     0    00000000    00000000     

.text      0    000000e4    00003a10     
                  000000e4    0000113e     rtsv7M4_T_le_v4SPD16_eabi.lib : _printfi.obj (.text)
                  00001222    00000002                                   : mpu_init.obj (.text)
                  00001224    000003d0                                   : memory.obj (.text)
                  000015f4    00000340     UART.obj (.text)
                  00001934    0000033c     main.obj (.text)
                  00001c70    0000032c     system_msp432p401r.obj (.text)
                  00001f9c    00000324     rtsv7M4_T_le_v4SPD16_eabi.lib : trgdrv.obj (.text)
                  000022c0    0000030c                                   : lowlev.obj (.text)
                  000025cc    000001f4                                   : ull_div_t2.obj (.text)
                  000027c0    000001c4                                   : fopen.obj (.text)
                  00002984    000001b6                                   : fd_add_t2.obj (.text)
                  00002b3a    00000136                                   : fd_div_t2.obj (.text)
                  00002c70    00000134                                   : fputs.obj (.text)
                  00002da4    000000fc                                   : fd_mul_t2.obj (.text)
                  00002ea0    000000fc                                   : s_scalbn.obj (.text)
                  00002f9c    000000dc                                   : setvbuf.obj (.text)
                  00003078    000000c8                                   : fflush.obj (.text)
                  00003140    000000ac                                   : _io_perm.obj (.text)
                  000031ec    0000009c                                   : memcpy_t2.obj (.text)
                  00003288    00000098                                   : fclose.obj (.text)
                  00003320    00000098                                   : fputc.obj (.text)
                  000033b8    00000086                                   : fd_cmp_t2.obj (.text:__aeabi_cdcmple)
                  0000343e    00000086                                   : fd_cmp_t2.obj (.text:__aeabi_cdrcmple)
                  000034c4    0000007a                                   : memset_t2.obj (.text)
                  0000353e    00000002                                   : startup.obj (.text)
                  00003540    00000070                                   : autoinit.obj (.text)
                  000035b0    0000006c                                   : fprintf.obj (.text)
                  0000361c    00000068                                   : copy_decompress_lzss.obj (.text:decompress:lzss)
                  00003684    00000068                                   : trgmsg.obj (.text)
                  000036ec    00000064                                   : fseek.obj (.text)
                  00003750    00000064                                   : s_frexp.obj (.text)
                  000037b4    00000054                                   : boot.obj (.text)
                  00003808    00000054                                   : exit.obj (.text)
                  0000385c    00000054                                   : ltoa.obj (.text)
                  000038b0    0000004c                                   : atoi.obj (.text)
                  000038fc    0000004c                                   : cpy_tbl.obj (.text)
                  00003948    00000048                                   : fd_toi_t2.obj (.text)
                  00003990    00000036                                   : strncpy.obj (.text)
                  000039c6    0000002e                                   : i_tofd_t2.obj (.text)
                  000039f4    00000020                                   : memchr.obj (.text)
                  00003a14    0000001c                                   : memccpy.obj (.text)
                  00003a30    00000018                                   : args_main.obj (.text)
                  00003a48    00000018                                   : strcmp.obj (.text)
                  00003a60    00000016                                   : strchr.obj (.text)
                  00003a76    00000002     --HOLE-- [fill = 0]
                  00003a78    00000014                                   : _lock.obj (.text)
                  00003a8c    00000014                                   : s_copysign.obj (.text)
                  00003aa0    00000014                                   : strcpy.obj (.text)
                  00003ab4    00000014                                   : strlen.obj (.text)
                  00003ac8    0000000e                                   : copy_decompress_none.obj (.text:decompress:none)
                  00003ad6    0000000e     startup_msp432p401r_ccs.obj (.text)
                  00003ae4    0000000c     rtsv7M4_T_le_v4SPD16_eabi.lib : copy_zero_init.obj (.text:decompress:ZI)
                  00003af0    00000004                                   : pre_init.obj (.text)

.const     0    00003af4    00000101     
                  00003af4    00000101     rtsv7M4_T_le_v4SPD16_eabi.lib : ctype.obj (.const:.string:_ctypes_)

.cinit     0    00003bf8    00000098     
                  00003bf8    00000072     (.cinit..data.load) [load image, compression = lzss]
                  00003c6a    00000002     --HOLE-- [fill = 0]
                  00003c6c    0000000c     (__TI_handler_table)
                  00003c78    00000008     (.cinit..bss.load) [load image, compression = zero_init]
                  00003c80    00000010     (__TI_cinit_table)

.init_array 
*          0    00000000    00000000     UNINITIALIZED

.sysmem    0    20000000    00000400     UNINITIALIZED
                  20000000    00000008     rtsv7M4_T_le_v4SPD16_eabi.lib : memory.obj (.sysmem)
                  20000008    000003f8     --HOLE--

.data      0    20000400    00000234     UNINITIALIZED
                  20000400    000000f0     rtsv7M4_T_le_v4SPD16_eabi.lib : defs.obj (.data:_ftable)
                  200004f0    000000d0                                   : lowlev.obj (.data:$O1$$)
                  200005c0    00000028     UART.obj (.data:LUT_pow10$1)
                  200005e8    00000010     rtsv7M4_T_le_v4SPD16_eabi.lib : defs.obj (.data)
                  200005f8    0000000c                                   : exit.obj (.data:$O1$$)
                  20000604    0000000c                                   : memory.obj (.data:$O1$$)
                  20000610    0000000c     UART.obj (.data)
                  2000061c    00000008     rtsv7M4_T_le_v4SPD16_eabi.lib : _lock.obj (.data:$O1$$)
                  20000624    00000004                                   : errno.obj (.data)
                  20000628    00000004                                   : fopen.obj (.data)
                  2000062c    00000004                                   : stkdepth_vars.obj (.data)
                  20000630    00000004     system_msp432p401r.obj (.data)

.bss       0    20000634    000001d0     UNINITIALIZED
                  20000634    00000120     rtsv7M4_T_le_v4SPD16_eabi.lib : trgmsg.obj (.bss:_CIOBUF_)
                  20000754    000000a0     (.common:__TI_tmpnams)
                  200007f4    00000008     UART.obj (.bss)
                  200007fc    00000008     rtsv7M4_T_le_v4SPD16_eabi.lib : trgdrv.obj (.bss:parmbuf)

.stack     0    2000fe00    00000200     UNINITIALIZED
                  2000fe00    00000200     --HOLE--

MODULE SUMMARY

       Module                        code    ro data   rw data
       ------                        ----    -------   -------
    .\
       UART.obj                      832     0         120    
       main.obj                      828     0         0      
       system_msp432p401r.obj        812     0         8      
       startup_msp432p401r_ccs.obj   14      228       0      
    +--+-----------------------------+-------+---------+---------+
       Total:                        2486    228       128    
                                                              
    C:\ti\ccsv7\tools\compiler\ti-cgt-arm_16.9.1.LTS\lib\rtsv7M4_T_le_v4SPD16_eabi.lib
       _printfi.obj                  4414    0         0      
       lowlev.obj                    780     0         416    
       memory.obj                    976     0         24     
       defs.obj                      0       0         832    
       trgdrv.obj                    804     0         16     
       trgmsg.obj                    104     0         576    
       ull_div_t2.obj                500     0         0      
       fopen.obj                     452     0         8      
       fd_add_t2.obj                 438     0         0      
       fd_div_t2.obj                 310     0         0      
       fputs.obj                     308     0         0      
       fd_cmp_t2.obj                 268     0         0      
       ctype.obj                     0       257       0      
       fd_mul_t2.obj                 252     0         0      
       s_scalbn.obj                  252     0         0      
       setvbuf.obj                   220     0         0      
       fflush.obj                    200     0         0      
       _io_perm.obj                  172     0         0      
       memcpy_t2.obj                 156     0         0      
       fclose.obj                    152     0         0      
       fputc.obj                     152     0         0      
       memset_t2.obj                 122     0         0      
       autoinit.obj                  112     0         0      
       exit.obj                      84      0         24     
       fprintf.obj                   108     0         0      
       copy_decompress_lzss.obj      104     0         0      
       fseek.obj                     100     0         0      
       s_frexp.obj                   100     0         0      
       boot.obj                      84      0         0      
       ltoa.obj                      84      0         0      
       atoi.obj                      76      0         0      
       cpy_tbl.obj                   76      0         0      
       fd_toi_t2.obj                 72      0         0      
       strncpy.obj                   54      0         0      
       i_tofd_t2.obj                 46      0         0      
       _lock.obj                     20      0         16     
       memchr.obj                    32      0         0      
       memccpy.obj                   28      0         0      
       args_main.obj                 24      0         0      
       strcmp.obj                    24      0         0      
       strchr.obj                    22      0         0      
       s_copysign.obj                20      0         0      
       strcpy.obj                    20      0         0      
       strlen.obj                    20      0         0      
       copy_decompress_none.obj      14      0         0      
       copy_zero_init.obj            12      0         0      
       errno.obj                     0       0         8      
       stkdepth_vars.obj             0       0         8      
       pre_init.obj                  4       0         0      
       mpu_init.obj                  2       0         0      
       startup.obj                   2       0         0      
    +--+-----------------------------+-------+---------+---------+
       Total:                        12376   257       1928   
                                                              
       Heap:                         0       0         2048   
       Stack:                        0       0         1024   
       Linker Generated:             0       150       0      
    +--+-----------------------------+-------+---------+---------+
       Grand Total:                  14862   635       5128   


LINKER GENERATED COPY TABLES

__TI_cinit_table @ 00003c80 records: 2, size/record: 8, table size: 16
	.data: load addr=00003bf8, load size=00000072 bytes, run addr=20000400, run size=00000234 bytes, compression=lzss
	.bss: load addr=00003c78, load size=00000008 bytes, run addr=20000634, run size=000001d0 bytes, compression=zero_init


LINKER GENERATED HANDLER TABLE

__TI_handler_table @ 00003c6c records: 3, size/record: 4, table size: 12
	index: 0, handler: __TI_decompress_lzss
	index: 1, handler: __TI_decompress_none
	index: 2, handler: __TI_zero_init


GLOBAL SYMBOLS: SORTED ALPHABETICALLY BY Name 

address   name                           
-------   ----                           
00003ae3  ADC14_IRQHandler               
00003ae3  AES256_IRQHandler              
00003ae3  BusFault_Handler               
00003809  C$$EXIT                        
000036b3  C$$IO$$                        
00003ae3  COMP_E0_IRQHandler             
00003ae3  COMP_E1_IRQHandler             
00003ae3  CS_IRQHandler                  
00001b13  DAC_drive                      
00001abd  DAC_init                       
00003ae3  DMA_ERR_IRQHandler             
00003ae3  DMA_INT0_IRQHandler            
00003ae3  DMA_INT1_IRQHandler            
00003ae3  DMA_INT2_IRQHandler            
00003ae3  DMA_INT3_IRQHandler            
00003ae3  DebugMon_Handler               
00003ae3  Default_Handler                
000017ff  EUSCIA0_IRQHandler             
000017ff  EUSCIA0_IRQHandler             
00003ae3  EUSCIA1_IRQHandler             
00003ae3  EUSCIA2_IRQHandler             
00003ae3  EUSCIA3_IRQHandler             
00003ae3  EUSCIB0_IRQHandler             
00003ae3  EUSCIB1_IRQHandler             
00003ae3  EUSCIB2_IRQHandler             
00003ae3  EUSCIB3_IRQHandler             
00003ae3  FLCTL_IRQHandler               
00003ae3  FPU_IRQHandler                 
20000610  GLOBAL_FREQ                    
00002277  HOSTclock                      
0000223f  HOSTclose                      
00002201  HOSTgetenv                     
000021a5  HOSTlseek                      
00002153  HOSTopen                       
00002107  HOSTread                       
000020a9  HOSTrename                     
0000206f  HOSTtime                       
00002021  HOSTtime64                     
00001fe9  HOSTunlink                     
00001f9d  HOSTwrite                      
00003ae3  HardFault_Handler              
00003ae3  MemManage_Handler              
00003ae3  NMI_Handler                    
00003ae3  PCM_IRQHandler                 
00003ae3  PORT1_IRQHandler               
00003ae3  PORT2_IRQHandler               
00003ae3  PORT3_IRQHandler               
00003ae3  PORT4_IRQHandler               
00003ae3  PORT5_IRQHandler               
00003ae3  PORT6_IRQHandler               
00003ae3  PSS_IRQHandler                 
00003ae3  PendSV_Handler                 
00003ae3  RTC_C_IRQHandler               
00003ad7  Reset_Handler                  
UNDEFED   SHT$$INIT_ARRAY$$Base          
UNDEFED   SHT$$INIT_ARRAY$$Limit         
00003ae3  SVC_Handler                    
00003ae3  SysTick_Handler                
20000630  SystemCoreClock                
00001c71  SystemCoreClockUpdate          
00001ee5  SystemInit                     
00003ae3  T32_INT1_IRQHandler            
00003ae3  T32_INT2_IRQHandler            
00003ae3  T32_INTC_IRQHandler            
00003ae3  TA0_0_IRQHandler               
00003ae3  TA0_N_IRQHandler               
00003ae3  TA1_0_IRQHandler               
00003ae3  TA1_N_IRQHandler               
00003ae3  TA2_0_IRQHandler               
00003ae3  TA2_N_IRQHandler               
00003ae3  TA3_0_IRQHandler               
00003ae3  TA3_N_IRQHandler               
00001777  UART0_init                     
000017eb  UART_get_buffer                
000017f1  UART_get_flag                  
000017f7  UART_reset_flag                
00001865  UART_send                      
000018b7  UART_send_char                 
00003ae3  UsageFault_Handler             
4000480c  WDTCTL_SYM                     
00003ae3  WDT_A_IRQHandler               
20000634  __CIOBUF_                      
20010000  __STACK_END                    
00000200  __STACK_SIZE                   
00000400  __SYSMEM_SIZE                  
00003c80  __TI_CINIT_Base                
00003c90  __TI_CINIT_Limit               
00003c6c  __TI_Handler_Table_Base        
00003c78  __TI_Handler_Table_Limit       
00003541  __TI_auto_init                 
00002889  __TI_cleanup                   
200005f8  __TI_cleanup_ptr               
00003289  __TI_closefile                 
0000361d  __TI_decompress_lzss           
00003ac9  __TI_decompress_none           
00003079  __TI_doflush                   
200005fc  __TI_dtors_ptr                 
20000600  __TI_enable_exit_profile_output
200005e8  __TI_ft_end                    
ffffffff  __TI_pprof_out_hndl            
00000929  __TI_printfi                   
ffffffff  __TI_prof_data_size            
ffffffff  __TI_prof_data_start           
000031a3  __TI_rd_ok                     
000036b7  __TI_readmsg                   
00000000  __TI_static_base__             
20000754  __TI_tmpnams                   
00003685  __TI_writemsg                  
00003141  __TI_wrt_ok                    
00003ae5  __TI_zero_init                 
000033b9  __aeabi_cdcmpeq                
000033b9  __aeabi_cdcmple                
0000343f  __aeabi_cdrcmple               
00003949  __aeabi_d2iz                   
0000298f  __aeabi_dadd                   
00002b3b  __aeabi_ddiv                   
00002da5  __aeabi_dmul                   
00002985  __aeabi_dsub                   
000039c7  __aeabi_i2d                    
000034c5  __aeabi_memclr                 
000034c5  __aeabi_memclr4                
000034c5  __aeabi_memclr8                
000031ed  __aeabi_memcpy                 
000031ed  __aeabi_memcpy4                
000031ed  __aeabi_memcpy8                
000034c7  __aeabi_memset                 
000034c7  __aeabi_memset4                
000034c7  __aeabi_memset8                
200005f4  __aeabi_stderr                 
200005ec  __aeabi_stdin                  
200005f0  __aeabi_stdout                 
000025cd  __aeabi_uldivmod               
ffffffff  __binit__                      
ffffffff  __c_args__                     
00001223  __mpu_init                     
2000fe00  __stack                        
00003a31  _args_main                     
000037b5  _c_int00                       
00003af4  _ctypes_                       
20000400  _ftable                        
2000061c  _lock                          
00003a87  _nop                           
00003a7f  _register_lock                 
00003a79  _register_unlock               
20000000  _sys_memory                    
0000353f  _system_post_cinit             
00003af1  _system_pre_init               
20000620  _unlock                        
00001717  a_to_i                         
0000380d  abort                          
00002521  add_device                     
000038b1  atoi                           
ffffffff  binit                          
000015c5  calloc                         
000024d1  close                          
000038fd  copy_in                        
00003a8d  copysign                       
00003a8d  copysignl                      
0000168f  delay_ms                       
000016df  delay_us                       
20000624  errno                          
00003815  exit                           
000032ef  fclose                         
000030c5  fflush                         
000028df  fopen                          
000035b9  fprintf                        
00003321  fputc                          
00002c71  fputs                          
0000130f  free                           
000028b5  freopen                        
00003751  frexp                          
00003751  frexpl                         
000036ed  fseek                          
00001bc3  i_to_a                         
00000000  interruptVectors               
00002ea1  ldexp                          
00002ea1  ldexpl                         
000024ad  lseek                          
0000385d  ltoa                           
00001b5b  main                           
2000062c  main_func_sp                   
000012a5  malloc                         
000014d9  memalign                       
00003a15  memccpy                        
000039f5  memchr                         
000031ed  memcpy                         
000034cd  memset                         
00001225  minit                          
000023ff  open                           
00001765  pow10                          
00003321  putc                           
000033a5  putchar                        
00002d7d  puts                           
000023db  read                           
000013d1  realloc                        
00002351  remove                         
000023b3  remove_device                  
00002375  rename                         
00002ea1  scalbn                         
00002ea1  scalbnl                        
000015f5  set_DC0                        
00002f9d  setvbuf                        
00003a61  strchr                         
00003a49  strcmp                         
00003aa1  strcpy                         
00003ab5  strlen                         
00003991  strncpy                        
00002351  unlink                         
000022c1  write                          


GLOBAL SYMBOLS: SORTED BY Symbol Address 

address   name                           
-------   ----                           
00000000  __TI_static_base__             
00000000  interruptVectors               
00000200  __STACK_SIZE                   
00000400  __SYSMEM_SIZE                  
00000929  __TI_printfi                   
00001223  __mpu_init                     
00001225  minit                          
000012a5  malloc                         
0000130f  free                           
000013d1  realloc                        
000014d9  memalign                       
000015c5  calloc                         
000015f5  set_DC0                        
0000168f  delay_ms                       
000016df  delay_us                       
00001717  a_to_i                         
00001765  pow10                          
00001777  UART0_init                     
000017eb  UART_get_buffer                
000017f1  UART_get_flag                  
000017f7  UART_reset_flag                
000017ff  EUSCIA0_IRQHandler             
000017ff  EUSCIA0_IRQHandler             
00001865  UART_send                      
000018b7  UART_send_char                 
00001abd  DAC_init                       
00001b13  DAC_drive                      
00001b5b  main                           
00001bc3  i_to_a                         
00001c71  SystemCoreClockUpdate          
00001ee5  SystemInit                     
00001f9d  HOSTwrite                      
00001fe9  HOSTunlink                     
00002021  HOSTtime64                     
0000206f  HOSTtime                       
000020a9  HOSTrename                     
00002107  HOSTread                       
00002153  HOSTopen                       
000021a5  HOSTlseek                      
00002201  HOSTgetenv                     
0000223f  HOSTclose                      
00002277  HOSTclock                      
000022c1  write                          
00002351  remove                         
00002351  unlink                         
00002375  rename                         
000023b3  remove_device                  
000023db  read                           
000023ff  open                           
000024ad  lseek                          
000024d1  close                          
00002521  add_device                     
000025cd  __aeabi_uldivmod               
00002889  __TI_cleanup                   
000028b5  freopen                        
000028df  fopen                          
00002985  __aeabi_dsub                   
0000298f  __aeabi_dadd                   
00002b3b  __aeabi_ddiv                   
00002c71  fputs                          
00002d7d  puts                           
00002da5  __aeabi_dmul                   
00002ea1  ldexp                          
00002ea1  ldexpl                         
00002ea1  scalbn                         
00002ea1  scalbnl                        
00002f9d  setvbuf                        
00003079  __TI_doflush                   
000030c5  fflush                         
00003141  __TI_wrt_ok                    
000031a3  __TI_rd_ok                     
000031ed  __aeabi_memcpy                 
000031ed  __aeabi_memcpy4                
000031ed  __aeabi_memcpy8                
000031ed  memcpy                         
00003289  __TI_closefile                 
000032ef  fclose                         
00003321  fputc                          
00003321  putc                           
000033a5  putchar                        
000033b9  __aeabi_cdcmpeq                
000033b9  __aeabi_cdcmple                
0000343f  __aeabi_cdrcmple               
000034c5  __aeabi_memclr                 
000034c5  __aeabi_memclr4                
000034c5  __aeabi_memclr8                
000034c7  __aeabi_memset                 
000034c7  __aeabi_memset4                
000034c7  __aeabi_memset8                
000034cd  memset                         
0000353f  _system_post_cinit             
00003541  __TI_auto_init                 
000035b9  fprintf                        
0000361d  __TI_decompress_lzss           
00003685  __TI_writemsg                  
000036b3  C$$IO$$                        
000036b7  __TI_readmsg                   
000036ed  fseek                          
00003751  frexp                          
00003751  frexpl                         
000037b5  _c_int00                       
00003809  C$$EXIT                        
0000380d  abort                          
00003815  exit                           
0000385d  ltoa                           
000038b1  atoi                           
000038fd  copy_in                        
00003949  __aeabi_d2iz                   
00003991  strncpy                        
000039c7  __aeabi_i2d                    
000039f5  memchr                         
00003a15  memccpy                        
00003a31  _args_main                     
00003a49  strcmp                         
00003a61  strchr                         
00003a79  _register_unlock               
00003a7f  _register_lock                 
00003a87  _nop                           
00003a8d  copysign                       
00003a8d  copysignl                      
00003aa1  strcpy                         
00003ab5  strlen                         
00003ac9  __TI_decompress_none           
00003ad7  Reset_Handler                  
00003ae3  ADC14_IRQHandler               
00003ae3  AES256_IRQHandler              
00003ae3  BusFault_Handler               
00003ae3  COMP_E0_IRQHandler             
00003ae3  COMP_E1_IRQHandler             
00003ae3  CS_IRQHandler                  
00003ae3  DMA_ERR_IRQHandler             
00003ae3  DMA_INT0_IRQHandler            
00003ae3  DMA_INT1_IRQHandler            
00003ae3  DMA_INT2_IRQHandler            
00003ae3  DMA_INT3_IRQHandler            
00003ae3  DebugMon_Handler               
00003ae3  Default_Handler                
00003ae3  EUSCIA1_IRQHandler             
00003ae3  EUSCIA2_IRQHandler             
00003ae3  EUSCIA3_IRQHandler             
00003ae3  EUSCIB0_IRQHandler             
00003ae3  EUSCIB1_IRQHandler             
00003ae3  EUSCIB2_IRQHandler             
00003ae3  EUSCIB3_IRQHandler             
00003ae3  FLCTL_IRQHandler               
00003ae3  FPU_IRQHandler                 
00003ae3  HardFault_Handler              
00003ae3  MemManage_Handler              
00003ae3  NMI_Handler                    
00003ae3  PCM_IRQHandler                 
00003ae3  PORT1_IRQHandler               
00003ae3  PORT2_IRQHandler               
00003ae3  PORT3_IRQHandler               
00003ae3  PORT4_IRQHandler               
00003ae3  PORT5_IRQHandler               
00003ae3  PORT6_IRQHandler               
00003ae3  PSS_IRQHandler                 
00003ae3  PendSV_Handler                 
00003ae3  RTC_C_IRQHandler               
00003ae3  SVC_Handler                    
00003ae3  SysTick_Handler                
00003ae3  T32_INT1_IRQHandler            
00003ae3  T32_INT2_IRQHandler            
00003ae3  T32_INTC_IRQHandler            
00003ae3  TA0_0_IRQHandler               
00003ae3  TA0_N_IRQHandler               
00003ae3  TA1_0_IRQHandler               
00003ae3  TA1_N_IRQHandler               
00003ae3  TA2_0_IRQHandler               
00003ae3  TA2_N_IRQHandler               
00003ae3  TA3_0_IRQHandler               
00003ae3  TA3_N_IRQHandler               
00003ae3  UsageFault_Handler             
00003ae3  WDT_A_IRQHandler               
00003ae5  __TI_zero_init                 
00003af1  _system_pre_init               
00003af4  _ctypes_                       
00003c6c  __TI_Handler_Table_Base        
00003c78  __TI_Handler_Table_Limit       
00003c80  __TI_CINIT_Base                
00003c90  __TI_CINIT_Limit               
20000000  _sys_memory                    
20000400  _ftable                        
200005e8  __TI_ft_end                    
200005ec  __aeabi_stdin                  
200005f0  __aeabi_stdout                 
200005f4  __aeabi_stderr                 
200005f8  __TI_cleanup_ptr               
200005fc  __TI_dtors_ptr                 
20000600  __TI_enable_exit_profile_output
20000610  GLOBAL_FREQ                    
2000061c  _lock                          
20000620  _unlock                        
20000624  errno                          
2000062c  main_func_sp                   
20000630  SystemCoreClock                
20000634  __CIOBUF_                      
20000754  __TI_tmpnams                   
2000fe00  __stack                        
20010000  __STACK_END                    
4000480c  WDTCTL_SYM                     
ffffffff  __TI_pprof_out_hndl            
ffffffff  __TI_prof_data_size            
ffffffff  __TI_prof_data_start           
ffffffff  __binit__                      
ffffffff  __c_args__                     
ffffffff  binit                          
UNDEFED   SHT$$INIT_ARRAY$$Base          
UNDEFED   SHT$$INIT_ARRAY$$Limit         

[209 symbols]
