<?xml version="1.0"?>
<link_info>
   <banner>TI ARM Linker PC v16.9.1.LTS</banner>
   <copyright>Copyright (c) 1996-2015 Texas Instruments Incorporated</copyright>
   <link_time>0x58f56780</link_time>
   <link_errors>0x0</link_errors>
   <output_file>Assignment3.out</output_file>
   <entry_point>
      <name>_c_int00</name>
      <address>0x33c5</address>
   </entry_point>
   <input_file_list>
      <input_file id="fl-2">
         <path>.\</path>
         <kind>object</kind>
         <file>main.obj</file>
         <name>main.obj</name>
      </input_file>
      <input_file id="fl-3">
         <path>.\</path>
         <kind>object</kind>
         <file>startup_msp432p401r_ccs.obj</file>
         <name>startup_msp432p401r_ccs.obj</name>
      </input_file>
      <input_file id="fl-4">
         <path>.\</path>
         <kind>object</kind>
         <file>system_msp432p401r.obj</file>
         <name>system_msp432p401r.obj</name>
      </input_file>
      <input_file id="fl-be">
         <path>C:\ti\ccsv7\tools\compiler\ti-cgt-arm_16.9.1.LTS\lib\</path>
         <kind>archive</kind>
         <file>rtsv7M4_T_le_v4SPD16_eabi.lib</file>
         <name>boot.obj</name>
      </input_file>
      <input_file id="fl-bf">
         <path>C:\ti\ccsv7\tools\compiler\ti-cgt-arm_16.9.1.LTS\lib\</path>
         <kind>archive</kind>
         <file>rtsv7M4_T_le_v4SPD16_eabi.lib</file>
         <name>copy_decompress_lzss.obj</name>
      </input_file>
      <input_file id="fl-c0">
         <path>C:\ti\ccsv7\tools\compiler\ti-cgt-arm_16.9.1.LTS\lib\</path>
         <kind>archive</kind>
         <file>rtsv7M4_T_le_v4SPD16_eabi.lib</file>
         <name>copy_decompress_none.obj</name>
      </input_file>
      <input_file id="fl-c1">
         <path>C:\ti\ccsv7\tools\compiler\ti-cgt-arm_16.9.1.LTS\lib\</path>
         <kind>archive</kind>
         <file>rtsv7M4_T_le_v4SPD16_eabi.lib</file>
         <name>copy_zero_init.obj</name>
      </input_file>
      <input_file id="fl-c2">
         <path>C:\ti\ccsv7\tools\compiler\ti-cgt-arm_16.9.1.LTS\lib\</path>
         <kind>archive</kind>
         <file>rtsv7M4_T_le_v4SPD16_eabi.lib</file>
         <name>defs.obj</name>
      </input_file>
      <input_file id="fl-c3">
         <path>C:\ti\ccsv7\tools\compiler\ti-cgt-arm_16.9.1.LTS\lib\</path>
         <kind>archive</kind>
         <file>rtsv7M4_T_le_v4SPD16_eabi.lib</file>
         <name>exit.obj</name>
      </input_file>
      <input_file id="fl-c4">
         <path>C:\ti\ccsv7\tools\compiler\ti-cgt-arm_16.9.1.LTS\lib\</path>
         <kind>archive</kind>
         <file>rtsv7M4_T_le_v4SPD16_eabi.lib</file>
         <name>fprintf.obj</name>
      </input_file>
      <input_file id="fl-c5">
         <path>C:\ti\ccsv7\tools\compiler\ti-cgt-arm_16.9.1.LTS\lib\</path>
         <kind>archive</kind>
         <file>rtsv7M4_T_le_v4SPD16_eabi.lib</file>
         <name>fputc.obj</name>
      </input_file>
      <input_file id="fl-c6">
         <path>C:\ti\ccsv7\tools\compiler\ti-cgt-arm_16.9.1.LTS\lib\</path>
         <kind>archive</kind>
         <file>rtsv7M4_T_le_v4SPD16_eabi.lib</file>
         <name>fputs.obj</name>
      </input_file>
      <input_file id="fl-c7">
         <path>C:\ti\ccsv7\tools\compiler\ti-cgt-arm_16.9.1.LTS\lib\</path>
         <kind>archive</kind>
         <file>rtsv7M4_T_le_v4SPD16_eabi.lib</file>
         <name>lowlev.obj</name>
      </input_file>
      <input_file id="fl-c8">
         <path>C:\ti\ccsv7\tools\compiler\ti-cgt-arm_16.9.1.LTS\lib\</path>
         <kind>archive</kind>
         <file>rtsv7M4_T_le_v4SPD16_eabi.lib</file>
         <name>memchr.obj</name>
      </input_file>
      <input_file id="fl-c9">
         <path>C:\ti\ccsv7\tools\compiler\ti-cgt-arm_16.9.1.LTS\lib\</path>
         <kind>archive</kind>
         <file>rtsv7M4_T_le_v4SPD16_eabi.lib</file>
         <name>memcpy_t2.obj</name>
      </input_file>
      <input_file id="fl-ca">
         <path>C:\ti\ccsv7\tools\compiler\ti-cgt-arm_16.9.1.LTS\lib\</path>
         <kind>archive</kind>
         <file>rtsv7M4_T_le_v4SPD16_eabi.lib</file>
         <name>memset_t2.obj</name>
      </input_file>
      <input_file id="fl-cb">
         <path>C:\ti\ccsv7\tools\compiler\ti-cgt-arm_16.9.1.LTS\lib\</path>
         <kind>archive</kind>
         <file>rtsv7M4_T_le_v4SPD16_eabi.lib</file>
         <name>mpu_init.obj</name>
      </input_file>
      <input_file id="fl-cc">
         <path>C:\ti\ccsv7\tools\compiler\ti-cgt-arm_16.9.1.LTS\lib\</path>
         <kind>archive</kind>
         <file>rtsv7M4_T_le_v4SPD16_eabi.lib</file>
         <name>pre_init.obj</name>
      </input_file>
      <input_file id="fl-cd">
         <path>C:\ti\ccsv7\tools\compiler\ti-cgt-arm_16.9.1.LTS\lib\</path>
         <kind>archive</kind>
         <file>rtsv7M4_T_le_v4SPD16_eabi.lib</file>
         <name>stkdepth_vars.obj</name>
      </input_file>
      <input_file id="fl-ce">
         <path>C:\ti\ccsv7\tools\compiler\ti-cgt-arm_16.9.1.LTS\lib\</path>
         <kind>archive</kind>
         <file>rtsv7M4_T_le_v4SPD16_eabi.lib</file>
         <name>strchr.obj</name>
      </input_file>
      <input_file id="fl-cf">
         <path>C:\ti\ccsv7\tools\compiler\ti-cgt-arm_16.9.1.LTS\lib\</path>
         <kind>archive</kind>
         <file>rtsv7M4_T_le_v4SPD16_eabi.lib</file>
         <name>strcmp.obj</name>
      </input_file>
      <input_file id="fl-d0">
         <path>C:\ti\ccsv7\tools\compiler\ti-cgt-arm_16.9.1.LTS\lib\</path>
         <kind>archive</kind>
         <file>rtsv7M4_T_le_v4SPD16_eabi.lib</file>
         <name>strlen.obj</name>
      </input_file>
      <input_file id="fl-d1">
         <path>C:\ti\ccsv7\tools\compiler\ti-cgt-arm_16.9.1.LTS\lib\</path>
         <kind>archive</kind>
         <file>rtsv7M4_T_le_v4SPD16_eabi.lib</file>
         <name>strncpy.obj</name>
      </input_file>
      <input_file id="fl-d2">
         <path>C:\ti\ccsv7\tools\compiler\ti-cgt-arm_16.9.1.LTS\lib\</path>
         <kind>archive</kind>
         <file>rtsv7M4_T_le_v4SPD16_eabi.lib</file>
         <name>trgdrv.obj</name>
      </input_file>
      <input_file id="fl-d3">
         <path>C:\ti\ccsv7\tools\compiler\ti-cgt-arm_16.9.1.LTS\lib\</path>
         <kind>archive</kind>
         <file>rtsv7M4_T_le_v4SPD16_eabi.lib</file>
         <name>trgmsg.obj</name>
      </input_file>
      <input_file id="fl-d4">
         <path>C:\ti\ccsv7\tools\compiler\ti-cgt-arm_16.9.1.LTS\lib\</path>
         <kind>archive</kind>
         <file>rtsv7M4_T_le_v4SPD16_eabi.lib</file>
         <name>_io_perm.obj</name>
      </input_file>
      <input_file id="fl-d5">
         <path>C:\ti\ccsv7\tools\compiler\ti-cgt-arm_16.9.1.LTS\lib\</path>
         <kind>archive</kind>
         <file>rtsv7M4_T_le_v4SPD16_eabi.lib</file>
         <name>_lock.obj</name>
      </input_file>
      <input_file id="fl-d6">
         <path>C:\ti\ccsv7\tools\compiler\ti-cgt-arm_16.9.1.LTS\lib\</path>
         <kind>archive</kind>
         <file>rtsv7M4_T_le_v4SPD16_eabi.lib</file>
         <name>_printfi.obj</name>
      </input_file>
      <input_file id="fl-d7">
         <path>C:\ti\ccsv7\tools\compiler\ti-cgt-arm_16.9.1.LTS\lib\</path>
         <kind>archive</kind>
         <file>rtsv7M4_T_le_v4SPD16_eabi.lib</file>
         <name>args_main.obj</name>
      </input_file>
      <input_file id="fl-d8">
         <path>C:\ti\ccsv7\tools\compiler\ti-cgt-arm_16.9.1.LTS\lib\</path>
         <kind>archive</kind>
         <file>rtsv7M4_T_le_v4SPD16_eabi.lib</file>
         <name>atoi.obj</name>
      </input_file>
      <input_file id="fl-d9">
         <path>C:\ti\ccsv7\tools\compiler\ti-cgt-arm_16.9.1.LTS\lib\</path>
         <kind>archive</kind>
         <file>rtsv7M4_T_le_v4SPD16_eabi.lib</file>
         <name>autoinit.obj</name>
      </input_file>
      <input_file id="fl-da">
         <path>C:\ti\ccsv7\tools\compiler\ti-cgt-arm_16.9.1.LTS\lib\</path>
         <kind>archive</kind>
         <file>rtsv7M4_T_le_v4SPD16_eabi.lib</file>
         <name>cpy_tbl.obj</name>
      </input_file>
      <input_file id="fl-db">
         <path>C:\ti\ccsv7\tools\compiler\ti-cgt-arm_16.9.1.LTS\lib\</path>
         <kind>archive</kind>
         <file>rtsv7M4_T_le_v4SPD16_eabi.lib</file>
         <name>ctype.obj</name>
      </input_file>
      <input_file id="fl-dc">
         <path>C:\ti\ccsv7\tools\compiler\ti-cgt-arm_16.9.1.LTS\lib\</path>
         <kind>archive</kind>
         <file>rtsv7M4_T_le_v4SPD16_eabi.lib</file>
         <name>fd_add_t2.obj</name>
      </input_file>
      <input_file id="fl-dd">
         <path>C:\ti\ccsv7\tools\compiler\ti-cgt-arm_16.9.1.LTS\lib\</path>
         <kind>archive</kind>
         <file>rtsv7M4_T_le_v4SPD16_eabi.lib</file>
         <name>fd_cmp_t2.obj</name>
      </input_file>
      <input_file id="fl-de">
         <path>C:\ti\ccsv7\tools\compiler\ti-cgt-arm_16.9.1.LTS\lib\</path>
         <kind>archive</kind>
         <file>rtsv7M4_T_le_v4SPD16_eabi.lib</file>
         <name>fd_div_t2.obj</name>
      </input_file>
      <input_file id="fl-df">
         <path>C:\ti\ccsv7\tools\compiler\ti-cgt-arm_16.9.1.LTS\lib\</path>
         <kind>archive</kind>
         <file>rtsv7M4_T_le_v4SPD16_eabi.lib</file>
         <name>fd_mul_t2.obj</name>
      </input_file>
      <input_file id="fl-e0">
         <path>C:\ti\ccsv7\tools\compiler\ti-cgt-arm_16.9.1.LTS\lib\</path>
         <kind>archive</kind>
         <file>rtsv7M4_T_le_v4SPD16_eabi.lib</file>
         <name>fd_toi_t2.obj</name>
      </input_file>
      <input_file id="fl-e1">
         <path>C:\ti\ccsv7\tools\compiler\ti-cgt-arm_16.9.1.LTS\lib\</path>
         <kind>archive</kind>
         <file>rtsv7M4_T_le_v4SPD16_eabi.lib</file>
         <name>fflush.obj</name>
      </input_file>
      <input_file id="fl-e2">
         <path>C:\ti\ccsv7\tools\compiler\ti-cgt-arm_16.9.1.LTS\lib\</path>
         <kind>archive</kind>
         <file>rtsv7M4_T_le_v4SPD16_eabi.lib</file>
         <name>fseek.obj</name>
      </input_file>
      <input_file id="fl-e3">
         <path>C:\ti\ccsv7\tools\compiler\ti-cgt-arm_16.9.1.LTS\lib\</path>
         <kind>archive</kind>
         <file>rtsv7M4_T_le_v4SPD16_eabi.lib</file>
         <name>i_tofd_t2.obj</name>
      </input_file>
      <input_file id="fl-e4">
         <path>C:\ti\ccsv7\tools\compiler\ti-cgt-arm_16.9.1.LTS\lib\</path>
         <kind>archive</kind>
         <file>rtsv7M4_T_le_v4SPD16_eabi.lib</file>
         <name>ltoa.obj</name>
      </input_file>
      <input_file id="fl-e5">
         <path>C:\ti\ccsv7\tools\compiler\ti-cgt-arm_16.9.1.LTS\lib\</path>
         <kind>archive</kind>
         <file>rtsv7M4_T_le_v4SPD16_eabi.lib</file>
         <name>memccpy.obj</name>
      </input_file>
      <input_file id="fl-e6">
         <path>C:\ti\ccsv7\tools\compiler\ti-cgt-arm_16.9.1.LTS\lib\</path>
         <kind>archive</kind>
         <file>rtsv7M4_T_le_v4SPD16_eabi.lib</file>
         <name>s_frexp.obj</name>
      </input_file>
      <input_file id="fl-e7">
         <path>C:\ti\ccsv7\tools\compiler\ti-cgt-arm_16.9.1.LTS\lib\</path>
         <kind>archive</kind>
         <file>rtsv7M4_T_le_v4SPD16_eabi.lib</file>
         <name>s_scalbn.obj</name>
      </input_file>
      <input_file id="fl-e8">
         <path>C:\ti\ccsv7\tools\compiler\ti-cgt-arm_16.9.1.LTS\lib\</path>
         <kind>archive</kind>
         <file>rtsv7M4_T_le_v4SPD16_eabi.lib</file>
         <name>setvbuf.obj</name>
      </input_file>
      <input_file id="fl-e9">
         <path>C:\ti\ccsv7\tools\compiler\ti-cgt-arm_16.9.1.LTS\lib\</path>
         <kind>archive</kind>
         <file>rtsv7M4_T_le_v4SPD16_eabi.lib</file>
         <name>startup.obj</name>
      </input_file>
      <input_file id="fl-ea">
         <path>C:\ti\ccsv7\tools\compiler\ti-cgt-arm_16.9.1.LTS\lib\</path>
         <kind>archive</kind>
         <file>rtsv7M4_T_le_v4SPD16_eabi.lib</file>
         <name>strcpy.obj</name>
      </input_file>
      <input_file id="fl-eb">
         <path>C:\ti\ccsv7\tools\compiler\ti-cgt-arm_16.9.1.LTS\lib\</path>
         <kind>archive</kind>
         <file>rtsv7M4_T_le_v4SPD16_eabi.lib</file>
         <name>ull_div_t2.obj</name>
      </input_file>
      <input_file id="fl-ec">
         <path>C:\ti\ccsv7\tools\compiler\ti-cgt-arm_16.9.1.LTS\lib\</path>
         <kind>archive</kind>
         <file>rtsv7M4_T_le_v4SPD16_eabi.lib</file>
         <name>errno.obj</name>
      </input_file>
      <input_file id="fl-ed">
         <path>C:\ti\ccsv7\tools\compiler\ti-cgt-arm_16.9.1.LTS\lib\</path>
         <kind>archive</kind>
         <file>rtsv7M4_T_le_v4SPD16_eabi.lib</file>
         <name>fopen.obj</name>
      </input_file>
      <input_file id="fl-ee">
         <path>C:\ti\ccsv7\tools\compiler\ti-cgt-arm_16.9.1.LTS\lib\</path>
         <kind>archive</kind>
         <file>rtsv7M4_T_le_v4SPD16_eabi.lib</file>
         <name>memory.obj</name>
      </input_file>
      <input_file id="fl-ef">
         <path>C:\ti\ccsv7\tools\compiler\ti-cgt-arm_16.9.1.LTS\lib\</path>
         <kind>archive</kind>
         <file>rtsv7M4_T_le_v4SPD16_eabi.lib</file>
         <name>s_copysign.obj</name>
      </input_file>
      <input_file id="fl-f0">
         <path>C:\ti\ccsv7\tools\compiler\ti-cgt-arm_16.9.1.LTS\lib\</path>
         <kind>archive</kind>
         <file>rtsv7M4_T_le_v4SPD16_eabi.lib</file>
         <name>fclose.obj</name>
      </input_file>
      <input_file id="fl-f1">
         <path>C:\ti\ccsv7\tools\compiler\ti-cgt-arm_16.9.1.LTS\lib\</path>
         <kind>archive</kind>
         <file>rtsv7M4_T_le_v4SPD16_eabi.lib</file>
         <name>remove.obj</name>
      </input_file>
   </input_file_list>
   <object_component_list>
      <object_component id="oc-2c">
         <name>.intvecs:retain</name>
         <load_address>0x0</load_address>
         <run_address>0x0</run_address>
         <size>0xe4</size>
         <input_file_ref idref="fl-3"/>
      </object_component>
      <object_component id="oc-12c">
         <name>.text</name>
         <load_address>0xe4</load_address>
         <run_address>0xe4</run_address>
         <size>0x113e</size>
         <input_file_ref idref="fl-d6"/>
      </object_component>
      <object_component id="oc-56">
         <name>.text</name>
         <load_address>0x1222</load_address>
         <run_address>0x1222</run_address>
         <size>0x2</size>
         <input_file_ref idref="fl-cb"/>
      </object_component>
      <object_component id="oc-23b">
         <name>.text</name>
         <load_address>0x1224</load_address>
         <run_address>0x1224</run_address>
         <size>0x3d0</size>
         <input_file_ref idref="fl-ee"/>
      </object_component>
      <object_component id="oc-be">
         <name>.text</name>
         <load_address>0x15f4</load_address>
         <run_address>0x15f4</run_address>
         <size>0x32c</size>
         <input_file_ref idref="fl-4"/>
      </object_component>
      <object_component id="oc-258">
         <name>.text</name>
         <load_address>0x1920</load_address>
         <run_address>0x1920</run_address>
         <size>0x324</size>
         <input_file_ref idref="fl-d2"/>
      </object_component>
      <object_component id="oc-15f">
         <name>.text</name>
         <load_address>0x1c44</load_address>
         <run_address>0x1c44</run_address>
         <size>0x30c</size>
         <input_file_ref idref="fl-c7"/>
      </object_component>
      <object_component id="oc-ab">
         <name>.text</name>
         <load_address>0x1f50</load_address>
         <run_address>0x1f50</run_address>
         <size>0x28c</size>
         <input_file_ref idref="fl-2"/>
      </object_component>
      <object_component id="oc-175">
         <name>.text</name>
         <load_address>0x21dc</load_address>
         <run_address>0x21dc</run_address>
         <size>0x1f4</size>
         <input_file_ref idref="fl-eb"/>
      </object_component>
      <object_component id="oc-241">
         <name>.text</name>
         <load_address>0x23d0</load_address>
         <run_address>0x23d0</run_address>
         <size>0x1c4</size>
         <input_file_ref idref="fl-ed"/>
      </object_component>
      <object_component id="oc-19e">
         <name>.text</name>
         <load_address>0x2594</load_address>
         <run_address>0x2594</run_address>
         <size>0x1b6</size>
         <input_file_ref idref="fl-dc"/>
      </object_component>
      <object_component id="oc-184">
         <name>.text</name>
         <load_address>0x274a</load_address>
         <run_address>0x274a</run_address>
         <size>0x136</size>
         <input_file_ref idref="fl-de"/>
      </object_component>
      <object_component id="oc-126">
         <name>.text</name>
         <load_address>0x2880</load_address>
         <run_address>0x2880</run_address>
         <size>0x134</size>
         <input_file_ref idref="fl-c6"/>
      </object_component>
      <object_component id="oc-17f">
         <name>.text</name>
         <load_address>0x29b4</load_address>
         <run_address>0x29b4</run_address>
         <size>0xfc</size>
         <input_file_ref idref="fl-df"/>
      </object_component>
      <object_component id="oc-1a9">
         <name>.text</name>
         <load_address>0x2ab0</load_address>
         <run_address>0x2ab0</run_address>
         <size>0xfc</size>
         <input_file_ref idref="fl-e7"/>
      </object_component>
      <object_component id="oc-1e1">
         <name>.text</name>
         <load_address>0x2bac</load_address>
         <run_address>0x2bac</run_address>
         <size>0xdc</size>
         <input_file_ref idref="fl-e8"/>
      </object_component>
      <object_component id="oc-159">
         <name>.text</name>
         <load_address>0x2c88</load_address>
         <run_address>0x2c88</run_address>
         <size>0xc8</size>
         <input_file_ref idref="fl-e1"/>
      </object_component>
      <object_component id="oc-153">
         <name>.text</name>
         <load_address>0x2d50</load_address>
         <run_address>0x2d50</run_address>
         <size>0xac</size>
         <input_file_ref idref="fl-d4"/>
      </object_component>
      <object_component id="oc-3e">
         <name>.text</name>
         <load_address>0x2dfc</load_address>
         <run_address>0x2dfc</run_address>
         <size>0x9c</size>
         <input_file_ref idref="fl-c9"/>
      </object_component>
      <object_component id="oc-283">
         <name>.text</name>
         <load_address>0x2e98</load_address>
         <run_address>0x2e98</run_address>
         <size>0x98</size>
         <input_file_ref idref="fl-f0"/>
      </object_component>
      <object_component id="oc-120">
         <name>.text</name>
         <load_address>0x2f30</load_address>
         <run_address>0x2f30</run_address>
         <size>0x98</size>
         <input_file_ref idref="fl-c5"/>
      </object_component>
      <object_component id="oc-17a">
         <name>.text:__aeabi_cdcmple</name>
         <load_address>0x2fc8</load_address>
         <run_address>0x2fc8</run_address>
         <size>0x86</size>
         <input_file_ref idref="fl-dd"/>
      </object_component>
      <object_component id="oc-189">
         <name>.text:__aeabi_cdrcmple</name>
         <load_address>0x304e</load_address>
         <run_address>0x304e</run_address>
         <size>0x86</size>
         <input_file_ref idref="fl-dd"/>
      </object_component>
      <object_component id="oc-4a">
         <name>.text</name>
         <load_address>0x30d4</load_address>
         <run_address>0x30d4</run_address>
         <size>0x7a</size>
         <input_file_ref idref="fl-ca"/>
      </object_component>
      <object_component id="oc-a3">
         <name>.text</name>
         <load_address>0x314e</load_address>
         <run_address>0x314e</run_address>
         <size>0x2</size>
         <input_file_ref idref="fl-e9"/>
      </object_component>
      <object_component id="oc-62">
         <name>.text</name>
         <load_address>0x3150</load_address>
         <run_address>0x3150</run_address>
         <size>0x70</size>
         <input_file_ref idref="fl-d9"/>
      </object_component>
      <object_component id="oc-e4">
         <name>.text</name>
         <load_address>0x31c0</load_address>
         <run_address>0x31c0</run_address>
         <size>0x6c</size>
         <input_file_ref idref="fl-c4"/>
      </object_component>
      <object_component id="oc-14">
         <name>.text:decompress:lzss</name>
         <load_address>0x322c</load_address>
         <run_address>0x322c</run_address>
         <size>0x68</size>
         <input_file_ref idref="fl-bf"/>
      </object_component>
      <object_component id="oc-292">
         <name>.text</name>
         <load_address>0x3294</load_address>
         <run_address>0x3294</run_address>
         <size>0x68</size>
         <input_file_ref idref="fl-d3"/>
      </object_component>
      <object_component id="oc-1db">
         <name>.text</name>
         <load_address>0x32fc</load_address>
         <run_address>0x32fc</run_address>
         <size>0x64</size>
         <input_file_ref idref="fl-e2"/>
      </object_component>
      <object_component id="oc-1a3">
         <name>.text</name>
         <load_address>0x3360</load_address>
         <run_address>0x3360</run_address>
         <size>0x64</size>
         <input_file_ref idref="fl-e6"/>
      </object_component>
      <object_component id="oc-26">
         <name>.text</name>
         <load_address>0x33c4</load_address>
         <run_address>0x33c4</run_address>
         <size>0x54</size>
         <input_file_ref idref="fl-be"/>
      </object_component>
      <object_component id="oc-6e">
         <name>.text</name>
         <load_address>0x3418</load_address>
         <run_address>0x3418</run_address>
         <size>0x54</size>
         <input_file_ref idref="fl-c3"/>
      </object_component>
      <object_component id="oc-193">
         <name>.text</name>
         <load_address>0x346c</load_address>
         <run_address>0x346c</run_address>
         <size>0x54</size>
         <input_file_ref idref="fl-e4"/>
      </object_component>
      <object_component id="oc-1b5">
         <name>.text</name>
         <load_address>0x34c0</load_address>
         <run_address>0x34c0</run_address>
         <size>0x4c</size>
         <input_file_ref idref="fl-d8"/>
      </object_component>
      <object_component id="oc-9d">
         <name>.text</name>
         <load_address>0x350c</load_address>
         <run_address>0x350c</run_address>
         <size>0x4c</size>
         <input_file_ref idref="fl-da"/>
      </object_component>
      <object_component id="oc-18e">
         <name>.text</name>
         <load_address>0x3558</load_address>
         <run_address>0x3558</run_address>
         <size>0x48</size>
         <input_file_ref idref="fl-e0"/>
      </object_component>
      <object_component id="oc-1f4">
         <name>.text</name>
         <load_address>0x35a0</load_address>
         <run_address>0x35a0</run_address>
         <size>0x36</size>
         <input_file_ref idref="fl-d1"/>
      </object_component>
      <object_component id="oc-199">
         <name>.text</name>
         <load_address>0x35d6</load_address>
         <run_address>0x35d6</run_address>
         <size>0x2e</size>
         <input_file_ref idref="fl-e3"/>
      </object_component>
      <object_component id="oc-16d">
         <name>.text</name>
         <load_address>0x3604</load_address>
         <run_address>0x3604</run_address>
         <size>0x20</size>
         <input_file_ref idref="fl-c8"/>
      </object_component>
      <object_component id="oc-1bb">
         <name>.text</name>
         <load_address>0x3624</load_address>
         <run_address>0x3624</run_address>
         <size>0x1c</size>
         <input_file_ref idref="fl-e5"/>
      </object_component>
      <object_component id="oc-68">
         <name>.text</name>
         <load_address>0x3640</load_address>
         <run_address>0x3640</run_address>
         <size>0x18</size>
         <input_file_ref idref="fl-d7"/>
      </object_component>
      <object_component id="oc-1ee">
         <name>.text</name>
         <load_address>0x3658</load_address>
         <run_address>0x3658</run_address>
         <size>0x18</size>
         <input_file_ref idref="fl-cf"/>
      </object_component>
      <object_component id="oc-1af">
         <name>.text</name>
         <load_address>0x3670</load_address>
         <run_address>0x3670</run_address>
         <size>0x16</size>
         <input_file_ref idref="fl-ce"/>
      </object_component>
      <object_component id="oc-ff">
         <name>.text</name>
         <load_address>0x3688</load_address>
         <run_address>0x3688</run_address>
         <size>0x14</size>
         <input_file_ref idref="fl-d5"/>
      </object_component>
      <object_component id="oc-21e">
         <name>.text</name>
         <load_address>0x369c</load_address>
         <run_address>0x369c</run_address>
         <size>0x14</size>
         <input_file_ref idref="fl-ef"/>
      </object_component>
      <object_component id="oc-298">
         <name>.text</name>
         <load_address>0x36b0</load_address>
         <run_address>0x36b0</run_address>
         <size>0x14</size>
         <input_file_ref idref="fl-ea"/>
      </object_component>
      <object_component id="oc-167">
         <name>.text</name>
         <load_address>0x36c4</load_address>
         <run_address>0x36c4</run_address>
         <size>0x14</size>
         <input_file_ref idref="fl-d0"/>
      </object_component>
      <object_component id="oc-1a">
         <name>.text:decompress:none</name>
         <load_address>0x36d8</load_address>
         <run_address>0x36d8</run_address>
         <size>0xe</size>
         <input_file_ref idref="fl-c0"/>
      </object_component>
      <object_component id="oc-78">
         <name>.text</name>
         <load_address>0x36e6</load_address>
         <run_address>0x36e6</run_address>
         <size>0xe</size>
         <input_file_ref idref="fl-3"/>
      </object_component>
      <object_component id="oc-20">
         <name>.text:decompress:ZI</name>
         <load_address>0x36f4</load_address>
         <run_address>0x36f4</run_address>
         <size>0xc</size>
         <input_file_ref idref="fl-c1"/>
      </object_component>
      <object_component id="oc-5c">
         <name>.text</name>
         <load_address>0x3700</load_address>
         <run_address>0x3700</run_address>
         <size>0x4</size>
         <input_file_ref idref="fl-cc"/>
      </object_component>
      <object_component id="oc-22b">
         <name>.const:.string:_ctypes_</name>
         <load_address>0x3704</load_address>
         <run_address>0x3704</run_address>
         <size>0x101</size>
         <input_file_ref idref="fl-db"/>
      </object_component>
      <object_component id="oc-2eb">
         <name>.cinit..data.load</name>
         <load_address>0x3808</load_address>
         <run_address>0x3808</run_address>
         <size>0x72</size>
      </object_component>
      <object_component id="oc-2e9">
         <name>__TI_handler_table</name>
         <load_address>0x387c</load_address>
         <run_address>0x387c</run_address>
         <size>0xc</size>
      </object_component>
      <object_component id="oc-2ec">
         <name>.cinit..bss.load</name>
         <load_address>0x3888</load_address>
         <run_address>0x3888</run_address>
         <size>0x8</size>
      </object_component>
      <object_component id="oc-2ea">
         <name>__TI_cinit_table</name>
         <load_address>0x3890</load_address>
         <run_address>0x3890</run_address>
         <size>0x10</size>
      </object_component>
      <object_component id="oc-2c6">
         <name>.binit</name>
         <load_address>0x0</load_address>
         <run_address>0x0</run_address>
         <size>0x0</size>
      </object_component>
      <object_component id="oc-10b">
         <name>.data</name>
         <load_address>0x200005fc</load_address>
         <run_address>0x200005fc</run_address>
         <size>0x4</size>
         <input_file_ref idref="fl-4"/>
      </object_component>
      <object_component id="oc-ed">
         <name>.data:_ftable</name>
         <load_address>0x20000400</load_address>
         <run_address>0x20000400</run_address>
         <size>0xf0</size>
         <input_file_ref idref="fl-c2"/>
      </object_component>
      <object_component id="oc-1e9">
         <name>.data</name>
         <load_address>0x200005c0</load_address>
         <run_address>0x200005c0</run_address>
         <size>0x10</size>
         <input_file_ref idref="fl-c2"/>
      </object_component>
      <object_component id="oc-b3">
         <name>.data:$O1$$</name>
         <load_address>0x200005d0</load_address>
         <run_address>0x200005d0</run_address>
         <size>0xc</size>
         <input_file_ref idref="fl-c3"/>
      </object_component>
      <object_component id="oc-1fa">
         <name>.data:$O1$$</name>
         <load_address>0x200004f0</load_address>
         <run_address>0x200004f0</run_address>
         <size>0xd0</size>
         <input_file_ref idref="fl-c7"/>
      </object_component>
      <object_component id="oc-74">
         <name>.data</name>
         <load_address>0x200005f8</load_address>
         <run_address>0x200005f8</run_address>
         <size>0x4</size>
         <input_file_ref idref="fl-cd"/>
      </object_component>
      <object_component id="oc-b6">
         <name>.data:$O1$$</name>
         <load_address>0x200005e8</load_address>
         <run_address>0x200005e8</run_address>
         <size>0x8</size>
         <input_file_ref idref="fl-d5"/>
      </object_component>
      <object_component id="oc-224">
         <name>.data</name>
         <load_address>0x200005f0</load_address>
         <run_address>0x200005f0</run_address>
         <size>0x4</size>
         <input_file_ref idref="fl-ec"/>
      </object_component>
      <object_component id="oc-289">
         <name>.data</name>
         <load_address>0x200005f4</load_address>
         <run_address>0x200005f4</run_address>
         <size>0x4</size>
         <input_file_ref idref="fl-ed"/>
      </object_component>
      <object_component id="oc-27f">
         <name>.data:$O1$$</name>
         <load_address>0x200005dc</load_address>
         <run_address>0x200005dc</run_address>
         <size>0xc</size>
         <input_file_ref idref="fl-ee"/>
      </object_component>
      <object_component id="oc-29e">
         <name>.bss:parmbuf</name>
         <uninitialized>true</uninitialized>
         <run_address>0x200007c0</run_address>
         <size>0x8</size>
         <input_file_ref idref="fl-d2"/>
      </object_component>
      <object_component id="oc-2b1">
         <name>.bss:_CIOBUF_</name>
         <uninitialized>true</uninitialized>
         <run_address>0x20000600</run_address>
         <size>0x120</size>
         <input_file_ref idref="fl-d3"/>
      </object_component>
      <object_component id="oc-ea">
         <name>.common:GLOBAL_FREQ</name>
         <uninitialized>true</uninitialized>
         <run_address>0x200007c8</run_address>
         <size>0x4</size>
      </object_component>
      <object_component id="oc-2ac">
         <name>.common:__TI_tmpnams</name>
         <uninitialized>true</uninitialized>
         <run_address>0x20000720</run_address>
         <size>0xa0</size>
      </object_component>
      <object_component id="oc-30">
         <name>.sysmem</name>
         <uninitialized>true</uninitialized>
         <run_address>0x20000000</run_address>
         <size>0x8</size>
         <input_file_ref idref="fl-ee"/>
      </object_component>
      <object_component id="oc-2ee">
         <name>.sysmem</name>
         <uninitialized>true</uninitialized>
         <run_address>0x20000000</run_address>
         <size>0x0</size>
      </object_component>
      <object_component id="oc-2f">
         <name>.stack</name>
         <uninitialized>true</uninitialized>
         <run_address>0x2000fe00</run_address>
         <size>0x0</size>
         <input_file_ref idref="fl-be"/>
      </object_component>
      <object_component id="oc-2ed">
         <name>.stack</name>
         <uninitialized>true</uninitialized>
         <run_address>0x2000fe00</run_address>
         <size>0x0</size>
      </object_component>
      <object_component id="oc-eb">
         <name>.debug_info</name>
         <load_address>0x0</load_address>
         <run_address>0x0</run_address>
         <size>0x476</size>
         <input_file_ref idref="fl-2"/>
      </object_component>
      <object_component id="oc-ac">
         <name>.debug_info</name>
         <load_address>0x476</load_address>
         <run_address>0x476</run_address>
         <size>0x713</size>
         <input_file_ref idref="fl-2"/>
      </object_component>
      <object_component id="oc-13b">
         <name>.debug_info</name>
         <load_address>0xb89</load_address>
         <run_address>0xb89</run_address>
         <size>0xc8</size>
         <input_file_ref idref="fl-2"/>
      </object_component>
      <object_component id="oc-140">
         <name>.debug_info</name>
         <load_address>0xc51</load_address>
         <run_address>0xc51</run_address>
         <size>0x37a3</size>
         <input_file_ref idref="fl-2"/>
      </object_component>
      <object_component id="oc-145">
         <name>.debug_info</name>
         <load_address>0x43f4</load_address>
         <run_address>0x43f4</run_address>
         <size>0x103e</size>
         <input_file_ref idref="fl-2"/>
      </object_component>
      <object_component id="oc-39">
         <name>.debug_info</name>
         <load_address>0x5432</load_address>
         <run_address>0x5432</run_address>
         <size>0x84</size>
         <input_file_ref idref="fl-2"/>
      </object_component>
      <object_component id="oc-10f">
         <name>.debug_info</name>
         <load_address>0x54b6</load_address>
         <run_address>0x54b6</run_address>
         <size>0x18b</size>
         <input_file_ref idref="fl-2"/>
      </object_component>
      <object_component id="oc-f1">
         <name>.debug_info</name>
         <load_address>0x5641</load_address>
         <run_address>0x5641</run_address>
         <size>0x2c</size>
         <input_file_ref idref="fl-2"/>
      </object_component>
      <object_component id="oc-134">
         <name>.debug_info</name>
         <load_address>0x566d</load_address>
         <run_address>0x566d</run_address>
         <size>0x4e</size>
         <input_file_ref idref="fl-2"/>
      </object_component>
      <object_component id="oc-80">
         <name>.debug_info</name>
         <load_address>0x56bb</load_address>
         <run_address>0x56bb</run_address>
         <size>0x133</size>
         <input_file_ref idref="fl-3"/>
      </object_component>
      <object_component id="oc-2d">
         <name>.debug_info</name>
         <load_address>0x57ee</load_address>
         <run_address>0x57ee</run_address>
         <size>0x10b</size>
         <input_file_ref idref="fl-3"/>
      </object_component>
      <object_component id="oc-7c">
         <name>.debug_info</name>
         <load_address>0x58f9</load_address>
         <run_address>0x58f9</run_address>
         <size>0x1d2</size>
         <input_file_ref idref="fl-3"/>
      </object_component>
      <object_component id="oc-10c">
         <name>.debug_info</name>
         <load_address>0x5acb</load_address>
         <run_address>0x5acb</run_address>
         <size>0x104</size>
         <input_file_ref idref="fl-4"/>
      </object_component>
      <object_component id="oc-c0">
         <name>.debug_info</name>
         <load_address>0x5bcf</load_address>
         <run_address>0x5bcf</run_address>
         <size>0x276</size>
         <input_file_ref idref="fl-4"/>
      </object_component>
      <object_component id="oc-29">
         <name>.debug_info</name>
         <load_address>0x5e45</load_address>
         <run_address>0x5e45</run_address>
         <size>0x160</size>
         <input_file_ref idref="fl-be"/>
      </object_component>
      <object_component id="oc-8a">
         <name>.debug_info</name>
         <load_address>0x5fa5</load_address>
         <run_address>0x5fa5</run_address>
         <size>0xf9</size>
         <input_file_ref idref="fl-bf"/>
      </object_component>
      <object_component id="oc-18">
         <name>.debug_info</name>
         <load_address>0x609e</load_address>
         <run_address>0x609e</run_address>
         <size>0x245</size>
         <input_file_ref idref="fl-bf"/>
      </object_component>
      <object_component id="oc-34">
         <name>.debug_info</name>
         <load_address>0x62e3</load_address>
         <run_address>0x62e3</run_address>
         <size>0x60</size>
         <input_file_ref idref="fl-bf"/>
      </object_component>
      <object_component id="oc-85">
         <name>.debug_info</name>
         <load_address>0x6343</load_address>
         <run_address>0x6343</run_address>
         <size>0x46</size>
         <input_file_ref idref="fl-bf"/>
      </object_component>
      <object_component id="oc-49">
         <name>.debug_info</name>
         <load_address>0x6389</load_address>
         <run_address>0x6389</run_address>
         <size>0x140</size>
         <input_file_ref idref="fl-c0"/>
      </object_component>
      <object_component id="oc-1d">
         <name>.debug_info</name>
         <load_address>0x64c9</load_address>
         <run_address>0x64c9</run_address>
         <size>0x1df</size>
         <input_file_ref idref="fl-c0"/>
      </object_component>
      <object_component id="oc-44">
         <name>.debug_info</name>
         <load_address>0x66a8</load_address>
         <run_address>0x66a8</run_address>
         <size>0x46</size>
         <input_file_ref idref="fl-c0"/>
      </object_component>
      <object_component id="oc-8c">
         <name>.debug_info</name>
         <load_address>0x66ee</load_address>
         <run_address>0x66ee</run_address>
         <size>0x2c</size>
         <input_file_ref idref="fl-c0"/>
      </object_component>
      <object_component id="oc-55">
         <name>.debug_info</name>
         <load_address>0x671a</load_address>
         <run_address>0x671a</run_address>
         <size>0x12f</size>
         <input_file_ref idref="fl-c1"/>
      </object_component>
      <object_component id="oc-21">
         <name>.debug_info</name>
         <load_address>0x6849</load_address>
         <run_address>0x6849</run_address>
         <size>0x1aa</size>
         <input_file_ref idref="fl-c1"/>
      </object_component>
      <object_component id="oc-50">
         <name>.debug_info</name>
         <load_address>0x69f3</load_address>
         <run_address>0x69f3</run_address>
         <size>0x46</size>
         <input_file_ref idref="fl-c1"/>
      </object_component>
      <object_component id="oc-94">
         <name>.debug_info</name>
         <load_address>0x6a39</load_address>
         <run_address>0x6a39</run_address>
         <size>0x2c</size>
         <input_file_ref idref="fl-c1"/>
      </object_component>
      <object_component id="oc-14c">
         <name>.debug_info</name>
         <load_address>0x6a65</load_address>
         <run_address>0x6a65</run_address>
         <size>0x139</size>
         <input_file_ref idref="fl-c2"/>
      </object_component>
      <object_component id="oc-ee">
         <name>.debug_info</name>
         <load_address>0x6b9e</load_address>
         <run_address>0x6b9e</run_address>
         <size>0xf7</size>
         <input_file_ref idref="fl-c2"/>
      </object_component>
      <object_component id="oc-1ea">
         <name>.debug_info</name>
         <load_address>0x6c95</load_address>
         <run_address>0x6c95</run_address>
         <size>0x184</size>
         <input_file_ref idref="fl-c2"/>
      </object_component>
      <object_component id="oc-1d4">
         <name>.debug_info</name>
         <load_address>0x6e19</load_address>
         <run_address>0x6e19</run_address>
         <size>0xae</size>
         <input_file_ref idref="fl-c2"/>
      </object_component>
      <object_component id="oc-ba">
         <name>.debug_info</name>
         <load_address>0x6ec7</load_address>
         <run_address>0x6ec7</run_address>
         <size>0x234</size>
         <input_file_ref idref="fl-c3"/>
      </object_component>
      <object_component id="oc-b4">
         <name>.debug_info</name>
         <load_address>0x70fb</load_address>
         <run_address>0x70fb</run_address>
         <size>0x185</size>
         <input_file_ref idref="fl-c3"/>
      </object_component>
      <object_component id="oc-71">
         <name>.debug_info</name>
         <load_address>0x7280</load_address>
         <run_address>0x7280</run_address>
         <size>0x214</size>
         <input_file_ref idref="fl-c3"/>
      </object_component>
      <object_component id="oc-133">
         <name>.debug_info</name>
         <load_address>0x7494</load_address>
         <run_address>0x7494</run_address>
         <size>0x20a</size>
         <input_file_ref idref="fl-c4"/>
      </object_component>
      <object_component id="oc-e7">
         <name>.debug_info</name>
         <load_address>0x769e</load_address>
         <run_address>0x769e</run_address>
         <size>0x2ab</size>
         <input_file_ref idref="fl-c4"/>
      </object_component>
      <object_component id="oc-166">
         <name>.debug_info</name>
         <load_address>0x7949</load_address>
         <run_address>0x7949</run_address>
         <size>0x1de</size>
         <input_file_ref idref="fl-c5"/>
      </object_component>
      <object_component id="oc-123">
         <name>.debug_info</name>
         <load_address>0x7b27</load_address>
         <run_address>0x7b27</run_address>
         <size>0x23f</size>
         <input_file_ref idref="fl-c5"/>
      </object_component>
      <object_component id="oc-174">
         <name>.debug_info</name>
         <load_address>0x7d66</load_address>
         <run_address>0x7d66</run_address>
         <size>0x2a2</size>
         <input_file_ref idref="fl-c6"/>
      </object_component>
      <object_component id="oc-127">
         <name>.debug_info</name>
         <load_address>0x8008</load_address>
         <run_address>0x8008</run_address>
         <size>0x359</size>
         <input_file_ref idref="fl-c6"/>
      </object_component>
      <object_component id="oc-1fe">
         <name>.debug_info</name>
         <load_address>0x8361</load_address>
         <run_address>0x8361</run_address>
         <size>0x4a0</size>
         <input_file_ref idref="fl-c7"/>
      </object_component>
      <object_component id="oc-1fb">
         <name>.debug_info</name>
         <load_address>0x8801</load_address>
         <run_address>0x8801</run_address>
         <size>0x116</size>
         <input_file_ref idref="fl-c7"/>
      </object_component>
      <object_component id="oc-163">
         <name>.debug_info</name>
         <load_address>0x8917</load_address>
         <run_address>0x8917</run_address>
         <size>0xb0b</size>
         <input_file_ref idref="fl-c7"/>
      </object_component>
      <object_component id="oc-262">
         <name>.debug_info</name>
         <load_address>0x9422</load_address>
         <run_address>0x9422</run_address>
         <size>0x120</size>
         <input_file_ref idref="fl-c7"/>
      </object_component>
      <object_component id="oc-1cd">
         <name>.debug_info</name>
         <load_address>0x9542</load_address>
         <run_address>0x9542</run_address>
         <size>0x2c</size>
         <input_file_ref idref="fl-c7"/>
      </object_component>
      <object_component id="oc-200">
         <name>.debug_info</name>
         <load_address>0x956e</load_address>
         <run_address>0x956e</run_address>
         <size>0x2c</size>
         <input_file_ref idref="fl-c7"/>
      </object_component>
      <object_component id="oc-20a">
         <name>.debug_info</name>
         <load_address>0x959a</load_address>
         <run_address>0x959a</run_address>
         <size>0x100</size>
         <input_file_ref idref="fl-c8"/>
      </object_component>
      <object_component id="oc-170">
         <name>.debug_info</name>
         <load_address>0x969a</load_address>
         <run_address>0x969a</run_address>
         <size>0x242</size>
         <input_file_ref idref="fl-c8"/>
      </object_component>
      <object_component id="oc-3f">
         <name>.debug_info</name>
         <load_address>0x98dc</load_address>
         <run_address>0x98dc</run_address>
         <size>0x111</size>
         <input_file_ref idref="fl-c9"/>
      </object_component>
      <object_component id="oc-4d">
         <name>.debug_info</name>
         <load_address>0x99ed</load_address>
         <run_address>0x99ed</run_address>
         <size>0x13f</size>
         <input_file_ref idref="fl-ca"/>
      </object_component>
      <object_component id="oc-59">
         <name>.debug_info</name>
         <load_address>0x9b2c</load_address>
         <run_address>0x9b2c</run_address>
         <size>0x138</size>
         <input_file_ref idref="fl-cb"/>
      </object_component>
      <object_component id="oc-5e">
         <name>.debug_info</name>
         <load_address>0x9c64</load_address>
         <run_address>0x9c64</run_address>
         <size>0x148</size>
         <input_file_ref idref="fl-cc"/>
      </object_component>
      <object_component id="oc-75">
         <name>.debug_info</name>
         <load_address>0x9dac</load_address>
         <run_address>0x9dac</run_address>
         <size>0x109</size>
         <input_file_ref idref="fl-cd"/>
      </object_component>
      <object_component id="oc-22a">
         <name>.debug_info</name>
         <load_address>0x9eb5</load_address>
         <run_address>0x9eb5</run_address>
         <size>0xf5</size>
         <input_file_ref idref="fl-ce"/>
      </object_component>
      <object_component id="oc-1b3">
         <name>.debug_info</name>
         <load_address>0x9faa</load_address>
         <run_address>0x9faa</run_address>
         <size>0x244</size>
         <input_file_ref idref="fl-ce"/>
      </object_component>
      <object_component id="oc-255">
         <name>.debug_info</name>
         <load_address>0xa1ee</load_address>
         <run_address>0xa1ee</run_address>
         <size>0xe5</size>
         <input_file_ref idref="fl-cf"/>
      </object_component>
      <object_component id="oc-1f2">
         <name>.debug_info</name>
         <load_address>0xa2d3</load_address>
         <run_address>0xa2d3</run_address>
         <size>0x258</size>
         <input_file_ref idref="fl-cf"/>
      </object_component>
      <object_component id="oc-208">
         <name>.debug_info</name>
         <load_address>0xa52b</load_address>
         <run_address>0xa52b</run_address>
         <size>0xea</size>
         <input_file_ref idref="fl-d0"/>
      </object_component>
      <object_component id="oc-169">
         <name>.debug_info</name>
         <load_address>0xa615</load_address>
         <run_address>0xa615</run_address>
         <size>0x22a</size>
         <input_file_ref idref="fl-d0"/>
      </object_component>
      <object_component id="oc-257">
         <name>.debug_info</name>
         <load_address>0xa83f</load_address>
         <run_address>0xa83f</run_address>
         <size>0xf6</size>
         <input_file_ref idref="fl-d1"/>
      </object_component>
      <object_component id="oc-1f8">
         <name>.debug_info</name>
         <load_address>0xa935</load_address>
         <run_address>0xa935</run_address>
         <size>0x259</size>
         <input_file_ref idref="fl-d1"/>
      </object_component>
      <object_component id="oc-2a2">
         <name>.debug_info</name>
         <load_address>0xab8e</load_address>
         <run_address>0xab8e</run_address>
         <size>0x24f</size>
         <input_file_ref idref="fl-d2"/>
      </object_component>
      <object_component id="oc-29f">
         <name>.debug_info</name>
         <load_address>0xaddd</load_address>
         <run_address>0xaddd</run_address>
         <size>0xf8</size>
         <input_file_ref idref="fl-d2"/>
      </object_component>
      <object_component id="oc-25a">
         <name>.debug_info</name>
         <load_address>0xaed5</load_address>
         <run_address>0xaed5</run_address>
         <size>0xab9</size>
         <input_file_ref idref="fl-d2"/>
      </object_component>
      <object_component id="oc-2a3">
         <name>.debug_info</name>
         <load_address>0xb98e</load_address>
         <run_address>0xb98e</run_address>
         <size>0x53</size>
         <input_file_ref idref="fl-d2"/>
      </object_component>
      <object_component id="oc-2b5">
         <name>.debug_info</name>
         <load_address>0xb9e1</load_address>
         <run_address>0xb9e1</run_address>
         <size>0x116</size>
         <input_file_ref idref="fl-d3"/>
      </object_component>
      <object_component id="oc-2b2">
         <name>.debug_info</name>
         <load_address>0xbaf7</load_address>
         <run_address>0xbaf7</run_address>
         <size>0xfd</size>
         <input_file_ref idref="fl-d3"/>
      </object_component>
      <object_component id="oc-293">
         <name>.debug_info</name>
         <load_address>0xbbf4</load_address>
         <run_address>0xbbf4</run_address>
         <size>0x281</size>
         <input_file_ref idref="fl-d3"/>
      </object_component>
      <object_component id="oc-1e8">
         <name>.debug_info</name>
         <load_address>0xbe75</load_address>
         <run_address>0xbe75</run_address>
         <size>0x151</size>
         <input_file_ref idref="fl-d4"/>
      </object_component>
      <object_component id="oc-154">
         <name>.debug_info</name>
         <load_address>0xbfc6</load_address>
         <run_address>0xbfc6</run_address>
         <size>0x230</size>
         <input_file_ref idref="fl-d4"/>
      </object_component>
      <object_component id="oc-249">
         <name>.debug_info</name>
         <load_address>0xc1f6</load_address>
         <run_address>0xc1f6</run_address>
         <size>0xbb</size>
         <input_file_ref idref="fl-d4"/>
      </object_component>
      <object_component id="oc-107">
         <name>.debug_info</name>
         <load_address>0xc2b1</load_address>
         <run_address>0xc2b1</run_address>
         <size>0x124</size>
         <input_file_ref idref="fl-d5"/>
      </object_component>
      <object_component id="oc-b7">
         <name>.debug_info</name>
         <load_address>0xc3d5</load_address>
         <run_address>0xc3d5</run_address>
         <size>0x113</size>
         <input_file_ref idref="fl-d5"/>
      </object_component>
      <object_component id="oc-101">
         <name>.debug_info</name>
         <load_address>0xc4e8</load_address>
         <run_address>0xc4e8</run_address>
         <size>0x21f</size>
         <input_file_ref idref="fl-d5"/>
      </object_component>
      <object_component id="oc-1c2">
         <name>.debug_info</name>
         <load_address>0xc707</load_address>
         <run_address>0xc707</run_address>
         <size>0x385</size>
         <input_file_ref idref="fl-d6"/>
      </object_component>
      <object_component id="oc-12d">
         <name>.debug_info</name>
         <load_address>0xca8c</load_address>
         <run_address>0xca8c</run_address>
         <size>0x1543</size>
         <input_file_ref idref="fl-d6"/>
      </object_component>
      <object_component id="oc-1c3">
         <name>.debug_info</name>
         <load_address>0xdfcf</load_address>
         <run_address>0xdfcf</run_address>
         <size>0x86</size>
         <input_file_ref idref="fl-d6"/>
      </object_component>
      <object_component id="oc-234">
         <name>.debug_info</name>
         <load_address>0xe055</load_address>
         <run_address>0xe055</run_address>
         <size>0x46</size>
         <input_file_ref idref="fl-d6"/>
      </object_component>
      <object_component id="oc-1c8">
         <name>.debug_info</name>
         <load_address>0xe09b</load_address>
         <run_address>0xe09b</run_address>
         <size>0x39</size>
         <input_file_ref idref="fl-d6"/>
      </object_component>
      <object_component id="oc-b2">
         <name>.debug_info</name>
         <load_address>0xe0d4</load_address>
         <run_address>0xe0d4</run_address>
         <size>0x166</size>
         <input_file_ref idref="fl-d7"/>
      </object_component>
      <object_component id="oc-6b">
         <name>.debug_info</name>
         <load_address>0xe23a</load_address>
         <run_address>0xe23a</run_address>
         <size>0x167</size>
         <input_file_ref idref="fl-d7"/>
      </object_component>
      <object_component id="oc-f8">
         <name>.debug_info</name>
         <load_address>0xe3a1</load_address>
         <run_address>0xe3a1</run_address>
         <size>0x5e</size>
         <input_file_ref idref="fl-d7"/>
      </object_component>
      <object_component id="oc-22f">
         <name>.debug_info</name>
         <load_address>0xe3ff</load_address>
         <run_address>0xe3ff</run_address>
         <size>0x114</size>
         <input_file_ref idref="fl-d8"/>
      </object_component>
      <object_component id="oc-1b6">
         <name>.debug_info</name>
         <load_address>0xe513</load_address>
         <run_address>0xe513</run_address>
         <size>0x171</size>
         <input_file_ref idref="fl-d8"/>
      </object_component>
      <object_component id="oc-aa">
         <name>.debug_info</name>
         <load_address>0xe684</load_address>
         <run_address>0xe684</run_address>
         <size>0x2e9</size>
         <input_file_ref idref="fl-d9"/>
      </object_component>
      <object_component id="oc-66">
         <name>.debug_info</name>
         <load_address>0xe96d</load_address>
         <run_address>0xe96d</run_address>
         <size>0x190</size>
         <input_file_ref idref="fl-d9"/>
      </object_component>
      <object_component id="oc-da">
         <name>.debug_info</name>
         <load_address>0xeafd</load_address>
         <run_address>0xeafd</run_address>
         <size>0x39</size>
         <input_file_ref idref="fl-d9"/>
      </object_component>
      <object_component id="oc-11b">
         <name>.debug_info</name>
         <load_address>0xeb36</load_address>
         <run_address>0xeb36</run_address>
         <size>0x39</size>
         <input_file_ref idref="fl-d9"/>
      </object_component>
      <object_component id="oc-df">
         <name>.debug_info</name>
         <load_address>0xeb6f</load_address>
         <run_address>0xeb6f</run_address>
         <size>0xcd</size>
         <input_file_ref idref="fl-d9"/>
      </object_component>
      <object_component id="oc-d6">
         <name>.debug_info</name>
         <load_address>0xec3c</load_address>
         <run_address>0xec3c</run_address>
         <size>0x1e0</size>
         <input_file_ref idref="fl-da"/>
      </object_component>
      <object_component id="oc-9f">
         <name>.debug_info</name>
         <load_address>0xee1c</load_address>
         <run_address>0xee1c</run_address>
         <size>0x183</size>
         <input_file_ref idref="fl-da"/>
      </object_component>
      <object_component id="oc-116">
         <name>.debug_info</name>
         <load_address>0xef9f</load_address>
         <run_address>0xef9f</run_address>
         <size>0x2c</size>
         <input_file_ref idref="fl-da"/>
      </object_component>
      <object_component id="oc-278">
         <name>.debug_info</name>
         <load_address>0xefcb</load_address>
         <run_address>0xefcb</run_address>
         <size>0xee</size>
         <input_file_ref idref="fl-db"/>
      </object_component>
      <object_component id="oc-22c">
         <name>.debug_info</name>
         <load_address>0xf0b9</load_address>
         <run_address>0xf0b9</run_address>
         <size>0xfa</size>
         <input_file_ref idref="fl-db"/>
      </object_component>
      <object_component id="oc-1a0">
         <name>.debug_info</name>
         <load_address>0xf1b3</load_address>
         <run_address>0xf1b3</run_address>
         <size>0x144</size>
         <input_file_ref idref="fl-dc"/>
      </object_component>
      <object_component id="oc-17d">
         <name>.debug_info</name>
         <load_address>0xf2f7</load_address>
         <run_address>0xf2f7</run_address>
         <size>0x120</size>
         <input_file_ref idref="fl-dd"/>
      </object_component>
      <object_component id="oc-18a">
         <name>.debug_info</name>
         <load_address>0xf417</load_address>
         <run_address>0xf417</run_address>
         <size>0x122</size>
         <input_file_ref idref="fl-dd"/>
      </object_component>
      <object_component id="oc-185">
         <name>.debug_info</name>
         <load_address>0xf539</load_address>
         <run_address>0xf539</run_address>
         <size>0x132</size>
         <input_file_ref idref="fl-de"/>
      </object_component>
      <object_component id="oc-180">
         <name>.debug_info</name>
         <load_address>0xf66b</load_address>
         <run_address>0xf66b</run_address>
         <size>0x132</size>
         <input_file_ref idref="fl-df"/>
      </object_component>
      <object_component id="oc-18f">
         <name>.debug_info</name>
         <load_address>0xf79d</load_address>
         <run_address>0xf79d</run_address>
         <size>0x126</size>
         <input_file_ref idref="fl-e0"/>
      </object_component>
      <object_component id="oc-1ed">
         <name>.debug_info</name>
         <load_address>0xf8c3</load_address>
         <run_address>0xf8c3</run_address>
         <size>0x1a2</size>
         <input_file_ref idref="fl-e1"/>
      </object_component>
      <object_component id="oc-15a">
         <name>.debug_info</name>
         <load_address>0xfa65</load_address>
         <run_address>0xfa65</run_address>
         <size>0x25a</size>
         <input_file_ref idref="fl-e1"/>
      </object_component>
      <object_component id="oc-23a">
         <name>.debug_info</name>
         <load_address>0xfcbf</load_address>
         <run_address>0xfcbf</run_address>
         <size>0x17f</size>
         <input_file_ref idref="fl-e2"/>
      </object_component>
      <object_component id="oc-1dc">
         <name>.debug_info</name>
         <load_address>0xfe3e</load_address>
         <run_address>0xfe3e</run_address>
         <size>0x1e1</size>
         <input_file_ref idref="fl-e2"/>
      </object_component>
      <object_component id="oc-19a">
         <name>.debug_info</name>
         <load_address>0x1001f</load_address>
         <run_address>0x1001f</run_address>
         <size>0x124</size>
         <input_file_ref idref="fl-e3"/>
      </object_component>
      <object_component id="oc-214">
         <name>.debug_info</name>
         <load_address>0x10143</load_address>
         <run_address>0x10143</run_address>
         <size>0x14c</size>
         <input_file_ref idref="fl-e4"/>
      </object_component>
      <object_component id="oc-195">
         <name>.debug_info</name>
         <load_address>0x1028f</load_address>
         <run_address>0x1028f</run_address>
         <size>0x1c2</size>
         <input_file_ref idref="fl-e4"/>
      </object_component>
      <object_component id="oc-231">
         <name>.debug_info</name>
         <load_address>0x10451</load_address>
         <run_address>0x10451</run_address>
         <size>0xf1</size>
         <input_file_ref idref="fl-e5"/>
      </object_component>
      <object_component id="oc-1bc">
         <name>.debug_info</name>
         <load_address>0x10542</load_address>
         <run_address>0x10542</run_address>
         <size>0x1ab</size>
         <input_file_ref idref="fl-e5"/>
      </object_component>
      <object_component id="oc-218">
         <name>.debug_info</name>
         <load_address>0x106ed</load_address>
         <run_address>0x106ed</run_address>
         <size>0x13f</size>
         <input_file_ref idref="fl-e6"/>
      </object_component>
      <object_component id="oc-1a4">
         <name>.debug_info</name>
         <load_address>0x1082c</load_address>
         <run_address>0x1082c</run_address>
         <size>0x18a</size>
         <input_file_ref idref="fl-e6"/>
      </object_component>
      <object_component id="oc-219">
         <name>.debug_info</name>
         <load_address>0x109b6</load_address>
         <run_address>0x109b6</run_address>
         <size>0x2c</size>
         <input_file_ref idref="fl-e6"/>
      </object_component>
      <object_component id="oc-228">
         <name>.debug_info</name>
         <load_address>0x109e2</load_address>
         <run_address>0x109e2</run_address>
         <size>0x17c</size>
         <input_file_ref idref="fl-e7"/>
      </object_component>
      <object_component id="oc-1ab">
         <name>.debug_info</name>
         <load_address>0x10b5e</load_address>
         <run_address>0x10b5e</run_address>
         <size>0x1d5</size>
         <input_file_ref idref="fl-e7"/>
      </object_component>
      <object_component id="oc-248">
         <name>.debug_info</name>
         <load_address>0x10d33</load_address>
         <run_address>0x10d33</run_address>
         <size>0x1c0</size>
         <input_file_ref idref="fl-e8"/>
      </object_component>
      <object_component id="oc-1e5">
         <name>.debug_info</name>
         <load_address>0x10ef3</load_address>
         <run_address>0x10ef3</run_address>
         <size>0x200</size>
         <input_file_ref idref="fl-e8"/>
      </object_component>
      <object_component id="oc-a5">
         <name>.debug_info</name>
         <load_address>0x110f3</load_address>
         <run_address>0x110f3</run_address>
         <size>0x145</size>
         <input_file_ref idref="fl-e9"/>
      </object_component>
      <object_component id="oc-2b7">
         <name>.debug_info</name>
         <load_address>0x11238</load_address>
         <run_address>0x11238</run_address>
         <size>0xf0</size>
         <input_file_ref idref="fl-ea"/>
      </object_component>
      <object_component id="oc-299">
         <name>.debug_info</name>
         <load_address>0x11328</load_address>
         <run_address>0x11328</run_address>
         <size>0x231</size>
         <input_file_ref idref="fl-ea"/>
      </object_component>
      <object_component id="oc-177">
         <name>.debug_info</name>
         <load_address>0x11559</load_address>
         <run_address>0x11559</run_address>
         <size>0x17d</size>
         <input_file_ref idref="fl-eb"/>
      </object_component>
      <object_component id="oc-225">
         <name>.debug_info</name>
         <load_address>0x116d6</load_address>
         <run_address>0x116d6</run_address>
         <size>0xf3</size>
         <input_file_ref idref="fl-ec"/>
      </object_component>
      <object_component id="oc-28b">
         <name>.debug_info</name>
         <load_address>0x117c9</load_address>
         <run_address>0x117c9</run_address>
         <size>0x23c</size>
         <input_file_ref idref="fl-ed"/>
      </object_component>
      <object_component id="oc-242">
         <name>.debug_info</name>
         <load_address>0x11a05</load_address>
         <run_address>0x11a05</run_address>
         <size>0x455</size>
         <input_file_ref idref="fl-ed"/>
      </object_component>
      <object_component id="oc-c9">
         <name>.debug_info</name>
         <load_address>0x11e5a</load_address>
         <run_address>0x11e5a</run_address>
         <size>0x2c</size>
         <input_file_ref idref="fl-ed"/>
      </object_component>
      <object_component id="oc-83">
         <name>.debug_info</name>
         <load_address>0x11e86</load_address>
         <run_address>0x11e86</run_address>
         <size>0x222</size>
         <input_file_ref idref="fl-ee"/>
      </object_component>
      <object_component id="oc-31">
         <name>.debug_info</name>
         <load_address>0x120a8</load_address>
         <run_address>0x120a8</run_address>
         <size>0x101</size>
         <input_file_ref idref="fl-ee"/>
      </object_component>
      <object_component id="oc-280">
         <name>.debug_info</name>
         <load_address>0x121a9</load_address>
         <run_address>0x121a9</run_address>
         <size>0x14c</size>
         <input_file_ref idref="fl-ee"/>
      </object_component>
      <object_component id="oc-23e">
         <name>.debug_info</name>
         <load_address>0x122f5</load_address>
         <run_address>0x122f5</run_address>
         <size>0x885</size>
         <input_file_ref idref="fl-ee"/>
      </object_component>
      <object_component id="oc-ce">
         <name>.debug_info</name>
         <load_address>0x12b7a</load_address>
         <run_address>0x12b7a</run_address>
         <size>0x62</size>
         <input_file_ref idref="fl-ee"/>
      </object_component>
      <object_component id="oc-21f">
         <name>.debug_info</name>
         <load_address>0x12bdc</load_address>
         <run_address>0x12bdc</run_address>
         <size>0x156</size>
         <input_file_ref idref="fl-ef"/>
      </object_component>
      <object_component id="oc-2ae">
         <name>.debug_info</name>
         <load_address>0x12d32</load_address>
         <run_address>0x12d32</run_address>
         <size>0x200</size>
         <input_file_ref idref="fl-f0"/>
      </object_component>
      <object_component id="oc-286">
         <name>.debug_info</name>
         <load_address>0x12f32</load_address>
         <run_address>0x12f32</run_address>
         <size>0x298</size>
         <input_file_ref idref="fl-f0"/>
      </object_component>
      <object_component id="oc-2ef">
         <name>.debug_info</name>
         <load_address>0x131ca</load_address>
         <run_address>0x131ca</run_address>
         <size>0xba</size>
      </object_component>
      <object_component id="oc-13a">
         <name>.debug_line</name>
         <load_address>0x0</load_address>
         <run_address>0x0</run_address>
         <size>0xb7</size>
         <input_file_ref idref="fl-2"/>
      </object_component>
      <object_component id="oc-b0">
         <name>.debug_line</name>
         <load_address>0xb7</load_address>
         <run_address>0xb7</run_address>
         <size>0x1c3</size>
         <input_file_ref idref="fl-2"/>
      </object_component>
      <object_component id="oc-13e">
         <name>.debug_line</name>
         <load_address>0x27a</load_address>
         <run_address>0x27a</run_address>
         <size>0x64</size>
         <input_file_ref idref="fl-2"/>
      </object_component>
      <object_component id="oc-143">
         <name>.debug_line</name>
         <load_address>0x2de</load_address>
         <run_address>0x2de</run_address>
         <size>0x52</size>
         <input_file_ref idref="fl-2"/>
      </object_component>
      <object_component id="oc-148">
         <name>.debug_line</name>
         <load_address>0x330</load_address>
         <run_address>0x330</run_address>
         <size>0x55</size>
         <input_file_ref idref="fl-2"/>
      </object_component>
      <object_component id="oc-3c">
         <name>.debug_line</name>
         <load_address>0x385</load_address>
         <run_address>0x385</run_address>
         <size>0x20</size>
         <input_file_ref idref="fl-2"/>
      </object_component>
      <object_component id="oc-112">
         <name>.debug_line</name>
         <load_address>0x3a5</load_address>
         <run_address>0x3a5</run_address>
         <size>0x65</size>
         <input_file_ref idref="fl-2"/>
      </object_component>
      <object_component id="oc-f4">
         <name>.debug_line</name>
         <load_address>0x40a</load_address>
         <run_address>0x40a</run_address>
         <size>0x2e</size>
         <input_file_ref idref="fl-2"/>
      </object_component>
      <object_component id="oc-137">
         <name>.debug_line</name>
         <load_address>0x438</load_address>
         <run_address>0x438</run_address>
         <size>0x65</size>
         <input_file_ref idref="fl-2"/>
      </object_component>
      <object_component id="oc-c6">
         <name>.debug_line</name>
         <load_address>0x49d</load_address>
         <run_address>0x49d</run_address>
         <size>0x40</size>
         <input_file_ref idref="fl-3"/>
      </object_component>
      <object_component id="oc-7f">
         <name>.debug_line</name>
         <load_address>0x4dd</load_address>
         <run_address>0x4dd</run_address>
         <size>0x40</size>
         <input_file_ref idref="fl-3"/>
      </object_component>
      <object_component id="oc-7b">
         <name>.debug_line</name>
         <load_address>0x51d</load_address>
         <run_address>0x51d</run_address>
         <size>0x71</size>
         <input_file_ref idref="fl-3"/>
      </object_component>
      <object_component id="oc-152">
         <name>.debug_line</name>
         <load_address>0x58e</load_address>
         <run_address>0x58e</run_address>
         <size>0x3b</size>
         <input_file_ref idref="fl-4"/>
      </object_component>
      <object_component id="oc-bf">
         <name>.debug_line</name>
         <load_address>0x5c9</load_address>
         <run_address>0x5c9</run_address>
         <size>0x146</size>
         <input_file_ref idref="fl-4"/>
      </object_component>
      <object_component id="oc-28">
         <name>.debug_line</name>
         <load_address>0x70f</load_address>
         <run_address>0x70f</run_address>
         <size>0x53</size>
         <input_file_ref idref="fl-be"/>
      </object_component>
      <object_component id="oc-d4">
         <name>.debug_line</name>
         <load_address>0x762</load_address>
         <run_address>0x762</run_address>
         <size>0x20</size>
         <input_file_ref idref="fl-bf"/>
      </object_component>
      <object_component id="oc-15">
         <name>.debug_line</name>
         <load_address>0x782</load_address>
         <run_address>0x782</run_address>
         <size>0xa9</size>
         <input_file_ref idref="fl-bf"/>
      </object_component>
      <object_component id="oc-37">
         <name>.debug_line</name>
         <load_address>0x82b</load_address>
         <run_address>0x82b</run_address>
         <size>0x3a</size>
         <input_file_ref idref="fl-bf"/>
      </object_component>
      <object_component id="oc-88">
         <name>.debug_line</name>
         <load_address>0x865</load_address>
         <run_address>0x865</run_address>
         <size>0x8a</size>
         <input_file_ref idref="fl-bf"/>
      </object_component>
      <object_component id="oc-92">
         <name>.debug_line</name>
         <load_address>0x8ef</load_address>
         <run_address>0x8ef</run_address>
         <size>0x8a</size>
         <input_file_ref idref="fl-c0"/>
      </object_component>
      <object_component id="oc-1f">
         <name>.debug_line</name>
         <load_address>0x979</load_address>
         <run_address>0x979</run_address>
         <size>0x55</size>
         <input_file_ref idref="fl-c0"/>
      </object_component>
      <object_component id="oc-47">
         <name>.debug_line</name>
         <load_address>0x9ce</load_address>
         <run_address>0x9ce</run_address>
         <size>0x3a</size>
         <input_file_ref idref="fl-c0"/>
      </object_component>
      <object_component id="oc-8f">
         <name>.debug_line</name>
         <load_address>0xa08</load_address>
         <run_address>0xa08</run_address>
         <size>0x8a</size>
         <input_file_ref idref="fl-c0"/>
      </object_component>
      <object_component id="oc-9a">
         <name>.debug_line</name>
         <load_address>0xa92</load_address>
         <run_address>0xa92</run_address>
         <size>0x8a</size>
         <input_file_ref idref="fl-c1"/>
      </object_component>
      <object_component id="oc-25">
         <name>.debug_line</name>
         <load_address>0xb1c</load_address>
         <run_address>0xb1c</run_address>
         <size>0x4f</size>
         <input_file_ref idref="fl-c1"/>
      </object_component>
      <object_component id="oc-53">
         <name>.debug_line</name>
         <load_address>0xb6b</load_address>
         <run_address>0xb6b</run_address>
         <size>0x34</size>
         <input_file_ref idref="fl-c1"/>
      </object_component>
      <object_component id="oc-97">
         <name>.debug_line</name>
         <load_address>0xb9f</load_address>
         <run_address>0xb9f</run_address>
         <size>0x8a</size>
         <input_file_ref idref="fl-c1"/>
      </object_component>
      <object_component id="oc-1da">
         <name>.debug_line</name>
         <load_address>0xc29</load_address>
         <run_address>0xc29</run_address>
         <size>0x2a</size>
         <input_file_ref idref="fl-c2"/>
      </object_component>
      <object_component id="oc-14b">
         <name>.debug_line</name>
         <load_address>0xc53</load_address>
         <run_address>0xc53</run_address>
         <size>0x2a</size>
         <input_file_ref idref="fl-c2"/>
      </object_component>
      <object_component id="oc-251">
         <name>.debug_line</name>
         <load_address>0xc7d</load_address>
         <run_address>0xc7d</run_address>
         <size>0x2a</size>
         <input_file_ref idref="fl-c2"/>
      </object_component>
      <object_component id="oc-1d7">
         <name>.debug_line</name>
         <load_address>0xca7</load_address>
         <run_address>0xca7</run_address>
         <size>0x89</size>
         <input_file_ref idref="fl-c2"/>
      </object_component>
      <object_component id="oc-10a">
         <name>.debug_line</name>
         <load_address>0xd30</load_address>
         <run_address>0xd30</run_address>
         <size>0xf2</size>
         <input_file_ref idref="fl-c3"/>
      </object_component>
      <object_component id="oc-fe">
         <name>.debug_line</name>
         <load_address>0xe22</load_address>
         <run_address>0xe22</run_address>
         <size>0x2a</size>
         <input_file_ref idref="fl-c3"/>
      </object_component>
      <object_component id="oc-70">
         <name>.debug_line</name>
         <load_address>0xe4c</load_address>
         <run_address>0xe4c</run_address>
         <size>0x86</size>
         <input_file_ref idref="fl-c3"/>
      </object_component>
      <object_component id="oc-1d3">
         <name>.debug_line</name>
         <load_address>0xed2</load_address>
         <run_address>0xed2</run_address>
         <size>0xff</size>
         <input_file_ref idref="fl-c4"/>
      </object_component>
      <object_component id="oc-e5">
         <name>.debug_line</name>
         <load_address>0xfd1</load_address>
         <run_address>0xfd1</run_address>
         <size>0x8f</size>
         <input_file_ref idref="fl-c4"/>
      </object_component>
      <object_component id="oc-206">
         <name>.debug_line</name>
         <load_address>0x1060</load_address>
         <run_address>0x1060</run_address>
         <size>0x107</size>
         <input_file_ref idref="fl-c5"/>
      </object_component>
      <object_component id="oc-121">
         <name>.debug_line</name>
         <load_address>0x1167</load_address>
         <run_address>0x1167</run_address>
         <size>0x93</size>
         <input_file_ref idref="fl-c5"/>
      </object_component>
      <object_component id="oc-20c">
         <name>.debug_line</name>
         <load_address>0x11fa</load_address>
         <run_address>0x11fa</run_address>
         <size>0x171</size>
         <input_file_ref idref="fl-c6"/>
      </object_component>
      <object_component id="oc-12a">
         <name>.debug_line</name>
         <load_address>0x136b</load_address>
         <run_address>0x136b</run_address>
         <size>0xfa</size>
         <input_file_ref idref="fl-c6"/>
      </object_component>
      <object_component id="oc-261">
         <name>.debug_line</name>
         <load_address>0x1465</load_address>
         <run_address>0x1465</run_address>
         <size>0xff</size>
         <input_file_ref idref="fl-c7"/>
      </object_component>
      <object_component id="oc-25f">
         <name>.debug_line</name>
         <load_address>0x1564</load_address>
         <run_address>0x1564</run_address>
         <size>0x2c</size>
         <input_file_ref idref="fl-c7"/>
      </object_component>
      <object_component id="oc-162">
         <name>.debug_line</name>
         <load_address>0x1590</load_address>
         <run_address>0x1590</run_address>
         <size>0x27e</size>
         <input_file_ref idref="fl-c7"/>
      </object_component>
      <object_component id="oc-265">
         <name>.debug_line</name>
         <load_address>0x180e</load_address>
         <run_address>0x180e</run_address>
         <size>0x2c</size>
         <input_file_ref idref="fl-c7"/>
      </object_component>
      <object_component id="oc-1d0">
         <name>.debug_line</name>
         <load_address>0x183a</load_address>
         <run_address>0x183a</run_address>
         <size>0x89</size>
         <input_file_ref idref="fl-c7"/>
      </object_component>
      <object_component id="oc-203">
         <name>.debug_line</name>
         <load_address>0x18c3</load_address>
         <run_address>0x18c3</run_address>
         <size>0x2a</size>
         <input_file_ref idref="fl-c7"/>
      </object_component>
      <object_component id="oc-26a">
         <name>.debug_line</name>
         <load_address>0x18ed</load_address>
         <run_address>0x18ed</run_address>
         <size>0x20</size>
         <input_file_ref idref="fl-c8"/>
      </object_component>
      <object_component id="oc-16e">
         <name>.debug_line</name>
         <load_address>0x190d</load_address>
         <run_address>0x190d</run_address>
         <size>0xae</size>
         <input_file_ref idref="fl-c8"/>
      </object_component>
      <object_component id="oc-42">
         <name>.debug_line</name>
         <load_address>0x19bb</load_address>
         <run_address>0x19bb</run_address>
         <size>0x88</size>
         <input_file_ref idref="fl-c9"/>
      </object_component>
      <object_component id="oc-4b">
         <name>.debug_line</name>
         <load_address>0x1a43</load_address>
         <run_address>0x1a43</run_address>
         <size>0x79</size>
         <input_file_ref idref="fl-ca"/>
      </object_component>
      <object_component id="oc-58">
         <name>.debug_line</name>
         <load_address>0x1abc</load_address>
         <run_address>0x1abc</run_address>
         <size>0x3d</size>
         <input_file_ref idref="fl-cb"/>
      </object_component>
      <object_component id="oc-61">
         <name>.debug_line</name>
         <load_address>0x1af9</load_address>
         <run_address>0x1af9</run_address>
         <size>0x40</size>
         <input_file_ref idref="fl-cc"/>
      </object_component>
      <object_component id="oc-bd">
         <name>.debug_line</name>
         <load_address>0x1b39</load_address>
         <run_address>0x1b39</run_address>
         <size>0x33</size>
         <input_file_ref idref="fl-cd"/>
      </object_component>
      <object_component id="oc-275">
         <name>.debug_line</name>
         <load_address>0x1b6c</load_address>
         <run_address>0x1b6c</run_address>
         <size>0x20</size>
         <input_file_ref idref="fl-ce"/>
      </object_component>
      <object_component id="oc-1b2">
         <name>.debug_line</name>
         <load_address>0x1b8c</load_address>
         <run_address>0x1b8c</run_address>
         <size>0xa8</size>
         <input_file_ref idref="fl-ce"/>
      </object_component>
      <object_component id="oc-28f">
         <name>.debug_line</name>
         <load_address>0x1c34</load_address>
         <run_address>0x1c34</run_address>
         <size>0x20</size>
[...]
         <object_component_ref idref="oc-15f"/>
      </symbol>
      <symbol id="sm-236">
         <name>write</name>
         <value>0x1c45</value>
         <object_component_ref idref="oc-15f"/>
      </symbol>
      <symbol id="sm-237">
         <name>close</name>
         <value>0x1e55</value>
         <object_component_ref idref="oc-15f"/>
      </symbol>
      <symbol id="sm-238">
         <name>unlink</name>
         <value>0x1cd5</value>
         <object_component_ref idref="oc-15f"/>
      </symbol>
      <symbol id="sm-248">
         <name>memchr</name>
         <value>0x3605</value>
         <object_component_ref idref="oc-16d"/>
      </symbol>
      <symbol id="sm-263">
         <name>memcpy</name>
         <value>0x2dfd</value>
         <object_component_ref idref="oc-3e"/>
      </symbol>
      <symbol id="sm-264">
         <name>__aeabi_memcpy</name>
         <value>0x2dfd</value>
         <object_component_ref idref="oc-3e"/>
      </symbol>
      <symbol id="sm-265">
         <name>__aeabi_memcpy8</name>
         <value>0x2dfd</value>
         <object_component_ref idref="oc-3e"/>
      </symbol>
      <symbol id="sm-266">
         <name>__aeabi_memcpy4</name>
         <value>0x2dfd</value>
         <object_component_ref idref="oc-3e"/>
      </symbol>
      <symbol id="sm-275">
         <name>__aeabi_memset</name>
         <value>0x30d7</value>
         <object_component_ref idref="oc-4a"/>
      </symbol>
      <symbol id="sm-276">
         <name>memset</name>
         <value>0x30dd</value>
         <object_component_ref idref="oc-4a"/>
      </symbol>
      <symbol id="sm-277">
         <name>__aeabi_memset8</name>
         <value>0x30d7</value>
         <object_component_ref idref="oc-4a"/>
      </symbol>
      <symbol id="sm-278">
         <name>__aeabi_memset4</name>
         <value>0x30d7</value>
         <object_component_ref idref="oc-4a"/>
      </symbol>
      <symbol id="sm-279">
         <name>__aeabi_memclr8</name>
         <value>0x30d5</value>
         <object_component_ref idref="oc-4a"/>
      </symbol>
      <symbol id="sm-27a">
         <name>__aeabi_memclr4</name>
         <value>0x30d5</value>
         <object_component_ref idref="oc-4a"/>
      </symbol>
      <symbol id="sm-27b">
         <name>__aeabi_memclr</name>
         <value>0x30d5</value>
         <object_component_ref idref="oc-4a"/>
      </symbol>
      <symbol id="sm-285">
         <name>__mpu_init</name>
         <value>0x1223</value>
         <object_component_ref idref="oc-56"/>
      </symbol>
      <symbol id="sm-28f">
         <name>_system_pre_init</name>
         <value>0x3701</value>
         <object_component_ref idref="oc-5c"/>
      </symbol>
      <symbol id="sm-297">
         <name>main_func_sp</name>
         <value>0x200005f8</value>
         <object_component_ref idref="oc-74"/>
      </symbol>
      <symbol id="sm-2a7">
         <name>strchr</name>
         <value>0x3671</value>
         <object_component_ref idref="oc-1af"/>
      </symbol>
      <symbol id="sm-2b6">
         <name>strcmp</name>
         <value>0x3659</value>
         <object_component_ref idref="oc-1ee"/>
      </symbol>
      <symbol id="sm-2c4">
         <name>strlen</name>
         <value>0x36c5</value>
         <object_component_ref idref="oc-167"/>
      </symbol>
      <symbol id="sm-2d4">
         <name>strncpy</name>
         <value>0x35a1</value>
         <object_component_ref idref="oc-1f4"/>
      </symbol>
      <symbol id="sm-2fb">
         <name>HOSTgetenv</name>
         <value>0x1b85</value>
         <object_component_ref idref="oc-258"/>
      </symbol>
      <symbol id="sm-2fc">
         <name>HOSTrename</name>
         <value>0x1a2d</value>
         <object_component_ref idref="oc-258"/>
      </symbol>
      <symbol id="sm-2fd">
         <name>HOSTclose</name>
         <value>0x1bc3</value>
         <object_component_ref idref="oc-258"/>
      </symbol>
      <symbol id="sm-2fe">
         <name>HOSTtime64</name>
         <value>0x19a5</value>
         <object_component_ref idref="oc-258"/>
      </symbol>
      <symbol id="sm-2ff">
         <name>HOSTunlink</name>
         <value>0x196d</value>
         <object_component_ref idref="oc-258"/>
      </symbol>
      <symbol id="sm-300">
         <name>HOSTlseek</name>
         <value>0x1b29</value>
         <object_component_ref idref="oc-258"/>
      </symbol>
      <symbol id="sm-301">
         <name>HOSTopen</name>
         <value>0x1ad7</value>
         <object_component_ref idref="oc-258"/>
      </symbol>
      <symbol id="sm-302">
         <name>HOSTclock</name>
         <value>0x1bfb</value>
         <object_component_ref idref="oc-258"/>
      </symbol>
      <symbol id="sm-303">
         <name>HOSTwrite</name>
         <value>0x1921</value>
         <object_component_ref idref="oc-258"/>
      </symbol>
      <symbol id="sm-304">
         <name>HOSTread</name>
         <value>0x1a8b</value>
         <object_component_ref idref="oc-258"/>
      </symbol>
      <symbol id="sm-305">
         <name>HOSTtime</name>
         <value>0x19f3</value>
         <object_component_ref idref="oc-258"/>
      </symbol>
      <symbol id="sm-320">
         <name>__TI_readmsg</name>
         <value>0x32c7</value>
         <object_component_ref idref="oc-292"/>
      </symbol>
      <symbol id="sm-321">
         <name>C$$IO$$</name>
         <value>0x32c3</value>
         <object_component_ref idref="oc-292"/>
      </symbol>
      <symbol id="sm-322">
         <name>__CIOBUF_</name>
         <value>0x20000600</value>
         <object_component_ref idref="oc-2b1"/>
      </symbol>
      <symbol id="sm-323">
         <name>__TI_writemsg</name>
         <value>0x3295</value>
         <object_component_ref idref="oc-292"/>
      </symbol>
      <symbol id="sm-341">
         <name>__TI_wrt_ok</name>
         <value>0x2d51</value>
         <object_component_ref idref="oc-153"/>
      </symbol>
      <symbol id="sm-342">
         <name>__TI_rd_ok</name>
         <value>0x2db3</value>
         <object_component_ref idref="oc-153"/>
      </symbol>
      <symbol id="sm-35b">
         <name>_nop</name>
         <value>0x3697</value>
         <object_component_ref idref="oc-ff"/>
      </symbol>
      <symbol id="sm-35c">
         <name>_lock</name>
         <value>0x200005e8</value>
         <object_component_ref idref="oc-b6"/>
      </symbol>
      <symbol id="sm-35d">
         <name>_unlock</name>
         <value>0x200005ec</value>
         <object_component_ref idref="oc-b6"/>
      </symbol>
      <symbol id="sm-35e">
         <name>_register_lock</name>
         <value>0x368f</value>
         <object_component_ref idref="oc-ff"/>
      </symbol>
      <symbol id="sm-35f">
         <name>_register_unlock</name>
         <value>0x3689</value>
         <object_component_ref idref="oc-ff"/>
      </symbol>
      <symbol id="sm-460">
         <name>__TI_printfi</name>
         <value>0x929</value>
         <object_component_ref idref="oc-12c"/>
      </symbol>
      <symbol id="sm-474">
         <name>_args_main</name>
         <value>0x3641</value>
         <object_component_ref idref="oc-68"/>
      </symbol>
      <symbol id="sm-48a">
         <name>atoi</name>
         <value>0x34c1</value>
         <object_component_ref idref="oc-1b5"/>
      </symbol>
      <symbol id="sm-4b4">
         <name>__TI_auto_init</name>
         <value>0x3151</value>
         <object_component_ref idref="oc-62"/>
      </symbol>
      <symbol id="sm-4ce">
         <name>copy_in</name>
         <value>0x350d</value>
         <object_component_ref idref="oc-9d"/>
      </symbol>
      <symbol id="sm-4d9">
         <name>_ctypes_</name>
         <value>0x3704</value>
         <object_component_ref idref="oc-22b"/>
      </symbol>
      <symbol id="sm-4f0">
         <name>__aeabi_dsub</name>
         <value>0x2595</value>
         <object_component_ref idref="oc-19e"/>
      </symbol>
      <symbol id="sm-4f1">
         <name>__aeabi_dadd</name>
         <value>0x259f</value>
         <object_component_ref idref="oc-19e"/>
      </symbol>
      <symbol id="sm-513">
         <name>__aeabi_cdcmpeq</name>
         <value>0x2fc9</value>
         <object_component_ref idref="oc-17a"/>
      </symbol>
      <symbol id="sm-514">
         <name>__aeabi_cdcmple</name>
         <value>0x2fc9</value>
         <object_component_ref idref="oc-17a"/>
      </symbol>
      <symbol id="sm-515">
         <name>__aeabi_cdrcmple</name>
         <value>0x304f</value>
         <object_component_ref idref="oc-189"/>
      </symbol>
      <symbol id="sm-529">
         <name>__aeabi_ddiv</name>
         <value>0x274b</value>
         <object_component_ref idref="oc-184"/>
      </symbol>
      <symbol id="sm-534">
         <name>__aeabi_dmul</name>
         <value>0x29b5</value>
         <object_component_ref idref="oc-17f"/>
      </symbol>
      <symbol id="sm-53e">
         <name>__aeabi_d2iz</name>
         <value>0x3559</value>
         <object_component_ref idref="oc-18e"/>
      </symbol>
      <symbol id="sm-558">
         <name>__TI_doflush</name>
         <value>0x2c89</value>
         <object_component_ref idref="oc-159"/>
      </symbol>
      <symbol id="sm-559">
         <name>fflush</name>
         <value>0x2cd5</value>
         <object_component_ref idref="oc-159"/>
      </symbol>
      <symbol id="sm-56b">
         <name>fseek</name>
         <value>0x32fd</value>
         <object_component_ref idref="oc-1db"/>
      </symbol>
      <symbol id="sm-575">
         <name>__aeabi_i2d</name>
         <value>0x35d7</value>
         <object_component_ref idref="oc-199"/>
      </symbol>
      <symbol id="sm-584">
         <name>ltoa</name>
         <value>0x346d</value>
         <object_component_ref idref="oc-193"/>
      </symbol>
      <symbol id="sm-594">
         <name>memccpy</name>
         <value>0x3625</value>
         <object_component_ref idref="oc-1bb"/>
      </symbol>
      <symbol id="sm-5af">
         <name>frexpl</name>
         <value>0x3361</value>
         <object_component_ref idref="oc-1a3"/>
      </symbol>
      <symbol id="sm-5b0">
         <name>frexp</name>
         <value>0x3361</value>
         <object_component_ref idref="oc-1a3"/>
      </symbol>
      <symbol id="sm-5cd">
         <name>scalbn</name>
         <value>0x2ab1</value>
         <object_component_ref idref="oc-1a9"/>
      </symbol>
      <symbol id="sm-5ce">
         <name>scalbnl</name>
         <value>0x2ab1</value>
         <object_component_ref idref="oc-1a9"/>
      </symbol>
      <symbol id="sm-5cf">
         <name>ldexpl</name>
         <value>0x2ab1</value>
         <object_component_ref idref="oc-1a9"/>
      </symbol>
      <symbol id="sm-5d0">
         <name>ldexp</name>
         <value>0x2ab1</value>
         <object_component_ref idref="oc-1a9"/>
      </symbol>
      <symbol id="sm-5ec">
         <name>setvbuf</name>
         <value>0x2bad</value>
         <object_component_ref idref="oc-1e1"/>
      </symbol>
      <symbol id="sm-5f6">
         <name>_system_post_cinit</name>
         <value>0x314f</value>
         <object_component_ref idref="oc-a3"/>
      </symbol>
      <symbol id="sm-604">
         <name>strcpy</name>
         <value>0x36b1</value>
         <object_component_ref idref="oc-298"/>
      </symbol>
      <symbol id="sm-620">
         <name>__aeabi_uldivmod</name>
         <value>0x21dd</value>
         <object_component_ref idref="oc-175"/>
      </symbol>
      <symbol id="sm-628">
         <name>errno</name>
         <value>0x200005f0</value>
         <object_component_ref idref="oc-224"/>
      </symbol>
      <symbol id="sm-65f">
         <name>__TI_cleanup</name>
         <value>0x2499</value>
         <object_component_ref idref="oc-241"/>
      </symbol>
      <symbol id="sm-660">
         <name>freopen</name>
         <value>0x24c5</value>
         <object_component_ref idref="oc-241"/>
      </symbol>
      <symbol id="sm-661">
         <name>fopen</name>
         <value>0x24ef</value>
         <object_component_ref idref="oc-241"/>
      </symbol>
      <symbol id="sm-6d0">
         <name>_sys_memory</name>
         <value>0x20000000</value>
         <object_component_ref idref="oc-30"/>
      </symbol>
      <symbol id="sm-6d1">
         <name>free</name>
         <value>0x130f</value>
         <object_component_ref idref="oc-23b"/>
      </symbol>
      <symbol id="sm-6d2">
         <name>realloc</name>
         <value>0x13d1</value>
         <object_component_ref idref="oc-23b"/>
      </symbol>
      <symbol id="sm-6d3">
         <name>memalign</name>
         <value>0x14d9</value>
         <object_component_ref idref="oc-23b"/>
      </symbol>
      <symbol id="sm-6d4">
         <name>calloc</name>
         <value>0x15c5</value>
         <object_component_ref idref="oc-23b"/>
      </symbol>
      <symbol id="sm-6d5">
         <name>malloc</name>
         <value>0x12a5</value>
         <object_component_ref idref="oc-23b"/>
      </symbol>
      <symbol id="sm-6d6">
         <name>minit</name>
         <value>0x1225</value>
         <object_component_ref idref="oc-23b"/>
      </symbol>
      <symbol id="sm-6e0">
         <name>copysign</name>
         <value>0x369d</value>
         <object_component_ref idref="oc-21e"/>
      </symbol>
      <symbol id="sm-6e1">
         <name>copysignl</name>
         <value>0x369d</value>
         <object_component_ref idref="oc-21e"/>
      </symbol>
      <symbol id="sm-6f7">
         <name>__TI_closefile</name>
         <value>0x2e99</value>
         <object_component_ref idref="oc-283"/>
      </symbol>
      <symbol id="sm-6f8">
         <name>fclose</name>
         <value>0x2eff</value>
         <object_component_ref idref="oc-283"/>
      </symbol>
      <symbol id="sm-6fa">
         <name>__TI_static_base__</name>
         <value>0x0</value>
      </symbol>
      <symbol id="sm-6fd">
         <name>SHT$$INIT_ARRAY$$Limit</name>
         <value>0x0</value>
      </symbol>
      <symbol id="sm-6fe">
         <name>SHT$$INIT_ARRAY$$Base</name>
         <value>0x0</value>
      </symbol>
      <symbol id="sm-6ff">
         <name>NMI_Handler</name>
         <value>0x36f3</value>
      </symbol>
      <symbol id="sm-700">
         <name>HardFault_Handler</name>
         <value>0x36f3</value>
      </symbol>
      <symbol id="sm-701">
         <name>MemManage_Handler</name>
         <value>0x36f3</value>
      </symbol>
      <symbol id="sm-702">
         <name>BusFault_Handler</name>
         <value>0x36f3</value>
      </symbol>
      <symbol id="sm-703">
         <name>UsageFault_Handler</name>
         <value>0x36f3</value>
      </symbol>
      <symbol id="sm-704">
         <name>SVC_Handler</name>
         <value>0x36f3</value>
      </symbol>
      <symbol id="sm-705">
         <name>DebugMon_Handler</name>
         <value>0x36f3</value>
      </symbol>
      <symbol id="sm-706">
         <name>PendSV_Handler</name>
         <value>0x36f3</value>
      </symbol>
      <symbol id="sm-707">
         <name>SysTick_Handler</name>
         <value>0x36f3</value>
      </symbol>
      <symbol id="sm-708">
         <name>PSS_IRQHandler</name>
         <value>0x36f3</value>
      </symbol>
      <symbol id="sm-709">
         <name>CS_IRQHandler</name>
         <value>0x36f3</value>
      </symbol>
      <symbol id="sm-70a">
         <name>PCM_IRQHandler</name>
         <value>0x36f3</value>
      </symbol>
      <symbol id="sm-70b">
         <name>WDT_A_IRQHandler</name>
         <value>0x36f3</value>
      </symbol>
      <symbol id="sm-70c">
         <name>FPU_IRQHandler</name>
         <value>0x36f3</value>
      </symbol>
      <symbol id="sm-70d">
         <name>FLCTL_IRQHandler</name>
         <value>0x36f3</value>
      </symbol>
      <symbol id="sm-70e">
         <name>COMP_E0_IRQHandler</name>
         <value>0x36f3</value>
      </symbol>
      <symbol id="sm-70f">
         <name>COMP_E1_IRQHandler</name>
         <value>0x36f3</value>
      </symbol>
      <symbol id="sm-710">
         <name>TA0_0_IRQHandler</name>
         <value>0x36f3</value>
      </symbol>
      <symbol id="sm-711">
         <name>TA0_N_IRQHandler</name>
         <value>0x36f3</value>
      </symbol>
      <symbol id="sm-712">
         <name>TA1_0_IRQHandler</name>
         <value>0x36f3</value>
      </symbol>
      <symbol id="sm-713">
         <name>TA1_N_IRQHandler</name>
         <value>0x36f3</value>
      </symbol>
      <symbol id="sm-714">
         <name>TA2_0_IRQHandler</name>
         <value>0x36f3</value>
      </symbol>
      <symbol id="sm-715">
         <name>TA2_N_IRQHandler</name>
         <value>0x36f3</value>
      </symbol>
      <symbol id="sm-716">
         <name>TA3_0_IRQHandler</name>
         <value>0x36f3</value>
      </symbol>
      <symbol id="sm-717">
         <name>TA3_N_IRQHandler</name>
         <value>0x36f3</value>
      </symbol>
      <symbol id="sm-718">
         <name>EUSCIA0_IRQHandler</name>
         <value>0x36f3</value>
      </symbol>
      <symbol id="sm-719">
         <name>EUSCIA1_IRQHandler</name>
         <value>0x36f3</value>
      </symbol>
      <symbol id="sm-71a">
         <name>EUSCIA2_IRQHandler</name>
         <value>0x36f3</value>
      </symbol>
      <symbol id="sm-71b">
         <name>EUSCIA3_IRQHandler</name>
         <value>0x36f3</value>
      </symbol>
      <symbol id="sm-71c">
         <name>EUSCIB0_IRQHandler</name>
         <value>0x36f3</value>
      </symbol>
      <symbol id="sm-71d">
         <name>EUSCIB1_IRQHandler</name>
         <value>0x36f3</value>
      </symbol>
      <symbol id="sm-71e">
         <name>EUSCIB2_IRQHandler</name>
         <value>0x36f3</value>
      </symbol>
      <symbol id="sm-71f">
         <name>EUSCIB3_IRQHandler</name>
         <value>0x36f3</value>
      </symbol>
      <symbol id="sm-720">
         <name>ADC14_IRQHandler</name>
         <value>0x36f3</value>
      </symbol>
      <symbol id="sm-721">
         <name>T32_INT1_IRQHandler</name>
         <value>0x36f3</value>
      </symbol>
      <symbol id="sm-722">
         <name>T32_INT2_IRQHandler</name>
         <value>0x36f3</value>
      </symbol>
      <symbol id="sm-723">
         <name>T32_INTC_IRQHandler</name>
         <value>0x36f3</value>
      </symbol>
      <symbol id="sm-724">
         <name>AES256_IRQHandler</name>
         <value>0x36f3</value>
      </symbol>
      <symbol id="sm-725">
         <name>RTC_C_IRQHandler</name>
         <value>0x36f3</value>
      </symbol>
      <symbol id="sm-726">
         <name>DMA_ERR_IRQHandler</name>
         <value>0x36f3</value>
      </symbol>
      <symbol id="sm-727">
         <name>DMA_INT3_IRQHandler</name>
         <value>0x36f3</value>
      </symbol>
      <symbol id="sm-728">
         <name>DMA_INT2_IRQHandler</name>
         <value>0x36f3</value>
      </symbol>
      <symbol id="sm-729">
         <name>DMA_INT1_IRQHandler</name>
         <value>0x36f3</value>
      </symbol>
      <symbol id="sm-72a">
         <name>DMA_INT0_IRQHandler</name>
         <value>0x36f3</value>
      </symbol>
      <symbol id="sm-72b">
         <name>PORT1_IRQHandler</name>
         <value>0x36f3</value>
      </symbol>
      <symbol id="sm-72c">
         <name>PORT2_IRQHandler</name>
         <value>0x36f3</value>
      </symbol>
      <symbol id="sm-72d">
         <name>PORT3_IRQHandler</name>
         <value>0x36f3</value>
      </symbol>
      <symbol id="sm-72e">
         <name>PORT4_IRQHandler</name>
         <value>0x36f3</value>
      </symbol>
      <symbol id="sm-72f">
         <name>PORT5_IRQHandler</name>
         <value>0x36f3</value>
      </symbol>
      <symbol id="sm-730">
         <name>PORT6_IRQHandler</name>
         <value>0x36f3</value>
      </symbol>
      <symbol id="sm-731">
         <name>remove</name>
         <value>0x1cd5</value>
      </symbol>
   </symbol_table>
   <title>Link successful</title>
</link_info>
