******************************************************************************
                  TI ARM Linker PC v16.9.1                     
******************************************************************************
>> Linked Tue May 23 13:09:12 2017

OUTPUT FILE NAME:   <Assignment9.out>
ENTRY POINT SYMBOL: "_c_int00"  address: 00000aad


MEMORY CONFIGURATION

         name            origin    length      used     unused   attr    fill
----------------------  --------  ---------  --------  --------  ----  --------
  MAIN                  00000000   00040000  00000d06  0003f2fa  R  X
  INFO                  00200000   00004000  00000000  00004000  R  X
  SRAM_CODE             01000000   00010000  0000064e  0000f9b2  RW X
  SRAM_DATA             20000000   00010000  0000064e  0000f9b2  RW  


SEGMENT ALLOCATION MAP

run origin  load origin   length   init length attrs members
----------  ----------- ---------- ----------- ----- -------
00000000    00000000    00000d08   00000d08    r-x
  00000000    00000000    000000e4   000000e4    r-- .intvecs
  000000e4    000000e4    00000bb6   00000bb6    r-x .text
  00000c9a    00000c9a    00000004   00000004    r-- .const
  00000ca0    00000ca0    00000068   00000068    r-- .cinit
20000000    20000000    0000044e   00000000    rw-
  20000000    20000000    00000400   00000000    rw- .sysmem
  20000400    20000400    00000044   00000000    rw- .data
  20000444    20000444    0000000a   00000000    rw- .bss
2000fe00    2000fe00    00000200   00000000    rw-
  2000fe00    2000fe00    00000200   00000000    rw- .stack


SECTION ALLOCATION MAP

 output                                  attributes/
section   page    origin      length       input sections
--------  ----  ----------  ----------   ----------------
.intvecs   0    00000000    000000e4     
                  00000000    000000e4     startup_msp432p401r_ccs.obj (.intvecs:retain)

.binit     0    00000000    00000000     

.text      0    000000e4    00000bb6     
                  000000e4    00000428     main.obj (.text)
                  0000050c    0000032c     system_msp432p401r.obj (.text)
                  00000838    0000009c     rtsv7M4_T_le_v4SPD16_eabi.lib : memcpy_t2.obj (.text)
                  000008d4    00000084     main.obj (.text:set_HS_CLKS)
                  00000958    0000007a     rtsv7M4_T_le_v4SPD16_eabi.lib : memset_t2.obj (.text)
                  000009d2    00000002                                   : mpu_init.obj (.text)
                  000009d4    00000070                                   : autoinit.obj (.text)
                  00000a44    00000068                                   : copy_decompress_lzss.obj (.text:decompress:lzss)
                  00000aac    00000054                                   : boot.obj (.text)
                  00000b00    00000054                                   : exit.obj (.text)
                  00000b54    0000004c                                   : cpy_tbl.obj (.text)
                  00000ba0    0000004c     main.obj (.text:set48Mode)
                  00000bec    00000040     main.obj (.text:delay_ms)
                  00000c2c    00000018     rtsv7M4_T_le_v4SPD16_eabi.lib : args_main.obj (.text)
                  00000c44    00000014                                   : _lock.obj (.text)
                  00000c58    00000014                                   : strlen.obj (.text)
                  00000c6c    0000000e                                   : copy_decompress_none.obj (.text:decompress:none)
                  00000c7a    0000000e     startup_msp432p401r_ccs.obj (.text)
                  00000c88    0000000c     rtsv7M4_T_le_v4SPD16_eabi.lib : copy_zero_init.obj (.text:decompress:ZI)
                  00000c94    00000004                                   : pre_init.obj (.text)
                  00000c98    00000002                                   : startup.obj (.text)

.const     0    00000c9a    00000004     
                  00000c9a    00000004     main.obj (.const:.string:$P$T16$1)

.cinit     0    00000ca0    00000068     
                  00000ca0    0000003f     (.cinit..data.load) [load image, compression = lzss]
                  00000cdf    00000001     --HOLE-- [fill = 0]
                  00000ce0    0000000c     (__TI_handler_table)
                  00000cec    00000004     --HOLE-- [fill = 0]
                  00000cf0    00000008     (.cinit..bss.load) [load image, compression = zero_init]
                  00000cf8    00000010     (__TI_cinit_table)

.init_array 
*          0    00000000    00000000     UNINITIALIZED

.sysmem    0    20000000    00000400     UNINITIALIZED
                  20000000    00000008     rtsv7M4_T_le_v4SPD16_eabi.lib : memory.obj (.sysmem)
                  20000008    000003f8     --HOLE--

.data      0    20000400    00000044     UNINITIALIZED
                  20000400    00000028     main.obj (.data:LUT_pow10$2)
                  20000428    0000000c     rtsv7M4_T_le_v4SPD16_eabi.lib : exit.obj (.data:$O1$$)
                  20000434    00000008                                   : _lock.obj (.data:$O1$$)
                  2000043c    00000004                                   : stkdepth_vars.obj (.data)
                  20000440    00000004     system_msp432p401r.obj (.data)

.bss       0    20000444    0000000a     UNINITIALIZED
                  20000444    00000004     (.common:GKEY)
                  20000448    00000002     (.common:current_angle)
                  2000044a    00000002     (.common:pwm)
                  2000044c    00000002     (.common:temp)

.stack     0    2000fe00    00000200     UNINITIALIZED
                  2000fe00    00000200     --HOLE--

MODULE SUMMARY

       Module                        code   ro data   rw data
       ------                        ----   -------   -------
    .\
       main.obj                      1336   4         100    
       system_msp432p401r.obj        812    0         8      
       startup_msp432p401r_ccs.obj   14     228       0      
    +--+-----------------------------+------+---------+---------+
       Total:                        2162   232       108    
                                                             
    C:\ti\ccsv7\tools\compiler\ti-cgt-arm_16.9.1.LTS\lib\rtsv7M4_T_le_v4SPD16_eabi.lib
       memcpy_t2.obj                 156    0         0      
       memset_t2.obj                 122    0         0      
       autoinit.obj                  112    0         0      
       exit.obj                      84     0         24     
       copy_decompress_lzss.obj      104    0         0      
       boot.obj                      84     0         0      
       cpy_tbl.obj                   76     0         0      
       _lock.obj                     20     0         16     
       args_main.obj                 24     0         0      
       strlen.obj                    20     0         0      
       copy_decompress_none.obj      14     0         0      
       copy_zero_init.obj            12     0         0      
       stkdepth_vars.obj             0      0         8      
       pre_init.obj                  4      0         0      
       mpu_init.obj                  2      0         0      
       startup.obj                   2      0         0      
    +--+-----------------------------+------+---------+---------+
       Total:                        836    0         48     
                                                             
       Heap:                         0      0         2048   
       Stack:                        0      0         1024   
       Linker Generated:             0      99        0      
    +--+-----------------------------+------+---------+---------+
       Grand Total:                  2998   331       3228   


LINKER GENERATED COPY TABLES

__TI_cinit_table @ 00000cf8 records: 2, size/record: 8, table size: 16
	.data: load addr=00000ca0, load size=0000003f bytes, run addr=20000400, run size=00000044 bytes, compression=lzss
	.bss: load addr=00000cf0, load size=00000008 bytes, run addr=20000444, run size=0000000a bytes, compression=zero_init


LINKER GENERATED HANDLER TABLE

__TI_handler_table @ 00000ce0 records: 3, size/record: 4, table size: 12
	index: 0, handler: __TI_decompress_lzss
	index: 1, handler: __TI_decompress_none
	index: 2, handler: __TI_zero_init


GLOBAL SYMBOLS: SORTED ALPHABETICALLY BY Name 

address   name                           
-------   ----                           
00000c87  ADC14_IRQHandler               
00000c87  AES256_IRQHandler              
00000c87  BusFault_Handler               
00000b01  C$$EXIT                        
00000c87  COMP_E0_IRQHandler             
00000c87  COMP_E1_IRQHandler             
00000c87  CS_IRQHandler                  
00000c87  DMA_ERR_IRQHandler             
00000c87  DMA_INT0_IRQHandler            
00000c87  DMA_INT1_IRQHandler            
00000c87  DMA_INT2_IRQHandler            
00000c87  DMA_INT3_IRQHandler            
00000c87  DebugMon_Handler               
00000c87  Default_Handler                
00000c87  EUSCIA0_IRQHandler             
00000c87  EUSCIA1_IRQHandler             
00000c87  EUSCIA2_IRQHandler             
00000c87  EUSCIA3_IRQHandler             
00000c87  EUSCIB0_IRQHandler             
00000c87  EUSCIB1_IRQHandler             
00000c87  EUSCIB2_IRQHandler             
00000c87  EUSCIB3_IRQHandler             
00000c87  FLCTL_IRQHandler               
00000c87  FPU_IRQHandler                 
20000444  GKEY                           
00000c87  HardFault_Handler              
00000c87  MemManage_Handler              
00000c87  NMI_Handler                    
00000c87  PCM_IRQHandler                 
00000c87  PORT1_IRQHandler               
00000c87  PORT2_IRQHandler               
00000c87  PORT3_IRQHandler               
00000c87  PORT4_IRQHandler               
00000c87  PORT5_IRQHandler               
00000c87  PORT6_IRQHandler               
00000c87  PSS_IRQHandler                 
00000c87  PendSV_Handler                 
00000c87  RTC_C_IRQHandler               
00000c7b  Reset_Handler                  
UNDEFED   SHT$$INIT_ARRAY$$Base          
UNDEFED   SHT$$INIT_ARRAY$$Limit         
00000c87  SVC_Handler                    
00000c87  SysTick_Handler                
20000440  SystemCoreClock                
0000050d  SystemCoreClockUpdate          
00000781  SystemInit                     
00000c87  T32_INT1_IRQHandler            
00000c87  T32_INT2_IRQHandler            
00000c87  T32_INTC_IRQHandler            
00000c87  TA0_0_IRQHandler               
00000c87  TA0_N_IRQHandler               
00000c87  TA1_0_IRQHandler               
00000c87  TA1_N_IRQHandler               
00000c87  TA2_0_IRQHandler               
00000c87  TA2_N_IRQHandler               
00000c87  TA3_0_IRQHandler               
00000c87  TA3_N_IRQHandler               
00000c87  UsageFault_Handler             
4000480c  WDTCTL_SYM                     
00000c87  WDT_A_IRQHandler               
20010000  __STACK_END                    
00000200  __STACK_SIZE                   
00000400  __SYSMEM_SIZE                  
00000cf8  __TI_CINIT_Base                
00000d08  __TI_CINIT_Limit               
00000ce0  __TI_Handler_Table_Base        
00000cec  __TI_Handler_Table_Limit       
000009d5  __TI_auto_init                 
20000428  __TI_cleanup_ptr               
00000a45  __TI_decompress_lzss           
00000c6d  __TI_decompress_none           
2000042c  __TI_dtors_ptr                 
20000430  __TI_enable_exit_profile_output
ffffffff  __TI_pprof_out_hndl            
ffffffff  __TI_prof_data_size            
ffffffff  __TI_prof_data_start           
00000000  __TI_static_base__             
00000c89  __TI_zero_init                 
00000959  __aeabi_memclr                 
00000959  __aeabi_memclr4                
00000959  __aeabi_memclr8                
00000839  __aeabi_memcpy                 
00000839  __aeabi_memcpy4                
00000839  __aeabi_memcpy8                
0000095b  __aeabi_memset                 
0000095b  __aeabi_memset4                
0000095b  __aeabi_memset8                
ffffffff  __binit__                      
ffffffff  __c_args__                     
000009d3  __mpu_init                     
2000fe00  __stack                        
00000c2d  _args_main                     
00000aad  _c_int00                       
20000434  _lock                          
00000c53  _nop                           
00000c4b  _register_lock                 
00000c45  _register_unlock               
20000000  _sys_memory                    
00000c99  _system_post_cinit             
00000c95  _system_pre_init               
20000438  _unlock                        
0000046d  a_to_i                         
00000b05  abort                          
ffffffff  binit                          
00000b55  copy_in                        
20000448  current_angle                  
00000bed  delay_ms                       
00000b0d  exit                           
0000039d  getCode                        
00000000  interruptVectors               
000004b9  ipow10                         
0000013d  keypad_getkey                  
00000123  keypad_init                    
0000023f  main                           
2000043c  main_func_sp                   
00000839  memcpy                         
00000961  memset                         
000000e5  num_to_char                    
2000044a  pwm                            
00000441  servo_pwm_angle                
00000ba1  set48Mode                      
000008d5  set_HS_CLKS                    
00000c59  strlen                         
2000044c  temp                           


GLOBAL SYMBOLS: SORTED BY Symbol Address 

address   name                           
-------   ----                           
00000000  __TI_static_base__             
00000000  interruptVectors               
000000e5  num_to_char                    
00000123  keypad_init                    
0000013d  keypad_getkey                  
00000200  __STACK_SIZE                   
0000023f  main                           
0000039d  getCode                        
00000400  __SYSMEM_SIZE                  
00000441  servo_pwm_angle                
0000046d  a_to_i                         
000004b9  ipow10                         
0000050d  SystemCoreClockUpdate          
00000781  SystemInit                     
00000839  __aeabi_memcpy                 
00000839  __aeabi_memcpy4                
00000839  __aeabi_memcpy8                
00000839  memcpy                         
000008d5  set_HS_CLKS                    
00000959  __aeabi_memclr                 
00000959  __aeabi_memclr4                
00000959  __aeabi_memclr8                
0000095b  __aeabi_memset                 
0000095b  __aeabi_memset4                
0000095b  __aeabi_memset8                
00000961  memset                         
000009d3  __mpu_init                     
000009d5  __TI_auto_init                 
00000a45  __TI_decompress_lzss           
00000aad  _c_int00                       
00000b01  C$$EXIT                        
00000b05  abort                          
00000b0d  exit                           
00000b55  copy_in                        
00000ba1  set48Mode                      
00000bed  delay_ms                       
00000c2d  _args_main                     
00000c45  _register_unlock               
00000c4b  _register_lock                 
00000c53  _nop                           
00000c59  strlen                         
00000c6d  __TI_decompress_none           
00000c7b  Reset_Handler                  
00000c87  ADC14_IRQHandler               
00000c87  AES256_IRQHandler              
00000c87  BusFault_Handler               
00000c87  COMP_E0_IRQHandler             
00000c87  COMP_E1_IRQHandler             
00000c87  CS_IRQHandler                  
00000c87  DMA_ERR_IRQHandler             
00000c87  DMA_INT0_IRQHandler            
00000c87  DMA_INT1_IRQHandler            
00000c87  DMA_INT2_IRQHandler            
00000c87  DMA_INT3_IRQHandler            
00000c87  DebugMon_Handler               
00000c87  Default_Handler                
00000c87  EUSCIA0_IRQHandler             
00000c87  EUSCIA1_IRQHandler             
00000c87  EUSCIA2_IRQHandler             
00000c87  EUSCIA3_IRQHandler             
00000c87  EUSCIB0_IRQHandler             
00000c87  EUSCIB1_IRQHandler             
00000c87  EUSCIB2_IRQHandler             
00000c87  EUSCIB3_IRQHandler             
00000c87  FLCTL_IRQHandler               
00000c87  FPU_IRQHandler                 
00000c87  HardFault_Handler              
00000c87  MemManage_Handler              
00000c87  NMI_Handler                    
00000c87  PCM_IRQHandler                 
00000c87  PORT1_IRQHandler               
00000c87  PORT2_IRQHandler               
00000c87  PORT3_IRQHandler               
00000c87  PORT4_IRQHandler               
00000c87  PORT5_IRQHandler               
00000c87  PORT6_IRQHandler               
00000c87  PSS_IRQHandler                 
00000c87  PendSV_Handler                 
00000c87  RTC_C_IRQHandler               
00000c87  SVC_Handler                    
00000c87  SysTick_Handler                
00000c87  T32_INT1_IRQHandler            
00000c87  T32_INT2_IRQHandler            
00000c87  T32_INTC_IRQHandler            
00000c87  TA0_0_IRQHandler               
00000c87  TA0_N_IRQHandler               
00000c87  TA1_0_IRQHandler               
00000c87  TA1_N_IRQHandler               
00000c87  TA2_0_IRQHandler               
00000c87  TA2_N_IRQHandler               
00000c87  TA3_0_IRQHandler               
00000c87  TA3_N_IRQHandler               
00000c87  UsageFault_Handler             
00000c87  WDT_A_IRQHandler               
00000c89  __TI_zero_init                 
00000c95  _system_pre_init               
00000c99  _system_post_cinit             
00000ce0  __TI_Handler_Table_Base        
00000cec  __TI_Handler_Table_Limit       
00000cf8  __TI_CINIT_Base                
00000d08  __TI_CINIT_Limit               
20000000  _sys_memory                    
20000428  __TI_cleanup_ptr               
2000042c  __TI_dtors_ptr                 
20000430  __TI_enable_exit_profile_output
20000434  _lock                          
20000438  _unlock                        
2000043c  main_func_sp                   
20000440  SystemCoreClock                
20000444  GKEY                           
20000448  current_angle                  
2000044a  pwm                            
2000044c  temp                           
2000fe00  __stack                        
20010000  __STACK_END                    
4000480c  WDTCTL_SYM                     
ffffffff  __TI_pprof_out_hndl            
ffffffff  __TI_prof_data_size            
ffffffff  __TI_prof_data_start           
ffffffff  __binit__                      
ffffffff  __c_args__                     
ffffffff  binit                          
UNDEFED   SHT$$INIT_ARRAY$$Base          
UNDEFED   SHT$$INIT_ARRAY$$Limit         

[124 symbols]
