******************************************************************************
                  TI ARM Linker PC v16.9.1                     
******************************************************************************
>> Linked Thu Apr 27 12:12:44 2017

OUTPUT FILE NAME:   <Assignment6.out>
ENTRY POINT SYMBOL: "_c_int00"  address: 00000b15


MEMORY CONFIGURATION

         name            origin    length      used     unused   attr    fill
----------------------  --------  ---------  --------  --------  ----  --------
  MAIN                  00000000   00040000  00000c7c  0003f384  R  X
  INFO                  00200000   00004000  00000000  00004000  R  X
  SRAM_CODE             01000000   00010000  00000220  0000fde0  RW X
  SRAM_DATA             20000000   00010000  00000220  0000fde0  RW  


SEGMENT ALLOCATION MAP

run origin  load origin   length   init length attrs members
----------  ----------- ---------- ----------- ----- -------
00000000    00000000    00000c80   00000c80    r-x
  00000000    00000000    000000e4   000000e4    r-- .intvecs
  000000e4    000000e4    00000b70   00000b70    r-x .text
  00000c58    00000c58    00000028   00000028    r-- .cinit
20000000    20000000    00000020   00000000    rw-
  20000000    20000000    00000020   00000000    rw- .data
2000fe00    2000fe00    00000200   00000000    rw-
  2000fe00    2000fe00    00000200   00000000    rw- .stack


SECTION ALLOCATION MAP

 output                                  attributes/
section   page    origin      length       input sections
--------  ----  ----------  ----------   ----------------
.intvecs   0    00000000    000000e4     
                  00000000    000000e4     startup_msp432p401r_ccs.obj (.intvecs:retain)

.binit     0    00000000    00000000     

.text      0    000000e4    00000b70     
                  000000e4    0000032c     system_msp432p401r.obj (.text)
                  00000410    000001b6     rtsv7M4_T_le_v4SPD16_eabi.lib : fd_add_t2.obj (.text)
                  000005c6    00000002                                   : mpu_init.obj (.text)
                  000005c8    00000170                                   : e_sqrt.obj (.text)
                  00000738    000000fc                                   : fd_mul_t2.obj (.text)
                  00000834    000000e4     main.obj (.text)
                  00000918    0000009c     rtsv7M4_T_le_v4SPD16_eabi.lib : memcpy_t2.obj (.text)
                  000009b4    00000086                                   : fd_cmp_t2.obj (.text:__aeabi_cdrcmple)
                  00000a3a    00000002                                   : startup.obj (.text)
                  00000a3c    00000070                                   : autoinit.obj (.text)
                  00000aac    00000068                                   : copy_decompress_lzss.obj (.text:decompress:lzss)
                  00000b14    00000054                                   : boot.obj (.text)
                  00000b68    00000054                                   : exit.obj (.text)
                  00000bbc    0000004c                                   : cpy_tbl.obj (.text)
                  00000c08    00000018                                   : args_main.obj (.text)
                  00000c20    00000014                                   : _lock.obj (.text)
                  00000c34    0000000e                                   : copy_decompress_none.obj (.text:decompress:none)
                  00000c42    0000000e     startup_msp432p401r_ccs.obj (.text)
                  00000c50    00000004     rtsv7M4_T_le_v4SPD16_eabi.lib : pre_init.obj (.text)

.cinit     0    00000c58    00000028     
                  00000c58    00000015     (.cinit..data.load) [load image, compression = lzss]
                  00000c6d    00000003     --HOLE-- [fill = 0]
                  00000c70    00000008     (__TI_handler_table)
                  00000c78    00000008     (__TI_cinit_table)

.init_array 
*          0    00000000    00000000     UNINITIALIZED

.data      0    20000000    00000020     UNINITIALIZED
                  20000000    0000000c     rtsv7M4_T_le_v4SPD16_eabi.lib : exit.obj (.data:$O1$$)
                  2000000c    00000008                                   : _lock.obj (.data:$O1$$)
                  20000014    00000004                                   : errno.obj (.data)
                  20000018    00000004                                   : stkdepth_vars.obj (.data)
                  2000001c    00000004     system_msp432p401r.obj (.data)

.stack     0    2000fe00    00000200     UNINITIALIZED
                  2000fe00    00000200     --HOLE--

MODULE SUMMARY

       Module                        code   ro data   rw data
       ------                        ----   -------   -------
    .\
       system_msp432p401r.obj        812    0         8      
       startup_msp432p401r_ccs.obj   14     228       0      
       main.obj                      228    0         0      
    +--+-----------------------------+------+---------+---------+
       Total:                        1054   228       8      
                                                             
    C:\ti\ccsv7\tools\compiler\ti-cgt-arm_16.9.1.LTS\lib\rtsv7M4_T_le_v4SPD16_eabi.lib
       fd_add_t2.obj                 438    0         0      
       e_sqrt.obj                    368    0         0      
       fd_mul_t2.obj                 252    0         0      
       memcpy_t2.obj                 156    0         0      
       fd_cmp_t2.obj                 134    0         0      
       autoinit.obj                  112    0         0      
       exit.obj                      84     0         24     
       copy_decompress_lzss.obj      104    0         0      
       boot.obj                      84     0         0      
       cpy_tbl.obj                   76     0         0      
       _lock.obj                     20     0         16     
       args_main.obj                 24     0         0      
       copy_decompress_none.obj      14     0         0      
       errno.obj                     0      0         8      
       stkdepth_vars.obj             0      0         8      
       pre_init.obj                  4      0         0      
       mpu_init.obj                  2      0         0      
       startup.obj                   2      0         0      
    +--+-----------------------------+------+---------+---------+
       Total:                        1874   0         56     
                                                             
       Stack:                        0      0         1024   
       Linker Generated:             0      37        0      
    +--+-----------------------------+------+---------+---------+
       Grand Total:                  2928   265       1088   


LINKER GENERATED COPY TABLES

__TI_cinit_table @ 00000c78 records: 1, size/record: 8, table size: 8
	.data: load addr=00000c58, load size=00000015 bytes, run addr=20000000, run size=00000020 bytes, compression=lzss


LINKER GENERATED HANDLER TABLE

__TI_handler_table @ 00000c70 records: 2, size/record: 4, table size: 8
	index: 0, handler: __TI_decompress_lzss
	index: 1, handler: __TI_decompress_none


GLOBAL SYMBOLS: SORTED ALPHABETICALLY BY Name 

address   name                           
-------   ----                           
00000c4f  ADC14_IRQHandler               
00000c4f  AES256_IRQHandler              
00000c4f  BusFault_Handler               
00000b69  C$$EXIT                        
00000c4f  COMP_E0_IRQHandler             
00000c4f  COMP_E1_IRQHandler             
00000c4f  CS_IRQHandler                  
00000c4f  DMA_ERR_IRQHandler             
00000c4f  DMA_INT0_IRQHandler            
00000c4f  DMA_INT1_IRQHandler            
00000c4f  DMA_INT2_IRQHandler            
00000c4f  DMA_INT3_IRQHandler            
00000c4f  DebugMon_Handler               
00000c4f  Default_Handler                
00000c4f  EUSCIA0_IRQHandler             
00000c4f  EUSCIA1_IRQHandler             
00000c4f  EUSCIA2_IRQHandler             
00000c4f  EUSCIA3_IRQHandler             
00000c4f  EUSCIB0_IRQHandler             
00000c4f  EUSCIB1_IRQHandler             
00000c4f  EUSCIB2_IRQHandler             
00000c4f  EUSCIB3_IRQHandler             
00000c4f  FLCTL_IRQHandler               
00000c4f  FPU_IRQHandler                 
00000c4f  HardFault_Handler              
00000c4f  MemManage_Handler              
00000c4f  NMI_Handler                    
00000c4f  PCM_IRQHandler                 
00000c4f  PORT1_IRQHandler               
00000c4f  PORT2_IRQHandler               
00000c4f  PORT3_IRQHandler               
00000c4f  PORT4_IRQHandler               
00000c4f  PORT5_IRQHandler               
00000c4f  PORT6_IRQHandler               
00000c4f  PSS_IRQHandler                 
00000c4f  PendSV_Handler                 
00000c4f  RTC_C_IRQHandler               
00000c43  Reset_Handler                  
UNDEFED   SHT$$INIT_ARRAY$$Base          
UNDEFED   SHT$$INIT_ARRAY$$Limit         
00000c4f  SVC_Handler                    
00000c4f  SysTick_Handler                
2000001c  SystemCoreClock                
000000e5  SystemCoreClockUpdate          
00000359  SystemInit                     
00000c4f  T32_INT1_IRQHandler            
00000c4f  T32_INT2_IRQHandler            
00000c4f  T32_INTC_IRQHandler            
00000c4f  TA0_0_IRQHandler               
00000c4f  TA0_N_IRQHandler               
00000c4f  TA1_0_IRQHandler               
00000c4f  TA1_N_IRQHandler               
00000c4f  TA2_0_IRQHandler               
00000c4f  TA2_N_IRQHandler               
00000c4f  TA3_0_IRQHandler               
00000c4f  TA3_N_IRQHandler               
000008a7  TestFunction                   
00000c4f  UsageFault_Handler             
4000480c  WDTCTL_SYM                     
00000c4f  WDT_A_IRQHandler               
20010000  __STACK_END                    
00000200  __STACK_SIZE                   
00000c78  __TI_CINIT_Base                
00000c80  __TI_CINIT_Limit               
00000c70  __TI_Handler_Table_Base        
00000c78  __TI_Handler_Table_Limit       
00000a3d  __TI_auto_init                 
20000000  __TI_cleanup_ptr               
00000aad  __TI_decompress_lzss           
00000c35  __TI_decompress_none           
20000004  __TI_dtors_ptr                 
20000008  __TI_enable_exit_profile_output
ffffffff  __TI_pprof_out_hndl            
ffffffff  __TI_prof_data_size            
ffffffff  __TI_prof_data_start           
00000000  __TI_static_base__             
000009b5  __aeabi_cdrcmple               
0000041b  __aeabi_dadd                   
00000739  __aeabi_dmul                   
00000411  __aeabi_dsub                   
00000919  __aeabi_memcpy                 
00000919  __aeabi_memcpy4                
00000919  __aeabi_memcpy8                
ffffffff  __binit__                      
ffffffff  __c_args__                     
000005c7  __mpu_init                     
2000fe00  __stack                        
00000c09  _args_main                     
00000b15  _c_int00                       
2000000c  _lock                          
00000c2f  _nop                           
00000c27  _register_lock                 
00000c21  _register_unlock               
00000a3b  _system_post_cinit             
00000c51  _system_pre_init               
20000010  _unlock                        
00000b6d  abort                          
ffffffff  binit                          
00000bbd  copy_in                        
20000014  errno                          
00000b75  exit                           
00000000  interruptVectors               
00000835  main                           
20000018  main_func_sp                   
00000919  memcpy                         
000005c9  sqrt                           
000005c9  sqrtl                          


GLOBAL SYMBOLS: SORTED BY Symbol Address 

address   name                           
-------   ----                           
00000000  __TI_static_base__             
00000000  interruptVectors               
000000e5  SystemCoreClockUpdate          
00000200  __STACK_SIZE                   
00000359  SystemInit                     
00000411  __aeabi_dsub                   
0000041b  __aeabi_dadd                   
000005c7  __mpu_init                     
000005c9  sqrt                           
000005c9  sqrtl                          
00000739  __aeabi_dmul                   
00000835  main                           
000008a7  TestFunction                   
00000919  __aeabi_memcpy                 
00000919  __aeabi_memcpy4                
00000919  __aeabi_memcpy8                
00000919  memcpy                         
000009b5  __aeabi_cdrcmple               
00000a3b  _system_post_cinit             
00000a3d  __TI_auto_init                 
00000aad  __TI_decompress_lzss           
00000b15  _c_int00                       
00000b69  C$$EXIT                        
00000b6d  abort                          
00000b75  exit                           
00000bbd  copy_in                        
00000c09  _args_main                     
00000c21  _register_unlock               
00000c27  _register_lock                 
00000c2f  _nop                           
00000c35  __TI_decompress_none           
00000c43  Reset_Handler                  
00000c4f  ADC14_IRQHandler               
00000c4f  AES256_IRQHandler              
00000c4f  BusFault_Handler               
00000c4f  COMP_E0_IRQHandler             
00000c4f  COMP_E1_IRQHandler             
00000c4f  CS_IRQHandler                  
00000c4f  DMA_ERR_IRQHandler             
00000c4f  DMA_INT0_IRQHandler            
00000c4f  DMA_INT1_IRQHandler            
00000c4f  DMA_INT2_IRQHandler            
00000c4f  DMA_INT3_IRQHandler            
00000c4f  DebugMon_Handler               
00000c4f  Default_Handler                
00000c4f  EUSCIA0_IRQHandler             
00000c4f  EUSCIA1_IRQHandler             
00000c4f  EUSCIA2_IRQHandler             
00000c4f  EUSCIA3_IRQHandler             
00000c4f  EUSCIB0_IRQHandler             
00000c4f  EUSCIB1_IRQHandler             
00000c4f  EUSCIB2_IRQHandler             
00000c4f  EUSCIB3_IRQHandler             
00000c4f  FLCTL_IRQHandler               
00000c4f  FPU_IRQHandler                 
00000c4f  HardFault_Handler              
00000c4f  MemManage_Handler              
00000c4f  NMI_Handler                    
00000c4f  PCM_IRQHandler                 
00000c4f  PORT1_IRQHandler               
00000c4f  PORT2_IRQHandler               
00000c4f  PORT3_IRQHandler               
00000c4f  PORT4_IRQHandler               
00000c4f  PORT5_IRQHandler               
00000c4f  PORT6_IRQHandler               
00000c4f  PSS_IRQHandler                 
00000c4f  PendSV_Handler                 
00000c4f  RTC_C_IRQHandler               
00000c4f  SVC_Handler                    
00000c4f  SysTick_Handler                
00000c4f  T32_INT1_IRQHandler            
00000c4f  T32_INT2_IRQHandler            
00000c4f  T32_INTC_IRQHandler            
00000c4f  TA0_0_IRQHandler               
00000c4f  TA0_N_IRQHandler               
00000c4f  TA1_0_IRQHandler               
00000c4f  TA1_N_IRQHandler               
00000c4f  TA2_0_IRQHandler               
00000c4f  TA2_N_IRQHandler               
00000c4f  TA3_0_IRQHandler               
00000c4f  TA3_N_IRQHandler               
00000c4f  UsageFault_Handler             
00000c4f  WDT_A_IRQHandler               
00000c51  _system_pre_init               
00000c70  __TI_Handler_Table_Base        
00000c78  __TI_CINIT_Base                
00000c78  __TI_Handler_Table_Limit       
00000c80  __TI_CINIT_Limit               
20000000  __TI_cleanup_ptr               
20000004  __TI_dtors_ptr                 
20000008  __TI_enable_exit_profile_output
2000000c  _lock                          
20000010  _unlock                        
20000014  errno                          
20000018  main_func_sp                   
2000001c  SystemCoreClock                
2000fe00  __stack                        
20010000  __STACK_END                    
4000480c  WDTCTL_SYM                     
ffffffff  __TI_pprof_out_hndl            
ffffffff  __TI_prof_data_size            
ffffffff  __TI_prof_data_start           
ffffffff  __binit__                      
ffffffff  __c_args__                     
ffffffff  binit                          
UNDEFED   SHT$$INIT_ARRAY$$Base          
UNDEFED   SHT$$INIT_ARRAY$$Limit         

[107 symbols]
