******************************************************************************
                  TI ARM Linker PC v16.9.1                     
******************************************************************************
>> Linked Thu May 11 13:44:57 2017

OUTPUT FILE NAME:   <Assignment8.out>
ENTRY POINT SYMBOL: "_c_int00"  address: 00000e75


MEMORY CONFIGURATION

         name            origin    length      used     unused   attr    fill
----------------------  --------  ---------  --------  --------  ----  --------
  MAIN                  00000000   00040000  0000107e  0003ef82  R  X
  INFO                  00200000   00004000  00000000  00004000  R  X
  SRAM_CODE             01000000   00010000  0000066c  0000f994  RW X
  SRAM_DATA             20000000   00010000  0000066c  0000f994  RW  


SEGMENT ALLOCATION MAP

run origin  load origin   length   init length attrs members
----------  ----------- ---------- ----------- ----- -------
00000000    00000000    00001080   00001080    r-x
  00000000    00000000    000000e4   000000e4    r-- .intvecs
  000000e4    000000e4    00000f22   00000f22    r-x .text
  00001008    00001008    00000078   00000078    r-- .cinit
20000000    20000000    0000046c   00000000    rw-
  20000000    20000000    00000400   00000000    rw- .sysmem
  20000400    20000400    00000064   00000000    rw- .data
  20000464    20000464    00000008   00000000    rw- .bss
2000fe00    2000fe00    00000200   00000000    rw-
  2000fe00    2000fe00    00000200   00000000    rw- .stack


SECTION ALLOCATION MAP

 output                                  attributes/
section   page    origin      length       input sections
--------  ----  ----------  ----------   ----------------
.intvecs   0    00000000    000000e4     
                  00000000    000000e4     startup_msp432p401r_ccs.obj (.intvecs:retain)

.binit     0    00000000    00000000     

.text      0    000000e4    00000f22     
                  000000e4    000003d0     rtsv7M4_T_le_v4SPD16_eabi.lib : memory.obj (.text)
                  000004b4    0000032c     system_msp432p401r.obj (.text)
                  000007e0    00000244     main.obj (.text)
                  00000a24    0000020c     UART.obj (.text)
                  00000c30    0000009c     rtsv7M4_T_le_v4SPD16_eabi.lib : memcpy_t2.obj (.text)
                  00000ccc    0000007a                                   : memset_t2.obj (.text)
                  00000d46    00000002                                   : mpu_init.obj (.text)
                  00000d48    00000070                                   : autoinit.obj (.text)
                  00000db8    00000068                                   : copy_decompress_lzss.obj (.text:decompress:lzss)
                  00000e20    00000054     UART.obj (.text:delay_ms)
                  00000e74    00000054     rtsv7M4_T_le_v4SPD16_eabi.lib : boot.obj (.text)
                  00000ec8    00000054                                   : exit.obj (.text)
                  00000f1c    0000004c                                   : cpy_tbl.obj (.text)
                  00000f68    00000030     ADC14.obj (.text)
                  00000f98    00000018     rtsv7M4_T_le_v4SPD16_eabi.lib : args_main.obj (.text)
                  00000fb0    00000014                                   : _lock.obj (.text)
                  00000fc4    00000014                                   : strlen.obj (.text)
                  00000fd8    0000000e                                   : copy_decompress_none.obj (.text:decompress:none)
                  00000fe6    0000000e     startup_msp432p401r_ccs.obj (.text)
                  00000ff4    0000000c     rtsv7M4_T_le_v4SPD16_eabi.lib : copy_zero_init.obj (.text:decompress:ZI)
                  00001000    00000004                                   : pre_init.obj (.text)
                  00001004    00000002                                   : startup.obj (.text)

.cinit     0    00001008    00000078     
                  00001008    00000051     (.cinit..data.load) [load image, compression = lzss]
                  00001059    00000003     --HOLE-- [fill = 0]
                  0000105c    0000000c     (__TI_handler_table)
                  00001068    00000008     (.cinit..bss.load) [load image, compression = zero_init]
                  00001070    00000010     (__TI_cinit_table)

.init_array 
*          0    00000000    00000000     UNINITIALIZED

.sysmem    0    20000000    00000400     UNINITIALIZED
                  20000000    00000008     rtsv7M4_T_le_v4SPD16_eabi.lib : memory.obj (.sysmem)
                  20000008    000003f8     --HOLE--

.data      0    20000400    00000064     UNINITIALIZED
                  20000400    00000028     UART.obj (.data:LUT_pow10$1)
                  20000428    0000000c     rtsv7M4_T_le_v4SPD16_eabi.lib : exit.obj (.data:$O1$$)
                  20000434    0000000c                                   : memory.obj (.data:$O1$$)
                  20000440    0000000c     UART.obj (.data)
                  2000044c    00000008     rtsv7M4_T_le_v4SPD16_eabi.lib : _lock.obj (.data:$O1$$)
                  20000454    00000008     ADC14.obj (.data)
                  2000045c    00000004     rtsv7M4_T_le_v4SPD16_eabi.lib : stkdepth_vars.obj (.data)
                  20000460    00000004     system_msp432p401r.obj (.data)

.bss       0    20000464    00000008     UNINITIALIZED
                  20000464    00000008     UART.obj (.bss)

.stack     0    2000fe00    00000200     UNINITIALIZED
                  2000fe00    00000200     --HOLE--

MODULE SUMMARY

       Module                        code   ro data   rw data
       ------                        ----   -------   -------
    .\
       system_msp432p401r.obj        812    0         8      
       UART.obj                      608    0         120    
       main.obj                      580    0         0      
       startup_msp432p401r_ccs.obj   14     228       0      
       ADC14.obj                     48     0         16     
    +--+-----------------------------+------+---------+---------+
       Total:                        2062   228       144    
                                                             
    C:\ti\ccsv7\tools\compiler\ti-cgt-arm_16.9.1.LTS\lib\rtsv7M4_T_le_v4SPD16_eabi.lib
       memory.obj                    976    0         24     
       memcpy_t2.obj                 156    0         0      
       memset_t2.obj                 122    0         0      
       autoinit.obj                  112    0         0      
       exit.obj                      84     0         24     
       copy_decompress_lzss.obj      104    0         0      
       boot.obj                      84     0         0      
       cpy_tbl.obj                   76     0         0      
       _lock.obj                     20     0         16     
       args_main.obj                 24     0         0      
       strlen.obj                    20     0         0      
       copy_decompress_none.obj      14     0         0      
       copy_zero_init.obj            12     0         0      
       stkdepth_vars.obj             0      0         8      
       pre_init.obj                  4      0         0      
       mpu_init.obj                  2      0         0      
       startup.obj                   2      0         0      
    +--+-----------------------------+------+---------+---------+
       Total:                        1812   0         72     
                                                             
       Heap:                         0      0         2048   
       Stack:                        0      0         1024   
       Linker Generated:             0      117       0      
    +--+-----------------------------+------+---------+---------+
       Grand Total:                  3874   345       3288   


LINKER GENERATED COPY TABLES

__TI_cinit_table @ 00001070 records: 2, size/record: 8, table size: 16
	.data: load addr=00001008, load size=00000051 bytes, run addr=20000400, run size=00000064 bytes, compression=lzss
	.bss: load addr=00001068, load size=00000008 bytes, run addr=20000464, run size=00000008 bytes, compression=zero_init


LINKER GENERATED HANDLER TABLE

__TI_handler_table @ 0000105c records: 3, size/record: 4, table size: 12
	index: 0, handler: __TI_decompress_lzss
	index: 1, handler: __TI_decompress_none
	index: 2, handler: __TI_zero_init


GLOBAL SYMBOLS: SORTED ALPHABETICALLY BY Name 

address   name                           
-------   ----                           
00000f7d  ADC14_IRQHandler               
00000f7d  ADC14_IRQHandler               
00000f69  ADC14_get_flag                 
00000f77  ADC14_get_value                
00000f6f  ADC14_reset_flag               
00000ff3  AES256_IRQHandler              
00000ff3  BusFault_Handler               
00000ec9  C$$EXIT                        
00000ff3  COMP_E0_IRQHandler             
00000ff3  COMP_E1_IRQHandler             
00000ff3  CS_IRQHandler                  
0000089d  DAC_drive                      
00000847  DAC_init                       
00000ff3  DMA_ERR_IRQHandler             
00000ff3  DMA_INT0_IRQHandler            
00000ff3  DMA_INT1_IRQHandler            
00000ff3  DMA_INT2_IRQHandler            
00000ff3  DMA_INT3_IRQHandler            
00000ff3  DebugMon_Handler               
00000ff3  Default_Handler                
00000b1d  EUSCIA0_IRQHandler             
00000b1d  EUSCIA0_IRQHandler             
00000ff3  EUSCIA1_IRQHandler             
00000ff3  EUSCIA2_IRQHandler             
00000ff3  EUSCIA3_IRQHandler             
00000ff3  EUSCIB0_IRQHandler             
00000ff3  EUSCIB1_IRQHandler             
00000ff3  EUSCIB2_IRQHandler             
00000ff3  EUSCIB3_IRQHandler             
00000ff3  FLCTL_IRQHandler               
00000ff3  FPU_IRQHandler                 
00000ff3  HardFault_Handler              
00000ff3  MemManage_Handler              
00000ff3  NMI_Handler                    
00000ff3  PCM_IRQHandler                 
00000ff3  PORT1_IRQHandler               
00000ff3  PORT2_IRQHandler               
00000ff3  PORT3_IRQHandler               
00000ff3  PORT4_IRQHandler               
00000ff3  PORT5_IRQHandler               
00000ff3  PORT6_IRQHandler               
00000ff3  PSS_IRQHandler                 
00000ff3  PendSV_Handler                 
00000ff3  RTC_C_IRQHandler               
00000fe7  Reset_Handler                  
UNDEFED   SHT$$INIT_ARRAY$$Base          
UNDEFED   SHT$$INIT_ARRAY$$Limit         
00000ff3  SVC_Handler                    
00000ff3  SysTick_Handler                
20000460  SystemCoreClock                
000004b5  SystemCoreClockUpdate          
00000729  SystemInit                     
00000ff3  T32_INT1_IRQHandler            
00000ff3  T32_INT2_IRQHandler            
00000ff3  T32_INTC_IRQHandler            
00000ff3  TA0_0_IRQHandler               
00000ff3  TA0_N_IRQHandler               
00000ff3  TA1_0_IRQHandler               
00000ff3  TA1_N_IRQHandler               
00000ff3  TA2_0_IRQHandler               
00000ff3  TA2_N_IRQHandler               
00000ff3  TA3_0_IRQHandler               
00000ff3  TA3_N_IRQHandler               
00000a85  UART0_init                     
00000b09  UART_get_buffer                
00000b0f  UART_get_flag                  
00000b15  UART_reset_flag                
00000b83  UART_send                      
00000bd5  UART_send_char                 
00000ff3  UsageFault_Handler             
4000480c  WDTCTL_SYM                     
00000ff3  WDT_A_IRQHandler               
20010000  __STACK_END                    
00000200  __STACK_SIZE                   
00000400  __SYSMEM_SIZE                  
00001070  __TI_CINIT_Base                
00001080  __TI_CINIT_Limit               
0000105c  __TI_Handler_Table_Base        
00001068  __TI_Handler_Table_Limit       
00000d49  __TI_auto_init                 
20000428  __TI_cleanup_ptr               
00000db9  __TI_decompress_lzss           
00000fd9  __TI_decompress_none           
2000042c  __TI_dtors_ptr                 
20000430  __TI_enable_exit_profile_output
ffffffff  __TI_pprof_out_hndl            
ffffffff  __TI_prof_data_size            
ffffffff  __TI_prof_data_start           
00000000  __TI_static_base__             
00000ff5  __TI_zero_init                 
00000ccd  __aeabi_memclr                 
00000ccd  __aeabi_memclr4                
00000ccd  __aeabi_memclr8                
00000c31  __aeabi_memcpy                 
00000c31  __aeabi_memcpy4                
00000c31  __aeabi_memcpy8                
00000ccf  __aeabi_memset                 
00000ccf  __aeabi_memset4                
00000ccf  __aeabi_memset8                
ffffffff  __binit__                      
ffffffff  __c_args__                     
00000d47  __mpu_init                     
2000fe00  __stack                        
00000f99  _args_main                     
00000e75  _c_int00                       
2000044c  _lock                          
00000fbf  _nop                           
00000fb7  _register_lock                 
00000fb1  _register_unlock               
20000000  _sys_memory                    
00001005  _system_post_cinit             
00001001  _system_pre_init               
20000450  _unlock                        
00000a37  a_to_i                         
00000ecd  abort                          
ffffffff  binit                          
00000485  calloc                         
00000f1d  copy_in                        
00000e21  delay_ms                       
00000ed5  exit                           
000001cf  free                           
00000987  i_to_a                         
00000000  interruptVectors               
000008e5  main                           
2000045c  main_func_sp                   
00000165  malloc                         
00000399  memalign                       
00000c31  memcpy                         
00000cd5  memset                         
000000e5  minit                          
00000a25  pow10                          
00000291  realloc                        
00000fc5  strlen                         


GLOBAL SYMBOLS: SORTED BY Symbol Address 

address   name                           
-------   ----                           
00000000  __TI_static_base__             
00000000  interruptVectors               
000000e5  minit                          
00000165  malloc                         
000001cf  free                           
00000200  __STACK_SIZE                   
00000291  realloc                        
00000399  memalign                       
00000400  __SYSMEM_SIZE                  
00000485  calloc                         
000004b5  SystemCoreClockUpdate          
00000729  SystemInit                     
00000847  DAC_init                       
0000089d  DAC_drive                      
000008e5  main                           
00000987  i_to_a                         
00000a25  pow10                          
00000a37  a_to_i                         
00000a85  UART0_init                     
00000b09  UART_get_buffer                
00000b0f  UART_get_flag                  
00000b15  UART_reset_flag                
00000b1d  EUSCIA0_IRQHandler             
00000b1d  EUSCIA0_IRQHandler             
00000b83  UART_send                      
00000bd5  UART_send_char                 
00000c31  __aeabi_memcpy                 
00000c31  __aeabi_memcpy4                
00000c31  __aeabi_memcpy8                
00000c31  memcpy                         
00000ccd  __aeabi_memclr                 
00000ccd  __aeabi_memclr4                
00000ccd  __aeabi_memclr8                
00000ccf  __aeabi_memset                 
00000ccf  __aeabi_memset4                
00000ccf  __aeabi_memset8                
00000cd5  memset                         
00000d47  __mpu_init                     
00000d49  __TI_auto_init                 
00000db9  __TI_decompress_lzss           
00000e21  delay_ms                       
00000e75  _c_int00                       
00000ec9  C$$EXIT                        
00000ecd  abort                          
00000ed5  exit                           
00000f1d  copy_in                        
00000f69  ADC14_get_flag                 
00000f6f  ADC14_reset_flag               
00000f77  ADC14_get_value                
00000f7d  ADC14_IRQHandler               
00000f7d  ADC14_IRQHandler               
00000f99  _args_main                     
00000fb1  _register_unlock               
00000fb7  _register_lock                 
00000fbf  _nop                           
00000fc5  strlen                         
00000fd9  __TI_decompress_none           
00000fe7  Reset_Handler                  
00000ff3  AES256_IRQHandler              
00000ff3  BusFault_Handler               
00000ff3  COMP_E0_IRQHandler             
00000ff3  COMP_E1_IRQHandler             
00000ff3  CS_IRQHandler                  
00000ff3  DMA_ERR_IRQHandler             
00000ff3  DMA_INT0_IRQHandler            
00000ff3  DMA_INT1_IRQHandler            
00000ff3  DMA_INT2_IRQHandler            
00000ff3  DMA_INT3_IRQHandler            
00000ff3  DebugMon_Handler               
00000ff3  Default_Handler                
00000ff3  EUSCIA1_IRQHandler             
00000ff3  EUSCIA2_IRQHandler             
00000ff3  EUSCIA3_IRQHandler             
00000ff3  EUSCIB0_IRQHandler             
00000ff3  EUSCIB1_IRQHandler             
00000ff3  EUSCIB2_IRQHandler             
00000ff3  EUSCIB3_IRQHandler             
00000ff3  FLCTL_IRQHandler               
00000ff3  FPU_IRQHandler                 
00000ff3  HardFault_Handler              
00000ff3  MemManage_Handler              
00000ff3  NMI_Handler                    
00000ff3  PCM_IRQHandler                 
00000ff3  PORT1_IRQHandler               
00000ff3  PORT2_IRQHandler               
00000ff3  PORT3_IRQHandler               
00000ff3  PORT4_IRQHandler               
00000ff3  PORT5_IRQHandler               
00000ff3  PORT6_IRQHandler               
00000ff3  PSS_IRQHandler                 
00000ff3  PendSV_Handler                 
00000ff3  RTC_C_IRQHandler               
00000ff3  SVC_Handler                    
00000ff3  SysTick_Handler                
00000ff3  T32_INT1_IRQHandler            
00000ff3  T32_INT2_IRQHandler            
00000ff3  T32_INTC_IRQHandler            
00000ff3  TA0_0_IRQHandler               
00000ff3  TA0_N_IRQHandler               
00000ff3  TA1_0_IRQHandler               
00000ff3  TA1_N_IRQHandler               
00000ff3  TA2_0_IRQHandler               
00000ff3  TA2_N_IRQHandler               
00000ff3  TA3_0_IRQHandler               
00000ff3  TA3_N_IRQHandler               
00000ff3  UsageFault_Handler             
00000ff3  WDT_A_IRQHandler               
00000ff5  __TI_zero_init                 
00001001  _system_pre_init               
00001005  _system_post_cinit             
0000105c  __TI_Handler_Table_Base        
00001068  __TI_Handler_Table_Limit       
00001070  __TI_CINIT_Base                
00001080  __TI_CINIT_Limit               
20000000  _sys_memory                    
20000428  __TI_cleanup_ptr               
2000042c  __TI_dtors_ptr                 
20000430  __TI_enable_exit_profile_output
2000044c  _lock                          
20000450  _unlock                        
2000045c  main_func_sp                   
20000460  SystemCoreClock                
2000fe00  __stack                        
20010000  __STACK_END                    
4000480c  WDTCTL_SYM                     
ffffffff  __TI_pprof_out_hndl            
ffffffff  __TI_prof_data_size            
ffffffff  __TI_prof_data_start           
ffffffff  __binit__                      
ffffffff  __c_args__                     
ffffffff  binit                          
UNDEFED   SHT$$INIT_ARRAY$$Base          
UNDEFED   SHT$$INIT_ARRAY$$Limit         

[133 symbols]
