******************************************************************************
                  TI ARM Linker PC v16.9.1                     
******************************************************************************
>> Linked Wed Apr 26 17:28:55 2017

OUTPUT FILE NAME:   <Project1.out>
ENTRY POINT SYMBOL: "_c_int00"  address: 000036a9


MEMORY CONFIGURATION

         name            origin    length      used     unused   attr    fill
----------------------  --------  ---------  --------  --------  ----  --------
  MAIN                  00000000   00040000  00003b85  0003c47b  R  X
  INFO                  00200000   00004000  00000000  00004000  R  X
  SRAM_CODE             01000000   00010000  000009cc  0000f634  RW X
  SRAM_DATA             20000000   00010000  000009cc  0000f634  RW  


SEGMENT ALLOCATION MAP

run origin  load origin   length   init length attrs members
----------  ----------- ---------- ----------- ----- -------
00000000    00000000    00003b88   00003b88    r-x
  00000000    00000000    000000e4   000000e4    r-- .intvecs
  000000e4    000000e4    00003904   00003904    r-x .text
  000039e8    000039e8    00000105   00000105    r-- .const
  00003af0    00003af0    00000098   00000098    r-- .cinit
20000000    20000000    000007cc   00000000    rw-
  20000000    20000000    00000400   00000000    rw- .sysmem
  20000400    20000400    00000200   00000000    rw- .data
  20000600    20000600    000001cc   00000000    rw- .bss
2000fe00    2000fe00    00000200   00000000    rw-
  2000fe00    2000fe00    00000200   00000000    rw- .stack


SECTION ALLOCATION MAP

 output                                  attributes/
section   page    origin      length       input sections
--------  ----  ----------  ----------   ----------------
.intvecs   0    00000000    000000e4     
                  00000000    000000e4     startup_msp432p401r_ccs.obj (.intvecs:retain)

.binit     0    00000000    00000000     

.text      0    000000e4    00003904     
                  000000e4    0000113e     rtsv7M4_T_le_v4SPD16_eabi.lib : _printfi.obj (.text)
                  00001222    00000002                                   : mpu_init.obj (.text)
                  00001224    00000570     main.obj (.text)
                  00001794    000003d0     rtsv7M4_T_le_v4SPD16_eabi.lib : memory.obj (.text)
                  00001b64    0000032c     system_msp432p401r.obj (.text)
                  00001e90    00000324     rtsv7M4_T_le_v4SPD16_eabi.lib : trgdrv.obj (.text)
                  000021b4    0000030c                                   : lowlev.obj (.text)
                  000024c0    000001f4                                   : ull_div_t2.obj (.text)
                  000026b4    000001c4                                   : fopen.obj (.text)
                  00002878    000001b6                                   : fd_add_t2.obj (.text)
                  00002a2e    00000136                                   : fd_div_t2.obj (.text)
                  00002b64    00000134                                   : fputs.obj (.text)
                  00002c98    000000fc                                   : fd_mul_t2.obj (.text)
                  00002d94    000000fc                                   : s_scalbn.obj (.text)
                  00002e90    000000dc                                   : setvbuf.obj (.text)
                  00002f6c    000000c8                                   : fflush.obj (.text)
                  00003034    000000ac                                   : _io_perm.obj (.text)
                  000030e0    0000009c                                   : memcpy_t2.obj (.text)
                  0000317c    00000098                                   : fclose.obj (.text)
                  00003214    00000098                                   : fputc.obj (.text)
                  000032ac    00000086                                   : fd_cmp_t2.obj (.text:__aeabi_cdcmple)
                  00003332    00000086                                   : fd_cmp_t2.obj (.text:__aeabi_cdrcmple)
                  000033b8    0000007a                                   : memset_t2.obj (.text)
                  00003432    00000002                                   : startup.obj (.text)
                  00003434    00000070                                   : autoinit.obj (.text)
                  000034a4    0000006c                                   : fprintf.obj (.text)
                  00003510    00000068                                   : copy_decompress_lzss.obj (.text:decompress:lzss)
                  00003578    00000068                                   : trgmsg.obj (.text)
                  000035e0    00000064                                   : fseek.obj (.text)
                  00003644    00000064                                   : s_frexp.obj (.text)
                  000036a8    00000054                                   : boot.obj (.text)
                  000036fc    00000054                                   : exit.obj (.text)
                  00003750    00000054                                   : ltoa.obj (.text)
                  000037a4    0000004c                                   : atoi.obj (.text)
                  000037f0    0000004c                                   : cpy_tbl.obj (.text)
                  0000383c    00000048                                   : fd_toi_t2.obj (.text)
                  00003884    00000036                                   : strncpy.obj (.text)
                  000038ba    0000002e                                   : i_tofd_t2.obj (.text)
                  000038e8    00000020                                   : memchr.obj (.text)
                  00003908    0000001c                                   : memccpy.obj (.text)
                  00003924    00000018                                   : args_main.obj (.text)
                  0000393c    00000018                                   : strcmp.obj (.text)
                  00003954    00000016                                   : strchr.obj (.text)
                  0000396a    00000002     --HOLE-- [fill = 0]
                  0000396c    00000014                                   : _lock.obj (.text)
                  00003980    00000014                                   : s_copysign.obj (.text)
                  00003994    00000014                                   : strcpy.obj (.text)
                  000039a8    00000014                                   : strlen.obj (.text)
                  000039bc    0000000e                                   : copy_decompress_none.obj (.text:decompress:none)
                  000039ca    0000000e     startup_msp432p401r_ccs.obj (.text)
                  000039d8    0000000c     rtsv7M4_T_le_v4SPD16_eabi.lib : copy_zero_init.obj (.text:decompress:ZI)
                  000039e4    00000004                                   : pre_init.obj (.text)

.const     0    000039e8    00000105     
                  000039e8    00000101     rtsv7M4_T_le_v4SPD16_eabi.lib : ctype.obj (.const:.string:_ctypes_)
                  00003ae9    00000004     main.obj (.const:.string:$P$T0$1)

.cinit     0    00003af0    00000098     
                  00003af0    00000072     (.cinit..data.load) [load image, compression = lzss]
                  00003b62    00000002     --HOLE-- [fill = 0]
                  00003b64    0000000c     (__TI_handler_table)
                  00003b70    00000008     (.cinit..bss.load) [load image, compression = zero_init]
                  00003b78    00000010     (__TI_cinit_table)

.init_array 
*          0    00000000    00000000     UNINITIALIZED

.sysmem    0    20000000    00000400     UNINITIALIZED
                  20000000    00000008     rtsv7M4_T_le_v4SPD16_eabi.lib : memory.obj (.sysmem)
                  20000008    000003f8     --HOLE--

.data      0    20000400    00000200     UNINITIALIZED
                  20000400    000000f0     rtsv7M4_T_le_v4SPD16_eabi.lib : defs.obj (.data:_ftable)
                  200004f0    000000d0                                   : lowlev.obj (.data:$O1$$)
                  200005c0    00000010                                   : defs.obj (.data)
                  200005d0    0000000c                                   : exit.obj (.data:$O1$$)
                  200005dc    0000000c                                   : memory.obj (.data:$O1$$)
                  200005e8    00000008                                   : _lock.obj (.data:$O1$$)
                  200005f0    00000004                                   : errno.obj (.data)
                  200005f4    00000004                                   : fopen.obj (.data)
                  200005f8    00000004                                   : stkdepth_vars.obj (.data)
                  200005fc    00000004     system_msp432p401r.obj (.data)

.bss       0    20000600    000001cc     UNINITIALIZED
                  20000600    00000120     rtsv7M4_T_le_v4SPD16_eabi.lib : trgmsg.obj (.bss:_CIOBUF_)
                  20000720    000000a0     (.common:__TI_tmpnams)
                  200007c0    00000008                                   : trgdrv.obj (.bss:parmbuf)
                  200007c8    00000004     (.common:GLOBAL_FREQ)

.stack     0    2000fe00    00000200     UNINITIALIZED
                  2000fe00    00000200     --HOLE--

MODULE SUMMARY

       Module                        code    ro data   rw data
       ------                        ----    -------   -------
    .\
       main.obj                      1392    4         8      
       system_msp432p401r.obj        812     0         8      
       startup_msp432p401r_ccs.obj   14      228       0      
    +--+-----------------------------+-------+---------+---------+
       Total:                        2218    232       16     
                                                              
    C:\ti\ccsv7\tools\compiler\ti-cgt-arm_16.9.1.LTS\lib\rtsv7M4_T_le_v4SPD16_eabi.lib
       _printfi.obj                  4414    0         0      
       lowlev.obj                    780     0         416    
       memory.obj                    976     0         24     
       defs.obj                      0       0         832    
       trgdrv.obj                    804     0         16     
       trgmsg.obj                    104     0         576    
       ull_div_t2.obj                500     0         0      
       fopen.obj                     452     0         8      
       fd_add_t2.obj                 438     0         0      
       fd_div_t2.obj                 310     0         0      
       fputs.obj                     308     0         0      
       fd_cmp_t2.obj                 268     0         0      
       ctype.obj                     0       257       0      
       fd_mul_t2.obj                 252     0         0      
       s_scalbn.obj                  252     0         0      
       setvbuf.obj                   220     0         0      
       fflush.obj                    200     0         0      
       _io_perm.obj                  172     0         0      
       memcpy_t2.obj                 156     0         0      
       fclose.obj                    152     0         0      
       fputc.obj                     152     0         0      
       memset_t2.obj                 122     0         0      
       autoinit.obj                  112     0         0      
       exit.obj                      84      0         24     
       fprintf.obj                   108     0         0      
       copy_decompress_lzss.obj      104     0         0      
       fseek.obj                     100     0         0      
       s_frexp.obj                   100     0         0      
       boot.obj                      84      0         0      
       ltoa.obj                      84      0         0      
       atoi.obj                      76      0         0      
       cpy_tbl.obj                   76      0         0      
       fd_toi_t2.obj                 72      0         0      
       strncpy.obj                   54      0         0      
       i_tofd_t2.obj                 46      0         0      
       _lock.obj                     20      0         16     
       memchr.obj                    32      0         0      
       memccpy.obj                   28      0         0      
       args_main.obj                 24      0         0      
       strcmp.obj                    24      0         0      
       strchr.obj                    22      0         0      
       s_copysign.obj                20      0         0      
       strcpy.obj                    20      0         0      
       strlen.obj                    20      0         0      
       copy_decompress_none.obj      14      0         0      
       copy_zero_init.obj            12      0         0      
       errno.obj                     0       0         8      
       stkdepth_vars.obj             0       0         8      
       pre_init.obj                  4       0         0      
       mpu_init.obj                  2       0         0      
       startup.obj                   2       0         0      
    +--+-----------------------------+-------+---------+---------+
       Total:                        12376   257       1928   
                                                              
       Heap:                         0       0         2048   
       Stack:                        0       0         1024   
       Linker Generated:             0       150       0      
    +--+-----------------------------+-------+---------+---------+
       Grand Total:                  14594   639       5016   


LINKER GENERATED COPY TABLES

__TI_cinit_table @ 00003b78 records: 2, size/record: 8, table size: 16
	.data: load addr=00003af0, load size=00000072 bytes, run addr=20000400, run size=00000200 bytes, compression=lzss
	.bss: load addr=00003b70, load size=00000008 bytes, run addr=20000600, run size=000001cc bytes, compression=zero_init


LINKER GENERATED HANDLER TABLE

__TI_handler_table @ 00003b64 records: 3, size/record: 4, table size: 12
	index: 0, handler: __TI_decompress_lzss
	index: 1, handler: __TI_decompress_none
	index: 2, handler: __TI_zero_init


GLOBAL SYMBOLS: SORTED ALPHABETICALLY BY Name 

address   name                           
-------   ----                           
000039d7  ADC14_IRQHandler               
000039d7  AES256_IRQHandler              
000039d7  BusFault_Handler               
000036fd  C$$EXIT                        
000035a7  C$$IO$$                        
000039d7  COMP_E0_IRQHandler             
000039d7  COMP_E1_IRQHandler             
000039d7  CS_IRQHandler                  
000039d7  DMA_ERR_IRQHandler             
000039d7  DMA_INT0_IRQHandler            
000039d7  DMA_INT1_IRQHandler            
000039d7  DMA_INT2_IRQHandler            
000039d7  DMA_INT3_IRQHandler            
000039d7  DebugMon_Handler               
000039d7  Default_Handler                
000039d7  EUSCIA0_IRQHandler             
000039d7  EUSCIA1_IRQHandler             
000039d7  EUSCIA2_IRQHandler             
000039d7  EUSCIA3_IRQHandler             
000039d7  EUSCIB0_IRQHandler             
000039d7  EUSCIB1_IRQHandler             
000039d7  EUSCIB2_IRQHandler             
000039d7  EUSCIB3_IRQHandler             
000039d7  FLCTL_IRQHandler               
000039d7  FPU_IRQHandler                 
200007c8  GLOBAL_FREQ                    
0000216b  HOSTclock                      
00002133  HOSTclose                      
000020f5  HOSTgetenv                     
00002099  HOSTlseek                      
00002047  HOSTopen                       
00001ffb  HOSTread                       
00001f9d  HOSTrename                     
00001f63  HOSTtime                       
00001f15  HOSTtime64                     
00001edd  HOSTunlink                     
00001e91  HOSTwrite                      
000039d7  HardFault_Handler              
00001371  LCD_clear                      
00001419  LCD_command                    
0000138d  LCD_home                       
00001453  LCD_init                       
00001319  LCD_nibble_write               
000013e1  LCD_write                      
000013b7  LCD_write_char                 
00001713  LED_init                       
00001729  LED_set                        
000039d7  MemManage_Handler              
000039d7  NMI_Handler                    
000039d7  PCM_IRQHandler                 
000039d7  PORT1_IRQHandler               
000039d7  PORT2_IRQHandler               
000039d7  PORT3_IRQHandler               
000039d7  PORT4_IRQHandler               
000039d7  PORT5_IRQHandler               
000039d7  PORT6_IRQHandler               
000039d7  PSS_IRQHandler                 
000039d7  PendSV_Handler                 
000039d7  RTC_C_IRQHandler               
000039cb  Reset_Handler                  
UNDEFED   SHT$$INIT_ARRAY$$Base          
UNDEFED   SHT$$INIT_ARRAY$$Limit         
000039d7  SVC_Handler                    
000039d7  SysTick_Handler                
200005fc  SystemCoreClock                
00001b65  SystemCoreClockUpdate          
00001dd9  SystemInit                     
000039d7  T32_INT1_IRQHandler            
000039d7  T32_INT2_IRQHandler            
000039d7  T32_INTC_IRQHandler            
000039d7  TA0_0_IRQHandler               
000039d7  TA0_N_IRQHandler               
000039d7  TA1_0_IRQHandler               
000039d7  TA1_N_IRQHandler               
000039d7  TA2_0_IRQHandler               
000039d7  TA2_N_IRQHandler               
000039d7  TA3_0_IRQHandler               
000039d7  TA3_N_IRQHandler               
000039d7  UsageFault_Handler             
4000480c  WDTCTL_SYM                     
000039d7  WDT_A_IRQHandler               
20000600  __CIOBUF_                      
20010000  __STACK_END                    
00000200  __STACK_SIZE                   
00000400  __SYSMEM_SIZE                  
00003b78  __TI_CINIT_Base                
00003b88  __TI_CINIT_Limit               
00003b64  __TI_Handler_Table_Base        
00003b70  __TI_Handler_Table_Limit       
00003435  __TI_auto_init                 
0000277d  __TI_cleanup                   
200005d0  __TI_cleanup_ptr               
0000317d  __TI_closefile                 
00003511  __TI_decompress_lzss           
000039bd  __TI_decompress_none           
00002f6d  __TI_doflush                   
200005d4  __TI_dtors_ptr                 
200005d8  __TI_enable_exit_profile_output
200005c0  __TI_ft_end                    
ffffffff  __TI_pprof_out_hndl            
00000929  __TI_printfi                   
ffffffff  __TI_prof_data_size            
ffffffff  __TI_prof_data_start           
00003097  __TI_rd_ok                     
000035ab  __TI_readmsg                   
00000000  __TI_static_base__             
20000720  __TI_tmpnams                   
00003579  __TI_writemsg                  
00003035  __TI_wrt_ok                    
000039d9  __TI_zero_init                 
000032ad  __aeabi_cdcmpeq                
000032ad  __aeabi_cdcmple                
00003333  __aeabi_cdrcmple               
0000383d  __aeabi_d2iz                   
00002883  __aeabi_dadd                   
00002a2f  __aeabi_ddiv                   
00002c99  __aeabi_dmul                   
00002879  __aeabi_dsub                   
000038bb  __aeabi_i2d                    
000033b9  __aeabi_memclr                 
000033b9  __aeabi_memclr4                
000033b9  __aeabi_memclr8                
000030e1  __aeabi_memcpy                 
000030e1  __aeabi_memcpy4                
000030e1  __aeabi_memcpy8                
000033bb  __aeabi_memset                 
000033bb  __aeabi_memset4                
000033bb  __aeabi_memset8                
200005cc  __aeabi_stderr                 
200005c4  __aeabi_stdin                  
200005c8  __aeabi_stdout                 
000024c1  __aeabi_uldivmod               
ffffffff  __binit__                      
ffffffff  __c_args__                     
00001223  __mpu_init                     
2000fe00  __stack                        
00003925  _args_main                     
000036a9  _c_int00                       
000039e8  _ctypes_                       
20000400  _ftable                        
200005e8  _lock                          
0000397b  _nop                           
00003973  _register_lock                 
0000396d  _register_unlock               
20000000  _sys_memory                    
00003433  _system_post_cinit             
000039e5  _system_pre_init               
200005ec  _unlock                        
00003701  abort                          
00002415  add_device                     
000037a5  atoi                           
ffffffff  binit                          
00001b35  calloc                         
000023c5  close                          
000037f1  copy_in                        
00003981  copysign                       
00003981  copysignl                      
000012ab  delay_ms                       
000012eb  delay_us                       
200005f0  errno                          
00003709  exit                           
000031e3  fclose                         
00002fb9  fflush                         
000027d3  fopen                          
000034ad  fprintf                        
00003215  fputc                          
00002b65  fputs                          
0000187f  free                           
000027a9  freopen                        
00003645  frexp                          
00003645  frexpl                         
000035e1  fseek                          
00000000  interruptVectors               
000014f1  keypad_getkey                  
000014b3  keypad_init                    
00002d95  ldexp                          
00002d95  ldexpl                         
000023a1  lseek                          
00003751  ltoa                           
00001651  main                           
200005f8  main_func_sp                   
00001815  malloc                         
00001a49  memalign                       
00003909  memccpy                        
000038e9  memchr                         
000030e1  memcpy                         
000033c1  memset                         
00001635  menu                           
00001795  minit                          
000015f3  num_to_char                    
000022f3  open                           
00003215  putc                           
00003299  putchar                        
00002c71  puts                           
000022cf  read                           
00001941  realloc                        
00002245  remove                         
000022a7  remove_device                  
00002269  rename                         
00002d95  scalbn                         
00002d95  scalbnl                        
00001225  set_DC0                        
00002e91  setvbuf                        
00003955  strchr                         
0000393d  strcmp                         
00003995  strcpy                         
000039a9  strlen                         
00003885  strncpy                        
00002245  unlink                         
000021b5  write                          


GLOBAL SYMBOLS: SORTED BY Symbol Address 

address   name                           
-------   ----                           
00000000  __TI_static_base__             
00000000  interruptVectors               
00000200  __STACK_SIZE                   
00000400  __SYSMEM_SIZE                  
00000929  __TI_printfi                   
00001223  __mpu_init                     
00001225  set_DC0                        
000012ab  delay_ms                       
000012eb  delay_us                       
00001319  LCD_nibble_write               
00001371  LCD_clear                      
0000138d  LCD_home                       
000013b7  LCD_write_char                 
000013e1  LCD_write                      
00001419  LCD_command                    
00001453  LCD_init                       
000014b3  keypad_init                    
000014f1  keypad_getkey                  
000015f3  num_to_char                    
00001635  menu                           
00001651  main                           
00001713  LED_init                       
00001729  LED_set                        
00001795  minit                          
00001815  malloc                         
0000187f  free                           
00001941  realloc                        
00001a49  memalign                       
00001b35  calloc                         
00001b65  SystemCoreClockUpdate          
00001dd9  SystemInit                     
00001e91  HOSTwrite                      
00001edd  HOSTunlink                     
00001f15  HOSTtime64                     
00001f63  HOSTtime                       
00001f9d  HOSTrename                     
00001ffb  HOSTread                       
00002047  HOSTopen                       
00002099  HOSTlseek                      
000020f5  HOSTgetenv                     
00002133  HOSTclose                      
0000216b  HOSTclock                      
000021b5  write                          
00002245  remove                         
00002245  unlink                         
00002269  rename                         
000022a7  remove_device                  
000022cf  read                           
000022f3  open                           
000023a1  lseek                          
000023c5  close                          
00002415  add_device                     
000024c1  __aeabi_uldivmod               
0000277d  __TI_cleanup                   
000027a9  freopen                        
000027d3  fopen                          
00002879  __aeabi_dsub                   
00002883  __aeabi_dadd                   
00002a2f  __aeabi_ddiv                   
00002b65  fputs                          
00002c71  puts                           
00002c99  __aeabi_dmul                   
00002d95  ldexp                          
00002d95  ldexpl                         
00002d95  scalbn                         
00002d95  scalbnl                        
00002e91  setvbuf                        
00002f6d  __TI_doflush                   
00002fb9  fflush                         
00003035  __TI_wrt_ok                    
00003097  __TI_rd_ok                     
000030e1  __aeabi_memcpy                 
000030e1  __aeabi_memcpy4                
000030e1  __aeabi_memcpy8                
000030e1  memcpy                         
0000317d  __TI_closefile                 
000031e3  fclose                         
00003215  fputc                          
00003215  putc                           
00003299  putchar                        
000032ad  __aeabi_cdcmpeq                
000032ad  __aeabi_cdcmple                
00003333  __aeabi_cdrcmple               
000033b9  __aeabi_memclr                 
000033b9  __aeabi_memclr4                
000033b9  __aeabi_memclr8                
000033bb  __aeabi_memset                 
000033bb  __aeabi_memset4                
000033bb  __aeabi_memset8                
000033c1  memset                         
00003433  _system_post_cinit             
00003435  __TI_auto_init                 
000034ad  fprintf                        
00003511  __TI_decompress_lzss           
00003579  __TI_writemsg                  
000035a7  C$$IO$$                        
000035ab  __TI_readmsg                   
000035e1  fseek                          
00003645  frexp                          
00003645  frexpl                         
000036a9  _c_int00                       
000036fd  C$$EXIT                        
00003701  abort                          
00003709  exit                           
00003751  ltoa                           
000037a5  atoi                           
000037f1  copy_in                        
0000383d  __aeabi_d2iz                   
00003885  strncpy                        
000038bb  __aeabi_i2d                    
000038e9  memchr                         
00003909  memccpy                        
00003925  _args_main                     
0000393d  strcmp                         
00003955  strchr                         
0000396d  _register_unlock               
00003973  _register_lock                 
0000397b  _nop                           
00003981  copysign                       
00003981  copysignl                      
00003995  strcpy                         
000039a9  strlen                         
000039bd  __TI_decompress_none           
000039cb  Reset_Handler                  
000039d7  ADC14_IRQHandler               
000039d7  AES256_IRQHandler              
000039d7  BusFault_Handler               
000039d7  COMP_E0_IRQHandler             
000039d7  COMP_E1_IRQHandler             
000039d7  CS_IRQHandler                  
000039d7  DMA_ERR_IRQHandler             
000039d7  DMA_INT0_IRQHandler            
000039d7  DMA_INT1_IRQHandler            
000039d7  DMA_INT2_IRQHandler            
000039d7  DMA_INT3_IRQHandler            
000039d7  DebugMon_Handler               
000039d7  Default_Handler                
000039d7  EUSCIA0_IRQHandler             
000039d7  EUSCIA1_IRQHandler             
000039d7  EUSCIA2_IRQHandler             
000039d7  EUSCIA3_IRQHandler             
000039d7  EUSCIB0_IRQHandler             
000039d7  EUSCIB1_IRQHandler             
000039d7  EUSCIB2_IRQHandler             
000039d7  EUSCIB3_IRQHandler             
000039d7  FLCTL_IRQHandler               
000039d7  FPU_IRQHandler                 
000039d7  HardFault_Handler              
000039d7  MemManage_Handler              
000039d7  NMI_Handler                    
000039d7  PCM_IRQHandler                 
000039d7  PORT1_IRQHandler               
000039d7  PORT2_IRQHandler               
000039d7  PORT3_IRQHandler               
000039d7  PORT4_IRQHandler               
000039d7  PORT5_IRQHandler               
000039d7  PORT6_IRQHandler               
000039d7  PSS_IRQHandler                 
000039d7  PendSV_Handler                 
000039d7  RTC_C_IRQHandler               
000039d7  SVC_Handler                    
000039d7  SysTick_Handler                
000039d7  T32_INT1_IRQHandler            
000039d7  T32_INT2_IRQHandler            
000039d7  T32_INTC_IRQHandler            
000039d7  TA0_0_IRQHandler               
000039d7  TA0_N_IRQHandler               
000039d7  TA1_0_IRQHandler               
000039d7  TA1_N_IRQHandler               
000039d7  TA2_0_IRQHandler               
000039d7  TA2_N_IRQHandler               
000039d7  TA3_0_IRQHandler               
000039d7  TA3_N_IRQHandler               
000039d7  UsageFault_Handler             
000039d7  WDT_A_IRQHandler               
000039d9  __TI_zero_init                 
000039e5  _system_pre_init               
000039e8  _ctypes_                       
00003b64  __TI_Handler_Table_Base        
00003b70  __TI_Handler_Table_Limit       
00003b78  __TI_CINIT_Base                
00003b88  __TI_CINIT_Limit               
20000000  _sys_memory                    
20000400  _ftable                        
200005c0  __TI_ft_end                    
200005c4  __aeabi_stdin                  
200005c8  __aeabi_stdout                 
200005cc  __aeabi_stderr                 
200005d0  __TI_cleanup_ptr               
200005d4  __TI_dtors_ptr                 
200005d8  __TI_enable_exit_profile_output
200005e8  _lock                          
200005ec  _unlock                        
200005f0  errno                          
200005f8  main_func_sp                   
200005fc  SystemCoreClock                
20000600  __CIOBUF_                      
20000720  __TI_tmpnams                   
200007c8  GLOBAL_FREQ                    
2000fe00  __stack                        
20010000  __STACK_END                    
4000480c  WDTCTL_SYM                     
ffffffff  __TI_pprof_out_hndl            
ffffffff  __TI_prof_data_size            
ffffffff  __TI_prof_data_start           
ffffffff  __binit__                      
ffffffff  __c_args__                     
ffffffff  binit                          
UNDEFED   SHT$$INIT_ARRAY$$Base          
UNDEFED   SHT$$INIT_ARRAY$$Limit         

[210 symbols]
