******************************************************************************
                  TI ARM Linker PC v16.9.1                     
******************************************************************************
>> Linked Mon Apr 17 19:36:15 2017

OUTPUT FILE NAME:   <Project1.out>
ENTRY POINT SYMBOL: "_c_int00"  address: 0000369d


MEMORY CONFIGURATION

         name            origin    length      used     unused   attr    fill
----------------------  --------  ---------  --------  --------  ----  --------
  MAIN                  00000000   00040000  00003b79  0003c487  R  X
  INFO                  00200000   00004000  00000000  00004000  R  X
  SRAM_CODE             01000000   00010000  000009cc  0000f634  RW X
  SRAM_DATA             20000000   00010000  000009cc  0000f634  RW  


SEGMENT ALLOCATION MAP

run origin  load origin   length   init length attrs members
----------  ----------- ---------- ----------- ----- -------
00000000    00000000    00003b80   00003b80    r-x
  00000000    00000000    000000e4   000000e4    r-- .intvecs
  000000e4    000000e4    000038f8   000038f8    r-x .text
  000039dc    000039dc    00000105   00000105    r-- .const
  00003ae8    00003ae8    00000098   00000098    r-- .cinit
20000000    20000000    000007cc   00000000    rw-
  20000000    20000000    00000400   00000000    rw- .sysmem
  20000400    20000400    00000200   00000000    rw- .data
  20000600    20000600    000001cc   00000000    rw- .bss
2000fe00    2000fe00    00000200   00000000    rw-
  2000fe00    2000fe00    00000200   00000000    rw- .stack


SECTION ALLOCATION MAP

 output                                  attributes/
section   page    origin      length       input sections
--------  ----  ----------  ----------   ----------------
.intvecs   0    00000000    000000e4     
                  00000000    000000e4     startup_msp432p401r_ccs.obj (.intvecs:retain)

.binit     0    00000000    00000000     

.text      0    000000e4    000038f8     
                  000000e4    0000113e     rtsv7M4_T_le_v4SPD16_eabi.lib : _printfi.obj (.text)
                  00001222    00000002                                   : mpu_init.obj (.text)
                  00001224    00000564     main.obj (.text)
                  00001788    000003d0     rtsv7M4_T_le_v4SPD16_eabi.lib : memory.obj (.text)
                  00001b58    0000032c     system_msp432p401r.obj (.text)
                  00001e84    00000324     rtsv7M4_T_le_v4SPD16_eabi.lib : trgdrv.obj (.text)
                  000021a8    0000030c                                   : lowlev.obj (.text)
                  000024b4    000001f4                                   : ull_div_t2.obj (.text)
                  000026a8    000001c4                                   : fopen.obj (.text)
                  0000286c    000001b6                                   : fd_add_t2.obj (.text)
                  00002a22    00000136                                   : fd_div_t2.obj (.text)
                  00002b58    00000134                                   : fputs.obj (.text)
                  00002c8c    000000fc                                   : fd_mul_t2.obj (.text)
                  00002d88    000000fc                                   : s_scalbn.obj (.text)
                  00002e84    000000dc                                   : setvbuf.obj (.text)
                  00002f60    000000c8                                   : fflush.obj (.text)
                  00003028    000000ac                                   : _io_perm.obj (.text)
                  000030d4    0000009c                                   : memcpy_t2.obj (.text)
                  00003170    00000098                                   : fclose.obj (.text)
                  00003208    00000098                                   : fputc.obj (.text)
                  000032a0    00000086                                   : fd_cmp_t2.obj (.text:__aeabi_cdcmple)
                  00003326    00000086                                   : fd_cmp_t2.obj (.text:__aeabi_cdrcmple)
                  000033ac    0000007a                                   : memset_t2.obj (.text)
                  00003426    00000002                                   : startup.obj (.text)
                  00003428    00000070                                   : autoinit.obj (.text)
                  00003498    0000006c                                   : fprintf.obj (.text)
                  00003504    00000068                                   : copy_decompress_lzss.obj (.text:decompress:lzss)
                  0000356c    00000068                                   : trgmsg.obj (.text)
                  000035d4    00000064                                   : fseek.obj (.text)
                  00003638    00000064                                   : s_frexp.obj (.text)
                  0000369c    00000054                                   : boot.obj (.text)
                  000036f0    00000054                                   : exit.obj (.text)
                  00003744    00000054                                   : ltoa.obj (.text)
                  00003798    0000004c                                   : atoi.obj (.text)
                  000037e4    0000004c                                   : cpy_tbl.obj (.text)
                  00003830    00000048                                   : fd_toi_t2.obj (.text)
                  00003878    00000036                                   : strncpy.obj (.text)
                  000038ae    0000002e                                   : i_tofd_t2.obj (.text)
                  000038dc    00000020                                   : memchr.obj (.text)
                  000038fc    0000001c                                   : memccpy.obj (.text)
                  00003918    00000018                                   : args_main.obj (.text)
                  00003930    00000018                                   : strcmp.obj (.text)
                  00003948    00000016                                   : strchr.obj (.text)
                  0000395e    00000002     --HOLE-- [fill = 0]
                  00003960    00000014                                   : _lock.obj (.text)
                  00003974    00000014                                   : s_copysign.obj (.text)
                  00003988    00000014                                   : strcpy.obj (.text)
                  0000399c    00000014                                   : strlen.obj (.text)
                  000039b0    0000000e                                   : copy_decompress_none.obj (.text:decompress:none)
                  000039be    0000000e     startup_msp432p401r_ccs.obj (.text)
                  000039cc    0000000c     rtsv7M4_T_le_v4SPD16_eabi.lib : copy_zero_init.obj (.text:decompress:ZI)
                  000039d8    00000004                                   : pre_init.obj (.text)

.const     0    000039dc    00000105     
                  000039dc    00000101     rtsv7M4_T_le_v4SPD16_eabi.lib : ctype.obj (.const:.string:_ctypes_)
                  00003add    00000004     main.obj (.const:.string:$P$T0$1)

.cinit     0    00003ae8    00000098     
                  00003ae8    00000072     (.cinit..data.load) [load image, compression = lzss]
                  00003b5a    00000002     --HOLE-- [fill = 0]
                  00003b5c    0000000c     (__TI_handler_table)
                  00003b68    00000008     (.cinit..bss.load) [load image, compression = zero_init]
                  00003b70    00000010     (__TI_cinit_table)

.init_array 
*          0    00000000    00000000     UNINITIALIZED

.sysmem    0    20000000    00000400     UNINITIALIZED
                  20000000    00000008     rtsv7M4_T_le_v4SPD16_eabi.lib : memory.obj (.sysmem)
                  20000008    000003f8     --HOLE--

.data      0    20000400    00000200     UNINITIALIZED
                  20000400    000000f0     rtsv7M4_T_le_v4SPD16_eabi.lib : defs.obj (.data:_ftable)
                  200004f0    000000d0                                   : lowlev.obj (.data:$O1$$)
                  200005c0    00000010                                   : defs.obj (.data)
                  200005d0    0000000c                                   : exit.obj (.data:$O1$$)
                  200005dc    0000000c                                   : memory.obj (.data:$O1$$)
                  200005e8    00000008                                   : _lock.obj (.data:$O1$$)
                  200005f0    00000004                                   : errno.obj (.data)
                  200005f4    00000004                                   : fopen.obj (.data)
                  200005f8    00000004                                   : stkdepth_vars.obj (.data)
                  200005fc    00000004     system_msp432p401r.obj (.data)

.bss       0    20000600    000001cc     UNINITIALIZED
                  20000600    00000120     rtsv7M4_T_le_v4SPD16_eabi.lib : trgmsg.obj (.bss:_CIOBUF_)
                  20000720    000000a0     (.common:__TI_tmpnams)
                  200007c0    00000008                                   : trgdrv.obj (.bss:parmbuf)
                  200007c8    00000004     (.common:GLOBAL_FREQ)

.stack     0    2000fe00    00000200     UNINITIALIZED
                  2000fe00    00000200     --HOLE--

MODULE SUMMARY

       Module                        code    ro data   rw data
       ------                        ----    -------   -------
    .\
       main.obj                      1380    4         8      
       system_msp432p401r.obj        812     0         8      
       startup_msp432p401r_ccs.obj   14      228       0      
    +--+-----------------------------+-------+---------+---------+
       Total:                        2206    232       16     
                                                              
    C:\ti\ccsv7\tools\compiler\ti-cgt-arm_16.9.1.LTS\lib\rtsv7M4_T_le_v4SPD16_eabi.lib
       _printfi.obj                  4414    0         0      
       lowlev.obj                    780     0         416    
       memory.obj                    976     0         24     
       defs.obj                      0       0         832    
       trgdrv.obj                    804     0         16     
       trgmsg.obj                    104     0         576    
       ull_div_t2.obj                500     0         0      
       fopen.obj                     452     0         8      
       fd_add_t2.obj                 438     0         0      
       fd_div_t2.obj                 310     0         0      
       fputs.obj                     308     0         0      
       fd_cmp_t2.obj                 268     0         0      
       ctype.obj                     0       257       0      
       fd_mul_t2.obj                 252     0         0      
       s_scalbn.obj                  252     0         0      
       setvbuf.obj                   220     0         0      
       fflush.obj                    200     0         0      
       _io_perm.obj                  172     0         0      
       memcpy_t2.obj                 156     0         0      
       fclose.obj                    152     0         0      
       fputc.obj                     152     0         0      
       memset_t2.obj                 122     0         0      
       autoinit.obj                  112     0         0      
       exit.obj                      84      0         24     
       fprintf.obj                   108     0         0      
       copy_decompress_lzss.obj      104     0         0      
       fseek.obj                     100     0         0      
       s_frexp.obj                   100     0         0      
       boot.obj                      84      0         0      
       ltoa.obj                      84      0         0      
       atoi.obj                      76      0         0      
       cpy_tbl.obj                   76      0         0      
       fd_toi_t2.obj                 72      0         0      
       strncpy.obj                   54      0         0      
       i_tofd_t2.obj                 46      0         0      
       _lock.obj                     20      0         16     
       memchr.obj                    32      0         0      
       memccpy.obj                   28      0         0      
       args_main.obj                 24      0         0      
       strcmp.obj                    24      0         0      
       strchr.obj                    22      0         0      
       s_copysign.obj                20      0         0      
       strcpy.obj                    20      0         0      
       strlen.obj                    20      0         0      
       copy_decompress_none.obj      14      0         0      
       copy_zero_init.obj            12      0         0      
       errno.obj                     0       0         8      
       stkdepth_vars.obj             0       0         8      
       pre_init.obj                  4       0         0      
       mpu_init.obj                  2       0         0      
       startup.obj                   2       0         0      
    +--+-----------------------------+-------+---------+---------+
       Total:                        12376   257       1928   
                                                              
       Heap:                         0       0         2048   
       Stack:                        0       0         1024   
       Linker Generated:             0       150       0      
    +--+-----------------------------+-------+---------+---------+
       Grand Total:                  14582   639       5016   


LINKER GENERATED COPY TABLES

__TI_cinit_table @ 00003b70 records: 2, size/record: 8, table size: 16
	.data: load addr=00003ae8, load size=00000072 bytes, run addr=20000400, run size=00000200 bytes, compression=lzss
	.bss: load addr=00003b68, load size=00000008 bytes, run addr=20000600, run size=000001cc bytes, compression=zero_init


LINKER GENERATED HANDLER TABLE

__TI_handler_table @ 00003b5c records: 3, size/record: 4, table size: 12
	index: 0, handler: __TI_decompress_lzss
	index: 1, handler: __TI_decompress_none
	index: 2, handler: __TI_zero_init


GLOBAL SYMBOLS: SORTED ALPHABETICALLY BY Name 

address   name                           
-------   ----                           
000039cb  ADC14_IRQHandler               
000039cb  AES256_IRQHandler              
000039cb  BusFault_Handler               
000036f1  C$$EXIT                        
0000359b  C$$IO$$                        
000039cb  COMP_E0_IRQHandler             
000039cb  COMP_E1_IRQHandler             
000039cb  CS_IRQHandler                  
000039cb  DMA_ERR_IRQHandler             
000039cb  DMA_INT0_IRQHandler            
000039cb  DMA_INT1_IRQHandler            
000039cb  DMA_INT2_IRQHandler            
000039cb  DMA_INT3_IRQHandler            
000039cb  DebugMon_Handler               
000039cb  Default_Handler                
000039cb  EUSCIA0_IRQHandler             
000039cb  EUSCIA1_IRQHandler             
000039cb  EUSCIA2_IRQHandler             
000039cb  EUSCIA3_IRQHandler             
000039cb  EUSCIB0_IRQHandler             
000039cb  EUSCIB1_IRQHandler             
000039cb  EUSCIB2_IRQHandler             
000039cb  EUSCIB3_IRQHandler             
000039cb  FLCTL_IRQHandler               
000039cb  FPU_IRQHandler                 
200007c8  GLOBAL_FREQ                    
0000215f  HOSTclock                      
00002127  HOSTclose                      
000020e9  HOSTgetenv                     
0000208d  HOSTlseek                      
0000203b  HOSTopen                       
00001fef  HOSTread                       
00001f91  HOSTrename                     
00001f57  HOSTtime                       
00001f09  HOSTtime64                     
00001ed1  HOSTunlink                     
00001e85  HOSTwrite                      
000039cb  HardFault_Handler              
00001371  LCD_clear                      
00001419  LCD_command                    
0000138d  LCD_home                       
00001453  LCD_init                       
00001319  LCD_nibble_write               
000013e1  LCD_write                      
000013b7  LCD_write_char                 
00001707  LED_init                       
0000171d  LED_set                        
000039cb  MemManage_Handler              
000039cb  NMI_Handler                    
000039cb  PCM_IRQHandler                 
000039cb  PORT1_IRQHandler               
000039cb  PORT2_IRQHandler               
000039cb  PORT3_IRQHandler               
000039cb  PORT4_IRQHandler               
000039cb  PORT5_IRQHandler               
000039cb  PORT6_IRQHandler               
000039cb  PSS_IRQHandler                 
000039cb  PendSV_Handler                 
000039cb  RTC_C_IRQHandler               
000039bf  Reset_Handler                  
UNDEFED   SHT$$INIT_ARRAY$$Base          
UNDEFED   SHT$$INIT_ARRAY$$Limit         
000039cb  SVC_Handler                    
000039cb  SysTick_Handler                
200005fc  SystemCoreClock                
00001b59  SystemCoreClockUpdate          
00001dcd  SystemInit                     
000039cb  T32_INT1_IRQHandler            
000039cb  T32_INT2_IRQHandler            
000039cb  T32_INTC_IRQHandler            
000039cb  TA0_0_IRQHandler               
000039cb  TA0_N_IRQHandler               
000039cb  TA1_0_IRQHandler               
000039cb  TA1_N_IRQHandler               
000039cb  TA2_0_IRQHandler               
000039cb  TA2_N_IRQHandler               
000039cb  TA3_0_IRQHandler               
000039cb  TA3_N_IRQHandler               
000039cb  UsageFault_Handler             
4000480c  WDTCTL_SYM                     
000039cb  WDT_A_IRQHandler               
20000600  __CIOBUF_                      
20010000  __STACK_END                    
00000200  __STACK_SIZE                   
00000400  __SYSMEM_SIZE                  
00003b70  __TI_CINIT_Base                
00003b80  __TI_CINIT_Limit               
00003b5c  __TI_Handler_Table_Base        
00003b68  __TI_Handler_Table_Limit       
00003429  __TI_auto_init                 
00002771  __TI_cleanup                   
200005d0  __TI_cleanup_ptr               
00003171  __TI_closefile                 
00003505  __TI_decompress_lzss           
000039b1  __TI_decompress_none           
00002f61  __TI_doflush                   
200005d4  __TI_dtors_ptr                 
200005d8  __TI_enable_exit_profile_output
200005c0  __TI_ft_end                    
ffffffff  __TI_pprof_out_hndl            
00000929  __TI_printfi                   
ffffffff  __TI_prof_data_size            
ffffffff  __TI_prof_data_start           
0000308b  __TI_rd_ok                     
0000359f  __TI_readmsg                   
00000000  __TI_static_base__             
20000720  __TI_tmpnams                   
0000356d  __TI_writemsg                  
00003029  __TI_wrt_ok                    
000039cd  __TI_zero_init                 
000032a1  __aeabi_cdcmpeq                
000032a1  __aeabi_cdcmple                
00003327  __aeabi_cdrcmple               
00003831  __aeabi_d2iz                   
00002877  __aeabi_dadd                   
00002a23  __aeabi_ddiv                   
00002c8d  __aeabi_dmul                   
0000286d  __aeabi_dsub                   
000038af  __aeabi_i2d                    
000033ad  __aeabi_memclr                 
000033ad  __aeabi_memclr4                
000033ad  __aeabi_memclr8                
000030d5  __aeabi_memcpy                 
000030d5  __aeabi_memcpy4                
000030d5  __aeabi_memcpy8                
000033af  __aeabi_memset                 
000033af  __aeabi_memset4                
000033af  __aeabi_memset8                
200005cc  __aeabi_stderr                 
200005c4  __aeabi_stdin                  
200005c8  __aeabi_stdout                 
000024b5  __aeabi_uldivmod               
ffffffff  __binit__                      
ffffffff  __c_args__                     
00001223  __mpu_init                     
2000fe00  __stack                        
00003919  _args_main                     
0000369d  _c_int00                       
000039dc  _ctypes_                       
20000400  _ftable                        
200005e8  _lock                          
0000396f  _nop                           
00003967  _register_lock                 
00003961  _register_unlock               
20000000  _sys_memory                    
00003427  _system_post_cinit             
000039d9  _system_pre_init               
200005ec  _unlock                        
000036f5  abort                          
00002409  add_device                     
00003799  atoi                           
ffffffff  binit                          
00001b29  calloc                         
000023b9  close                          
000037e5  copy_in                        
00003975  copysign                       
00003975  copysignl                      
000012ab  delay_ms                       
000012eb  delay_us                       
200005f0  errno                          
000036fd  exit                           
000031d7  fclose                         
00002fad  fflush                         
000027c7  fopen                          
000034a1  fprintf                        
00003209  fputc                          
00002b59  fputs                          
00001873  free                           
0000279d  freopen                        
00003639  frexp                          
00003639  frexpl                         
000035d5  fseek                          
00000000  interruptVectors               
000014f1  keypad_getkey                  
000014b3  keypad_init                    
00002d89  ldexp                          
00002d89  ldexpl                         
00002395  lseek                          
00003745  ltoa                           
00001651  main                           
200005f8  main_func_sp                   
00001809  malloc                         
00001a3d  memalign                       
000038fd  memccpy                        
000038dd  memchr                         
000030d5  memcpy                         
000033b5  memset                         
00001635  menu                           
00001789  minit                          
000015f3  num_to_char                    
000022e7  open                           
00003209  putc                           
0000328d  putchar                        
00002c65  puts                           
000022c3  read                           
00001935  realloc                        
00002239  remove                         
0000229b  remove_device                  
0000225d  rename                         
00002d89  scalbn                         
00002d89  scalbnl                        
00001225  set_DC0                        
00002e85  setvbuf                        
00003949  strchr                         
00003931  strcmp                         
00003989  strcpy                         
0000399d  strlen                         
00003879  strncpy                        
00002239  unlink                         
000021a9  write                          


GLOBAL SYMBOLS: SORTED BY Symbol Address 

address   name                           
-------   ----                           
00000000  __TI_static_base__             
00000000  interruptVectors               
00000200  __STACK_SIZE                   
00000400  __SYSMEM_SIZE                  
00000929  __TI_printfi                   
00001223  __mpu_init                     
00001225  set_DC0                        
000012ab  delay_ms                       
000012eb  delay_us                       
00001319  LCD_nibble_write               
00001371  LCD_clear                      
0000138d  LCD_home                       
000013b7  LCD_write_char                 
000013e1  LCD_write                      
00001419  LCD_command                    
00001453  LCD_init                       
000014b3  keypad_init                    
000014f1  keypad_getkey                  
000015f3  num_to_char                    
00001635  menu                           
00001651  main                           
00001707  LED_init                       
0000171d  LED_set                        
00001789  minit                          
00001809  malloc                         
00001873  free                           
00001935  realloc                        
00001a3d  memalign                       
00001b29  calloc                         
00001b59  SystemCoreClockUpdate          
00001dcd  SystemInit                     
00001e85  HOSTwrite                      
00001ed1  HOSTunlink                     
00001f09  HOSTtime64                     
00001f57  HOSTtime                       
00001f91  HOSTrename                     
00001fef  HOSTread                       
0000203b  HOSTopen                       
0000208d  HOSTlseek                      
000020e9  HOSTgetenv                     
00002127  HOSTclose                      
0000215f  HOSTclock                      
000021a9  write                          
00002239  remove                         
00002239  unlink                         
0000225d  rename                         
0000229b  remove_device                  
000022c3  read                           
000022e7  open                           
00002395  lseek                          
000023b9  close                          
00002409  add_device                     
000024b5  __aeabi_uldivmod               
00002771  __TI_cleanup                   
0000279d  freopen                        
000027c7  fopen                          
0000286d  __aeabi_dsub                   
00002877  __aeabi_dadd                   
00002a23  __aeabi_ddiv                   
00002b59  fputs                          
00002c65  puts                           
00002c8d  __aeabi_dmul                   
00002d89  ldexp                          
00002d89  ldexpl                         
00002d89  scalbn                         
00002d89  scalbnl                        
00002e85  setvbuf                        
00002f61  __TI_doflush                   
00002fad  fflush                         
00003029  __TI_wrt_ok                    
0000308b  __TI_rd_ok                     
000030d5  __aeabi_memcpy                 
000030d5  __aeabi_memcpy4                
000030d5  __aeabi_memcpy8                
000030d5  memcpy                         
00003171  __TI_closefile                 
000031d7  fclose                         
00003209  fputc                          
00003209  putc                           
0000328d  putchar                        
000032a1  __aeabi_cdcmpeq                
000032a1  __aeabi_cdcmple                
00003327  __aeabi_cdrcmple               
000033ad  __aeabi_memclr                 
000033ad  __aeabi_memclr4                
000033ad  __aeabi_memclr8                
000033af  __aeabi_memset                 
000033af  __aeabi_memset4                
000033af  __aeabi_memset8                
000033b5  memset                         
00003427  _system_post_cinit             
00003429  __TI_auto_init                 
000034a1  fprintf                        
00003505  __TI_decompress_lzss           
0000356d  __TI_writemsg                  
0000359b  C$$IO$$                        
0000359f  __TI_readmsg                   
000035d5  fseek                          
00003639  frexp                          
00003639  frexpl                         
0000369d  _c_int00                       
000036f1  C$$EXIT                        
000036f5  abort                          
000036fd  exit                           
00003745  ltoa                           
00003799  atoi                           
000037e5  copy_in                        
00003831  __aeabi_d2iz                   
00003879  strncpy                        
000038af  __aeabi_i2d                    
000038dd  memchr                         
000038fd  memccpy                        
00003919  _args_main                     
00003931  strcmp                         
00003949  strchr                         
00003961  _register_unlock               
00003967  _register_lock                 
0000396f  _nop                           
00003975  copysign                       
00003975  copysignl                      
00003989  strcpy                         
0000399d  strlen                         
000039b1  __TI_decompress_none           
000039bf  Reset_Handler                  
000039cb  ADC14_IRQHandler               
000039cb  AES256_IRQHandler              
000039cb  BusFault_Handler               
000039cb  COMP_E0_IRQHandler             
000039cb  COMP_E1_IRQHandler             
000039cb  CS_IRQHandler                  
000039cb  DMA_ERR_IRQHandler             
000039cb  DMA_INT0_IRQHandler            
000039cb  DMA_INT1_IRQHandler            
000039cb  DMA_INT2_IRQHandler            
000039cb  DMA_INT3_IRQHandler            
000039cb  DebugMon_Handler               
000039cb  Default_Handler                
000039cb  EUSCIA0_IRQHandler             
000039cb  EUSCIA1_IRQHandler             
000039cb  EUSCIA2_IRQHandler             
000039cb  EUSCIA3_IRQHandler             
000039cb  EUSCIB0_IRQHandler             
000039cb  EUSCIB1_IRQHandler             
000039cb  EUSCIB2_IRQHandler             
000039cb  EUSCIB3_IRQHandler             
000039cb  FLCTL_IRQHandler               
000039cb  FPU_IRQHandler                 
000039cb  HardFault_Handler              
000039cb  MemManage_Handler              
000039cb  NMI_Handler                    
000039cb  PCM_IRQHandler                 
000039cb  PORT1_IRQHandler               
000039cb  PORT2_IRQHandler               
000039cb  PORT3_IRQHandler               
000039cb  PORT4_IRQHandler               
000039cb  PORT5_IRQHandler               
000039cb  PORT6_IRQHandler               
000039cb  PSS_IRQHandler                 
000039cb  PendSV_Handler                 
000039cb  RTC_C_IRQHandler               
000039cb  SVC_Handler                    
000039cb  SysTick_Handler                
000039cb  T32_INT1_IRQHandler            
000039cb  T32_INT2_IRQHandler            
000039cb  T32_INTC_IRQHandler            
000039cb  TA0_0_IRQHandler               
000039cb  TA0_N_IRQHandler               
000039cb  TA1_0_IRQHandler               
000039cb  TA1_N_IRQHandler               
000039cb  TA2_0_IRQHandler               
000039cb  TA2_N_IRQHandler               
000039cb  TA3_0_IRQHandler               
000039cb  TA3_N_IRQHandler               
000039cb  UsageFault_Handler             
000039cb  WDT_A_IRQHandler               
000039cd  __TI_zero_init                 
000039d9  _system_pre_init               
000039dc  _ctypes_                       
00003b5c  __TI_Handler_Table_Base        
00003b68  __TI_Handler_Table_Limit       
00003b70  __TI_CINIT_Base                
00003b80  __TI_CINIT_Limit               
20000000  _sys_memory                    
20000400  _ftable                        
200005c0  __TI_ft_end                    
200005c4  __aeabi_stdin                  
200005c8  __aeabi_stdout                 
200005cc  __aeabi_stderr                 
200005d0  __TI_cleanup_ptr               
200005d4  __TI_dtors_ptr                 
200005d8  __TI_enable_exit_profile_output
200005e8  _lock                          
200005ec  _unlock                        
200005f0  errno                          
200005f8  main_func_sp                   
200005fc  SystemCoreClock                
20000600  __CIOBUF_                      
20000720  __TI_tmpnams                   
200007c8  GLOBAL_FREQ                    
2000fe00  __stack                        
20010000  __STACK_END                    
4000480c  WDTCTL_SYM                     
ffffffff  __TI_pprof_out_hndl            
ffffffff  __TI_prof_data_size            
ffffffff  __TI_prof_data_start           
ffffffff  __binit__                      
ffffffff  __c_args__                     
ffffffff  binit                          
UNDEFED   SHT$$INIT_ARRAY$$Base          
UNDEFED   SHT$$INIT_ARRAY$$Limit         

[210 symbols]
