******************************************************************************
                  TI ARM Linker PC v16.9.1                     
******************************************************************************
>> Linked Mon Apr 17 14:38:25 2017

OUTPUT FILE NAME:   <Project1.out>
ENTRY POINT SYMBOL: "_c_int00"  address: 0000350d


MEMORY CONFIGURATION

         name            origin    length      used     unused   attr    fill
----------------------  --------  ---------  --------  --------  ----  --------
  MAIN                  00000000   00040000  000039e9  0003c617  R  X
  INFO                  00200000   00004000  00000000  00004000  R  X
  SRAM_CODE             01000000   00010000  000009cc  0000f634  RW X
  SRAM_DATA             20000000   00010000  000009cc  0000f634  RW  


SEGMENT ALLOCATION MAP

run origin  load origin   length   init length attrs members
----------  ----------- ---------- ----------- ----- -------
00000000    00000000    000039f0   000039f0    r-x
  00000000    00000000    000000e4   000000e4    r-- .intvecs
  000000e4    000000e4    00003768   00003768    r-x .text
  0000384c    0000384c    00000105   00000105    r-- .const
  00003958    00003958    00000098   00000098    r-- .cinit
20000000    20000000    000007cc   00000000    rw-
  20000000    20000000    00000400   00000000    rw- .sysmem
  20000400    20000400    00000200   00000000    rw- .data
  20000600    20000600    000001cc   00000000    rw- .bss
2000fe00    2000fe00    00000200   00000000    rw-
  2000fe00    2000fe00    00000200   00000000    rw- .stack


SECTION ALLOCATION MAP

 output                                  attributes/
section   page    origin      length       input sections
--------  ----  ----------  ----------   ----------------
.intvecs   0    00000000    000000e4     
                  00000000    000000e4     startup_msp432p401r_ccs.obj (.intvecs:retain)

.binit     0    00000000    00000000     

.text      0    000000e4    00003768     
                  000000e4    0000113e     rtsv7M4_T_le_v4SPD16_eabi.lib : _printfi.obj (.text)
                  00001222    00000002                                   : mpu_init.obj (.text)
                  00001224    000003d4     main.obj (.text)
                  000015f8    000003d0     rtsv7M4_T_le_v4SPD16_eabi.lib : memory.obj (.text)
                  000019c8    0000032c     system_msp432p401r.obj (.text)
                  00001cf4    00000324     rtsv7M4_T_le_v4SPD16_eabi.lib : trgdrv.obj (.text)
                  00002018    0000030c                                   : lowlev.obj (.text)
                  00002324    000001f4                                   : ull_div_t2.obj (.text)
                  00002518    000001c4                                   : fopen.obj (.text)
                  000026dc    000001b6                                   : fd_add_t2.obj (.text)
                  00002892    00000136                                   : fd_div_t2.obj (.text)
                  000029c8    00000134                                   : fputs.obj (.text)
                  00002afc    000000fc                                   : fd_mul_t2.obj (.text)
                  00002bf8    000000fc                                   : s_scalbn.obj (.text)
                  00002cf4    000000dc                                   : setvbuf.obj (.text)
                  00002dd0    000000c8                                   : fflush.obj (.text)
                  00002e98    000000ac                                   : _io_perm.obj (.text)
                  00002f44    0000009c                                   : memcpy_t2.obj (.text)
                  00002fe0    00000098                                   : fclose.obj (.text)
                  00003078    00000098                                   : fputc.obj (.text)
                  00003110    00000086                                   : fd_cmp_t2.obj (.text:__aeabi_cdcmple)
                  00003196    00000086                                   : fd_cmp_t2.obj (.text:__aeabi_cdrcmple)
                  0000321c    0000007a                                   : memset_t2.obj (.text)
                  00003296    00000002                                   : startup.obj (.text)
                  00003298    00000070                                   : autoinit.obj (.text)
                  00003308    0000006c                                   : fprintf.obj (.text)
                  00003374    00000068                                   : copy_decompress_lzss.obj (.text:decompress:lzss)
                  000033dc    00000068                                   : trgmsg.obj (.text)
                  00003444    00000064                                   : fseek.obj (.text)
                  000034a8    00000064                                   : s_frexp.obj (.text)
                  0000350c    00000054                                   : boot.obj (.text)
                  00003560    00000054                                   : exit.obj (.text)
                  000035b4    00000054                                   : ltoa.obj (.text)
                  00003608    0000004c                                   : atoi.obj (.text)
                  00003654    0000004c                                   : cpy_tbl.obj (.text)
                  000036a0    00000048                                   : fd_toi_t2.obj (.text)
                  000036e8    00000036                                   : strncpy.obj (.text)
                  0000371e    0000002e                                   : i_tofd_t2.obj (.text)
                  0000374c    00000020                                   : memchr.obj (.text)
                  0000376c    0000001c                                   : memccpy.obj (.text)
                  00003788    00000018                                   : args_main.obj (.text)
                  000037a0    00000018                                   : strcmp.obj (.text)
                  000037b8    00000016                                   : strchr.obj (.text)
                  000037ce    00000002     --HOLE-- [fill = 0]
                  000037d0    00000014                                   : _lock.obj (.text)
                  000037e4    00000014                                   : s_copysign.obj (.text)
                  000037f8    00000014                                   : strcpy.obj (.text)
                  0000380c    00000014                                   : strlen.obj (.text)
                  00003820    0000000e                                   : copy_decompress_none.obj (.text:decompress:none)
                  0000382e    0000000e     startup_msp432p401r_ccs.obj (.text)
                  0000383c    0000000c     rtsv7M4_T_le_v4SPD16_eabi.lib : copy_zero_init.obj (.text:decompress:ZI)
                  00003848    00000004                                   : pre_init.obj (.text)

.const     0    0000384c    00000105     
                  0000384c    00000101     rtsv7M4_T_le_v4SPD16_eabi.lib : ctype.obj (.const:.string:_ctypes_)
                  0000394d    00000004     main.obj (.const:.string:$P$T0$1)

.cinit     0    00003958    00000098     
                  00003958    00000072     (.cinit..data.load) [load image, compression = lzss]
                  000039ca    00000002     --HOLE-- [fill = 0]
                  000039cc    0000000c     (__TI_handler_table)
                  000039d8    00000008     (.cinit..bss.load) [load image, compression = zero_init]
                  000039e0    00000010     (__TI_cinit_table)

.init_array 
*          0    00000000    00000000     UNINITIALIZED

.sysmem    0    20000000    00000400     UNINITIALIZED
                  20000000    00000008     rtsv7M4_T_le_v4SPD16_eabi.lib : memory.obj (.sysmem)
                  20000008    000003f8     --HOLE--

.data      0    20000400    00000200     UNINITIALIZED
                  20000400    000000f0     rtsv7M4_T_le_v4SPD16_eabi.lib : defs.obj (.data:_ftable)
                  200004f0    000000d0                                   : lowlev.obj (.data:$O1$$)
                  200005c0    00000010                                   : defs.obj (.data)
                  200005d0    0000000c                                   : exit.obj (.data:$O1$$)
                  200005dc    0000000c                                   : memory.obj (.data:$O1$$)
                  200005e8    00000008                                   : _lock.obj (.data:$O1$$)
                  200005f0    00000004                                   : errno.obj (.data)
                  200005f4    00000004                                   : fopen.obj (.data)
                  200005f8    00000004                                   : stkdepth_vars.obj (.data)
                  200005fc    00000004     system_msp432p401r.obj (.data)

.bss       0    20000600    000001cc     UNINITIALIZED
                  20000600    00000120     rtsv7M4_T_le_v4SPD16_eabi.lib : trgmsg.obj (.bss:_CIOBUF_)
                  20000720    000000a0     (.common:__TI_tmpnams)
                  200007c0    00000008                                   : trgdrv.obj (.bss:parmbuf)
                  200007c8    00000004     (.common:GLOBAL_FREQ)

.stack     0    2000fe00    00000200     UNINITIALIZED
                  2000fe00    00000200     --HOLE--

MODULE SUMMARY

       Module                        code    ro data   rw data
       ------                        ----    -------   -------
    .\
       main.obj                      980     4         8      
       system_msp432p401r.obj        812     0         8      
       startup_msp432p401r_ccs.obj   14      228       0      
    +--+-----------------------------+-------+---------+---------+
       Total:                        1806    232       16     
                                                              
    C:\ti\ccsv7\tools\compiler\ti-cgt-arm_16.9.1.LTS\lib\rtsv7M4_T_le_v4SPD16_eabi.lib
       _printfi.obj                  4414    0         0      
       lowlev.obj                    780     0         416    
       memory.obj                    976     0         24     
       defs.obj                      0       0         832    
       trgdrv.obj                    804     0         16     
       trgmsg.obj                    104     0         576    
       ull_div_t2.obj                500     0         0      
       fopen.obj                     452     0         8      
       fd_add_t2.obj                 438     0         0      
       fd_div_t2.obj                 310     0         0      
       fputs.obj                     308     0         0      
       fd_cmp_t2.obj                 268     0         0      
       ctype.obj                     0       257       0      
       fd_mul_t2.obj                 252     0         0      
       s_scalbn.obj                  252     0         0      
       setvbuf.obj                   220     0         0      
       fflush.obj                    200     0         0      
       _io_perm.obj                  172     0         0      
       memcpy_t2.obj                 156     0         0      
       fclose.obj                    152     0         0      
       fputc.obj                     152     0         0      
       memset_t2.obj                 122     0         0      
       autoinit.obj                  112     0         0      
       exit.obj                      84      0         24     
       fprintf.obj                   108     0         0      
       copy_decompress_lzss.obj      104     0         0      
       fseek.obj                     100     0         0      
       s_frexp.obj                   100     0         0      
       boot.obj                      84      0         0      
       ltoa.obj                      84      0         0      
       atoi.obj                      76      0         0      
       cpy_tbl.obj                   76      0         0      
       fd_toi_t2.obj                 72      0         0      
       strncpy.obj                   54      0         0      
       i_tofd_t2.obj                 46      0         0      
       _lock.obj                     20      0         16     
       memchr.obj                    32      0         0      
       memccpy.obj                   28      0         0      
       args_main.obj                 24      0         0      
       strcmp.obj                    24      0         0      
       strchr.obj                    22      0         0      
       s_copysign.obj                20      0         0      
       strcpy.obj                    20      0         0      
       strlen.obj                    20      0         0      
       copy_decompress_none.obj      14      0         0      
       copy_zero_init.obj            12      0         0      
       errno.obj                     0       0         8      
       stkdepth_vars.obj             0       0         8      
       pre_init.obj                  4       0         0      
       mpu_init.obj                  2       0         0      
       startup.obj                   2       0         0      
    +--+-----------------------------+-------+---------+---------+
       Total:                        12376   257       1928   
                                                              
       Heap:                         0       0         2048   
       Stack:                        0       0         1024   
       Linker Generated:             0       150       0      
    +--+-----------------------------+-------+---------+---------+
       Grand Total:                  14182   639       5016   


LINKER GENERATED COPY TABLES

__TI_cinit_table @ 000039e0 records: 2, size/record: 8, table size: 16
	.data: load addr=00003958, load size=00000072 bytes, run addr=20000400, run size=00000200 bytes, compression=lzss
	.bss: load addr=000039d8, load size=00000008 bytes, run addr=20000600, run size=000001cc bytes, compression=zero_init


LINKER GENERATED HANDLER TABLE

__TI_handler_table @ 000039cc records: 3, size/record: 4, table size: 12
	index: 0, handler: __TI_decompress_lzss
	index: 1, handler: __TI_decompress_none
	index: 2, handler: __TI_zero_init


GLOBAL SYMBOLS: SORTED ALPHABETICALLY BY Name 

address   name                           
-------   ----                           
0000383b  ADC14_IRQHandler               
0000383b  AES256_IRQHandler              
0000383b  BusFault_Handler               
00003561  C$$EXIT                        
0000340b  C$$IO$$                        
0000383b  COMP_E0_IRQHandler             
0000383b  COMP_E1_IRQHandler             
0000383b  CS_IRQHandler                  
0000383b  DMA_ERR_IRQHandler             
0000383b  DMA_INT0_IRQHandler            
0000383b  DMA_INT1_IRQHandler            
0000383b  DMA_INT2_IRQHandler            
0000383b  DMA_INT3_IRQHandler            
0000383b  DebugMon_Handler               
0000383b  Default_Handler                
0000383b  EUSCIA0_IRQHandler             
0000383b  EUSCIA1_IRQHandler             
0000383b  EUSCIA2_IRQHandler             
0000383b  EUSCIA3_IRQHandler             
0000383b  EUSCIB0_IRQHandler             
0000383b  EUSCIB1_IRQHandler             
0000383b  EUSCIB2_IRQHandler             
0000383b  EUSCIB3_IRQHandler             
0000383b  FLCTL_IRQHandler               
0000383b  FPU_IRQHandler                 
200007c8  GLOBAL_FREQ                    
00001fcf  HOSTclock                      
00001f97  HOSTclose                      
00001f59  HOSTgetenv                     
00001efd  HOSTlseek                      
00001eab  HOSTopen                       
00001e5f  HOSTread                       
00001e01  HOSTrename                     
00001dc7  HOSTtime                       
00001d79  HOSTtime64                     
00001d41  HOSTunlink                     
00001cf5  HOSTwrite                      
0000383b  HardFault_Handler              
00001371  LCD_clear                      
000013d1  LCD_command                    
0000138d  LCD_home                       
0000140b  LCD_init                       
00001319  LCD_nibble_write               
000013a7  LCD_write                      
00001591  LED_init                       
000015b1  LED_set                        
0000383b  MemManage_Handler              
0000383b  NMI_Handler                    
0000383b  PCM_IRQHandler                 
0000383b  PORT1_IRQHandler               
0000383b  PORT2_IRQHandler               
0000383b  PORT3_IRQHandler               
0000383b  PORT4_IRQHandler               
0000383b  PORT5_IRQHandler               
0000383b  PORT6_IRQHandler               
0000383b  PSS_IRQHandler                 
0000383b  PendSV_Handler                 
0000383b  RTC_C_IRQHandler               
0000382f  Reset_Handler                  
UNDEFED   SHT$$INIT_ARRAY$$Base          
UNDEFED   SHT$$INIT_ARRAY$$Limit         
0000383b  SVC_Handler                    
0000383b  SysTick_Handler                
200005fc  SystemCoreClock                
000019c9  SystemCoreClockUpdate          
00001c3d  SystemInit                     
0000383b  T32_INT1_IRQHandler            
0000383b  T32_INT2_IRQHandler            
0000383b  T32_INTC_IRQHandler            
0000383b  TA0_0_IRQHandler               
0000383b  TA0_N_IRQHandler               
0000383b  TA1_0_IRQHandler               
0000383b  TA1_N_IRQHandler               
0000383b  TA2_0_IRQHandler               
0000383b  TA2_N_IRQHandler               
0000383b  TA3_0_IRQHandler               
0000383b  TA3_N_IRQHandler               
0000383b  UsageFault_Handler             
4000480c  WDTCTL_SYM                     
0000383b  WDT_A_IRQHandler               
20000600  __CIOBUF_                      
20010000  __STACK_END                    
00000200  __STACK_SIZE                   
00000400  __SYSMEM_SIZE                  
000039e0  __TI_CINIT_Base                
000039f0  __TI_CINIT_Limit               
000039cc  __TI_Handler_Table_Base        
000039d8  __TI_Handler_Table_Limit       
00003299  __TI_auto_init                 
000025e1  __TI_cleanup                   
200005d0  __TI_cleanup_ptr               
00002fe1  __TI_closefile                 
00003375  __TI_decompress_lzss           
00003821  __TI_decompress_none           
00002dd1  __TI_doflush                   
200005d4  __TI_dtors_ptr                 
200005d8  __TI_enable_exit_profile_output
200005c0  __TI_ft_end                    
ffffffff  __TI_pprof_out_hndl            
00000929  __TI_printfi                   
ffffffff  __TI_prof_data_size            
ffffffff  __TI_prof_data_start           
00002efb  __TI_rd_ok                     
0000340f  __TI_readmsg                   
00000000  __TI_static_base__             
20000720  __TI_tmpnams                   
000033dd  __TI_writemsg                  
00002e99  __TI_wrt_ok                    
0000383d  __TI_zero_init                 
00003111  __aeabi_cdcmpeq                
00003111  __aeabi_cdcmple                
00003197  __aeabi_cdrcmple               
000036a1  __aeabi_d2iz                   
000026e7  __aeabi_dadd                   
00002893  __aeabi_ddiv                   
00002afd  __aeabi_dmul                   
000026dd  __aeabi_dsub                   
0000371f  __aeabi_i2d                    
0000321d  __aeabi_memclr                 
0000321d  __aeabi_memclr4                
0000321d  __aeabi_memclr8                
00002f45  __aeabi_memcpy                 
00002f45  __aeabi_memcpy4                
00002f45  __aeabi_memcpy8                
0000321f  __aeabi_memset                 
0000321f  __aeabi_memset4                
0000321f  __aeabi_memset8                
200005cc  __aeabi_stderr                 
200005c4  __aeabi_stdin                  
200005c8  __aeabi_stdout                 
00002325  __aeabi_uldivmod               
ffffffff  __binit__                      
ffffffff  __c_args__                     
00001223  __mpu_init                     
2000fe00  __stack                        
00003789  _args_main                     
0000350d  _c_int00                       
0000384c  _ctypes_                       
20000400  _ftable                        
200005e8  _lock                          
000037df  _nop                           
000037d7  _register_lock                 
000037d1  _register_unlock               
20000000  _sys_memory                    
00003297  _system_post_cinit             
00003849  _system_pre_init               
200005ec  _unlock                        
00003565  abort                          
00002279  add_device                     
00003609  atoi                           
ffffffff  binit                          
00001999  calloc                         
00002229  close                          
00003655  copy_in                        
000037e5  copysign                       
000037e5  copysignl                      
000012ab  delay_ms                       
000012eb  delay_us                       
200005f0  errno                          
0000356d  exit                           
00003047  fclose                         
00002e1d  fflush                         
00002637  fopen                          
00003311  fprintf                        
00003079  fputc                          
000029c9  fputs                          
000016e3  free                           
0000260d  freopen                        
000034a9  frexp                          
000034a9  frexpl                         
00003445  fseek                          
00000000  interruptVectors               
0000145d  keypad_getkey                  
0000143f  keypad_init                    
00002bf9  ldexp                          
00002bf9  ldexpl                         
00002205  lseek                          
000035b5  ltoa                           
0000155f  main                           
200005f8  main_func_sp                   
00001679  malloc                         
000018ad  memalign                       
0000376d  memccpy                        
0000374d  memchr                         
00002f45  memcpy                         
00003225  memset                         
000015f9  minit                          
00002157  open                           
00003079  putc                           
000030fd  putchar                        
00002ad5  puts                           
00002133  read                           
000017a5  realloc                        
000020a9  remove                         
0000210b  remove_device                  
000020cd  rename                         
00002bf9  scalbn                         
00002bf9  scalbnl                        
00001225  set_DC0                        
00002cf5  setvbuf                        
000037b9  strchr                         
000037a1  strcmp                         
000037f9  strcpy                         
0000380d  strlen                         
000036e9  strncpy                        
000020a9  unlink                         
00002019  write                          


GLOBAL SYMBOLS: SORTED BY Symbol Address 

address   name                           
-------   ----                           
00000000  __TI_static_base__             
00000000  interruptVectors               
00000200  __STACK_SIZE                   
00000400  __SYSMEM_SIZE                  
00000929  __TI_printfi                   
00001223  __mpu_init                     
00001225  set_DC0                        
000012ab  delay_ms                       
000012eb  delay_us                       
00001319  LCD_nibble_write               
00001371  LCD_clear                      
0000138d  LCD_home                       
000013a7  LCD_write                      
000013d1  LCD_command                    
0000140b  LCD_init                       
0000143f  keypad_init                    
0000145d  keypad_getkey                  
0000155f  main                           
00001591  LED_init                       
000015b1  LED_set                        
000015f9  minit                          
00001679  malloc                         
000016e3  free                           
000017a5  realloc                        
000018ad  memalign                       
00001999  calloc                         
000019c9  SystemCoreClockUpdate          
00001c3d  SystemInit                     
00001cf5  HOSTwrite                      
00001d41  HOSTunlink                     
00001d79  HOSTtime64                     
00001dc7  HOSTtime                       
00001e01  HOSTrename                     
00001e5f  HOSTread                       
00001eab  HOSTopen                       
00001efd  HOSTlseek                      
00001f59  HOSTgetenv                     
00001f97  HOSTclose                      
00001fcf  HOSTclock                      
00002019  write                          
000020a9  remove                         
000020a9  unlink                         
000020cd  rename                         
0000210b  remove_device                  
00002133  read                           
00002157  open                           
00002205  lseek                          
00002229  close                          
00002279  add_device                     
00002325  __aeabi_uldivmod               
000025e1  __TI_cleanup                   
0000260d  freopen                        
00002637  fopen                          
000026dd  __aeabi_dsub                   
000026e7  __aeabi_dadd                   
00002893  __aeabi_ddiv                   
000029c9  fputs                          
00002ad5  puts                           
00002afd  __aeabi_dmul                   
00002bf9  ldexp                          
00002bf9  ldexpl                         
00002bf9  scalbn                         
00002bf9  scalbnl                        
00002cf5  setvbuf                        
00002dd1  __TI_doflush                   
00002e1d  fflush                         
00002e99  __TI_wrt_ok                    
00002efb  __TI_rd_ok                     
00002f45  __aeabi_memcpy                 
00002f45  __aeabi_memcpy4                
00002f45  __aeabi_memcpy8                
00002f45  memcpy                         
00002fe1  __TI_closefile                 
00003047  fclose                         
00003079  fputc                          
00003079  putc                           
000030fd  putchar                        
00003111  __aeabi_cdcmpeq                
00003111  __aeabi_cdcmple                
00003197  __aeabi_cdrcmple               
0000321d  __aeabi_memclr                 
0000321d  __aeabi_memclr4                
0000321d  __aeabi_memclr8                
0000321f  __aeabi_memset                 
0000321f  __aeabi_memset4                
0000321f  __aeabi_memset8                
00003225  memset                         
00003297  _system_post_cinit             
00003299  __TI_auto_init                 
00003311  fprintf                        
00003375  __TI_decompress_lzss           
000033dd  __TI_writemsg                  
0000340b  C$$IO$$                        
0000340f  __TI_readmsg                   
00003445  fseek                          
000034a9  frexp                          
000034a9  frexpl                         
0000350d  _c_int00                       
00003561  C$$EXIT                        
00003565  abort                          
0000356d  exit                           
000035b5  ltoa                           
00003609  atoi                           
00003655  copy_in                        
000036a1  __aeabi_d2iz                   
000036e9  strncpy                        
0000371f  __aeabi_i2d                    
0000374d  memchr                         
0000376d  memccpy                        
00003789  _args_main                     
000037a1  strcmp                         
000037b9  strchr                         
000037d1  _register_unlock               
000037d7  _register_lock                 
000037df  _nop                           
000037e5  copysign                       
000037e5  copysignl                      
000037f9  strcpy                         
0000380d  strlen                         
00003821  __TI_decompress_none           
0000382f  Reset_Handler                  
0000383b  ADC14_IRQHandler               
0000383b  AES256_IRQHandler              
0000383b  BusFault_Handler               
0000383b  COMP_E0_IRQHandler             
0000383b  COMP_E1_IRQHandler             
0000383b  CS_IRQHandler                  
0000383b  DMA_ERR_IRQHandler             
0000383b  DMA_INT0_IRQHandler            
0000383b  DMA_INT1_IRQHandler            
0000383b  DMA_INT2_IRQHandler            
0000383b  DMA_INT3_IRQHandler            
0000383b  DebugMon_Handler               
0000383b  Default_Handler                
0000383b  EUSCIA0_IRQHandler             
0000383b  EUSCIA1_IRQHandler             
0000383b  EUSCIA2_IRQHandler             
0000383b  EUSCIA3_IRQHandler             
0000383b  EUSCIB0_IRQHandler             
0000383b  EUSCIB1_IRQHandler             
0000383b  EUSCIB2_IRQHandler             
0000383b  EUSCIB3_IRQHandler             
0000383b  FLCTL_IRQHandler               
0000383b  FPU_IRQHandler                 
0000383b  HardFault_Handler              
0000383b  MemManage_Handler              
0000383b  NMI_Handler                    
0000383b  PCM_IRQHandler                 
0000383b  PORT1_IRQHandler               
0000383b  PORT2_IRQHandler               
0000383b  PORT3_IRQHandler               
0000383b  PORT4_IRQHandler               
0000383b  PORT5_IRQHandler               
0000383b  PORT6_IRQHandler               
0000383b  PSS_IRQHandler                 
0000383b  PendSV_Handler                 
0000383b  RTC_C_IRQHandler               
0000383b  SVC_Handler                    
0000383b  SysTick_Handler                
0000383b  T32_INT1_IRQHandler            
0000383b  T32_INT2_IRQHandler            
0000383b  T32_INTC_IRQHandler            
0000383b  TA0_0_IRQHandler               
0000383b  TA0_N_IRQHandler               
0000383b  TA1_0_IRQHandler               
0000383b  TA1_N_IRQHandler               
0000383b  TA2_0_IRQHandler               
0000383b  TA2_N_IRQHandler               
0000383b  TA3_0_IRQHandler               
0000383b  TA3_N_IRQHandler               
0000383b  UsageFault_Handler             
0000383b  WDT_A_IRQHandler               
0000383d  __TI_zero_init                 
00003849  _system_pre_init               
0000384c  _ctypes_                       
000039cc  __TI_Handler_Table_Base        
000039d8  __TI_Handler_Table_Limit       
000039e0  __TI_CINIT_Base                
000039f0  __TI_CINIT_Limit               
20000000  _sys_memory                    
20000400  _ftable                        
200005c0  __TI_ft_end                    
200005c4  __aeabi_stdin                  
200005c8  __aeabi_stdout                 
200005cc  __aeabi_stderr                 
200005d0  __TI_cleanup_ptr               
200005d4  __TI_dtors_ptr                 
200005d8  __TI_enable_exit_profile_output
200005e8  _lock                          
200005ec  _unlock                        
200005f0  errno                          
200005f8  main_func_sp                   
200005fc  SystemCoreClock                
20000600  __CIOBUF_                      
20000720  __TI_tmpnams                   
200007c8  GLOBAL_FREQ                    
2000fe00  __stack                        
20010000  __STACK_END                    
4000480c  WDTCTL_SYM                     
ffffffff  __TI_pprof_out_hndl            
ffffffff  __TI_prof_data_size            
ffffffff  __TI_prof_data_start           
ffffffff  __binit__                      
ffffffff  __c_args__                     
ffffffff  binit                          
UNDEFED   SHT$$INIT_ARRAY$$Base          
UNDEFED   SHT$$INIT_ARRAY$$Limit         

[207 symbols]
