******************************************************************************
                  TI ARM Linker PC v16.9.1                     
******************************************************************************
>> Linked Tue May 09 17:50:00 2017

OUTPUT FILE NAME:   <Assignment7.out>
ENTRY POINT SYMBOL: "_c_int00"  address: 000037c5


MEMORY CONFIGURATION

         name            origin    length      used     unused   attr    fill
----------------------  --------  ---------  --------  --------  ----  --------
  MAIN                  00000000   00040000  00003c9d  0003c363  R  X
  INFO                  00200000   00004000  00000000  00004000  R  X
  SRAM_CODE             01000000   00010000  00000a04  0000f5fc  RW X
  SRAM_DATA             20000000   00010000  00000a04  0000f5fc  RW  


SEGMENT ALLOCATION MAP

run origin  load origin   length   init length attrs members
----------  ----------- ---------- ----------- ----- -------
00000000    00000000    00003ca0   00003ca0    r-x
  00000000    00000000    000000e4   000000e4    r-- .intvecs
  000000e4    000000e4    00003a20   00003a20    r-x .text
  00003b04    00003b04    00000101   00000101    r-- .const
  00003c08    00003c08    00000098   00000098    r-- .cinit
20000000    20000000    00000804   00000000    rw-
  20000000    20000000    00000400   00000000    rw- .sysmem
  20000400    20000400    00000234   00000000    rw- .data
  20000634    20000634    000001d0   00000000    rw- .bss
2000fe00    2000fe00    00000200   00000000    rw-
  2000fe00    2000fe00    00000200   00000000    rw- .stack


SECTION ALLOCATION MAP

 output                                  attributes/
section   page    origin      length       input sections
--------  ----  ----------  ----------   ----------------
.intvecs   0    00000000    000000e4     
                  00000000    000000e4     startup_msp432p401r_ccs.obj (.intvecs:retain)

.binit     0    00000000    00000000     

.text      0    000000e4    00003a20     
                  000000e4    0000113e     rtsv7M4_T_le_v4SPD16_eabi.lib : _printfi.obj (.text)
                  00001222    00000002                                   : mpu_init.obj (.text)
                  00001224    000003d0                                   : memory.obj (.text)
                  000015f4    00000350     UART.obj (.text)
                  00001944    0000033c     main.obj (.text)
                  00001c80    0000032c     system_msp432p401r.obj (.text)
                  00001fac    00000324     rtsv7M4_T_le_v4SPD16_eabi.lib : trgdrv.obj (.text)
                  000022d0    0000030c                                   : lowlev.obj (.text)
                  000025dc    000001f4                                   : ull_div_t2.obj (.text)
                  000027d0    000001c4                                   : fopen.obj (.text)
                  00002994    000001b6                                   : fd_add_t2.obj (.text)
                  00002b4a    00000136                                   : fd_div_t2.obj (.text)
                  00002c80    00000134                                   : fputs.obj (.text)
                  00002db4    000000fc                                   : fd_mul_t2.obj (.text)
                  00002eb0    000000fc                                   : s_scalbn.obj (.text)
                  00002fac    000000dc                                   : setvbuf.obj (.text)
                  00003088    000000c8                                   : fflush.obj (.text)
                  00003150    000000ac                                   : _io_perm.obj (.text)
                  000031fc    0000009c                                   : memcpy_t2.obj (.text)
                  00003298    00000098                                   : fclose.obj (.text)
                  00003330    00000098                                   : fputc.obj (.text)
                  000033c8    00000086                                   : fd_cmp_t2.obj (.text:__aeabi_cdcmple)
                  0000344e    00000086                                   : fd_cmp_t2.obj (.text:__aeabi_cdrcmple)
                  000034d4    0000007a                                   : memset_t2.obj (.text)
                  0000354e    00000002                                   : startup.obj (.text)
                  00003550    00000070                                   : autoinit.obj (.text)
                  000035c0    0000006c                                   : fprintf.obj (.text)
                  0000362c    00000068                                   : copy_decompress_lzss.obj (.text:decompress:lzss)
                  00003694    00000068                                   : trgmsg.obj (.text)
                  000036fc    00000064                                   : fseek.obj (.text)
                  00003760    00000064                                   : s_frexp.obj (.text)
                  000037c4    00000054                                   : boot.obj (.text)
                  00003818    00000054                                   : exit.obj (.text)
                  0000386c    00000054                                   : ltoa.obj (.text)
                  000038c0    0000004c                                   : atoi.obj (.text)
                  0000390c    0000004c                                   : cpy_tbl.obj (.text)
                  00003958    00000048                                   : fd_toi_t2.obj (.text)
                  000039a0    00000036                                   : strncpy.obj (.text)
                  000039d6    0000002e                                   : i_tofd_t2.obj (.text)
                  00003a04    00000020                                   : memchr.obj (.text)
                  00003a24    0000001c                                   : memccpy.obj (.text)
                  00003a40    00000018                                   : args_main.obj (.text)
                  00003a58    00000018                                   : strcmp.obj (.text)
                  00003a70    00000016                                   : strchr.obj (.text)
                  00003a86    00000002     --HOLE-- [fill = 0]
                  00003a88    00000014                                   : _lock.obj (.text)
                  00003a9c    00000014                                   : s_copysign.obj (.text)
                  00003ab0    00000014                                   : strcpy.obj (.text)
                  00003ac4    00000014                                   : strlen.obj (.text)
                  00003ad8    0000000e                                   : copy_decompress_none.obj (.text:decompress:none)
                  00003ae6    0000000e     startup_msp432p401r_ccs.obj (.text)
                  00003af4    0000000c     rtsv7M4_T_le_v4SPD16_eabi.lib : copy_zero_init.obj (.text:decompress:ZI)
                  00003b00    00000004                                   : pre_init.obj (.text)

.const     0    00003b04    00000101     
                  00003b04    00000101     rtsv7M4_T_le_v4SPD16_eabi.lib : ctype.obj (.const:.string:_ctypes_)

.cinit     0    00003c08    00000098     
                  00003c08    00000072     (.cinit..data.load) [load image, compression = lzss]
                  00003c7a    00000002     --HOLE-- [fill = 0]
                  00003c7c    0000000c     (__TI_handler_table)
                  00003c88    00000008     (.cinit..bss.load) [load image, compression = zero_init]
                  00003c90    00000010     (__TI_cinit_table)

.init_array 
*          0    00000000    00000000     UNINITIALIZED

.sysmem    0    20000000    00000400     UNINITIALIZED
                  20000000    00000008     rtsv7M4_T_le_v4SPD16_eabi.lib : memory.obj (.sysmem)
                  20000008    000003f8     --HOLE--

.data      0    20000400    00000234     UNINITIALIZED
                  20000400    000000f0     rtsv7M4_T_le_v4SPD16_eabi.lib : defs.obj (.data:_ftable)
                  200004f0    000000d0                                   : lowlev.obj (.data:$O1$$)
                  200005c0    00000028     UART.obj (.data:LUT_pow10$1)
                  200005e8    00000010     rtsv7M4_T_le_v4SPD16_eabi.lib : defs.obj (.data)
                  200005f8    0000000c                                   : exit.obj (.data:$O1$$)
                  20000604    0000000c                                   : memory.obj (.data:$O1$$)
                  20000610    0000000c     UART.obj (.data)
                  2000061c    00000008     rtsv7M4_T_le_v4SPD16_eabi.lib : _lock.obj (.data:$O1$$)
                  20000624    00000004                                   : errno.obj (.data)
                  20000628    00000004                                   : fopen.obj (.data)
                  2000062c    00000004                                   : stkdepth_vars.obj (.data)
                  20000630    00000004     system_msp432p401r.obj (.data)

.bss       0    20000634    000001d0     UNINITIALIZED
                  20000634    00000120     rtsv7M4_T_le_v4SPD16_eabi.lib : trgmsg.obj (.bss:_CIOBUF_)
                  20000754    000000a0     (.common:__TI_tmpnams)
                  200007f4    00000008     UART.obj (.bss)
                  200007fc    00000008     rtsv7M4_T_le_v4SPD16_eabi.lib : trgdrv.obj (.bss:parmbuf)

.stack     0    2000fe00    00000200     UNINITIALIZED
                  2000fe00    00000200     --HOLE--

MODULE SUMMARY

       Module                        code    ro data   rw data
       ------                        ----    -------   -------
    .\
       UART.obj                      848     0         120    
       main.obj                      828     0         0      
       system_msp432p401r.obj        812     0         8      
       startup_msp432p401r_ccs.obj   14      228       0      
    +--+-----------------------------+-------+---------+---------+
       Total:                        2502    228       128    
                                                              
    C:\ti\ccsv7\tools\compiler\ti-cgt-arm_16.9.1.LTS\lib\rtsv7M4_T_le_v4SPD16_eabi.lib
       _printfi.obj                  4414    0         0      
       lowlev.obj                    780     0         416    
       memory.obj                    976     0         24     
       defs.obj                      0       0         832    
       trgdrv.obj                    804     0         16     
       trgmsg.obj                    104     0         576    
       ull_div_t2.obj                500     0         0      
       fopen.obj                     452     0         8      
       fd_add_t2.obj                 438     0         0      
       fd_div_t2.obj                 310     0         0      
       fputs.obj                     308     0         0      
       fd_cmp_t2.obj                 268     0         0      
       ctype.obj                     0       257       0      
       fd_mul_t2.obj                 252     0         0      
       s_scalbn.obj                  252     0         0      
       setvbuf.obj                   220     0         0      
       fflush.obj                    200     0         0      
       _io_perm.obj                  172     0         0      
       memcpy_t2.obj                 156     0         0      
       fclose.obj                    152     0         0      
       fputc.obj                     152     0         0      
       memset_t2.obj                 122     0         0      
       autoinit.obj                  112     0         0      
       exit.obj                      84      0         24     
       fprintf.obj                   108     0         0      
       copy_decompress_lzss.obj      104     0         0      
       fseek.obj                     100     0         0      
       s_frexp.obj                   100     0         0      
       boot.obj                      84      0         0      
       ltoa.obj                      84      0         0      
       atoi.obj                      76      0         0      
       cpy_tbl.obj                   76      0         0      
       fd_toi_t2.obj                 72      0         0      
       strncpy.obj                   54      0         0      
       i_tofd_t2.obj                 46      0         0      
       _lock.obj                     20      0         16     
       memchr.obj                    32      0         0      
       memccpy.obj                   28      0         0      
       args_main.obj                 24      0         0      
       strcmp.obj                    24      0         0      
       strchr.obj                    22      0         0      
       s_copysign.obj                20      0         0      
       strcpy.obj                    20      0         0      
       strlen.obj                    20      0         0      
       copy_decompress_none.obj      14      0         0      
       copy_zero_init.obj            12      0         0      
       errno.obj                     0       0         8      
       stkdepth_vars.obj             0       0         8      
       pre_init.obj                  4       0         0      
       mpu_init.obj                  2       0         0      
       startup.obj                   2       0         0      
    +--+-----------------------------+-------+---------+---------+
       Total:                        12376   257       1928   
                                                              
       Heap:                         0       0         2048   
       Stack:                        0       0         1024   
       Linker Generated:             0       150       0      
    +--+-----------------------------+-------+---------+---------+
       Grand Total:                  14878   635       5128   


LINKER GENERATED COPY TABLES

__TI_cinit_table @ 00003c90 records: 2, size/record: 8, table size: 16
	.data: load addr=00003c08, load size=00000072 bytes, run addr=20000400, run size=00000234 bytes, compression=lzss
	.bss: load addr=00003c88, load size=00000008 bytes, run addr=20000634, run size=000001d0 bytes, compression=zero_init


LINKER GENERATED HANDLER TABLE

__TI_handler_table @ 00003c7c records: 3, size/record: 4, table size: 12
	index: 0, handler: __TI_decompress_lzss
	index: 1, handler: __TI_decompress_none
	index: 2, handler: __TI_zero_init


GLOBAL SYMBOLS: SORTED ALPHABETICALLY BY Name 

address   name                           
-------   ----                           
00003af3  ADC14_IRQHandler               
00003af3  AES256_IRQHandler              
00003af3  BusFault_Handler               
00003819  C$$EXIT                        
000036c3  C$$IO$$                        
00003af3  COMP_E0_IRQHandler             
00003af3  COMP_E1_IRQHandler             
00003af3  CS_IRQHandler                  
00001b23  DAC_drive                      
00001acd  DAC_init                       
00003af3  DMA_ERR_IRQHandler             
00003af3  DMA_INT0_IRQHandler            
00003af3  DMA_INT1_IRQHandler            
00003af3  DMA_INT2_IRQHandler            
00003af3  DMA_INT3_IRQHandler            
00003af3  DebugMon_Handler               
00003af3  Default_Handler                
0000180f  EUSCIA0_IRQHandler             
0000180f  EUSCIA0_IRQHandler             
00003af3  EUSCIA1_IRQHandler             
00003af3  EUSCIA2_IRQHandler             
00003af3  EUSCIA3_IRQHandler             
00003af3  EUSCIB0_IRQHandler             
00003af3  EUSCIB1_IRQHandler             
00003af3  EUSCIB2_IRQHandler             
00003af3  EUSCIB3_IRQHandler             
00003af3  FLCTL_IRQHandler               
00003af3  FPU_IRQHandler                 
20000610  GLOBAL_FREQ                    
00002287  HOSTclock                      
0000224f  HOSTclose                      
00002211  HOSTgetenv                     
000021b5  HOSTlseek                      
00002163  HOSTopen                       
00002117  HOSTread                       
000020b9  HOSTrename                     
0000207f  HOSTtime                       
00002031  HOSTtime64                     
00001ff9  HOSTunlink                     
00001fad  HOSTwrite                      
00003af3  HardFault_Handler              
00003af3  MemManage_Handler              
00003af3  NMI_Handler                    
00003af3  PCM_IRQHandler                 
00003af3  PORT1_IRQHandler               
00003af3  PORT2_IRQHandler               
00003af3  PORT3_IRQHandler               
00003af3  PORT4_IRQHandler               
00003af3  PORT5_IRQHandler               
00003af3  PORT6_IRQHandler               
00003af3  PSS_IRQHandler                 
00003af3  PendSV_Handler                 
00003af3  RTC_C_IRQHandler               
00003ae7  Reset_Handler                  
UNDEFED   SHT$$INIT_ARRAY$$Base          
UNDEFED   SHT$$INIT_ARRAY$$Limit         
00003af3  SVC_Handler                    
00003af3  SysTick_Handler                
20000630  SystemCoreClock                
00001c81  SystemCoreClockUpdate          
00001ef5  SystemInit                     
00003af3  T32_INT1_IRQHandler            
00003af3  T32_INT2_IRQHandler            
00003af3  T32_INTC_IRQHandler            
00003af3  TA0_0_IRQHandler               
00003af3  TA0_N_IRQHandler               
00003af3  TA1_0_IRQHandler               
00003af3  TA1_N_IRQHandler               
00003af3  TA2_0_IRQHandler               
00003af3  TA2_N_IRQHandler               
00003af3  TA3_0_IRQHandler               
00003af3  TA3_N_IRQHandler               
00001777  UART0_init                     
000017fb  UART_get_buffer                
00001801  UART_get_flag                  
00001807  UART_reset_flag                
00001875  UART_send                      
000018cd  UART_send_char                 
00003af3  UsageFault_Handler             
4000480c  WDTCTL_SYM                     
00003af3  WDT_A_IRQHandler               
20000634  __CIOBUF_                      
20010000  __STACK_END                    
00000200  __STACK_SIZE                   
00000400  __SYSMEM_SIZE                  
00003c90  __TI_CINIT_Base                
00003ca0  __TI_CINIT_Limit               
00003c7c  __TI_Handler_Table_Base        
00003c88  __TI_Handler_Table_Limit       
00003551  __TI_auto_init                 
00002899  __TI_cleanup                   
200005f8  __TI_cleanup_ptr               
00003299  __TI_closefile                 
0000362d  __TI_decompress_lzss           
00003ad9  __TI_decompress_none           
00003089  __TI_doflush                   
200005fc  __TI_dtors_ptr                 
20000600  __TI_enable_exit_profile_output
200005e8  __TI_ft_end                    
ffffffff  __TI_pprof_out_hndl            
00000929  __TI_printfi                   
ffffffff  __TI_prof_data_size            
ffffffff  __TI_prof_data_start           
000031b3  __TI_rd_ok                     
000036c7  __TI_readmsg                   
00000000  __TI_static_base__             
20000754  __TI_tmpnams                   
00003695  __TI_writemsg                  
00003151  __TI_wrt_ok                    
00003af5  __TI_zero_init                 
000033c9  __aeabi_cdcmpeq                
000033c9  __aeabi_cdcmple                
0000344f  __aeabi_cdrcmple               
00003959  __aeabi_d2iz                   
0000299f  __aeabi_dadd                   
00002b4b  __aeabi_ddiv                   
00002db5  __aeabi_dmul                   
00002995  __aeabi_dsub                   
000039d7  __aeabi_i2d                    
000034d5  __aeabi_memclr                 
000034d5  __aeabi_memclr4                
000034d5  __aeabi_memclr8                
000031fd  __aeabi_memcpy                 
000031fd  __aeabi_memcpy4                
000031fd  __aeabi_memcpy8                
000034d7  __aeabi_memset                 
000034d7  __aeabi_memset4                
000034d7  __aeabi_memset8                
200005f4  __aeabi_stderr                 
200005ec  __aeabi_stdin                  
200005f0  __aeabi_stdout                 
000025dd  __aeabi_uldivmod               
ffffffff  __binit__                      
ffffffff  __c_args__                     
00001223  __mpu_init                     
2000fe00  __stack                        
00003a41  _args_main                     
000037c5  _c_int00                       
00003b04  _ctypes_                       
20000400  _ftable                        
2000061c  _lock                          
00003a97  _nop                           
00003a8f  _register_lock                 
00003a89  _register_unlock               
20000000  _sys_memory                    
0000354f  _system_post_cinit             
00003b01  _system_pre_init               
20000620  _unlock                        
00001717  a_to_i                         
0000381d  abort                          
00002531  add_device                     
000038c1  atoi                           
ffffffff  binit                          
000015c5  calloc                         
000024e1  close                          
0000390d  copy_in                        
00003a9d  copysign                       
00003a9d  copysignl                      
0000168f  delay_ms                       
000016df  delay_us                       
20000624  errno                          
00003825  exit                           
000032ff  fclose                         
000030d5  fflush                         
000028ef  fopen                          
000035c9  fprintf                        
00003331  fputc                          
00002c81  fputs                          
0000130f  free                           
000028c5  freopen                        
00003761  frexp                          
00003761  frexpl                         
000036fd  fseek                          
00001bd3  i_to_a                         
00000000  interruptVectors               
00002eb1  ldexp                          
00002eb1  ldexpl                         
000024bd  lseek                          
0000386d  ltoa                           
00001b6b  main                           
2000062c  main_func_sp                   
000012a5  malloc                         
000014d9  memalign                       
00003a25  memccpy                        
00003a05  memchr                         
000031fd  memcpy                         
000034dd  memset                         
00001225  minit                          
0000240f  open                           
00001765  pow10                          
00003331  putc                           
000033b5  putchar                        
00002d8d  puts                           
000023eb  read                           
000013d1  realloc                        
00002361  remove                         
000023c3  remove_device                  
00002385  rename                         
00002eb1  scalbn                         
00002eb1  scalbnl                        
000015f5  set_DC0                        
00002fad  setvbuf                        
00003a71  strchr                         
00003a59  strcmp                         
00003ab1  strcpy                         
00003ac5  strlen                         
000039a1  strncpy                        
00002361  unlink                         
000022d1  write                          


GLOBAL SYMBOLS: SORTED BY Symbol Address 

address   name                           
-------   ----                           
00000000  __TI_static_base__             
00000000  interruptVectors               
00000200  __STACK_SIZE                   
00000400  __SYSMEM_SIZE                  
00000929  __TI_printfi                   
00001223  __mpu_init                     
00001225  minit                          
000012a5  malloc                         
0000130f  free                           
000013d1  realloc                        
000014d9  memalign                       
000015c5  calloc                         
000015f5  set_DC0                        
0000168f  delay_ms                       
000016df  delay_us                       
00001717  a_to_i                         
00001765  pow10                          
00001777  UART0_init                     
000017fb  UART_get_buffer                
00001801  UART_get_flag                  
00001807  UART_reset_flag                
0000180f  EUSCIA0_IRQHandler             
0000180f  EUSCIA0_IRQHandler             
00001875  UART_send                      
000018cd  UART_send_char                 
00001acd  DAC_init                       
00001b23  DAC_drive                      
00001b6b  main                           
00001bd3  i_to_a                         
00001c81  SystemCoreClockUpdate          
00001ef5  SystemInit                     
00001fad  HOSTwrite                      
00001ff9  HOSTunlink                     
00002031  HOSTtime64                     
0000207f  HOSTtime                       
000020b9  HOSTrename                     
00002117  HOSTread                       
00002163  HOSTopen                       
000021b5  HOSTlseek                      
00002211  HOSTgetenv                     
0000224f  HOSTclose                      
00002287  HOSTclock                      
000022d1  write                          
00002361  remove                         
00002361  unlink                         
00002385  rename                         
000023c3  remove_device                  
000023eb  read                           
0000240f  open                           
000024bd  lseek                          
000024e1  close                          
00002531  add_device                     
000025dd  __aeabi_uldivmod               
00002899  __TI_cleanup                   
000028c5  freopen                        
000028ef  fopen                          
00002995  __aeabi_dsub                   
0000299f  __aeabi_dadd                   
00002b4b  __aeabi_ddiv                   
00002c81  fputs                          
00002d8d  puts                           
00002db5  __aeabi_dmul                   
00002eb1  ldexp                          
00002eb1  ldexpl                         
00002eb1  scalbn                         
00002eb1  scalbnl                        
00002fad  setvbuf                        
00003089  __TI_doflush                   
000030d5  fflush                         
00003151  __TI_wrt_ok                    
000031b3  __TI_rd_ok                     
000031fd  __aeabi_memcpy                 
000031fd  __aeabi_memcpy4                
000031fd  __aeabi_memcpy8                
000031fd  memcpy                         
00003299  __TI_closefile                 
000032ff  fclose                         
00003331  fputc                          
00003331  putc                           
000033b5  putchar                        
000033c9  __aeabi_cdcmpeq                
000033c9  __aeabi_cdcmple                
0000344f  __aeabi_cdrcmple               
000034d5  __aeabi_memclr                 
000034d5  __aeabi_memclr4                
000034d5  __aeabi_memclr8                
000034d7  __aeabi_memset                 
000034d7  __aeabi_memset4                
000034d7  __aeabi_memset8                
000034dd  memset                         
0000354f  _system_post_cinit             
00003551  __TI_auto_init                 
000035c9  fprintf                        
0000362d  __TI_decompress_lzss           
00003695  __TI_writemsg                  
000036c3  C$$IO$$                        
000036c7  __TI_readmsg                   
000036fd  fseek                          
00003761  frexp                          
00003761  frexpl                         
000037c5  _c_int00                       
00003819  C$$EXIT                        
0000381d  abort                          
00003825  exit                           
0000386d  ltoa                           
000038c1  atoi                           
0000390d  copy_in                        
00003959  __aeabi_d2iz                   
000039a1  strncpy                        
000039d7  __aeabi_i2d                    
00003a05  memchr                         
00003a25  memccpy                        
00003a41  _args_main                     
00003a59  strcmp                         
00003a71  strchr                         
00003a89  _register_unlock               
00003a8f  _register_lock                 
00003a97  _nop                           
00003a9d  copysign                       
00003a9d  copysignl                      
00003ab1  strcpy                         
00003ac5  strlen                         
00003ad9  __TI_decompress_none           
00003ae7  Reset_Handler                  
00003af3  ADC14_IRQHandler               
00003af3  AES256_IRQHandler              
00003af3  BusFault_Handler               
00003af3  COMP_E0_IRQHandler             
00003af3  COMP_E1_IRQHandler             
00003af3  CS_IRQHandler                  
00003af3  DMA_ERR_IRQHandler             
00003af3  DMA_INT0_IRQHandler            
00003af3  DMA_INT1_IRQHandler            
00003af3  DMA_INT2_IRQHandler            
00003af3  DMA_INT3_IRQHandler            
00003af3  DebugMon_Handler               
00003af3  Default_Handler                
00003af3  EUSCIA1_IRQHandler             
00003af3  EUSCIA2_IRQHandler             
00003af3  EUSCIA3_IRQHandler             
00003af3  EUSCIB0_IRQHandler             
00003af3  EUSCIB1_IRQHandler             
00003af3  EUSCIB2_IRQHandler             
00003af3  EUSCIB3_IRQHandler             
00003af3  FLCTL_IRQHandler               
00003af3  FPU_IRQHandler                 
00003af3  HardFault_Handler              
00003af3  MemManage_Handler              
00003af3  NMI_Handler                    
00003af3  PCM_IRQHandler                 
00003af3  PORT1_IRQHandler               
00003af3  PORT2_IRQHandler               
00003af3  PORT3_IRQHandler               
00003af3  PORT4_IRQHandler               
00003af3  PORT5_IRQHandler               
00003af3  PORT6_IRQHandler               
00003af3  PSS_IRQHandler                 
00003af3  PendSV_Handler                 
00003af3  RTC_C_IRQHandler               
00003af3  SVC_Handler                    
00003af3  SysTick_Handler                
00003af3  T32_INT1_IRQHandler            
00003af3  T32_INT2_IRQHandler            
00003af3  T32_INTC_IRQHandler            
00003af3  TA0_0_IRQHandler               
00003af3  TA0_N_IRQHandler               
00003af3  TA1_0_IRQHandler               
00003af3  TA1_N_IRQHandler               
00003af3  TA2_0_IRQHandler               
00003af3  TA2_N_IRQHandler               
00003af3  TA3_0_IRQHandler               
00003af3  TA3_N_IRQHandler               
00003af3  UsageFault_Handler             
00003af3  WDT_A_IRQHandler               
00003af5  __TI_zero_init                 
00003b01  _system_pre_init               
00003b04  _ctypes_                       
00003c7c  __TI_Handler_Table_Base        
00003c88  __TI_Handler_Table_Limit       
00003c90  __TI_CINIT_Base                
00003ca0  __TI_CINIT_Limit               
20000000  _sys_memory                    
20000400  _ftable                        
200005e8  __TI_ft_end                    
200005ec  __aeabi_stdin                  
200005f0  __aeabi_stdout                 
200005f4  __aeabi_stderr                 
200005f8  __TI_cleanup_ptr               
200005fc  __TI_dtors_ptr                 
20000600  __TI_enable_exit_profile_output
20000610  GLOBAL_FREQ                    
2000061c  _lock                          
20000620  _unlock                        
20000624  errno                          
2000062c  main_func_sp                   
20000630  SystemCoreClock                
20000634  __CIOBUF_                      
20000754  __TI_tmpnams                   
2000fe00  __stack                        
20010000  __STACK_END                    
4000480c  WDTCTL_SYM                     
ffffffff  __TI_pprof_out_hndl            
ffffffff  __TI_prof_data_size            
ffffffff  __TI_prof_data_start           
ffffffff  __binit__                      
ffffffff  __c_args__                     
ffffffff  binit                          
UNDEFED   SHT$$INIT_ARRAY$$Base          
UNDEFED   SHT$$INIT_ARRAY$$Limit         

[209 symbols]
