******************************************************************************
                  TI ARM Linker PC v16.9.1                     
******************************************************************************
>> Linked Mon May 08 14:42:46 2017

OUTPUT FILE NAME:   <Assignment7.out>
ENTRY POINT SYMBOL: "_c_int00"  address: 00003609


MEMORY CONFIGURATION

         name            origin    length      used     unused   attr    fill
----------------------  --------  ---------  --------  --------  ----  --------
  MAIN                  00000000   00040000  00003b11  0003c4ef  R  X
  INFO                  00200000   00004000  00000000  00004000  R  X
  SRAM_CODE             01000000   00010000  00000a04  0000f5fc  RW X
  SRAM_DATA             20000000   00010000  00000a04  0000f5fc  RW  


SEGMENT ALLOCATION MAP

run origin  load origin   length   init length attrs members
----------  ----------- ---------- ----------- ----- -------
00000000    00000000    00003b18   00003b18    r-x
  00000000    00000000    000000e4   000000e4    r-- .intvecs
  000000e4    000000e4    00003864   00003864    r-x .text
  00003948    00003948    00000101   00000101    r-- .const
  00003a50    00003a50    000000c8   000000c8    r-- .cinit
20000000    20000000    00000804   00000000    rw-
  20000000    20000000    00000400   00000000    rw- .sysmem
  20000400    20000400    00000234   00000000    rw- .data
  20000634    20000634    000001d0   00000000    rw- .bss
2000fe00    2000fe00    00000200   00000000    rw-
  2000fe00    2000fe00    00000200   00000000    rw- .stack


SECTION ALLOCATION MAP

 output                                  attributes/
section   page    origin      length       input sections
--------  ----  ----------  ----------   ----------------
.intvecs   0    00000000    000000e4     
                  00000000    000000e4     startup_msp432p401r_ccs.obj (.intvecs:retain)

.binit     0    00000000    00000000     

.text      0    000000e4    00003864     
                  000000e4    0000113e     rtsv7M4_T_le_v4SPD16_eabi.lib : _printfi.obj (.text)
                  00001222    00000002                                   : mpu_init.obj (.text)
                  00001224    000003d0                                   : memory.obj (.text)
                  000015f4    00000344     main.obj (.text)
                  00001938    0000032c     system_msp432p401r.obj (.text)
                  00001c64    00000324     rtsv7M4_T_le_v4SPD16_eabi.lib : trgdrv.obj (.text)
                  00001f88    0000030c                                   : lowlev.obj (.text)
                  00002294    000001f4                                   : ull_div_t2.obj (.text)
                  00002488    000001c4                                   : fopen.obj (.text)
                  0000264c    000001b6                                   : fd_add_t2.obj (.text)
                  00002802    00000002                                   : startup.obj (.text)
                  00002804    00000188     UART.obj (.text)
                  0000298c    00000136     rtsv7M4_T_le_v4SPD16_eabi.lib : fd_div_t2.obj (.text)
                  00002ac2    00000002     --HOLE-- [fill = 0]
                  00002ac4    00000134                                   : fputs.obj (.text)
                  00002bf8    000000fc                                   : fd_mul_t2.obj (.text)
                  00002cf4    000000fc                                   : s_scalbn.obj (.text)
                  00002df0    000000dc                                   : setvbuf.obj (.text)
                  00002ecc    000000c8                                   : fflush.obj (.text)
                  00002f94    000000ac                                   : _io_perm.obj (.text)
                  00003040    0000009c                                   : memcpy_t2.obj (.text)
                  000030dc    00000098                                   : fclose.obj (.text)
                  00003174    00000098                                   : fputc.obj (.text)
                  0000320c    00000086                                   : fd_cmp_t2.obj (.text:__aeabi_cdcmple)
                  00003292    00000086                                   : fd_cmp_t2.obj (.text:__aeabi_cdrcmple)
                  00003318    0000007a                                   : memset_t2.obj (.text)
                  00003392    00000002     --HOLE-- [fill = 0]
                  00003394    00000070                                   : autoinit.obj (.text)
                  00003404    0000006c                                   : fprintf.obj (.text)
                  00003470    00000068                                   : copy_decompress_lzss.obj (.text:decompress:lzss)
                  000034d8    00000068                                   : trgmsg.obj (.text)
                  00003540    00000064                                   : fseek.obj (.text)
                  000035a4    00000064                                   : s_frexp.obj (.text)
                  00003608    00000054                                   : boot.obj (.text)
                  0000365c    00000054                                   : exit.obj (.text)
                  000036b0    00000054                                   : ltoa.obj (.text)
                  00003704    0000004c                                   : atoi.obj (.text)
                  00003750    0000004c                                   : cpy_tbl.obj (.text)
                  0000379c    00000048                                   : fd_toi_t2.obj (.text)
                  000037e4    00000036                                   : strncpy.obj (.text)
                  0000381a    0000002e                                   : i_tofd_t2.obj (.text)
                  00003848    00000020                                   : memchr.obj (.text)
                  00003868    0000001c                                   : memccpy.obj (.text)
                  00003884    00000018                                   : args_main.obj (.text)
                  0000389c    00000018                                   : strcmp.obj (.text)
                  000038b4    00000016                                   : strchr.obj (.text)
                  000038ca    00000002     --HOLE-- [fill = 0]
                  000038cc    00000014                                   : _lock.obj (.text)
                  000038e0    00000014                                   : s_copysign.obj (.text)
                  000038f4    00000014                                   : strcpy.obj (.text)
                  00003908    00000014                                   : strlen.obj (.text)
                  0000391c    0000000e                                   : copy_decompress_none.obj (.text:decompress:none)
                  0000392a    0000000e     startup_msp432p401r_ccs.obj (.text)
                  00003938    0000000c     rtsv7M4_T_le_v4SPD16_eabi.lib : copy_zero_init.obj (.text:decompress:ZI)
                  00003944    00000004                                   : pre_init.obj (.text)

.const     0    00003948    00000101     
                  00003948    00000101     rtsv7M4_T_le_v4SPD16_eabi.lib : ctype.obj (.const:.string:_ctypes_)

.cinit     0    00003a50    000000c8     
                  00003a50    000000a0     (.cinit..data.load) [load image, compression = lzss]
                  00003af0    0000000c     (__TI_handler_table)
                  00003afc    00000004     --HOLE-- [fill = 0]
                  00003b00    00000008     (.cinit..bss.load) [load image, compression = zero_init]
                  00003b08    00000010     (__TI_cinit_table)

.init_array 
*          0    00000000    00000000     UNINITIALIZED

.sysmem    0    20000000    00000400     UNINITIALIZED
                  20000000    00000008     rtsv7M4_T_le_v4SPD16_eabi.lib : memory.obj (.sysmem)
                  20000008    000003f8     --HOLE--

.data      0    20000400    00000234     UNINITIALIZED
                  20000400    000000f0     rtsv7M4_T_le_v4SPD16_eabi.lib : defs.obj (.data:_ftable)
                  200004f0    000000d0                                   : lowlev.obj (.data:$O1$$)
                  200005c0    00000028     main.obj (.data:LUT_pow10$1)
                  200005e8    00000010     rtsv7M4_T_le_v4SPD16_eabi.lib : defs.obj (.data)
                  200005f8    0000000c                                   : exit.obj (.data:$O1$$)
                  20000604    0000000c                                   : memory.obj (.data:$O1$$)
                  20000610    00000008                                   : _lock.obj (.data:$O1$$)
                  20000618    00000008     UART.obj (.data)
                  20000620    00000004     main.obj (.data)
                  20000624    00000004     rtsv7M4_T_le_v4SPD16_eabi.lib : errno.obj (.data)
                  20000628    00000004                                   : fopen.obj (.data)
                  2000062c    00000004                                   : stkdepth_vars.obj (.data)
                  20000630    00000004     system_msp432p401r.obj (.data)

.bss       0    20000634    000001d0     UNINITIALIZED
                  20000634    00000120     rtsv7M4_T_le_v4SPD16_eabi.lib : trgmsg.obj (.bss:_CIOBUF_)
                  20000754    000000a0     (.common:__TI_tmpnams)
                  200007f4    00000008                                   : trgdrv.obj (.bss:parmbuf)
                  200007fc    00000004     (.common:UART_BUFFER_FLAG)
                  20000800    00000004     (.common:UART_BUFFER_SIZE)

.stack     0    2000fe00    00000200     UNINITIALIZED
                  2000fe00    00000200     --HOLE--

MODULE SUMMARY

       Module                        code    ro data   rw data
       ------                        ----    -------   -------
    .\
       main.obj                      836     0         88     
       system_msp432p401r.obj        812     0         8      
       UART.obj                      392     0         32     
       startup_msp432p401r_ccs.obj   14      228       0      
    +--+-----------------------------+-------+---------+---------+
       Total:                        2054    228       128    
                                                              
    C:\ti\ccsv7\tools\compiler\ti-cgt-arm_16.9.1.LTS\lib\rtsv7M4_T_le_v4SPD16_eabi.lib
       _printfi.obj                  4414    0         0      
       lowlev.obj                    780     0         416    
       memory.obj                    976     0         24     
       defs.obj                      0       0         832    
       trgdrv.obj                    804     0         16     
       trgmsg.obj                    104     0         576    
       ull_div_t2.obj                500     0         0      
       fopen.obj                     452     0         8      
       fd_add_t2.obj                 438     0         0      
       fd_div_t2.obj                 310     0         0      
       fputs.obj                     308     0         0      
       fd_cmp_t2.obj                 268     0         0      
       ctype.obj                     0       257       0      
       fd_mul_t2.obj                 252     0         0      
       s_scalbn.obj                  252     0         0      
       setvbuf.obj                   220     0         0      
       fflush.obj                    200     0         0      
       _io_perm.obj                  172     0         0      
       memcpy_t2.obj                 156     0         0      
       fclose.obj                    152     0         0      
       fputc.obj                     152     0         0      
       memset_t2.obj                 122     0         0      
       autoinit.obj                  112     0         0      
       exit.obj                      84      0         24     
       fprintf.obj                   108     0         0      
       copy_decompress_lzss.obj      104     0         0      
       fseek.obj                     100     0         0      
       s_frexp.obj                   100     0         0      
       boot.obj                      84      0         0      
       ltoa.obj                      84      0         0      
       atoi.obj                      76      0         0      
       cpy_tbl.obj                   76      0         0      
       fd_toi_t2.obj                 72      0         0      
       strncpy.obj                   54      0         0      
       i_tofd_t2.obj                 46      0         0      
       _lock.obj                     20      0         16     
       memchr.obj                    32      0         0      
       memccpy.obj                   28      0         0      
       args_main.obj                 24      0         0      
       strcmp.obj                    24      0         0      
       strchr.obj                    22      0         0      
       s_copysign.obj                20      0         0      
       strcpy.obj                    20      0         0      
       strlen.obj                    20      0         0      
       copy_decompress_none.obj      14      0         0      
       copy_zero_init.obj            12      0         0      
       errno.obj                     0       0         8      
       stkdepth_vars.obj             0       0         8      
       pre_init.obj                  4       0         0      
       mpu_init.obj                  2       0         0      
       startup.obj                   2       0         0      
    +--+-----------------------------+-------+---------+---------+
       Total:                        12376   257       1928   
                                                              
       Heap:                         0       0         2048   
       Stack:                        0       0         1024   
       Linker Generated:             0       196       0      
    +--+-----------------------------+-------+---------+---------+
       Grand Total:                  14430   681       5128   


LINKER GENERATED COPY TABLES

__TI_cinit_table @ 00003b08 records: 2, size/record: 8, table size: 16
	.data: load addr=00003a50, load size=000000a0 bytes, run addr=20000400, run size=00000234 bytes, compression=lzss
	.bss: load addr=00003b00, load size=00000008 bytes, run addr=20000634, run size=000001d0 bytes, compression=zero_init


LINKER GENERATED HANDLER TABLE

__TI_handler_table @ 00003af0 records: 3, size/record: 4, table size: 12
	index: 0, handler: __TI_decompress_lzss
	index: 1, handler: __TI_decompress_none
	index: 2, handler: __TI_zero_init


GLOBAL SYMBOLS: SORTED ALPHABETICALLY BY Name 

address   name                           
-------   ----                           
00003937  ADC14_IRQHandler               
00003937  AES256_IRQHandler              
00003937  BusFault_Handler               
0000365d  C$$EXIT                        
00003507  C$$IO$$                        
00003937  COMP_E0_IRQHandler             
00003937  COMP_E1_IRQHandler             
00003937  CS_IRQHandler                  
000017d3  DAC_drive                      
0000177d  DAC_init                       
00003937  DMA_ERR_IRQHandler             
00003937  DMA_INT0_IRQHandler            
00003937  DMA_INT1_IRQHandler            
00003937  DMA_INT2_IRQHandler            
00003937  DMA_INT3_IRQHandler            
00003937  DebugMon_Handler               
00003937  Default_Handler                
00002885  EUSCIA0_IRQHandler             
00002885  EUSCIA0_IRQHandler             
00003937  EUSCIA1_IRQHandler             
00003937  EUSCIA2_IRQHandler             
00003937  EUSCIA3_IRQHandler             
00003937  EUSCIB0_IRQHandler             
00003937  EUSCIB1_IRQHandler             
00003937  EUSCIB2_IRQHandler             
00003937  EUSCIB3_IRQHandler             
00003937  FLCTL_IRQHandler               
00003937  FPU_IRQHandler                 
20000620  GLOBAL_FREQ                    
00001f3f  HOSTclock                      
00001f07  HOSTclose                      
00001ec9  HOSTgetenv                     
00001e6d  HOSTlseek                      
00001e1b  HOSTopen                       
00001dcf  HOSTread                       
00001d71  HOSTrename                     
00001d37  HOSTtime                       
00001ce9  HOSTtime64                     
00001cb1  HOSTunlink                     
00001c65  HOSTwrite                      
00003937  HardFault_Handler              
00003937  MemManage_Handler              
00003937  NMI_Handler                    
00003937  PCM_IRQHandler                 
00003937  PORT1_IRQHandler               
00003937  PORT2_IRQHandler               
00003937  PORT3_IRQHandler               
00003937  PORT4_IRQHandler               
00003937  PORT5_IRQHandler               
00003937  PORT6_IRQHandler               
00003937  PSS_IRQHandler                 
00003937  PendSV_Handler                 
00003937  RTC_C_IRQHandler               
0000392b  Reset_Handler                  
UNDEFED   SHT$$INIT_ARRAY$$Base          
UNDEFED   SHT$$INIT_ARRAY$$Limit         
00003937  SVC_Handler                    
00003937  SysTick_Handler                
20000630  SystemCoreClock                
00001939  SystemCoreClockUpdate          
00001bad  SystemInit                     
00003937  T32_INT1_IRQHandler            
00003937  T32_INT2_IRQHandler            
00003937  T32_INTC_IRQHandler            
00003937  TA0_0_IRQHandler               
00003937  TA0_N_IRQHandler               
00003937  TA1_0_IRQHandler               
00003937  TA1_N_IRQHandler               
00003937  TA2_0_IRQHandler               
00003937  TA2_N_IRQHandler               
00003937  TA3_0_IRQHandler               
00003937  TA3_N_IRQHandler               
00002805  UART0_init                     
20000618  UART_BUFFER                    
200007fc  UART_BUFFER_FLAG               
20000800  UART_BUFFER_SIZE               
00002871  UART_get_buffer                
00002877  UART_get_flag                  
0000287d  UART_reset_flag                
000028eb  UART_send                      
0000293d  UART_send_char                 
00003937  UsageFault_Handler             
4000480c  WDTCTL_SYM                     
00003937  WDT_A_IRQHandler               
20000634  __CIOBUF_                      
20010000  __STACK_END                    
00000200  __STACK_SIZE                   
00000400  __SYSMEM_SIZE                  
00003b08  __TI_CINIT_Base                
00003b18  __TI_CINIT_Limit               
00003af0  __TI_Handler_Table_Base        
00003afc  __TI_Handler_Table_Limit       
00003395  __TI_auto_init                 
00002551  __TI_cleanup                   
200005f8  __TI_cleanup_ptr               
000030dd  __TI_closefile                 
00003471  __TI_decompress_lzss           
0000391d  __TI_decompress_none           
00002ecd  __TI_doflush                   
200005fc  __TI_dtors_ptr                 
20000600  __TI_enable_exit_profile_output
200005e8  __TI_ft_end                    
ffffffff  __TI_pprof_out_hndl            
00000929  __TI_printfi                   
ffffffff  __TI_prof_data_size            
ffffffff  __TI_prof_data_start           
00002ff7  __TI_rd_ok                     
0000350b  __TI_readmsg                   
00000000  __TI_static_base__             
20000754  __TI_tmpnams                   
000034d9  __TI_writemsg                  
00002f95  __TI_wrt_ok                    
00003939  __TI_zero_init                 
0000320d  __aeabi_cdcmpeq                
0000320d  __aeabi_cdcmple                
00003293  __aeabi_cdrcmple               
0000379d  __aeabi_d2iz                   
00002657  __aeabi_dadd                   
0000298d  __aeabi_ddiv                   
00002bf9  __aeabi_dmul                   
0000264d  __aeabi_dsub                   
0000381b  __aeabi_i2d                    
00003319  __aeabi_memclr                 
00003319  __aeabi_memclr4                
00003319  __aeabi_memclr8                
00003041  __aeabi_memcpy                 
00003041  __aeabi_memcpy4                
00003041  __aeabi_memcpy8                
0000331b  __aeabi_memset                 
0000331b  __aeabi_memset4                
0000331b  __aeabi_memset8                
200005f4  __aeabi_stderr                 
200005ec  __aeabi_stdin                  
200005f0  __aeabi_stdout                 
00002295  __aeabi_uldivmod               
ffffffff  __binit__                      
ffffffff  __c_args__                     
00001223  __mpu_init                     
2000fe00  __stack                        
00003885  _args_main                     
00003609  _c_int00                       
00003948  _ctypes_                       
20000400  _ftable                        
20000610  _lock                          
000038db  _nop                           
000038d3  _register_lock                 
000038cd  _register_unlock               
20000000  _sys_memory                    
00002803  _system_post_cinit             
00003945  _system_pre_init               
20000614  _unlock                        
00003661  abort                          
000021e9  add_device                     
00003705  atoi                           
ffffffff  binit                          
000015c5  calloc                         
00002199  close                          
00003751  copy_in                        
000038e1  copysign                       
000038e1  copysignl                      
000016f5  delay_ms                       
00001745  delay_us                       
20000624  errno                          
00003669  exit                           
00003143  fclose                         
00002f19  fflush                         
000025a7  fopen                          
0000340d  fprintf                        
00003175  fputc                          
00002ac5  fputs                          
0000130f  free                           
0000257d  freopen                        
000035a5  frexp                          
000035a5  frexpl                         
00003541  fseek                          
00000000  interruptVectors               
00002cf5  ldexp                          
00002cf5  ldexpl                         
00002175  lseek                          
000036b1  ltoa                           
0000181b  main                           
2000062c  main_func_sp                   
000012a5  malloc                         
000014d9  memalign                       
00003869  memccpy                        
00003849  memchr                         
00003041  memcpy                         
00003321  memset                         
00001225  minit                          
000020c7  open                           
000018c7  pow10                          
00003175  putc                           
000031f9  putchar                        
00002bd1  puts                           
000020a3  read                           
000013d1  realloc                        
00002019  remove                         
0000207b  remove_device                  
0000203d  rename                         
00002cf5  scalbn                         
00002cf5  scalbnl                        
0000165b  set_DC0                        
00002df1  setvbuf                        
000038b5  strchr                         
0000389d  strcmp                         
000038f5  strcpy                         
00003909  strlen                         
000037e5  strncpy                        
00002019  unlink                         
00001f89  write                          


GLOBAL SYMBOLS: SORTED BY Symbol Address 

address   name                           
-------   ----                           
00000000  __TI_static_base__             
00000000  interruptVectors               
00000200  __STACK_SIZE                   
00000400  __SYSMEM_SIZE                  
00000929  __TI_printfi                   
00001223  __mpu_init                     
00001225  minit                          
000012a5  malloc                         
0000130f  free                           
000013d1  realloc                        
000014d9  memalign                       
000015c5  calloc                         
0000165b  set_DC0                        
000016f5  delay_ms                       
00001745  delay_us                       
0000177d  DAC_init                       
000017d3  DAC_drive                      
0000181b  main                           
000018c7  pow10                          
00001939  SystemCoreClockUpdate          
00001bad  SystemInit                     
00001c65  HOSTwrite                      
00001cb1  HOSTunlink                     
00001ce9  HOSTtime64                     
00001d37  HOSTtime                       
00001d71  HOSTrename                     
00001dcf  HOSTread                       
00001e1b  HOSTopen                       
00001e6d  HOSTlseek                      
00001ec9  HOSTgetenv                     
00001f07  HOSTclose                      
00001f3f  HOSTclock                      
00001f89  write                          
00002019  remove                         
00002019  unlink                         
0000203d  rename                         
0000207b  remove_device                  
000020a3  read                           
000020c7  open                           
00002175  lseek                          
00002199  close                          
000021e9  add_device                     
00002295  __aeabi_uldivmod               
00002551  __TI_cleanup                   
0000257d  freopen                        
000025a7  fopen                          
0000264d  __aeabi_dsub                   
00002657  __aeabi_dadd                   
00002803  _system_post_cinit             
00002805  UART0_init                     
00002871  UART_get_buffer                
00002877  UART_get_flag                  
0000287d  UART_reset_flag                
00002885  EUSCIA0_IRQHandler             
00002885  EUSCIA0_IRQHandler             
000028eb  UART_send                      
0000293d  UART_send_char                 
0000298d  __aeabi_ddiv                   
00002ac5  fputs                          
00002bd1  puts                           
00002bf9  __aeabi_dmul                   
00002cf5  ldexp                          
00002cf5  ldexpl                         
00002cf5  scalbn                         
00002cf5  scalbnl                        
00002df1  setvbuf                        
00002ecd  __TI_doflush                   
00002f19  fflush                         
00002f95  __TI_wrt_ok                    
00002ff7  __TI_rd_ok                     
00003041  __aeabi_memcpy                 
00003041  __aeabi_memcpy4                
00003041  __aeabi_memcpy8                
00003041  memcpy                         
000030dd  __TI_closefile                 
00003143  fclose                         
00003175  fputc                          
00003175  putc                           
000031f9  putchar                        
0000320d  __aeabi_cdcmpeq                
0000320d  __aeabi_cdcmple                
00003293  __aeabi_cdrcmple               
00003319  __aeabi_memclr                 
00003319  __aeabi_memclr4                
00003319  __aeabi_memclr8                
0000331b  __aeabi_memset                 
0000331b  __aeabi_memset4                
0000331b  __aeabi_memset8                
00003321  memset                         
00003395  __TI_auto_init                 
0000340d  fprintf                        
00003471  __TI_decompress_lzss           
000034d9  __TI_writemsg                  
00003507  C$$IO$$                        
0000350b  __TI_readmsg                   
00003541  fseek                          
000035a5  frexp                          
000035a5  frexpl                         
00003609  _c_int00                       
0000365d  C$$EXIT                        
00003661  abort                          
00003669  exit                           
000036b1  ltoa                           
00003705  atoi                           
00003751  copy_in                        
0000379d  __aeabi_d2iz                   
000037e5  strncpy                        
0000381b  __aeabi_i2d                    
00003849  memchr                         
00003869  memccpy                        
00003885  _args_main                     
0000389d  strcmp                         
000038b5  strchr                         
000038cd  _register_unlock               
000038d3  _register_lock                 
000038db  _nop                           
000038e1  copysign                       
000038e1  copysignl                      
000038f5  strcpy                         
00003909  strlen                         
0000391d  __TI_decompress_none           
0000392b  Reset_Handler                  
00003937  ADC14_IRQHandler               
00003937  AES256_IRQHandler              
00003937  BusFault_Handler               
00003937  COMP_E0_IRQHandler             
00003937  COMP_E1_IRQHandler             
00003937  CS_IRQHandler                  
00003937  DMA_ERR_IRQHandler             
00003937  DMA_INT0_IRQHandler            
00003937  DMA_INT1_IRQHandler            
00003937  DMA_INT2_IRQHandler            
00003937  DMA_INT3_IRQHandler            
00003937  DebugMon_Handler               
00003937  Default_Handler                
00003937  EUSCIA1_IRQHandler             
00003937  EUSCIA2_IRQHandler             
00003937  EUSCIA3_IRQHandler             
00003937  EUSCIB0_IRQHandler             
00003937  EUSCIB1_IRQHandler             
00003937  EUSCIB2_IRQHandler             
00003937  EUSCIB3_IRQHandler             
00003937  FLCTL_IRQHandler               
00003937  FPU_IRQHandler                 
00003937  HardFault_Handler              
00003937  MemManage_Handler              
00003937  NMI_Handler                    
00003937  PCM_IRQHandler                 
00003937  PORT1_IRQHandler               
00003937  PORT2_IRQHandler               
00003937  PORT3_IRQHandler               
00003937  PORT4_IRQHandler               
00003937  PORT5_IRQHandler               
00003937  PORT6_IRQHandler               
00003937  PSS_IRQHandler                 
00003937  PendSV_Handler                 
00003937  RTC_C_IRQHandler               
00003937  SVC_Handler                    
00003937  SysTick_Handler                
00003937  T32_INT1_IRQHandler            
00003937  T32_INT2_IRQHandler            
00003937  T32_INTC_IRQHandler            
00003937  TA0_0_IRQHandler               
00003937  TA0_N_IRQHandler               
00003937  TA1_0_IRQHandler               
00003937  TA1_N_IRQHandler               
00003937  TA2_0_IRQHandler               
00003937  TA2_N_IRQHandler               
00003937  TA3_0_IRQHandler               
00003937  TA3_N_IRQHandler               
00003937  UsageFault_Handler             
00003937  WDT_A_IRQHandler               
00003939  __TI_zero_init                 
00003945  _system_pre_init               
00003948  _ctypes_                       
00003af0  __TI_Handler_Table_Base        
00003afc  __TI_Handler_Table_Limit       
00003b08  __TI_CINIT_Base                
00003b18  __TI_CINIT_Limit               
20000000  _sys_memory                    
20000400  _ftable                        
200005e8  __TI_ft_end                    
200005ec  __aeabi_stdin                  
200005f0  __aeabi_stdout                 
200005f4  __aeabi_stderr                 
200005f8  __TI_cleanup_ptr               
200005fc  __TI_dtors_ptr                 
20000600  __TI_enable_exit_profile_output
20000610  _lock                          
20000614  _unlock                        
20000618  UART_BUFFER                    
20000620  GLOBAL_FREQ                    
20000624  errno                          
2000062c  main_func_sp                   
20000630  SystemCoreClock                
20000634  __CIOBUF_                      
20000754  __TI_tmpnams                   
200007fc  UART_BUFFER_FLAG               
20000800  UART_BUFFER_SIZE               
2000fe00  __stack                        
20010000  __STACK_END                    
4000480c  WDTCTL_SYM                     
ffffffff  __TI_pprof_out_hndl            
ffffffff  __TI_prof_data_size            
ffffffff  __TI_prof_data_start           
ffffffff  __binit__                      
ffffffff  __c_args__                     
ffffffff  binit                          
UNDEFED   SHT$$INIT_ARRAY$$Base          
UNDEFED   SHT$$INIT_ARRAY$$Limit         

[210 symbols]
